
===========================================================================
report_checks -unconstrained
===========================================================================
======================= nom_tt_025C_1v80 Corner ===================================

Startpoint: rst_i (input port clocked by clk_i)
Endpoint: _164_ (recovery check against rising-edge clock clk_i)
Path Group: asynchronous
Path Type: max

Fanout         Cap        Slew       Delay        Time   Description
---------------------------------------------------------------------------------------------
                                  0.000000    0.000000   clock clk_i (rise edge)
                                  0.000000    0.000000   clock network delay (propagated)
                                625.000000  625.000000 ^ input external delay
     1    0.002655    0.019792    0.009777  625.009766 ^ rst_i (in)
                                                         rst_i (net)
                      0.019792    0.000000  625.009766 ^ input2/A (sky130_fd_sc_hd__buf_1)
     2    0.007481    0.096164    0.109196  625.118958 ^ input2/X (sky130_fd_sc_hd__buf_1)
                                                         net2 (net)
                      0.096164    0.000057  625.119019 ^ fanout16/A (sky130_fd_sc_hd__buf_2)
     8    0.034623    0.172018    0.218392  625.337402 ^ fanout16/X (sky130_fd_sc_hd__buf_2)
                                                         net16 (net)
                      0.172018    0.000284  625.337708 ^ fanout15/A (sky130_fd_sc_hd__clkbuf_4)
    10    0.041388    0.132597    0.245564  625.583252 ^ fanout15/X (sky130_fd_sc_hd__clkbuf_4)
                                                         net15 (net)
                      0.132597    0.000114  625.583374 ^ _164_/RESET_B (sky130_fd_sc_hd__dfrtp_2)
                                            625.583374   data arrival time

                               3125.000000 3125.000000   clock clk_i (rise edge)
                                  0.000000 3125.000000   clock source latency
     1    0.011923    0.059986    0.040245 3125.040283 ^ clk_i (in)
                                                         clk_i (net)
                      0.059987    0.000000 3125.040283 ^ clkbuf_0_clk_i/A (sky130_fd_sc_hd__clkbuf_16)
     4    0.036526    0.056742    0.144837 3125.185059 ^ clkbuf_0_clk_i/X (sky130_fd_sc_hd__clkbuf_16)
                                                         clknet_0_clk_i (net)
                      0.056742    0.000227 3125.185303 ^ clkbuf_2_2__f_clk_i/A (sky130_fd_sc_hd__clkbuf_16)
    11    0.026697    0.047825    0.136197 3125.321533 ^ clkbuf_2_2__f_clk_i/X (sky130_fd_sc_hd__clkbuf_16)
                                                         clknet_2_2__leaf_clk_i (net)
                      0.047825    0.000000 3125.321533 ^ _164_/CLK (sky130_fd_sc_hd__dfrtp_2)
                                 -0.250000 3125.071289   clock uncertainty
                                  0.000000 3125.071289   clock reconvergence pessimism
                                  0.193925 3125.265381   library recovery time
                                           3125.265381   data required time
---------------------------------------------------------------------------------------------
                                           3125.265381   data required time
                                           -625.583374   data arrival time
---------------------------------------------------------------------------------------------
                                           2499.681885   slack (MET)


Startpoint: _185_ (rising edge-triggered flip-flop clocked by clk_i)
Endpoint: num_to_send_o[0] (output port clocked by clk_i)
Path Group: clk_i
Path Type: max

Fanout         Cap        Slew       Delay        Time   Description
---------------------------------------------------------------------------------------------
                                  0.000000    0.000000   clock clk_i (rise edge)
                                  0.000000    0.000000   clock source latency
     1    0.011923    0.059986    0.040265    0.040265 ^ clk_i (in)
                                                         clk_i (net)
                      0.059987    0.000000    0.040265 ^ clkbuf_0_clk_i/A (sky130_fd_sc_hd__clkbuf_16)
     4    0.036526    0.056742    0.144905    0.185171 ^ clkbuf_0_clk_i/X (sky130_fd_sc_hd__clkbuf_16)
                                                         clknet_0_clk_i (net)
                      0.056742    0.000210    0.185381 ^ clkbuf_2_0__f_clk_i/A (sky130_fd_sc_hd__clkbuf_16)
    11    0.027485    0.048786    0.136937    0.322318 ^ clkbuf_2_0__f_clk_i/X (sky130_fd_sc_hd__clkbuf_16)
                                                         clknet_2_0__leaf_clk_i (net)
                      0.048786    0.000104    0.322421 ^ _185_/CLK (sky130_fd_sc_hd__dfrtp_1)
     4    0.011958    0.119342    0.376521    0.698942 ^ _185_/Q (sky130_fd_sc_hd__dfrtp_1)
                                                         net4 (net)
                      0.119342    0.000034    0.698976 ^ output4/A (sky130_fd_sc_hd__buf_2)
     1    0.034302    0.170637    0.225950    0.924926 ^ output4/X (sky130_fd_sc_hd__buf_2)
                                                         num_to_send_o[0] (net)
                      0.170637    0.000155    0.925082 ^ num_to_send_o[0] (out)
                                              0.925082   data arrival time

                               3125.000000 3125.000000   clock clk_i (rise edge)
                                  0.000000 3125.000000   clock network delay (propagated)
                                 -0.250000 3124.750000   clock uncertainty
                                  0.000000 3124.750000   clock reconvergence pessimism
                               -625.000000 2499.750000   output external delay
                                           2499.750000   data required time
---------------------------------------------------------------------------------------------
                                           2499.750000   data required time
                                             -0.925082   data arrival time
---------------------------------------------------------------------------------------------
                                           2498.824707   slack (MET)




===========================================================================
report_checks --slack_max -0.01
============================================================================
======================= nom_tt_025C_1v80 Corner ===================================

No paths found.


===========================================================================
 report_check_types -max_slew -max_cap -max_fanout -violators
============================================================================
======================= nom_tt_025C_1v80 Corner ===================================

max fanout

Pin                                   Limit Fanout  Slack
---------------------------------------------------------
clkbuf_2_0__f_clk_i/X                    10     11        (VIOLATED)
clkbuf_2_2__f_clk_i/X                    10     11        (VIOLATED)



===========================================================================
report_parasitic_annotation -report_unannotated
============================================================================
Found 3 unannotated drivers.
 clkload0/X
 clkload1/Y
 clkload2/Y
Found 0 partially unannotated drivers.

===========================================================================
max slew violation count 0
Writing metric design__max_slew_violation__count__corner:nom_tt_025C_1v80: 0
max fanout violation count 2
Writing metric design__max_fanout_violation__count__corner:nom_tt_025C_1v80: 2
max cap violation count 0
Writing metric design__max_cap_violation__count__corner:nom_tt_025C_1v80: 0
============================================================================

===========================================================================
check_setup -verbose -unconstrained_endpoints -multiple_clock -no_clock -no_input_delay -loops -generated_clocks
===========================================================================
