Clock: clk_i
Sources: clk_i 
Generated: no
Virtual: yes
Propagated: no
Period: 3125.000000

===========================================================================
report_clock_properties
============================================================================
Clock                   Period          Waveform
----------------------------------------------------
clk_i               3125.000000    0.0000001562.500000

===========================================================================
report_clock_latency
============================================================================
Clock clk_i
rise -> rise
    min     max
0.000000 0.000000 source latency
0.318880         network latency _166_/CLK
        0.322434 network latency _186_/CLK
---------------
0.318880 0.322434 latency
        0.003555 skew

fall -> fall
    min     max
0.000000 0.000000 source latency
0.312639         network latency _165_/CLK
        0.316163 network latency _178_/CLK
---------------
0.312639 0.316163 latency
        0.003524 skew



===========================================================================
report_clock_min_period
============================================================================
clk_i period_min = 2.53 fmax = 394.80
