
===========================================================================
 report_power
============================================================================
======================= nom_ff_n40C_1v95 Corner ===================================

Group                    Internal    Switching      Leakage        Total
                            Power        Power        Power        Power (Watts)
------------------------------------------------------------------------
Sequential           8.082173e-07 3.099989e-07 6.414608e-10 1.118858e-06  64.0%
Combinational        4.401700e-07 1.873796e-07 5.152775e-10 6.280649e-07  36.0%
Clock                0.000000e+00 0.000000e+00 0.000000e+00 0.000000e+00   0.0%
Macro                0.000000e+00 0.000000e+00 0.000000e+00 0.000000e+00   0.0%
Pad                  0.000000e+00 0.000000e+00 0.000000e+00 0.000000e+00   0.0%
------------------------------------------------------------------------
Total                1.248387e-06 4.973784e-07 1.156738e-09 1.746923e-06 100.0%
                            71.5%        28.5%         0.1%

