
===========================================================================
report_checks -unconstrained
===========================================================================
======================= nom_ss_100C_1v60 Corner ===================================

Startpoint: rst_i (input port clocked by clk_i)
Endpoint: _347_ (recovery check against rising-edge clock clk_i)
Path Group: asynchronous
Path Type: max

Fanout         Cap        Slew       Delay        Time   Description
---------------------------------------------------------------------------------------------
                                  0.000000    0.000000   clock clk_i (rise edge)
                                  0.000000    0.000000   clock network delay (propagated)
                                625.000000  625.000000 ^ input external delay
     1    0.002562    0.030682    0.014552  625.014526 ^ rst_i (in)
                                                         rst_i (net)
                      0.030682    0.000000  625.014526 ^ input2/A (sky130_fd_sc_hd__clkbuf_1)
     1    0.002778    0.072149    0.132331  625.146912 ^ input2/X (sky130_fd_sc_hd__clkbuf_1)
                                                         net2 (net)
                      0.072149    0.000057  625.146912 ^ fanout27/A (sky130_fd_sc_hd__dlymetal6s2s_1)
     5    0.028485    0.450020    0.434568  625.581482 ^ fanout27/X (sky130_fd_sc_hd__dlymetal6s2s_1)
                                                         net27 (net)
                      0.450021    0.000512  625.582031 ^ fanout26/A (sky130_fd_sc_hd__buf_2)
     8    0.036357    0.288951    0.514262  626.096313 ^ fanout26/X (sky130_fd_sc_hd__buf_2)
                                                         net26 (net)
                      0.288951    0.000909  626.097168 ^ fanout25/A (sky130_fd_sc_hd__clkbuf_4)
    10    0.050269    0.250022    0.478963  626.576172 ^ fanout25/X (sky130_fd_sc_hd__clkbuf_4)
                                                         net25 (net)
                      0.250042    0.002387  626.578552 ^ _347_/RESET_B (sky130_fd_sc_hd__dfrtp_1)
                                            626.578552   data arrival time

                               3125.000000 3125.000000   clock clk_i (rise edge)
                                  0.000000 3125.000000   clock source latency
     1    0.019986    0.149939    0.102546 3125.102539 ^ clk_i (in)
                                                         clk_i (net)
                      0.149962    0.000000 3125.102539 ^ clkbuf_0_clk_i/A (sky130_fd_sc_hd__clkbuf_16)
     8    0.087762    0.158887    0.337650 3125.440186 ^ clkbuf_0_clk_i/X (sky130_fd_sc_hd__clkbuf_16)
                                                         clknet_0_clk_i (net)
                      0.158913    0.002274 3125.442383 ^ clkbuf_3_6__f_clk_i/A (sky130_fd_sc_hd__clkbuf_16)
     7    0.025948    0.074962    0.270575 3125.713135 ^ clkbuf_3_6__f_clk_i/X (sky130_fd_sc_hd__clkbuf_16)
                                                         clknet_3_6__leaf_clk_i (net)
                      0.074962    0.000227 3125.713379 ^ _347_/CLK (sky130_fd_sc_hd__dfrtp_1)
                                 -0.250000 3125.463135   clock uncertainty
                                  0.000000 3125.463135   clock reconvergence pessimism
                                  0.397562 3125.860596   library recovery time
                                           3125.860596   data required time
---------------------------------------------------------------------------------------------
                                           3125.860596   data required time
                                           -626.578552   data arrival time
---------------------------------------------------------------------------------------------
                                           2499.281982   slack (MET)


Startpoint: _368_ (rising edge-triggered flip-flop clocked by clk_i)
Endpoint: num_to_send_o[1] (output port clocked by clk_i)
Path Group: clk_i
Path Type: max

Fanout         Cap        Slew       Delay        Time   Description
---------------------------------------------------------------------------------------------
                                  0.000000    0.000000   clock clk_i (rise edge)
                                  0.000000    0.000000   clock source latency
     1    0.019986    0.149939    0.102536    0.102536 ^ clk_i (in)
                                                         clk_i (net)
                      0.149962    0.000000    0.102536 ^ clkbuf_0_clk_i/A (sky130_fd_sc_hd__clkbuf_16)
     8    0.087762    0.158887    0.337686    0.440222 ^ clkbuf_0_clk_i/X (sky130_fd_sc_hd__clkbuf_16)
                                                         clknet_0_clk_i (net)
                      0.158989    0.003688    0.443910 ^ clkbuf_3_0__f_clk_i/A (sky130_fd_sc_hd__clkbuf_16)
    10    0.027042    0.076409    0.272248    0.716159 ^ clkbuf_3_0__f_clk_i/X (sky130_fd_sc_hd__clkbuf_16)
                                                         clknet_3_0__leaf_clk_i (net)
                      0.076411    0.000513    0.716672 ^ _368_/CLK (sky130_fd_sc_hd__dfrtp_1)
     5    0.013724    0.165527    0.840343    1.557015 v _368_/Q (sky130_fd_sc_hd__dfrtp_1)
                                                         net5 (net)
                      0.165527    0.000167    1.557182 v output5/A (sky130_fd_sc_hd__buf_2)
     1    0.034085    0.165269    0.389795    1.946977 v output5/X (sky130_fd_sc_hd__buf_2)
                                                         num_to_send_o[1] (net)
                      0.165269    0.000706    1.947683 v num_to_send_o[1] (out)
                                              1.947683   data arrival time

                               3125.000000 3125.000000   clock clk_i (rise edge)
                                  0.000000 3125.000000   clock network delay (propagated)
                                 -0.250000 3124.750000   clock uncertainty
                                  0.000000 3124.750000   clock reconvergence pessimism
                               -625.000000 2499.750000   output external delay
                                           2499.750000   data required time
---------------------------------------------------------------------------------------------
                                           2499.750000   data required time
                                             -1.947683   data arrival time
---------------------------------------------------------------------------------------------
                                           2497.802246   slack (MET)




===========================================================================
report_checks --slack_max -0.01
============================================================================
======================= nom_ss_100C_1v60 Corner ===================================

No paths found.


===========================================================================
 report_check_types -max_slew -max_cap -max_fanout -violators
============================================================================
======================= nom_ss_100C_1v60 Corner ===================================



===========================================================================
report_parasitic_annotation -report_unannotated
============================================================================
Found 7 unannotated drivers.
 clkload0/X
 clkload1/X
 clkload2/X
 clkload3/Y
 clkload4/X
 clkload5/Y
 clkload6/X
Found 0 partially unannotated drivers.

===========================================================================
max slew violation count 0
max fanout violation count 0
max cap violation count 0
============================================================================

===========================================================================
check_setup -verbose -unconstrained_endpoints -multiple_clock -no_clock -no_input_delay -loops -generated_clocks
===========================================================================
Warning: There is 1 combinational loop in the design.
  _247_/X
  _246_/B
  _246_/X
  _247_/B
  | loop cut point
  _247_/X
  --------------------------------
