Clock: clk_i
Sources: clk_i 
Generated: no
Virtual: yes
Propagated: no
Period: 3125.000000

===========================================================================
report_clock_properties
============================================================================
Clock                   Period          Waveform
----------------------------------------------------
clk_i               3125.000000    0.0000001562.500000

===========================================================================
report_clock_latency
============================================================================
Clock clk_i
rise -> rise
    min     max
0.000000 0.000000 source latency
0.711018         network latency _345_/CLK
        0.718379 network latency _358_/CLK
---------------
0.711018 0.718379 latency
        0.007361 skew

fall -> fall
    min     max
0.000000 0.000000 source latency
0.662453         network latency _345_/CLK
        0.668933 network latency _354_/CLK
---------------
0.662453 0.668933 latency
        0.006480 skew



===========================================================================
report_clock_min_period
============================================================================
clk_i period_min = 7.50 fmax = 133.37
