
===========================================================================
 report_power
============================================================================
======================= nom_ss_100C_1v60 Corner ===================================

Group                    Internal    Switching      Leakage        Total
                            Power        Power        Power        Power (Watts)
------------------------------------------------------------------------
Sequential           9.059663e-07 2.519541e-07 1.127545e-06 2.285465e-06  35.6%
Combinational        1.178000e-06 7.227698e-07 1.275792e-06 3.176562e-06  49.5%
Clock                4.885799e-07 2.421743e-07 2.217373e-07 9.524915e-07  14.8%
Macro                0.000000e+00 0.000000e+00 0.000000e+00 0.000000e+00   0.0%
Pad                  0.000000e+00 0.000000e+00 0.000000e+00 0.000000e+00   0.0%
------------------------------------------------------------------------
Total                2.572545e-06 1.216898e-06 2.625071e-06 6.414514e-06 100.0%
                            40.1%        19.0%        40.9%

