Clock: clk_i
Sources: clk_i 
Generated: no
Virtual: yes
Propagated: no
Period: 3125.000000

===========================================================================
report_clock_properties
============================================================================
Clock                   Period          Waveform
----------------------------------------------------
clk_i               3125.000000    0.0000001562.500000

===========================================================================
report_clock_latency
============================================================================
Clock clk_i
rise -> rise
    min     max
0.000000 0.000000 source latency
0.414903         network latency _345_/CLK
        0.420790 network latency _358_/CLK
---------------
0.414903 0.420790 latency
        0.005887 skew

fall -> fall
    min     max
0.000000 0.000000 source latency
0.374371         network latency _345_/CLK
        0.379828 network latency _358_/CLK
---------------
0.374371 0.379828 latency
        0.005457 skew



===========================================================================
report_clock_min_period
============================================================================
clk_i period_min = 3.88 fmax = 257.80
