
===========================================================================
 report_power
============================================================================
======================= nom_tt_025C_1v80 Corner ===================================

Group                    Internal    Switching      Leakage        Total
                            Power        Power        Power        Power (Watts)
------------------------------------------------------------------------
Sequential           1.163736e-06 3.233765e-07 6.778476e-10 1.487790e-06  31.0%
Combinational        1.467366e-06 9.348521e-07 9.779330e-10 2.403196e-06  50.0%
Clock                6.011840e-07 3.128864e-07 3.672325e-10 9.144377e-07  19.0%
Macro                0.000000e+00 0.000000e+00 0.000000e+00 0.000000e+00   0.0%
Pad                  0.000000e+00 0.000000e+00 0.000000e+00 0.000000e+00   0.0%
------------------------------------------------------------------------
Total                3.232285e-06 1.571114e-06 2.023013e-09 4.805423e-06 100.0%
                            67.3%        32.7%         0.0%

