
===========================================================================
 report_power
============================================================================
======================= max_ff_n40C_1v95 Corner ===================================

Group                    Internal    Switching      Leakage        Total
                            Power        Power        Power        Power (Watts)
------------------------------------------------------------------------
Sequential           7.639429e-07 1.801726e-07 4.937631e-10 9.446092e-07  33.7%
Combinational        7.857311e-07 5.199021e-07 1.517338e-09 1.307150e-06  46.6%
Clock                3.546184e-07 1.996495e-07 5.351535e-10 5.548031e-07  19.8%
Macro                0.000000e+00 0.000000e+00 0.000000e+00 0.000000e+00   0.0%
Pad                  0.000000e+00 0.000000e+00 0.000000e+00 0.000000e+00   0.0%
------------------------------------------------------------------------
Total                1.904293e-06 8.997243e-07 2.546254e-09 2.806563e-06 100.0%
                            67.9%        32.1%         0.1%

