Clock: clk_i
Sources: clk_i 
Generated: no
Virtual: yes
Propagated: no
Period: 3125.000000

===========================================================================
report_clock_properties
============================================================================
Clock                   Period          Waveform
----------------------------------------------------
clk_i               3125.000000    0.0000001562.500000

===========================================================================
report_clock_latency
============================================================================
Clock clk_i
rise -> rise
    min     max
0.000000 0.000000 source latency
0.624133         network latency _249_/CLK
        0.634605 network latency _263_/CLK
---------------
0.624133 0.634605 latency
        0.010472 skew

fall -> fall
    min     max
0.000000 0.000000 source latency
0.606974         network latency _249_/CLK
        0.615842 network latency _239_/CLK
---------------
0.606974 0.615842 latency
        0.008868 skew



===========================================================================
report_clock_min_period
============================================================================
clk_i period_min = 6.75 fmax = 148.05
