
===========================================================================
report_checks -unconstrained
===========================================================================
======================= min_ff_n40C_1v95 Corner ===================================

Startpoint: rst_i (input port clocked by clk_i)
Endpoint: _333_ (recovery check against rising-edge clock clk_i)
Path Group: asynchronous
Path Type: max

Fanout         Cap        Slew       Delay        Time   Description
---------------------------------------------------------------------------------------------
                                  0.000000    0.000000   clock clk_i (rise edge)
                                  0.000000    0.000000   clock network delay (propagated)
                                625.000000  625.000000 ^ input external delay
     1    0.002667    0.013445    0.006878  625.006897 ^ rst_i (in)
                                                         rst_i (net)
                      0.013445    0.000000  625.006897 ^ input2/A (sky130_fd_sc_hd__clkbuf_1)
     1    0.002918    0.033080    0.048317  625.055176 ^ input2/X (sky130_fd_sc_hd__clkbuf_1)
                                                         net2 (net)
                      0.033080    0.000057  625.055237 ^ fanout27/A (sky130_fd_sc_hd__dlymetal6s2s_1)
     5    0.027307    0.216102    0.187015  625.242249 ^ fanout27/X (sky130_fd_sc_hd__dlymetal6s2s_1)
                                                         net27 (net)
                      0.216102    0.000171  625.242432 ^ fanout26/A (sky130_fd_sc_hd__buf_2)
     8    0.037393    0.139450    0.177295  625.419739 ^ fanout26/X (sky130_fd_sc_hd__buf_2)
                                                         net26 (net)
                      0.139450    0.000227  625.419983 ^ fanout24/A (sky130_fd_sc_hd__clkbuf_4)
    10    0.050612    0.119395    0.178886  625.598877 ^ fanout24/X (sky130_fd_sc_hd__clkbuf_4)
                                                         net24 (net)
                      0.119494    0.002103  625.600952 ^ _333_/RESET_B (sky130_fd_sc_hd__dfrtp_1)
                                            625.600952   data arrival time

                               3125.000000 3125.000000   clock clk_i (rise edge)
                                  0.000000 3125.000000   clock source latency
     1    0.019068    0.068443    0.047066 3125.047119 ^ clk_i (in)
                                                         clk_i (net)
                      0.068471    0.000000 3125.047119 ^ clkbuf_0_clk_i/A (sky130_fd_sc_hd__clkbuf_16)
     8    0.085865    0.078313    0.132104 3125.179199 ^ clkbuf_0_clk_i/X (sky130_fd_sc_hd__clkbuf_16)
                                                         clknet_0_clk_i (net)
                      0.078386    0.001364 3125.180664 ^ clkbuf_3_4__f_clk_i/A (sky130_fd_sc_hd__clkbuf_16)
     7    0.024107    0.034380    0.100272 3125.280762 ^ clkbuf_3_4__f_clk_i/X (sky130_fd_sc_hd__clkbuf_16)
                                                         clknet_3_4__leaf_clk_i (net)
                      0.034386    0.000455 3125.281250 ^ _333_/CLK (sky130_fd_sc_hd__dfrtp_1)
                                 -0.250000 3125.031250   clock uncertainty
                                  0.000000 3125.031250   clock reconvergence pessimism
                                  0.127628 3125.158691   library recovery time
                                           3125.158691   data required time
---------------------------------------------------------------------------------------------
                                           3125.158691   data required time
                                           -625.600952   data arrival time
---------------------------------------------------------------------------------------------
                                           2499.557861   slack (MET)


Startpoint: _368_ (rising edge-triggered flip-flop clocked by clk_i)
Endpoint: num_to_send_o[1] (output port clocked by clk_i)
Path Group: clk_i
Path Type: max

Fanout         Cap        Slew       Delay        Time   Description
---------------------------------------------------------------------------------------------
                                  0.000000    0.000000   clock clk_i (rise edge)
                                  0.000000    0.000000   clock source latency
     1    0.019068    0.068443    0.047110    0.047110 ^ clk_i (in)
                                                         clk_i (net)
                      0.068471    0.000000    0.047110 ^ clkbuf_0_clk_i/A (sky130_fd_sc_hd__clkbuf_16)
     8    0.085865    0.078313    0.132131    0.179242 ^ clkbuf_0_clk_i/X (sky130_fd_sc_hd__clkbuf_16)
                                                         clknet_0_clk_i (net)
                      0.078440    0.002082    0.181324 ^ clkbuf_3_0__f_clk_i/A (sky130_fd_sc_hd__clkbuf_16)
    10    0.027959    0.037022    0.103042    0.284366 ^ clkbuf_3_0__f_clk_i/X (sky130_fd_sc_hd__clkbuf_16)
                                                         clknet_3_0__leaf_clk_i (net)
                      0.037022    0.000203    0.284569 ^ _368_/CLK (sky130_fd_sc_hd__dfrtp_1)
     5    0.014615    0.102946    0.255061    0.539630 ^ _368_/Q (sky130_fd_sc_hd__dfrtp_1)
                                                         net5 (net)
                      0.102946    0.000040    0.539670 ^ output5/A (sky130_fd_sc_hd__buf_2)
     1    0.034040    0.127275    0.155083    0.694753 ^ output5/X (sky130_fd_sc_hd__buf_2)
                                                         num_to_send_o[1] (net)
                      0.127275    0.000242    0.694995 ^ num_to_send_o[1] (out)
                                              0.694995   data arrival time

                               3125.000000 3125.000000   clock clk_i (rise edge)
                                  0.000000 3125.000000   clock network delay (propagated)
                                 -0.250000 3124.750000   clock uncertainty
                                  0.000000 3124.750000   clock reconvergence pessimism
                               -625.000000 2499.750000   output external delay
                                           2499.750000   data required time
---------------------------------------------------------------------------------------------
                                           2499.750000   data required time
                                             -0.694995   data arrival time
---------------------------------------------------------------------------------------------
                                           2499.054932   slack (MET)




===========================================================================
report_checks --slack_max -0.01
============================================================================
======================= min_ff_n40C_1v95 Corner ===================================

No paths found.


===========================================================================
 report_check_types -max_slew -max_cap -max_fanout -violators
============================================================================
======================= min_ff_n40C_1v95 Corner ===================================



===========================================================================
report_parasitic_annotation -report_unannotated
============================================================================
Found 7 unannotated drivers.
 clkload0/X
 clkload1/X
 clkload2/X
 clkload3/Y
 clkload4/X
 clkload5/Y
 clkload6/X
Found 0 partially unannotated drivers.

===========================================================================
max slew violation count 0
max fanout violation count 0
max cap violation count 0
============================================================================

===========================================================================
check_setup -verbose -unconstrained_endpoints -multiple_clock -no_clock -no_input_delay -loops -generated_clocks
===========================================================================
Warning: There is 1 combinational loop in the design.
  _247_/X
  _246_/B
  _246_/X
  _247_/B
  | loop cut point
  _247_/X
  --------------------------------
