Clock: clk_i
Sources: clk_i 
Generated: no
Virtual: yes
Propagated: no
Period: 3125.000000

===========================================================================
report_clock_properties
============================================================================
Clock                   Period          Waveform
----------------------------------------------------
clk_i               3125.000000    0.0000001562.500000

===========================================================================
report_clock_latency
============================================================================
Clock clk_i
rise -> rise
    min     max
0.000000 0.000000 source latency
0.281032         network latency _345_/CLK
        0.285203 network latency _358_/CLK
---------------
0.281032 0.285203 latency
        0.004171 skew

fall -> fall
    min     max
0.000000 0.000000 source latency
0.251589         network latency _345_/CLK
        0.255454 network latency _354_/CLK
---------------
0.251589 0.255454 latency
        0.003865 skew



===========================================================================
report_clock_min_period
============================================================================
clk_i period_min = 2.55 fmax = 391.42
