
===========================================================================
report_checks -unconstrained
===========================================================================
======================= nom_tt_025C_1v80 Corner ===================================

Startpoint: rst_i (input port clocked by clk_i)
Endpoint: _162_ (recovery check against rising-edge clock clk_i)
Path Group: asynchronous
Path Type: max

Fanout         Cap        Slew       Delay        Time   Description
---------------------------------------------------------------------------------------------
                                  0.000000    0.000000   clock clk_i (rise edge)
                                  0.000000    0.000000   clock network delay (propagated)
                                625.000000  625.000000 ^ input external delay
    35    0.148251    0.665621    0.460375  625.460388 ^ rst_i (in)
                                                         rst_i (net)
                      0.665639    0.000000  625.460388 ^ _162_/RESET_B (sky130_fd_sc_hd__dfrtp_2)
                                            625.460388   data arrival time

                               3125.000000 3125.000000   clock clk_i (rise edge)
                                  0.000000 3125.000000   clock source latency
    35    0.086566    0.392021    0.270575 3125.270508 ^ clk_i (in)
                                                         clk_i (net)
                      0.392023    0.000000 3125.270508 ^ _162_/CLK (sky130_fd_sc_hd__dfrtp_2)
                                 -0.250000 3125.020508   clock uncertainty
                                  0.000000 3125.020508   clock reconvergence pessimism
                                  0.144700 3125.165039   library recovery time
                                           3125.165039   data required time
---------------------------------------------------------------------------------------------
                                           3125.165039   data required time
                                           -625.460388   data arrival time
---------------------------------------------------------------------------------------------
                                           2499.704590   slack (MET)


Startpoint: _185_ (rising edge-triggered flip-flop clocked by clk_i)
Endpoint: num_to_send_o[0] (output port clocked by clk_i)
Path Group: clk_i
Path Type: max

Fanout         Cap        Slew       Delay        Time   Description
---------------------------------------------------------------------------------------------
                                  0.000000    0.000000   clock clk_i (rise edge)
                                  0.000000    0.000000   clock source latency
    35    0.086566    0.392021    0.270925    0.270925 ^ clk_i (in)
                                                         clk_i (net)
                      0.392024    0.000000    0.270925 ^ _185_/CLK (sky130_fd_sc_hd__dfrtp_2)
     4    0.047825    0.232465    0.592872    0.863797 ^ _185_/Q (sky130_fd_sc_hd__dfrtp_2)
                                                         num_to_send_o[0] (net)
                      0.232465    0.000269    0.864066 ^ num_to_send_o[0] (out)
                                              0.864066   data arrival time

                               3125.000000 3125.000000   clock clk_i (rise edge)
                                  0.000000 3125.000000   clock network delay (propagated)
                                 -0.250000 3124.750000   clock uncertainty
                                  0.000000 3124.750000   clock reconvergence pessimism
                               -625.000000 2499.750000   output external delay
                                           2499.750000   data required time
---------------------------------------------------------------------------------------------
                                           2499.750000   data required time
                                             -0.864066   data arrival time
---------------------------------------------------------------------------------------------
                                           2498.885986   slack (MET)




===========================================================================
report_checks --slack_max -0.01
============================================================================
======================= nom_tt_025C_1v80 Corner ===================================

No paths found.


===========================================================================
 report_check_types -max_slew -max_cap -max_fanout -violators
============================================================================
======================= nom_tt_025C_1v80 Corner ===================================

max fanout

Pin                                   Limit Fanout  Slack
---------------------------------------------------------
clk_i                                    10     35    -25 (VIOLATED)
rst_i                                    10     35    -25 (VIOLATED)
_125_/X                                  10     25    -15 (VIOLATED)
_163_/Q                                  10     14     -4 (VIOLATED)
_164_/Q                                  10     14     -4 (VIOLATED)
_162_/Q                                  10     12     -2 (VIOLATED)



===========================================================================
report_parasitic_annotation -report_unannotated
============================================================================
Found 0 unannotated drivers.
Found 0 partially unannotated drivers.

===========================================================================
max slew violation count 0
Writing metric design__max_slew_violation__count__corner:nom_tt_025C_1v80: 0
max fanout violation count 6
Writing metric design__max_fanout_violation__count__corner:nom_tt_025C_1v80: 6
max cap violation count 0
Writing metric design__max_cap_violation__count__corner:nom_tt_025C_1v80: 0
============================================================================

===========================================================================
check_setup -verbose -unconstrained_endpoints -multiple_clock -no_clock -no_input_delay -loops -generated_clocks
===========================================================================
