Clock: clk_i
Sources: clk_i 
Generated: no
Virtual: yes
Propagated: no
Period: 3125.000000

===========================================================================
report_clock_properties
============================================================================
Clock                   Period          Waveform
----------------------------------------------------
clk_i               3125.000000    0.0000001562.500000

===========================================================================
report_clock_latency
============================================================================
Clock clk_i
rise -> rise
    min     max
0.000000 0.000000 source latency
0.270196         network latency _190_/CLK
        0.271327 network latency _174_/CLK
---------------
0.270196 0.271327 latency
        0.001130 skew

fall -> fall
    min     max
0.000000 0.000000 source latency
0.130399         network latency _190_/CLK
        0.131536 network latency _174_/CLK
---------------
0.130399 0.131536 latency
        0.001137 skew



===========================================================================
report_clock_min_period
============================================================================
clk_i period_min = 2.55 fmax = 392.89
