
===========================================================================
 report_power
============================================================================
======================= nom_tt_025C_1v80 Corner ===================================

Group                    Internal    Switching      Leakage        Total
                            Power        Power        Power        Power (Watts)
------------------------------------------------------------------------
Sequential           7.147357e-07 3.390408e-07 3.750075e-10 1.054152e-06  59.3%
Combinational        4.912891e-07 2.306906e-07 2.986502e-10 7.222783e-07  40.7%
Clock                0.000000e+00 0.000000e+00 1.490417e-10 1.490417e-10   0.0%
Macro                0.000000e+00 0.000000e+00 0.000000e+00 0.000000e+00   0.0%
Pad                  0.000000e+00 0.000000e+00 0.000000e+00 0.000000e+00   0.0%
------------------------------------------------------------------------
Total                1.206025e-06 5.697315e-07 8.226986e-10 1.776579e-06 100.0%
                            67.9%        32.1%         0.0%
Writing metric power__internal__total: 1.206024990096921e-6
Writing metric power__switching__total: 5.697315259567404e-7
Writing metric power__leakage__total: 8.226985759307581e-10
Writing metric power__total: 1.7765793245416717e-6

