
===========================================================================
report_checks -unconstrained
===========================================================================
======================= nom_tt_025C_1v80 Corner ===================================

Startpoint: rst_i (input port clocked by clk_i)
Endpoint: _231_ (recovery check against rising-edge clock clk_i)
Path Group: asynchronous
Path Type: max

Fanout         Cap        Slew       Delay        Time   Description
---------------------------------------------------------------------------------------------
                                  0.000000    0.000000   clock clk_i (rise edge)
                                  0.000000    0.000000   clock network delay (propagated)
                                625.000000  625.000000 ^ input external delay
     1    0.003278    0.021800    0.011994  625.012024 ^ rst_i (in)
                                                         rst_i (net)
                      0.021800    0.000000  625.012024 ^ input2/A (sky130_fd_sc_hd__clkbuf_1)
     1    0.004707    0.065100    0.087766  625.099792 ^ input2/X (sky130_fd_sc_hd__clkbuf_1)
                                                         net2 (net)
                      0.065100    0.000171  625.099915 ^ fanout19/A (sky130_fd_sc_hd__clkbuf_2)
     6    0.033829    0.186696    0.211912  625.311829 ^ fanout19/X (sky130_fd_sc_hd__clkbuf_2)
                                                         net19 (net)
                      0.186714    0.001535  625.313354 ^ fanout17/A (sky130_fd_sc_hd__clkbuf_4)
    10    0.054270    0.167310    0.275861  625.589233 ^ fanout17/X (sky130_fd_sc_hd__clkbuf_4)
                                                         net17 (net)
                      0.167327    0.001819  625.591064 ^ _231_/RESET_B (sky130_fd_sc_hd__dfrtp_4)
                                            625.591064   data arrival time

                               3125.000000 3125.000000   clock clk_i (rise edge)
                                  0.000000 3125.000000   clock source latency
     1    0.017130    0.082926    0.056843 3125.056885 ^ clk_i (in)
                                                         clk_i (net)
                      0.082933    0.000000 3125.056885 ^ clkbuf_0_clk_i/A (sky130_fd_sc_hd__clkbuf_16)
     4    0.042408    0.061920    0.157343 3125.214111 ^ clkbuf_0_clk_i/X (sky130_fd_sc_hd__clkbuf_16)
                                                         clknet_0_clk_i (net)
                      0.061932    0.000909 3125.215088 ^ clkbuf_2_2__f_clk_i/A (sky130_fd_sc_hd__clkbuf_16)
    10    0.035670    0.055890    0.144610 3125.359619 ^ clkbuf_2_2__f_clk_i/X (sky130_fd_sc_hd__clkbuf_16)
                                                         clknet_2_2__leaf_clk_i (net)
                      0.055935    0.000909 3125.360596 ^ _231_/CLK (sky130_fd_sc_hd__dfrtp_4)
                                 -0.250000 3125.110596   clock uncertainty
                                  0.000000 3125.110596   clock reconvergence pessimism
                                  0.181044 3125.291504   library recovery time
                                           3125.291504   data required time
---------------------------------------------------------------------------------------------
                                           3125.291504   data required time
                                           -625.591064   data arrival time
---------------------------------------------------------------------------------------------
                                           2499.700439   slack (MET)


Startpoint: _256_ (rising edge-triggered flip-flop clocked by clk_i)
Endpoint: num_to_send_o[1] (output port clocked by clk_i)
Path Group: clk_i
Path Type: max

Fanout         Cap        Slew       Delay        Time   Description
---------------------------------------------------------------------------------------------
                                  0.000000    0.000000   clock clk_i (rise edge)
                                  0.000000    0.000000   clock source latency
     1    0.017130    0.082926    0.056813    0.056813 ^ clk_i (in)
                                                         clk_i (net)
                      0.082933    0.000000    0.056813 ^ clkbuf_0_clk_i/A (sky130_fd_sc_hd__clkbuf_16)
     4    0.042408    0.061920    0.157364    0.214177 ^ clkbuf_0_clk_i/X (sky130_fd_sc_hd__clkbuf_16)
                                                         clknet_0_clk_i (net)
                      0.061937    0.000936    0.215113 ^ clkbuf_2_0__f_clk_i/A (sky130_fd_sc_hd__clkbuf_16)
    13    0.035986    0.056142    0.144612    0.359725 ^ clkbuf_2_0__f_clk_i/X (sky130_fd_sc_hd__clkbuf_16)
                                                         clknet_2_0__leaf_clk_i (net)
                      0.056215    0.000983    0.360707 ^ _256_/CLK (sky130_fd_sc_hd__dfrtp_1)
     5    0.016829    0.156381    0.408506    0.769214 ^ _256_/Q (sky130_fd_sc_hd__dfrtp_1)
                                                         net5 (net)
                      0.156382    0.000676    0.769890 ^ output5/A (sky130_fd_sc_hd__buf_2)
     1    0.034095    0.169839    0.235229    1.005119 ^ output5/X (sky130_fd_sc_hd__buf_2)
                                                         num_to_send_o[1] (net)
                      0.169839    0.000663    1.005782 ^ num_to_send_o[1] (out)
                                              1.005782   data arrival time

                               3125.000000 3125.000000   clock clk_i (rise edge)
                                  0.000000 3125.000000   clock network delay (propagated)
                                 -0.250000 3124.750000   clock uncertainty
                                  0.000000 3124.750000   clock reconvergence pessimism
                               -625.000000 2499.750000   output external delay
                                           2499.750000   data required time
---------------------------------------------------------------------------------------------
                                           2499.750000   data required time
                                             -1.005782   data arrival time
---------------------------------------------------------------------------------------------
                                           2498.744141   slack (MET)




===========================================================================
report_checks --slack_max -0.01
============================================================================
======================= nom_tt_025C_1v80 Corner ===================================

No paths found.


===========================================================================
 report_check_types -max_slew -max_cap -max_fanout -violators
============================================================================
======================= nom_tt_025C_1v80 Corner ===================================

max fanout

Pin                                   Limit Fanout  Slack
---------------------------------------------------------
clkbuf_2_0__f_clk_i/X                    10     13     -3 (VIOLATED)
clkbuf_2_1__f_clk_i/X                    10     13     -3 (VIOLATED)
clkbuf_2_3__f_clk_i/X                    10     11        (VIOLATED)



===========================================================================
report_parasitic_annotation -report_unannotated
============================================================================
Found 3 unannotated drivers.
 clkload0/X
 clkload1/Y
 clkload2/Y
Found 0 partially unannotated drivers.

===========================================================================
max slew violation count 0
max fanout violation count 3
max cap violation count 0
============================================================================

===========================================================================
check_setup -verbose -unconstrained_endpoints -multiple_clock -no_clock -no_input_delay -loops -generated_clocks
===========================================================================
Warning: There is 1 combinational loop in the design.
  _156_/Y
  _119_/B
  _119_/X
  _120_/A
  _120_/Y
  _156_/B1
  | loop cut point
  _156_/Y
  --------------------------------
