Clock: clk_i
Sources: clk_i 
Generated: no
Virtual: yes
Propagated: no
Period: 3125.000000

===========================================================================
report_clock_properties
============================================================================
Clock                   Period          Waveform
----------------------------------------------------
clk_i               3125.000000    0.0000001562.500000

===========================================================================
report_clock_latency
============================================================================
Clock clk_i
rise -> rise
    min     max
0.000000 0.000000 source latency
0.360314         network latency _249_/CLK
        0.366590 network latency _263_/CLK
---------------
0.360314 0.366590 latency
        0.006276 skew

fall -> fall
    min     max
0.000000 0.000000 source latency
0.339810         network latency _249_/CLK
        0.344812 network latency _239_/CLK
---------------
0.339810 0.344812 latency
        0.005002 skew



===========================================================================
report_clock_min_period
============================================================================
clk_i period_min = 3.45 fmax = 290.24
