
===========================================================================
 report_power
============================================================================
======================= nom_tt_025C_1v80 Corner ===================================

Group                    Internal    Switching      Leakage        Total
                            Power        Power        Power        Power (Watts)
------------------------------------------------------------------------
Sequential           8.363480e-07 2.249087e-07 4.875871e-10 1.061744e-06  30.9%
Combinational        1.063114e-06 7.241282e-07 6.079219e-10 1.787851e-06  52.1%
Clock                3.834982e-07 2.003101e-07 2.333017e-10 5.840416e-07  17.0%
Macro                0.000000e+00 0.000000e+00 0.000000e+00 0.000000e+00   0.0%
Pad                  0.000000e+00 0.000000e+00 0.000000e+00 0.000000e+00   0.0%
------------------------------------------------------------------------
Total                2.282961e-06 1.149347e-06 1.328812e-09 3.433637e-06 100.0%
                            66.5%        33.5%         0.0%

