Clock: clk_i
Sources: clk_i 
Generated: no
Virtual: yes
Propagated: no
Period: 3125.000000

===========================================================================
report_clock_properties
============================================================================
Clock                   Period          Waveform
----------------------------------------------------
clk_i               3125.000000    0.0000001562.500000

===========================================================================
report_clock_latency
============================================================================
Clock clk_i
rise -> rise
    min     max
0.000000 0.000000 source latency
0.582433         network latency _160_/CLK
        0.586659 network latency _161_/CLK
---------------
0.582433 0.586659 latency
        0.004226 skew

fall -> fall
    min     max
0.000000 0.000000 source latency
0.576847         network latency _160_/CLK
        0.580258 network latency _161_/CLK
---------------
0.576847 0.580258 latency
        0.003411 skew



===========================================================================
report_clock_min_period
============================================================================
clk_i period_min = 6.52 fmax = 153.44
