Clock: clk_i
Sources: clk_i 
Generated: no
Virtual: yes
Propagated: no
Period: 3125.000000

===========================================================================
report_clock_properties
============================================================================
Clock                   Period          Waveform
----------------------------------------------------
clk_i               3125.000000    0.0000001562.500000

===========================================================================
report_clock_latency
============================================================================
Clock clk_i
rise -> rise
    min     max
0.000000 0.000000 source latency
0.598661         network latency _166_/CLK
        0.606453 network latency _179_/CLK
---------------
0.598661 0.606453 latency
        0.007792 skew

fall -> fall
    min     max
0.000000 0.000000 source latency
0.589466         network latency _166_/CLK
        0.596742 network latency _179_/CLK
---------------
0.589466 0.596742 latency
        0.007276 skew



===========================================================================
report_clock_min_period
============================================================================
clk_i period_min = 6.35 fmax = 157.47
