
===========================================================================
 report_power
============================================================================
======================= max_ss_100C_1v60 Corner ===================================

Group                    Internal    Switching      Leakage        Total
                            Power        Power        Power        Power (Watts)
------------------------------------------------------------------------
Sequential           5.291034e-07 1.406738e-07 6.594675e-07 1.329245e-06  38.0%
Combinational        6.293452e-07 3.864044e-07 6.616420e-07 1.677392e-06  48.0%
Clock                2.464406e-07 1.349405e-07 1.067019e-07 4.880830e-07  14.0%
Macro                0.000000e+00 0.000000e+00 0.000000e+00 0.000000e+00   0.0%
Pad                  0.000000e+00 0.000000e+00 0.000000e+00 0.000000e+00   0.0%
------------------------------------------------------------------------
Total                1.404889e-06 6.620186e-07 1.427812e-06 3.494720e-06 100.0%
                            40.2%        18.9%        40.9%

