Clock: clk_i
Sources: clk_i 
Generated: no
Virtual: yes
Propagated: no
Period: 3125.000000

===========================================================================
report_clock_properties
============================================================================
Clock                   Period          Waveform
----------------------------------------------------
clk_i               3125.000000    0.0000001562.500000

===========================================================================
report_clock_latency
============================================================================
Clock clk_i
rise -> rise
    min     max
0.000000 0.000000 source latency
0.374334         network latency _345_/CLK
        0.378126 network latency _339_/CLK
---------------
0.374334 0.378126 latency
        0.003792 skew

fall -> fall
    min     max
0.000000 0.000000 source latency
0.347654         network latency _333_/CLK
        0.350838 network latency _339_/CLK
---------------
0.347654 0.350838 latency
        0.003183 skew



===========================================================================
report_clock_min_period
============================================================================
clk_i period_min = 3.12 fmax = 320.72
