
===========================================================================
 report_power
============================================================================
======================= nom_tt_025C_1v80 Corner ===================================

Group                    Internal    Switching      Leakage        Total
                            Power        Power        Power        Power (Watts)
------------------------------------------------------------------------
Sequential           1.164838e-06 2.895836e-07 6.778476e-10 1.455099e-06  37.6%
Combinational        8.970836e-07 6.608115e-07 7.024441e-10 1.558598e-06  40.2%
Clock                5.980918e-07 2.624365e-07 3.672325e-10 8.608956e-07  22.2%
Macro                0.000000e+00 0.000000e+00 0.000000e+00 0.000000e+00   0.0%
Pad                  0.000000e+00 0.000000e+00 0.000000e+00 0.000000e+00   0.0%
------------------------------------------------------------------------
Total                2.660013e-06 1.212832e-06 1.747528e-09 3.874593e-06 100.0%
                            68.7%        31.3%         0.0%
Writing metric power__internal__total: 2.660013478816836e-6
Writing metric power__switching__total: 1.2128318758186651e-6
Writing metric power__leakage__total: 1.7475280111867164e-9
Writing metric power__total: 3.874592948704958e-6

