Clock: clk_i
Sources: clk_i 
Generated: no
Virtual: yes
Propagated: no
Period: 3125.000000

===========================================================================
report_clock_properties
============================================================================
Clock                   Period          Waveform
----------------------------------------------------
clk_i               3125.000000    0.0000001562.500000

===========================================================================
report_clock_latency
============================================================================
Clock clk_i
rise -> rise
    min     max
0.000000 0.000000 source latency
0.422545         network latency _345_/CLK
        0.430552 network latency _358_/CLK
---------------
0.422545 0.430552 latency
        0.008007 skew

fall -> fall
    min     max
0.000000 0.000000 source latency
0.380396         network latency _345_/CLK
        0.387786 network latency _354_/CLK
---------------
0.380396 0.387786 latency
        0.007390 skew



===========================================================================
report_clock_min_period
============================================================================
clk_i period_min = 3.92 fmax = 254.99
