
===========================================================================
 report_power
============================================================================
======================= max_tt_025C_1v80 Corner ===================================

Group                    Internal    Switching      Leakage        Total
                            Power        Power        Power        Power (Watts)
------------------------------------------------------------------------
Sequential           1.163617e-06 3.334249e-07 6.778476e-10 1.497720e-06  30.8%
Combinational        1.468245e-06 9.635185e-07 9.779330e-10 2.432741e-06  50.1%
Clock                6.015190e-07 3.230386e-07 3.672325e-10 9.249248e-07  19.0%
Macro                0.000000e+00 0.000000e+00 0.000000e+00 0.000000e+00   0.0%
Pad                  0.000000e+00 0.000000e+00 0.000000e+00 0.000000e+00   0.0%
------------------------------------------------------------------------
Total                3.233379e-06 1.619982e-06 2.023013e-09 4.855384e-06 100.0%
                            66.6%        33.4%         0.0%

