
===========================================================================
report_checks -unconstrained
===========================================================================
======================= min_ss_100C_1v60 Corner ===================================

Startpoint: rst_i (input port clocked by clk_i)
Endpoint: _231_ (recovery check against rising-edge clock clk_i)
Path Group: asynchronous
Path Type: max

Fanout         Cap        Slew       Delay        Time   Description
---------------------------------------------------------------------------------------------
                                  0.000000    0.000000   clock clk_i (rise edge)
                                  0.000000    0.000000   clock network delay (propagated)
                                625.000000  625.000000 ^ input external delay
     1    0.003130    0.034440    0.017508  625.017517 ^ rst_i (in)
                                                         rst_i (net)
                      0.034440    0.000000  625.017517 ^ input2/A (sky130_fd_sc_hd__clkbuf_1)
     1    0.004424    0.100642    0.156035  625.173523 ^ input2/X (sky130_fd_sc_hd__clkbuf_1)
                                                         net2 (net)
                      0.100642    0.000057  625.173584 ^ fanout19/A (sky130_fd_sc_hd__clkbuf_2)
     6    0.031369    0.271020    0.350553  625.524170 ^ fanout19/X (sky130_fd_sc_hd__clkbuf_2)
                                                         net19 (net)
                      0.271020    0.000909  625.525085 ^ fanout17/A (sky130_fd_sc_hd__clkbuf_4)
    10    0.048867    0.243546    0.467423  625.992493 ^ fanout17/X (sky130_fd_sc_hd__clkbuf_4)
                                                         net17 (net)
                      0.243546    0.000909  625.993408 ^ _231_/RESET_B (sky130_fd_sc_hd__dfrtp_4)
                                            625.993408   data arrival time

                               3125.000000 3125.000000   clock clk_i (rise edge)
                                  0.000000 3125.000000   clock source latency
     1    0.016350    0.124724    0.083901 3125.083984 ^ clk_i (in)
                                                         clk_i (net)
                      0.124725    0.000000 3125.083984 ^ clkbuf_0_clk_i/A (sky130_fd_sc_hd__clkbuf_16)
     4    0.041321    0.095537    0.276941 3125.360840 ^ clkbuf_0_clk_i/X (sky130_fd_sc_hd__clkbuf_16)
                                                         clknet_0_clk_i (net)
                      0.095537    0.000455 3125.361328 ^ clkbuf_2_2__f_clk_i/A (sky130_fd_sc_hd__clkbuf_16)
    10    0.033625    0.085422    0.252612 3125.614014 ^ clkbuf_2_2__f_clk_i/X (sky130_fd_sc_hd__clkbuf_16)
                                                         clknet_2_2__leaf_clk_i (net)
                      0.085422    0.000227 3125.614258 ^ _231_/CLK (sky130_fd_sc_hd__dfrtp_4)
                                 -0.250000 3125.364014   clock uncertainty
                                  0.000000 3125.364014   clock reconvergence pessimism
                                  0.367779 3125.731934   library recovery time
                                           3125.731934   data required time
---------------------------------------------------------------------------------------------
                                           3125.731934   data required time
                                           -625.993408   data arrival time
---------------------------------------------------------------------------------------------
                                           2499.738525   slack (MET)


Startpoint: _256_ (rising edge-triggered flip-flop clocked by clk_i)
Endpoint: num_to_send_o[1] (output port clocked by clk_i)
Path Group: clk_i
Path Type: max

Fanout         Cap        Slew       Delay        Time   Description
---------------------------------------------------------------------------------------------
                                  0.000000    0.000000   clock clk_i (rise edge)
                                  0.000000    0.000000   clock source latency
     1    0.016350    0.124724    0.083992    0.083992 ^ clk_i (in)
                                                         clk_i (net)
                      0.124725    0.000000    0.083992 ^ clkbuf_0_clk_i/A (sky130_fd_sc_hd__clkbuf_16)
     4    0.041321    0.095537    0.276958    0.360950 ^ clkbuf_0_clk_i/X (sky130_fd_sc_hd__clkbuf_16)
                                                         clknet_0_clk_i (net)
                      0.095538    0.000403    0.361353 ^ clkbuf_2_0__f_clk_i/A (sky130_fd_sc_hd__clkbuf_16)
    13    0.033671    0.085504    0.252415    0.613768 ^ clkbuf_2_0__f_clk_i/X (sky130_fd_sc_hd__clkbuf_16)
                                                         clknet_2_0__leaf_clk_i (net)
                      0.085504    0.000439    0.614207 ^ _256_/CLK (sky130_fd_sc_hd__dfrtp_1)
     5    0.015401    0.179433    0.856394    1.470601 v _256_/Q (sky130_fd_sc_hd__dfrtp_1)
                                                         net5 (net)
                      0.179433    0.000326    1.470928 v output5/A (sky130_fd_sc_hd__buf_2)
     1    0.034040    0.164961    0.396706    1.867633 v output5/X (sky130_fd_sc_hd__buf_2)
                                                         num_to_send_o[1] (net)
                      0.164961    0.000206    1.867839 v num_to_send_o[1] (out)
                                              1.867839   data arrival time

                               3125.000000 3125.000000   clock clk_i (rise edge)
                                  0.000000 3125.000000   clock network delay (propagated)
                                 -0.250000 3124.750000   clock uncertainty
                                  0.000000 3124.750000   clock reconvergence pessimism
                               -625.000000 2499.750000   output external delay
                                           2499.750000   data required time
---------------------------------------------------------------------------------------------
                                           2499.750000   data required time
                                             -1.867839   data arrival time
---------------------------------------------------------------------------------------------
                                           2497.882080   slack (MET)




===========================================================================
report_checks --slack_max -0.01
============================================================================
======================= min_ss_100C_1v60 Corner ===================================

No paths found.


===========================================================================
 report_check_types -max_slew -max_cap -max_fanout -violators
============================================================================
======================= min_ss_100C_1v60 Corner ===================================

max fanout

Pin                                   Limit Fanout  Slack
---------------------------------------------------------
clkbuf_2_0__f_clk_i/X                    10     13     -3 (VIOLATED)
clkbuf_2_1__f_clk_i/X                    10     13     -3 (VIOLATED)
clkbuf_2_3__f_clk_i/X                    10     11        (VIOLATED)



===========================================================================
report_parasitic_annotation -report_unannotated
============================================================================
Found 3 unannotated drivers.
 clkload0/X
 clkload1/Y
 clkload2/Y
Found 0 partially unannotated drivers.

===========================================================================
max slew violation count 0
max fanout violation count 3
max cap violation count 0
============================================================================

===========================================================================
check_setup -verbose -unconstrained_endpoints -multiple_clock -no_clock -no_input_delay -loops -generated_clocks
===========================================================================
Warning: There is 1 combinational loop in the design.
  _156_/Y
  _119_/B
  _119_/X
  _120_/A
  _120_/Y
  _156_/B1
  | loop cut point
  _156_/Y
  --------------------------------
