Clock: clk_i
Sources: clk_i 
Generated: no
Virtual: yes
Propagated: no
Period: 3125.000000

===========================================================================
report_clock_properties
============================================================================
Clock                   Period          Waveform
----------------------------------------------------
clk_i               3125.000000    0.0000001562.500000

===========================================================================
report_clock_latency
============================================================================
Clock clk_i
rise -> rise
    min     max
0.000000 0.000000 source latency
0.613948         network latency _249_/CLK
        0.623040 network latency _263_/CLK
---------------
0.613948 0.623040 latency
        0.009092 skew

fall -> fall
    min     max
0.000000 0.000000 source latency
0.599471         network latency _249_/CLK
        0.607315 network latency _239_/CLK
---------------
0.599471 0.607315 latency
        0.007844 skew



===========================================================================
report_clock_min_period
============================================================================
clk_i period_min = 6.70 fmax = 149.21
