Clock: clk_i
Sources: clk_i 
Generated: no
Virtual: yes
Propagated: no
Period: 3125.000000

===========================================================================
report_clock_properties
============================================================================
Clock                   Period          Waveform
----------------------------------------------------
clk_i               3125.000000    0.0000001562.500000

===========================================================================
report_clock_latency
============================================================================
Clock clk_i
rise -> rise
    min     max
0.000000 0.000000 source latency
0.341035         network latency _160_/CLK
        0.343754 network latency _175_/CLK
---------------
0.341035 0.343754 latency
        0.002719 skew

fall -> fall
    min     max
0.000000 0.000000 source latency
0.327191         network latency _160_/CLK
        0.329919 network latency _172_/CLK
---------------
0.327191 0.329919 latency
        0.002728 skew



===========================================================================
report_clock_min_period
============================================================================
clk_i period_min = 3.34 fmax = 299.00
