Clock: clk_i
Sources: clk_i 
Generated: no
Virtual: yes
Propagated: no
Period: 3125.000000

===========================================================================
report_clock_properties
============================================================================
Clock                   Period          Waveform
----------------------------------------------------
clk_i               3125.000000    0.0000001562.500000

===========================================================================
report_clock_latency
============================================================================
Clock clk_i
rise -> rise
    min     max
0.000000 0.000000 source latency
0.328921         network latency _269_/CLK
        0.331262 network latency _243_/CLK
---------------
0.328921 0.331262 latency
        0.002341 skew

fall -> fall
    min     max
0.000000 0.000000 source latency
0.320370         network latency _227_/CLK
        0.322188 network latency _240_/CLK
---------------
0.320370 0.322188 latency
        0.001819 skew



===========================================================================
report_clock_min_period
============================================================================
clk_i period_min = 3.31 fmax = 302.54
