Reading OpenROAD database at '/home/matheus/openframe_user_project/openlane/rng/runs/26_02_18_09_30/41-openroad-repairantennas/1-diodeinsertion/rng_top.odb'…
Reading library file at '/home/matheus/openframe_user_project/dependencies/pdks/sky130A/libs.ref/sky130_fd_sc_hd/lib/sky130_fd_sc_hd__tt_025C_1v80.lib'…
Reading design constraints file at '/nix/store/iah2c26wzpgdvqc1jv2xxg55xq5km74d-python3-3.11.9-env/lib/python3.11/site-packages/librelane/scripts/base.sdc'…
[INFO] Using clock clk_i…
[INFO] Setting output delay to: 625
[INFO] Setting input delay to: 625
[INFO] Setting load to: 0.033442
[INFO] Setting clock uncertainty to: 0.25
[INFO] Setting clock transition to: 0.1499999999999999944488848768742172978818416595458984375
[INFO] Setting timing derate to: 5%
[INFO ORD-0030] Using 8 thread(s).
[INFO DRT-0149] Reading tech and libs.
[WARNING DRT-0349] LEF58_ENCLOSURE with no CUTCLASS is not supported. Skipping for layer mcon
[WARNING DRT-0349] LEF58_ENCLOSURE with no CUTCLASS is not supported. Skipping for layer mcon
[WARNING DRT-0349] LEF58_ENCLOSURE with no CUTCLASS is not supported. Skipping for layer via
[WARNING DRT-0349] LEF58_ENCLOSURE with no CUTCLASS is not supported. Skipping for layer via
[WARNING DRT-0349] LEF58_ENCLOSURE with no CUTCLASS is not supported. Skipping for layer via2
[WARNING DRT-0349] LEF58_ENCLOSURE with no CUTCLASS is not supported. Skipping for layer via2
[WARNING DRT-0349] LEF58_ENCLOSURE with no CUTCLASS is not supported. Skipping for layer via3
[WARNING DRT-0349] LEF58_ENCLOSURE with no CUTCLASS is not supported. Skipping for layer via3
[WARNING DRT-0349] LEF58_ENCLOSURE with no CUTCLASS is not supported. Skipping for layer via4
[WARNING DRT-0349] LEF58_ENCLOSURE with no CUTCLASS is not supported. Skipping for layer via4

Units:                1000
Number of layers:     13
Number of macros:     445
Number of vias:       28
Number of viarulegen: 25

[INFO DRT-0150] Reading design.

Design:                   rng_top
Die area:                 ( 0 0 ) ( 85000 85000 )
Number of track patterns: 12
Number of DEF vias:       0
Number of components:     344
Number of terminals:      9
Number of snets:          2
Number of nets:           237

[INFO DRT-0167] List of default vias:
  Layer via
    default via: M1M2_PR
  Layer via2
    default via: M2M3_PR
  Layer via3
    default via: M3M4_PR
  Layer via4
    default via: M4M5_PR
[INFO DRT-0162] Library cell analysis.
[INFO DRT-0163] Instance analysis.
[INFO DRT-0164] Number of unique instances = 93.
[INFO DRT-0168] Init region query.
[INFO DRT-0024]   Complete FR_MASTERSLICE.
[INFO DRT-0024]   Complete licon.
[INFO DRT-0024]   Complete li1.
[INFO DRT-0024]   Complete mcon.
[INFO DRT-0024]   Complete met1.
[INFO DRT-0024]   Complete via.
[INFO DRT-0024]   Complete met2.
[INFO DRT-0024]   Complete via2.
[INFO DRT-0024]   Complete met3.
[INFO DRT-0024]   Complete via3.
[INFO DRT-0024]   Complete met4.
[INFO DRT-0024]   Complete via4.
[INFO DRT-0024]   Complete met5.
[INFO DRT-0033] FR_MASTERSLICE shape region query size = 0.
[INFO DRT-0033] licon shape region query size = 0.
[INFO DRT-0033] li1 shape region query size = 9232.
[INFO DRT-0033] mcon shape region query size = 0.
[INFO DRT-0033] met1 shape region query size = 1352.
[INFO DRT-0033] via shape region query size = 120.
[INFO DRT-0033] met2 shape region query size = 74.
[INFO DRT-0033] via2 shape region query size = 96.
[INFO DRT-0033] met3 shape region query size = 77.
[INFO DRT-0033] via3 shape region query size = 96.
[INFO DRT-0033] met4 shape region query size = 28.
[INFO DRT-0033] via4 shape region query size = 0.
[INFO DRT-0033] met5 shape region query size = 0.
[INFO DRT-0165] Start pin access.
[INFO DRT-0078]   Complete 307 pins.
[INFO DRT-0081]   Complete 87 unique inst patterns.
[INFO DRT-0084]   Complete 131 groups.
#scanned instances     = 344
#unique  instances     = 93
#stdCellGenAp          = 2639
#stdCellValidPlanarAp  = 36
#stdCellValidViaAp     = 1956
#stdCellPinNoAp        = 0
#stdCellPinCnt         = 780
#instTermValidViaApCnt = 0
#macroGenAp            = 0
#macroValidPlanarAp    = 0
#macroValidViaAp       = 0
#macroNoAp             = 0
[INFO DRT-0166] Complete pin access.
[INFO DRT-0267] cpu time = 00:00:13, elapsed time = 00:00:02, memory = 139.35 (MB), peak = 138.77 (MB)

[INFO DRT-0157] Number of guides:     1535

[INFO DRT-0169] Post process guides.
[INFO DRT-0176] GCELLGRID X 0 DO 12 STEP 6900 ;
[INFO DRT-0177] GCELLGRID Y 0 DO 12 STEP 6900 ;
[INFO DRT-0028]   Complete FR_MASTERSLICE.
[INFO DRT-0028]   Complete licon.
[INFO DRT-0028]   Complete li1.
[INFO DRT-0028]   Complete mcon.
[INFO DRT-0028]   Complete met1.
[INFO DRT-0028]   Complete via.
[INFO DRT-0028]   Complete met2.
[INFO DRT-0028]   Complete via2.
[INFO DRT-0028]   Complete met3.
[INFO DRT-0028]   Complete via3.
[INFO DRT-0028]   Complete met4.
[INFO DRT-0028]   Complete via4.
[INFO DRT-0028]   Complete met5.
[INFO DRT-0178] Init guide query.
[INFO DRT-0035]   Complete FR_MASTERSLICE (guide).
[INFO DRT-0035]   Complete licon (guide).
[INFO DRT-0035]   Complete li1 (guide).
[INFO DRT-0035]   Complete mcon (guide).
[INFO DRT-0035]   Complete met1 (guide).
[INFO DRT-0035]   Complete via (guide).
[INFO DRT-0035]   Complete met2 (guide).
[INFO DRT-0035]   Complete via2 (guide).
[INFO DRT-0035]   Complete met3 (guide).
[INFO DRT-0035]   Complete via3 (guide).
[INFO DRT-0035]   Complete met4 (guide).
[INFO DRT-0035]   Complete via4 (guide).
[INFO DRT-0035]   Complete met5 (guide).
[INFO DRT-0036] FR_MASTERSLICE guide region query size = 0.
[INFO DRT-0036] licon guide region query size = 0.
[INFO DRT-0036] li1 guide region query size = 562.
[INFO DRT-0036] mcon guide region query size = 0.
[INFO DRT-0036] met1 guide region query size = 422.
[INFO DRT-0036] via guide region query size = 0.
[INFO DRT-0036] met2 guide region query size = 196.
[INFO DRT-0036] via2 guide region query size = 0.
[INFO DRT-0036] met3 guide region query size = 5.
[INFO DRT-0036] via3 guide region query size = 0.
[INFO DRT-0036] met4 guide region query size = 0.
[INFO DRT-0036] via4 guide region query size = 0.
[INFO DRT-0036] met5 guide region query size = 0.
[INFO DRT-0179] Init gr pin query.
[INFO DRT-0245] skipped writing guide updates to database.
[INFO DRT-0185] Post process initialize RPin region query.
[INFO DRT-0181] Start track assignment.
[INFO DRT-0184] Done with 758 vertical wires in 1 frboxes and 427 horizontal wires in 1 frboxes.
[INFO DRT-0186] Done with 49 vertical wires in 1 frboxes and 145 horizontal wires in 1 frboxes.
[INFO DRT-0182] Complete track assignment.
[INFO DRT-0267] cpu time = 00:00:01, elapsed time = 00:00:00, memory = 142.71 (MB), peak = 142.20 (MB)
[INFO DRT-0187] Start routing data preparation.
[INFO DRT-0267] cpu time = 00:00:00, elapsed time = 00:00:00, memory = 142.77 (MB), peak = 142.20 (MB)
[INFO DRT-0194] Start detail routing.
[INFO DRT-0195] Start 0th optimization iteration.
    Completing 10% with 0 violations.
    elapsed time = 00:00:00, memory = 151.62 (MB).
    Completing 20% with 10 violations.
    elapsed time = 00:00:00, memory = 157.09 (MB).
    Completing 30% with 22 violations.
    elapsed time = 00:00:01, memory = 157.39 (MB).
    Completing 40% with 33 violations.
    elapsed time = 00:00:01, memory = 164.17 (MB).
[INFO DRT-0199]   Number of violations = 63.
Viol/Layer         li1   met1   met2   met3
Metal Spacing        7     15      3      1
Min Hole             0      3      0      0
Recheck              0     15      4      0
Short                0     14      1      0
[INFO DRT-0267] cpu time = 00:00:07, elapsed time = 00:00:02, memory = 525.05 (MB), peak = 524.37 (MB)
Total wire length = 4323 um.
Total wire length on LAYER li1 = 0 um.
Total wire length on LAYER met1 = 2390 um.
Total wire length on LAYER met2 = 1858 um.
Total wire length on LAYER met3 = 74 um.
Total wire length on LAYER met4 = 0 um.
Total wire length on LAYER met5 = 0 um.
Total number of vias = 1492.
Up-via summary (total 1492):

-----------------------
 FR_MASTERSLICE       0
            li1     736
           met1     747
           met2       9
           met3       0
           met4       0
-----------------------
                   1492


[INFO DRT-0195] Start 1st optimization iteration.
    Completing 10% with 63 violations.
    elapsed time = 00:00:00, memory = 525.05 (MB).
    Completing 20% with 62 violations.
    elapsed time = 00:00:00, memory = 525.05 (MB).
    Completing 30% with 59 violations.
    elapsed time = 00:00:01, memory = 525.05 (MB).
    Completing 40% with 46 violations.
    elapsed time = 00:00:02, memory = 541.19 (MB).
[INFO DRT-0199]   Number of violations = 21.
Viol/Layer        met1   met2
Metal Spacing        9      2
Min Hole             1      0
Short                9      0
[INFO DRT-0267] cpu time = 00:00:07, elapsed time = 00:00:02, memory = 545.17 (MB), peak = 544.49 (MB)
Total wire length = 4240 um.
Total wire length on LAYER li1 = 0 um.
Total wire length on LAYER met1 = 2294 um.
Total wire length on LAYER met2 = 1873 um.
Total wire length on LAYER met3 = 73 um.
Total wire length on LAYER met4 = 0 um.
Total wire length on LAYER met5 = 0 um.
Total number of vias = 1503.
Up-via summary (total 1503):

-----------------------
 FR_MASTERSLICE       0
            li1     736
           met1     757
           met2      10
           met3       0
           met4       0
-----------------------
                   1503


[INFO DRT-0195] Start 2nd optimization iteration.
    Completing 10% with 21 violations.
    elapsed time = 00:00:00, memory = 545.17 (MB).
    Completing 20% with 21 violations.
    elapsed time = 00:00:00, memory = 545.17 (MB).
    Completing 30% with 21 violations.
    elapsed time = 00:00:00, memory = 545.17 (MB).
    Completing 40% with 21 violations.
    elapsed time = 00:00:00, memory = 545.17 (MB).
    Completing 50% with 21 violations.
    elapsed time = 00:00:00, memory = 555.51 (MB).
    Completing 60% with 21 violations.
    elapsed time = 00:00:00, memory = 558.87 (MB).
    Completing 70% with 21 violations.
    elapsed time = 00:00:00, memory = 558.87 (MB).
    Completing 80% with 21 violations.
    elapsed time = 00:00:00, memory = 558.87 (MB).
    Completing 90% with 21 violations.
    elapsed time = 00:00:01, memory = 560.85 (MB).
    Completing 100% with 14 violations.
    elapsed time = 00:00:01, memory = 560.85 (MB).
[INFO DRT-0199]   Number of violations = 14.
Viol/Layer        met1   met2
Metal Spacing        5      1
Min Hole             1      0
Short                7      0
[INFO DRT-0267] cpu time = 00:00:05, elapsed time = 00:00:02, memory = 560.85 (MB), peak = 578.74 (MB)
Total wire length = 4234 um.
Total wire length on LAYER li1 = 0 um.
Total wire length on LAYER met1 = 2322 um.
Total wire length on LAYER met2 = 1836 um.
Total wire length on LAYER met3 = 75 um.
Total wire length on LAYER met4 = 0 um.
Total wire length on LAYER met5 = 0 um.
Total number of vias = 1477.
Up-via summary (total 1477):

-----------------------
 FR_MASTERSLICE       0
            li1     736
           met1     731
           met2      10
           met3       0
           met4       0
-----------------------
                   1477


[INFO DRT-0195] Start 3rd optimization iteration.
    Completing 10% with 14 violations.
    elapsed time = 00:00:00, memory = 560.85 (MB).
    Completing 20% with 9 violations.
    elapsed time = 00:00:00, memory = 560.85 (MB).
    Completing 30% with 9 violations.
    elapsed time = 00:00:00, memory = 572.60 (MB).
    Completing 40% with 2 violations.
    elapsed time = 00:00:00, memory = 572.60 (MB).
[INFO DRT-0199]   Number of violations = 0.
[INFO DRT-0267] cpu time = 00:00:03, elapsed time = 00:00:00, memory = 572.60 (MB), peak = 578.74 (MB)
Total wire length = 4237 um.
Total wire length on LAYER li1 = 0 um.
Total wire length on LAYER met1 = 2301 um.
Total wire length on LAYER met2 = 1844 um.
Total wire length on LAYER met3 = 90 um.
Total wire length on LAYER met4 = 0 um.
Total wire length on LAYER met5 = 0 um.
Total number of vias = 1489.
Up-via summary (total 1489):

-----------------------
 FR_MASTERSLICE       0
            li1     736
           met1     738
           met2      15
           met3       0
           met4       0
-----------------------
                   1489


[INFO DRT-0198] Complete detail routing.
Total wire length = 4237 um.
Total wire length on LAYER li1 = 0 um.
Total wire length on LAYER met1 = 2301 um.
Total wire length on LAYER met2 = 1844 um.
Total wire length on LAYER met3 = 90 um.
Total wire length on LAYER met4 = 0 um.
Total wire length on LAYER met5 = 0 um.
Total number of vias = 1489.
Up-via summary (total 1489):

-----------------------
 FR_MASTERSLICE       0
            li1     736
           met1     738
           met2      15
           met3       0
           met4       0
-----------------------
                   1489


[INFO DRT-0267] cpu time = 00:00:24, elapsed time = 00:00:07, memory = 572.60 (MB), peak = 578.74 (MB)

[INFO DRT-0180] Post processing.
Setting global connections for newly added cells…
[INFO] Setting global connections...
Updating metrics…
Cell type report:                       Count       Area
  Fill cell                                46     172.67
  Tap cell                                 62      77.57
  Clock buffer                              6     132.63
  Timing Repair Buffer                     70     619.34
  Inverter                                  7      26.28
  Clock inverter                            2      35.03
  Sequential cell                          44    1118.57
  Multi-Input combinational cell          107     922.13
  Total                                   344    3104.23
Writing OpenROAD database to '/home/matheus/openframe_user_project/openlane/rng/runs/26_02_18_09_30/43-openroad-detailedrouting/rng_top.odb'…
Writing netlist to '/home/matheus/openframe_user_project/openlane/rng/runs/26_02_18_09_30/43-openroad-detailedrouting/rng_top.nl.v'…
Writing powered netlist to '/home/matheus/openframe_user_project/openlane/rng/runs/26_02_18_09_30/43-openroad-detailedrouting/rng_top.pnl.v'…
Writing layout to '/home/matheus/openframe_user_project/openlane/rng/runs/26_02_18_09_30/43-openroad-detailedrouting/rng_top.def'…
Writing timing constraints to '/home/matheus/openframe_user_project/openlane/rng/runs/26_02_18_09_30/43-openroad-detailedrouting/rng_top.sdc'…
