Clock: clk_i
Sources: clk_i 
Generated: no
Virtual: yes
Propagated: no
Period: 3125.000000

===========================================================================
report_clock_properties
============================================================================
Clock                   Period          Waveform
----------------------------------------------------
clk_i               3125.000000    0.0000001562.500000

===========================================================================
report_clock_latency
============================================================================
Clock clk_i
rise -> rise
    min     max
0.000000 0.000000 source latency
0.342638         network latency _243_/CLK
        0.343968 network latency _233_/CLK
---------------
0.342638 0.343968 latency
        0.001330 skew

fall -> fall
    min     max
0.000000 0.000000 source latency
0.166438         network latency _243_/CLK
        0.167688 network latency _233_/CLK
---------------
0.166438 0.167688 latency
        0.001251 skew



===========================================================================
report_clock_min_period
============================================================================
clk_i period_min = 2.95 fmax = 338.96
