
===========================================================================
 report_power
============================================================================
======================= nom_tt_025C_1v80 Corner ===================================

Group                    Internal    Switching      Leakage        Total
                            Power        Power        Power        Power (Watts)
------------------------------------------------------------------------
Sequential           8.650297e-07 3.487781e-07 4.542326e-10 1.214262e-06  48.3%
Combinational        8.157669e-07 4.843358e-07 4.198392e-10 1.300523e-06  51.7%
Clock                0.000000e+00 0.000000e+00 1.490417e-10 1.490417e-10   0.0%
Macro                0.000000e+00 0.000000e+00 0.000000e+00 0.000000e+00   0.0%
Pad                  0.000000e+00 0.000000e+00 0.000000e+00 0.000000e+00   0.0%
------------------------------------------------------------------------
Total                1.680797e-06 8.331137e-07 1.023114e-09 2.514934e-06 100.0%
                            66.8%        33.1%         0.0%
Writing metric power__internal__total: 1.6807969132059952e-6
Writing metric power__switching__total: 8.331136882588908e-7
Writing metric power__leakage__total: 1.0231141489569495e-9
Writing metric power__total: 2.5149338398477994e-6

