                                                                       Cells by Function                                                                        
┏━━━━━━━━━━━━━━━━━━━━━━━━━━━━━━━━━━━━━━━━━━━━━━━━━━━━━━━━━━━━━━━━━━━━━━━━━━━━━━━━━━━━━━━━━━━━━━━━━━━━━━━━━━━━━━━━━━━━━━━━━━━━━━━━┳━━━━━━━━━━━━━━━━━━━━━━━━━━━━━┓
┃ Cell Function                                                                                                                  ┃ Count                       ┃
┡━━━━━━━━━━━━━━━━━━━━━━━━━━━━━━━━━━━━━━━━━━━━━━━━━━━━━━━━━━━━━━━━━━━━━━━━━━━━━━━━━━━━━━━━━━━━━━━━━━━━━━━━━━━━━━━━━━━━━━━━━━━━━━━━╇━━━━━━━━━━━━━━━━━━━━━━━━━━━━━┩
│ sky130_ef_sc_hd__decap_40                                                                                                      │ 47                          │
│ sky130_fd_sc_hd__a211o                                                                                                         │ 2                           │
│ sky130_fd_sc_hd__a221o                                                                                                         │ 3                           │
│ sky130_fd_sc_hd__a221oi                                                                                                        │ 1                           │
│ sky130_fd_sc_hd__a22o                                                                                                          │ 1                           │
│ sky130_fd_sc_hd__and2                                                                                                          │ 1                           │
│ sky130_fd_sc_hd__and2b                                                                                                         │ 2                           │
│ sky130_fd_sc_hd__and4b                                                                                                         │ 1                           │
│ sky130_fd_sc_hd__buf                                                                                                           │ 9                           │
│ sky130_fd_sc_hd__clkbuf                                                                                                        │ 13                          │
│ sky130_fd_sc_hd__clkinv                                                                                                        │ 1                           │
│ sky130_fd_sc_hd__clkinvlp                                                                                                      │ 1                           │
│ sky130_fd_sc_hd__decap                                                                                                         │ 46                          │
│ sky130_fd_sc_hd__dfrtp                                                                                                         │ 35                          │
│ sky130_fd_sc_hd__dlygate4sd3                                                                                                   │ 39                          │
│ sky130_fd_sc_hd__fill                                                                                                          │ 177                         │
│ sky130_fd_sc_hd__inv                                                                                                           │ 3                           │
│ sky130_fd_sc_hd__mux2                                                                                                          │ 27                          │
│ sky130_fd_sc_hd__nand2                                                                                                         │ 10                          │
│ sky130_fd_sc_hd__nor2                                                                                                          │ 1                           │
│ sky130_fd_sc_hd__o2111a                                                                                                        │ 1                           │
│ sky130_fd_sc_hd__o211a                                                                                                         │ 1                           │
│ sky130_fd_sc_hd__o21ai                                                                                                         │ 1                           │
│ sky130_fd_sc_hd__o221a                                                                                                         │ 1                           │
│ sky130_fd_sc_hd__o311a                                                                                                         │ 1                           │
│ sky130_fd_sc_hd__or2                                                                                                           │ 10                          │
│ sky130_fd_sc_hd__or3                                                                                                           │ 1                           │
│ sky130_fd_sc_hd__tapvpwrvgnd                                                                                                   │ 50                          │
│ sky130_fd_sc_hd__xor2                                                                                                          │ 13                          │
└────────────────────────────────────────────────────────────────────────────────────────────────────────────────────────────────┴─────────────────────────────┘
