
===========================================================================
 report_power
============================================================================
======================= nom_ff_n40C_1v95 Corner ===================================

Group                    Internal    Switching      Leakage        Total
                            Power        Power        Power        Power (Watts)
------------------------------------------------------------------------
Sequential           1.008161e-06 3.701700e-07 7.655488e-10 1.379097e-06  50.0%
Combinational        8.852952e-07 4.922023e-07 8.967513e-10 1.378394e-06  50.0%
Clock                0.000000e+00 0.000000e+00 0.000000e+00 0.000000e+00   0.0%
Macro                0.000000e+00 0.000000e+00 0.000000e+00 0.000000e+00   0.0%
Pad                  0.000000e+00 0.000000e+00 0.000000e+00 0.000000e+00   0.0%
------------------------------------------------------------------------
Total                1.893456e-06 8.623725e-07 1.662300e-09 2.757491e-06 100.0%
                            68.7%        31.3%         0.1%

