Reading OpenROAD database at '/home/matheus/openframe_user_project/openlane/rng/runs/26_02_18_09_30/38-openroad-globalrouting/rng_top.odb'…
Reading library file at '/home/matheus/openframe_user_project/dependencies/pdks/sky130A/libs.ref/sky130_fd_sc_hd/lib/sky130_fd_sc_hd__tt_025C_1v80.lib'…
Reading design constraints file at '/nix/store/iah2c26wzpgdvqc1jv2xxg55xq5km74d-python3-3.11.9-env/lib/python3.11/site-packages/librelane/scripts/base.sdc'…
[INFO] Using clock clk_i…
[INFO] Setting output delay to: 625
[INFO] Setting input delay to: 625
[INFO] Setting load to: 0.033442
[INFO] Setting clock uncertainty to: 0.25
[INFO] Setting clock transition to: 0.1499999999999999944488848768742172978818416595458984375
[INFO] Setting timing derate to: 5%
[INFO] Setting signal min routing layer to: met1 and clock min routing layer to met1. 
[INFO] Setting signal max routing layer to: met5 and clock max routing layer to met5. 
-congestion_iterations 50 -verbose
[INFO GRT-0020] Min routing layer: met1
[INFO GRT-0021] Max routing layer: met5
[INFO GRT-0022] Global adjustment: 30%
[INFO GRT-0023] Grid origin: (0, 0)
[INFO GRT-0043] No OR_DEFAULT vias defined.
[INFO GRT-0088] Layer li1     Track-Pitch = 0.4600  line-2-Via Pitch: 0.3400
[INFO GRT-0088] Layer met1    Track-Pitch = 0.3400  line-2-Via Pitch: 0.3400
[INFO GRT-0088] Layer met2    Track-Pitch = 0.4600  line-2-Via Pitch: 0.3500
[INFO GRT-0088] Layer met3    Track-Pitch = 0.6800  line-2-Via Pitch: 0.6150
[INFO GRT-0088] Layer met4    Track-Pitch = 0.9200  line-2-Via Pitch: 1.0400
[INFO GRT-0088] Layer met5    Track-Pitch = 3.4000  line-2-Via Pitch: 3.1100
[INFO GRT-0019] Found 6 clock nets.
[INFO GRT-0001] Minimum degree: 2
[INFO GRT-0002] Maximum degree: 14
[INFO GRT-0003] Macros: 0
[INFO GRT-0043] No OR_DEFAULT vias defined.
[INFO GRT-0004] Blockages: 616

[INFO GRT-0053] Routing resources analysis:
          Routing      Original      Derated      Resource
Layer     Direction    Resources     Resources    Reduction (%)
---------------------------------------------------------------
li1        Vertical            0             0          0.00%
met1       Horizontal       2952          1404          52.44%
met2       Vertical         2208          1353          38.72%
met3       Horizontal       1476           946          35.91%
met4       Vertical          900           523          41.89%
met5       Horizontal        288           132          54.17%
---------------------------------------------------------------

[INFO GRT-0197] Via related to pin nodes: 1196
[INFO GRT-0198] Via related Steiner nodes: 7
[INFO GRT-0199] Via filling finished.
[INFO GRT-0111] Final number of vias: 1449
[INFO GRT-0112] Final usage 3D: 4946

[INFO GRT-0096] Final congestion report:
Layer         Resource        Demand        Usage (%)    Max H / Max V / Total Overflow
---------------------------------------------------------------------------------------
li1                  0             0            0.00%             0 /  0 /  0
met1              1404           320           22.79%             0 /  0 /  0
met2              1353           268           19.81%             0 /  0 /  0
met3               946            11            1.16%             0 /  0 /  0
met4               523             0            0.00%             0 /  0 /  0
met5               132             0            0.00%             0 /  0 /  0
---------------------------------------------------------------------------------------
Total             4358           599           13.74%             0 /  0 /  0

[INFO GRT-0018] Total wirelength: 7486 um
[INFO GRT-0014] Routed nets: 237
[INFO GRT-0006] Repairing antennas, iteration 1.
[INFO GRT-0043] No OR_DEFAULT vias defined.
[INFO GRT-0012] Found 0 antenna violations.
Placement Analysis
---------------------------------
total displacement          0.0 u
average displacement        0.0 u
max displacement            0.0 u
original HPWL            3558.9 u
legalized HPWL           3768.4 u
delta HPWL                    6 %

[INFO DPL-0020] Mirrored 101 instances
[INFO DPL-0021] HPWL before            3768.4 u
[INFO DPL-0022] HPWL after             3558.9 u
[INFO DPL-0023] HPWL delta               -5.6 %
-congestion_iterations 50 -verbose
[INFO GRT-0020] Min routing layer: met1
[INFO GRT-0021] Max routing layer: met5
[INFO GRT-0022] Global adjustment: 30%
[INFO GRT-0023] Grid origin: (0, 0)
[INFO GRT-0043] No OR_DEFAULT vias defined.
[INFO GRT-0088] Layer li1     Track-Pitch = 0.4600  line-2-Via Pitch: 0.3400
[INFO GRT-0088] Layer met1    Track-Pitch = 0.3400  line-2-Via Pitch: 0.3400
[INFO GRT-0088] Layer met2    Track-Pitch = 0.4600  line-2-Via Pitch: 0.3500
[INFO GRT-0088] Layer met3    Track-Pitch = 0.6800  line-2-Via Pitch: 0.6150
[INFO GRT-0088] Layer met4    Track-Pitch = 0.9200  line-2-Via Pitch: 1.0400
[INFO GRT-0088] Layer met5    Track-Pitch = 3.4000  line-2-Via Pitch: 3.1100
[INFO GRT-0019] Found 6 clock nets.
[INFO GRT-0001] Minimum degree: 2
[INFO GRT-0002] Maximum degree: 14
[INFO GRT-0003] Macros: 0
[INFO GRT-0043] No OR_DEFAULT vias defined.
[INFO GRT-0004] Blockages: 616

[INFO GRT-0053] Routing resources analysis:
          Routing      Original      Derated      Resource
Layer     Direction    Resources     Resources    Reduction (%)
---------------------------------------------------------------
li1        Vertical            0             0          0.00%
met1       Horizontal       2952          1404          52.44%
met2       Vertical         2208          1353          38.72%
met3       Horizontal       1476           946          35.91%
met4       Vertical          900           523          41.89%
met5       Horizontal        288           132          54.17%
---------------------------------------------------------------

[INFO GRT-0197] Via related to pin nodes: 1196
[INFO GRT-0198] Via related Steiner nodes: 7
[INFO GRT-0199] Via filling finished.
[INFO GRT-0111] Final number of vias: 1449
[INFO GRT-0112] Final usage 3D: 4946

[INFO GRT-0096] Final congestion report:
Layer         Resource        Demand        Usage (%)    Max H / Max V / Total Overflow
---------------------------------------------------------------------------------------
li1                  0             0            0.00%             0 /  0 /  0
met1              1404           320           22.79%             0 /  0 /  0
met2              1353           268           19.81%             0 /  0 /  0
met3               946            11            1.16%             0 /  0 /  0
met4               523             0            0.00%             0 /  0 /  0
met5               132             0            0.00%             0 /  0 /  0
---------------------------------------------------------------------------------------
Total             4358           599           13.74%             0 /  0 /  0

[INFO GRT-0018] Total wirelength: 7486 um
[INFO GRT-0014] Routed nets: 237
[INFO] Setting RC values…
Setting global connections for newly added cells…
[INFO] Setting global connections...
Updating metrics…
Cell type report:                       Count       Area
  Fill cell                                46     172.67
  Tap cell                                 62      77.57
  Clock buffer                              6     132.63
  Timing Repair Buffer                     70     619.34
  Inverter                                  7      26.28
  Clock inverter                            2      35.03
  Sequential cell                          44    1118.57
  Multi-Input combinational cell          107     922.13
  Total                                   344    3104.23
Writing OpenROAD database to '/home/matheus/openframe_user_project/openlane/rng/runs/26_02_18_09_30/41-openroad-repairantennas/1-diodeinsertion/rng_top.odb'…
Writing layout to '/home/matheus/openframe_user_project/openlane/rng/runs/26_02_18_09_30/41-openroad-repairantennas/1-diodeinsertion/rng_top.def'…
