
===========================================================================
 report_power
============================================================================
======================= nom_tt_025C_1v80 Corner ===================================

Group                    Internal    Switching      Leakage        Total
                            Power        Power        Power        Power (Watts)
------------------------------------------------------------------------
Sequential           6.930035e-07 2.611271e-07 3.758165e-10 9.545065e-07  63.7%
Combinational        3.891501e-07 1.547544e-07 2.949981e-10 5.441996e-07  36.3%
Clock                0.000000e+00 0.000000e+00 0.000000e+00 0.000000e+00   0.0%
Macro                0.000000e+00 0.000000e+00 0.000000e+00 0.000000e+00   0.0%
Pad                  0.000000e+00 0.000000e+00 0.000000e+00 0.000000e+00   0.0%
------------------------------------------------------------------------
Total                1.082154e-06 4.158815e-07 6.708145e-10 1.498706e-06 100.0%
                            72.2%        27.7%         0.0%

