
===========================================================================
 report_power
============================================================================
======================= max_ss_100C_1v60 Corner ===================================

Group                    Internal    Switching      Leakage        Total
                            Power        Power        Power        Power (Watts)
------------------------------------------------------------------------
Sequential           5.128985e-07 1.172081e-07 6.588885e-07 1.288995e-06  38.6%
Combinational        5.529034e-07 3.367885e-07 6.685540e-07 1.558246e-06  46.7%
Clock                2.526434e-07 1.289089e-07 1.107159e-07 4.922682e-07  14.7%
Macro                0.000000e+00 0.000000e+00 0.000000e+00 0.000000e+00   0.0%
Pad                  0.000000e+00 0.000000e+00 0.000000e+00 0.000000e+00   0.0%
------------------------------------------------------------------------
Total                1.318445e-06 5.829057e-07 1.438159e-06 3.339509e-06 100.0%
                            39.5%        17.5%        43.1%

