
===========================================================================
report_checks -unconstrained
===========================================================================
======================= nom_tt_025C_1v80 Corner ===================================

Startpoint: rst_i (input port clocked by clk_i)
Endpoint: _231_ (recovery check against rising-edge clock clk_i)
Path Group: asynchronous
Path Type: max

Fanout         Cap        Slew       Delay        Time   Description
---------------------------------------------------------------------------------------------
                                  0.000000    0.000000   clock clk_i (rise edge)
                                  0.000000    0.000000   clock network delay (propagated)
                                625.000000  625.000000 ^ input external delay
     1    0.002829    0.019856    0.010402  625.010376 ^ rst_i (in)
                                                         rst_i (net)
                      0.019856    0.000000  625.010376 ^ input2/A (sky130_fd_sc_hd__clkbuf_1)
     1    0.003322    0.051548    0.076170  625.086548 ^ input2/X (sky130_fd_sc_hd__clkbuf_1)
                                                         net2 (net)
                      0.051548    0.000000  625.086548 ^ fanout19/A (sky130_fd_sc_hd__clkbuf_2)
     6    0.024022    0.135550    0.172122  625.258667 ^ fanout19/X (sky130_fd_sc_hd__clkbuf_2)
                                                         net19 (net)
                      0.135550    0.000227  625.258911 ^ fanout17/A (sky130_fd_sc_hd__clkbuf_4)
    10    0.043699    0.138868    0.237947  625.496887 ^ fanout17/X (sky130_fd_sc_hd__clkbuf_4)
                                                         net17 (net)
                      0.138868    0.000398  625.497253 ^ _231_/RESET_B (sky130_fd_sc_hd__dfrtp_4)
                                            625.497253   data arrival time

                               3125.000000 3125.000000   clock clk_i (rise edge)
                                  0.000000 3125.000000   clock source latency
     1    0.012737    0.063385    0.042974 3125.042969 ^ clk_i (in)
                                                         clk_i (net)
                      0.063387    0.000000 3125.042969 ^ clkbuf_0_clk_i/A (sky130_fd_sc_hd__clkbuf_16)
     4    0.037459    0.057570    0.146883 3125.189941 ^ clkbuf_0_clk_i/X (sky130_fd_sc_hd__clkbuf_16)
                                                         clknet_0_clk_i (net)
                      0.057570    0.000000 3125.189941 ^ clkbuf_2_2__f_clk_i/A (sky130_fd_sc_hd__clkbuf_16)
    10    0.030128    0.051207    0.139380 3125.329346 ^ clkbuf_2_2__f_clk_i/X (sky130_fd_sc_hd__clkbuf_16)
                                                         clknet_2_2__leaf_clk_i (net)
                      0.051207    0.000000 3125.329346 ^ _231_/CLK (sky130_fd_sc_hd__dfrtp_4)
                                 -0.250000 3125.079102   clock uncertainty
                                  0.000000 3125.079102   clock reconvergence pessimism
                                  0.188753 3125.267822   library recovery time
                                           3125.267822   data required time
---------------------------------------------------------------------------------------------
                                           3125.267822   data required time
                                           -625.497253   data arrival time
---------------------------------------------------------------------------------------------
                                           2499.770508   slack (MET)


Startpoint: _255_ (rising edge-triggered flip-flop clocked by clk_i)
Endpoint: num_to_send_o[0] (output port clocked by clk_i)
Path Group: clk_i
Path Type: max

Fanout         Cap        Slew       Delay        Time   Description
---------------------------------------------------------------------------------------------
                                  0.000000    0.000000   clock clk_i (rise edge)
                                  0.000000    0.000000   clock source latency
     1    0.012737    0.063385    0.042924    0.042924 ^ clk_i (in)
                                                         clk_i (net)
                      0.063387    0.000000    0.042924 ^ clkbuf_0_clk_i/A (sky130_fd_sc_hd__clkbuf_16)
     4    0.037459    0.057570    0.146865    0.189789 ^ clkbuf_0_clk_i/X (sky130_fd_sc_hd__clkbuf_16)
                                                         clknet_0_clk_i (net)
                      0.057570    0.000111    0.189900 ^ clkbuf_2_0__f_clk_i/A (sky130_fd_sc_hd__clkbuf_16)
    13    0.031678    0.052537    0.140408    0.330308 ^ clkbuf_2_0__f_clk_i/X (sky130_fd_sc_hd__clkbuf_16)
                                                         clknet_2_0__leaf_clk_i (net)
                      0.052538    0.000097    0.330405 ^ _255_/CLK (sky130_fd_sc_hd__dfrtp_1)
     5    0.013220    0.126628    0.385542    0.715946 ^ _255_/Q (sky130_fd_sc_hd__dfrtp_1)
                                                         net4 (net)
                      0.126628    0.000018    0.715965 ^ output4/A (sky130_fd_sc_hd__buf_2)
     1    0.034296    0.170636    0.228180    0.944145 ^ output4/X (sky130_fd_sc_hd__buf_2)
                                                         num_to_send_o[0] (net)
                      0.170636    0.000191    0.944335 ^ num_to_send_o[0] (out)
                                              0.944335   data arrival time

                               3125.000000 3125.000000   clock clk_i (rise edge)
                                  0.000000 3125.000000   clock network delay (propagated)
                                 -0.250000 3124.750000   clock uncertainty
                                  0.000000 3124.750000   clock reconvergence pessimism
                               -625.000000 2499.750000   output external delay
                                           2499.750000   data required time
---------------------------------------------------------------------------------------------
                                           2499.750000   data required time
                                             -0.944335   data arrival time
---------------------------------------------------------------------------------------------
                                           2498.805664   slack (MET)




===========================================================================
report_checks --slack_max -0.01
============================================================================
======================= nom_tt_025C_1v80 Corner ===================================

No paths found.


===========================================================================
 report_check_types -max_slew -max_cap -max_fanout -violators
============================================================================
======================= nom_tt_025C_1v80 Corner ===================================

max fanout

Pin                                   Limit Fanout  Slack
---------------------------------------------------------
clkbuf_2_0__f_clk_i/X                    10     13     -3 (VIOLATED)
clkbuf_2_1__f_clk_i/X                    10     13     -3 (VIOLATED)
clkbuf_2_3__f_clk_i/X                    10     11        (VIOLATED)



===========================================================================
report_parasitic_annotation -report_unannotated
============================================================================
Found 3 unannotated drivers.
 clkload0/X
 clkload1/Y
 clkload2/Y
Found 0 partially unannotated drivers.

===========================================================================
max slew violation count 0
Writing metric design__max_slew_violation__count__corner:nom_tt_025C_1v80: 0
max fanout violation count 3
Writing metric design__max_fanout_violation__count__corner:nom_tt_025C_1v80: 3
max cap violation count 0
Writing metric design__max_cap_violation__count__corner:nom_tt_025C_1v80: 0
============================================================================

===========================================================================
check_setup -verbose -unconstrained_endpoints -multiple_clock -no_clock -no_input_delay -loops -generated_clocks
===========================================================================
Warning: There is 1 combinational loop in the design.
  _156_/Y
  _119_/B
  _119_/X
  _120_/A
  _120_/Y
  _156_/B1
  | loop cut point
  _156_/Y
  --------------------------------
