Clock: clk_i
Sources: clk_i 
Generated: no
Virtual: yes
Propagated: no
Period: 3125.000000

===========================================================================
report_clock_properties
============================================================================
Clock                   Period          Waveform
----------------------------------------------------
clk_i               3125.000000    0.0000001562.500000

===========================================================================
report_clock_latency
============================================================================
Clock clk_i
rise -> rise
    min     max
0.000000 0.000000 source latency
0.329187         network latency _265_/CLK
        0.331116 network latency _247_/CLK
---------------
0.329187 0.331116 latency
        0.001929 skew

fall -> fall
    min     max
0.000000 0.000000 source latency
0.320597         network latency _227_/CLK
        0.322075 network latency _240_/CLK
---------------
0.320597 0.322075 latency
        0.001478 skew



===========================================================================
report_clock_min_period
============================================================================
clk_i period_min = 2.76 fmax = 362.37
