Clock: clk_i
Sources: clk_i 
Generated: no
Virtual: yes
Propagated: no
Period: 3125.000000

===========================================================================
report_clock_properties
============================================================================
Clock                   Period          Waveform
----------------------------------------------------
clk_i               3125.000000    0.0000001562.500000

===========================================================================
report_clock_latency
============================================================================
Clock clk_i
rise -> rise
    min     max
0.000000 0.000000 source latency
0.319281         network latency _160_/CLK
        0.320454 network latency _192_/CLK
---------------
0.319281 0.320454 latency
        0.001173 skew

fall -> fall
    min     max
0.000000 0.000000 source latency
0.313207         network latency _166_/CLK
        0.314230 network latency _161_/CLK
---------------
0.313207 0.314230 latency
        0.001023 skew



===========================================================================
report_clock_min_period
============================================================================
clk_i period_min = 3.19 fmax = 313.14
