
===========================================================================
 report_power
============================================================================
======================= nom_tt_025C_1v80 Corner ===================================

Group                    Internal    Switching      Leakage        Total
                            Power        Power        Power        Power (Watts)
------------------------------------------------------------------------
Sequential           6.597430e-07 1.242348e-07 4.117267e-10 7.843895e-07  34.4%
Combinational        6.860134e-07 3.624816e-07 5.090587e-10 1.049004e-06  46.0%
Clock                3.080117e-07 1.380076e-07 2.217573e-10 4.462411e-07  19.6%
Macro                0.000000e+00 0.000000e+00 0.000000e+00 0.000000e+00   0.0%
Pad                  0.000000e+00 0.000000e+00 0.000000e+00 0.000000e+00   0.0%
------------------------------------------------------------------------
Total                1.653768e-06 6.247240e-07 1.142542e-09 2.279634e-06 100.0%
                            72.5%        27.4%         0.1%
Writing metric power__internal__total: 1.6537677538508433e-6
Writing metric power__switching__total: 6.247239525691839e-7
Writing metric power__leakage__total: 1.1425419499389022e-9
Writing metric power__total: 2.2796341454522917e-6

