143. Printing statistics.

=== rng_top ===

   Number of wires:                229
   Number of wire bits:            231
   Number of public wires:          63
   Number of public wire bits:      65
   Number of ports:                  5
   Number of port bits:              7
   Number of memories:               0
   Number of memory bits:            0
   Number of processes:              0
   Number of cells:                227
     sky130_fd_sc_hd__a211o_2        3
     sky130_fd_sc_hd__a21o_2         1
     sky130_fd_sc_hd__a21oi_2        2
     sky130_fd_sc_hd__a221o_2        1
     sky130_fd_sc_hd__a22o_2         7
     sky130_fd_sc_hd__a22oi_2        1
     sky130_fd_sc_hd__a32o_2         1
     sky130_fd_sc_hd__and2_2         7
     sky130_fd_sc_hd__and2b_2        2
     sky130_fd_sc_hd__and3_2         4
     sky130_fd_sc_hd__and3b_2        2
     sky130_fd_sc_hd__and4_2         2
     sky130_fd_sc_hd__dfrtp_2       60
     sky130_fd_sc_hd__inv_2         17
     sky130_fd_sc_hd__mux2_1        47
     sky130_fd_sc_hd__nand2_2        8
     sky130_fd_sc_hd__nor2_2        14
     sky130_fd_sc_hd__nor4_2         2
     sky130_fd_sc_hd__o211a_2        5
     sky130_fd_sc_hd__o21a_2         1
     sky130_fd_sc_hd__o21ai_2        1
     sky130_fd_sc_hd__o221a_2       11
     sky130_fd_sc_hd__o22a_2         2
     sky130_fd_sc_hd__o22ai_2        1
     sky130_fd_sc_hd__o2bb2a_2       5
     sky130_fd_sc_hd__o311a_2        1
     sky130_fd_sc_hd__o31a_2         1
     sky130_fd_sc_hd__o32a_2         1
     sky130_fd_sc_hd__or2_2          6
     sky130_fd_sc_hd__or3_2          1
     sky130_fd_sc_hd__or3b_2         3
     sky130_fd_sc_hd__or4_2          1
     sky130_fd_sc_hd__xnor2_2        3
     sky130_fd_sc_hd__xor2_2         3

   Chip area for module '\rng_top': 3124.246400
     of which used for sequential elements: 1576.512000 (50.46%)

