
===========================================================================
report_checks -unconstrained
===========================================================================
======================= min_tt_025C_1v80 Corner ===================================

Startpoint: rst_i (input port clocked by clk_i)
Endpoint: _159_ (recovery check against rising-edge clock clk_i)
Path Group: asynchronous
Path Type: max

Fanout         Cap        Slew       Delay        Time   Description
---------------------------------------------------------------------------------------------
                                  0.000000    0.000000   clock clk_i (rise edge)
                                  0.000000    0.000000   clock network delay (propagated)
                                625.000000  625.000000 ^ input external delay
     1    0.002604    0.018895    0.009607  625.009583 ^ rst_i (in)
                                                         rst_i (net)
                      0.018895    0.000000  625.009583 ^ input2/A (sky130_fd_sc_hd__buf_1)
     3    0.013206    0.161041    0.153818  625.163452 ^ input2/X (sky130_fd_sc_hd__buf_1)
                                                         net2 (net)
                      0.161041    0.000114  625.163513 ^ fanout15/A (sky130_fd_sc_hd__buf_2)
     9    0.041580    0.204532    0.261082  625.424622 ^ fanout15/X (sky130_fd_sc_hd__buf_2)
                                                         net15 (net)
                      0.204534    0.000966  625.425598 ^ fanout14/A (sky130_fd_sc_hd__clkbuf_4)
    10    0.043038    0.137547    0.259377  625.684937 ^ fanout14/X (sky130_fd_sc_hd__clkbuf_4)
                                                         net14 (net)
                      0.137554    0.001080  625.686035 ^ _159_/RESET_B (sky130_fd_sc_hd__dfrtp_1)
                                            625.686035   data arrival time

                               3125.000000 3125.000000   clock clk_i (rise edge)
                                  0.000000 3125.000000   clock source latency
     1    0.014604    0.071650    0.048885 3125.048828 ^ clk_i (in)
                                                         clk_i (net)
                      0.071651    0.000000 3125.048828 ^ clkbuf_0_clk_i/A (sky130_fd_sc_hd__clkbuf_16)
     4    0.038141    0.058147    0.150067 3125.198975 ^ clkbuf_0_clk_i/X (sky130_fd_sc_hd__clkbuf_16)
                                                         clknet_0_clk_i (net)
                      0.058151    0.000455 3125.199463 ^ clkbuf_2_0__f_clk_i/A (sky130_fd_sc_hd__clkbuf_16)
    10    0.026766    0.047891    0.136652 3125.336182 ^ clkbuf_2_0__f_clk_i/X (sky130_fd_sc_hd__clkbuf_16)
                                                         clknet_2_0__leaf_clk_i (net)
                      0.047898    0.000682 3125.336670 ^ _159_/CLK (sky130_fd_sc_hd__dfrtp_1)
                                 -0.250000 3125.086670   clock uncertainty
                                  0.000000 3125.086670   clock reconvergence pessimism
                                  0.207270 3125.293945   library recovery time
                                           3125.293945   data required time
---------------------------------------------------------------------------------------------
                                           3125.293945   data required time
                                           -625.686035   data arrival time
---------------------------------------------------------------------------------------------
                                           2499.607910   slack (MET)


Startpoint: req_num_i (input port clocked by clk_i)
Endpoint: _187_ (rising edge-triggered flip-flop clocked by clk_i)
Path Group: clk_i
Path Type: max

Fanout         Cap        Slew       Delay        Time   Description
---------------------------------------------------------------------------------------------
                                  0.000000    0.000000   clock clk_i (rise edge)
                                  0.000000    0.000000   clock network delay (propagated)
                                625.000000  625.000000 v input external delay
     1    0.002895    0.008851    0.004604  625.004578 v req_num_i (in)
                                                         req_num_i (net)
                      0.008851    0.000000  625.004578 v input1/A (sky130_fd_sc_hd__clkbuf_1)
     1    0.001644    0.020692    0.065938  625.070557 v input1/X (sky130_fd_sc_hd__clkbuf_1)
                                                         net1 (net)
                      0.020692    0.000000  625.070557 v _081_/A (sky130_fd_sc_hd__or3_1)
     4    0.012436    0.114172    0.422972  625.493530 v _081_/X (sky130_fd_sc_hd__or3_1)
                                                         req_num (net)
                      0.114172    0.000114  625.493652 v _152_/A2 (sky130_fd_sc_hd__a21oi_1)
     1    0.002914    0.106276    0.164334  625.657959 ^ _152_/Y (sky130_fd_sc_hd__a21oi_1)
                                                         _049_ (net)
                      0.106276    0.000057  625.658020 ^ hold16/A (sky130_fd_sc_hd__dlygate4sd3_1)
     1    0.003867    0.062545    0.562011  626.220032 ^ hold16/X (sky130_fd_sc_hd__dlygate4sd3_1)
                                                         net33 (net)
                      0.062545    0.000057  626.220093 ^ _154_/A (sky130_fd_sc_hd__nor2_1)
     1    0.002368    0.030564    0.044110  626.264221 v _154_/Y (sky130_fd_sc_hd__nor2_1)
                                                         _027_ (net)
                      0.030564    0.000000  626.264221 v _187_/D (sky130_fd_sc_hd__dfrtp_1)
                                            626.264221   data arrival time

                               3125.000000 3125.000000   clock clk_i (rise edge)
                                  0.000000 3125.000000   clock source latency
     1    0.014604    0.071650    0.048885 3125.048828 ^ clk_i (in)
                                                         clk_i (net)
                      0.071651    0.000000 3125.048828 ^ clkbuf_0_clk_i/A (sky130_fd_sc_hd__clkbuf_16)
     4    0.038141    0.058147    0.150067 3125.198975 ^ clkbuf_0_clk_i/X (sky130_fd_sc_hd__clkbuf_16)
                                                         clknet_0_clk_i (net)
                      0.058151    0.000455 3125.199463 ^ clkbuf_2_0__f_clk_i/A (sky130_fd_sc_hd__clkbuf_16)
    10    0.026766    0.047891    0.136652 3125.336182 ^ clkbuf_2_0__f_clk_i/X (sky130_fd_sc_hd__clkbuf_16)
                                                         clknet_2_0__leaf_clk_i (net)
                      0.047891    0.000227 3125.336182 ^ _187_/CLK (sky130_fd_sc_hd__dfrtp_1)
                                 -0.250000 3125.086182   clock uncertainty
                                  0.000000 3125.086182   clock reconvergence pessimism
                                 -0.107315 3124.978760   library setup time
                                           3124.978760   data required time
---------------------------------------------------------------------------------------------
                                           3124.978760   data required time
                                           -626.264221   data arrival time
---------------------------------------------------------------------------------------------
                                           2498.714600   slack (MET)




===========================================================================
report_checks --slack_max -0.01
============================================================================
======================= min_tt_025C_1v80 Corner ===================================

No paths found.


===========================================================================
 report_check_types -max_slew -max_cap -max_fanout -violators
============================================================================
======================= min_tt_025C_1v80 Corner ===================================



===========================================================================
report_parasitic_annotation -report_unannotated
============================================================================
Found 2 unannotated drivers.
 clkload0/X
 clkload1/Y
Found 0 partially unannotated drivers.

===========================================================================
max slew violation count 0
max fanout violation count 0
max cap violation count 0
============================================================================

===========================================================================
check_setup -verbose -unconstrained_endpoints -multiple_clock -no_clock -no_input_delay -loops -generated_clocks
===========================================================================
Warning: There is 1 combinational loop in the design.
  _081_/X
  _081_/C
  | loop cut point
  _081_/X
  --------------------------------
