Clock: clk_i
Sources: clk_i 
Generated: no
Virtual: yes
Propagated: no
Period: 3125.000000

===========================================================================
report_clock_properties
============================================================================
Clock                   Period          Waveform
----------------------------------------------------
clk_i               3125.000000    0.0000001562.500000

===========================================================================
report_clock_latency
============================================================================
Clock clk_i
rise -> rise
    min     max
0.000000 0.000000 source latency
0.336289         network latency _160_/CLK
        0.338727 network latency _175_/CLK
---------------
0.336289 0.338727 latency
        0.002438 skew

fall -> fall
    min     max
0.000000 0.000000 source latency
0.324008         network latency _160_/CLK
        0.326395 network latency _172_/CLK
---------------
0.324008 0.326395 latency
        0.002387 skew



===========================================================================
report_clock_min_period
============================================================================
clk_i period_min = 3.31 fmax = 302.06
