
===========================================================================
 report_power
============================================================================
======================= min_tt_025C_1v80 Corner ===================================

Group                    Internal    Switching      Leakage        Total
                            Power        Power        Power        Power (Watts)
------------------------------------------------------------------------
Sequential           6.596329e-07 1.417658e-07 4.117267e-10 8.018104e-07  33.9%
Combinational        6.879317e-07 4.095212e-07 5.090588e-10 1.097962e-06  46.4%
Clock                3.093952e-07 1.570416e-07 2.217573e-10 4.666585e-07  19.7%
Macro                0.000000e+00 0.000000e+00 0.000000e+00 0.000000e+00   0.0%
Pad                  0.000000e+00 0.000000e+00 0.000000e+00 0.000000e+00   0.0%
------------------------------------------------------------------------
Total                1.656959e-06 7.083287e-07 1.142543e-09 2.366430e-06 100.0%
                            70.0%        29.9%         0.0%

