
===========================================================================
report_checks -unconstrained
===========================================================================
======================= nom_ss_100C_1v60 Corner ===================================

Startpoint: rst_i (input port clocked by clk_i)
Endpoint: _333_ (recovery check against rising-edge clock clk_i)
Path Group: asynchronous
Path Type: max

Fanout         Cap        Slew       Delay        Time   Description
---------------------------------------------------------------------------------------------
                      0.150000    0.000000    0.000000   clock clk_i (rise edge)
                                  0.000000    0.000000   clock network delay (ideal)
                                625.000000  625.000000 ^ input external delay
    60    0.195780    1.406050    0.982880  625.982910 ^ rst_i (in)
                                                         rst_i (net)
                      1.406050    0.000000  625.982910 ^ _333_/RESET_B (sky130_fd_sc_hd__dfrtp_2)
                                            625.982910   data arrival time

                      0.150000 3125.000000 3125.000000   clock clk_i (rise edge)
                                  0.000000 3125.000000   clock network delay (ideal)
                                 -0.250000 3124.750000   clock uncertainty
                                  0.000000 3124.750000   clock reconvergence pessimism
                                           3124.750000 ^ _333_/CLK (sky130_fd_sc_hd__dfrtp_2)
                                 -0.096520 3124.653320   library recovery time
                                           3124.653320   data required time
---------------------------------------------------------------------------------------------
                                           3124.653320   data required time
                                           -625.982910   data arrival time
---------------------------------------------------------------------------------------------
                                           2498.670410   slack (MET)


Startpoint: req_num_i (input port clocked by clk_i)
Endpoint: _388_ (rising edge-triggered flip-flop clocked by clk_i)
Path Group: clk_i
Path Type: max

Fanout         Cap        Slew       Delay        Time   Description
---------------------------------------------------------------------------------------------
                      0.150000    0.000000    0.000000   clock clk_i (rise edge)
                                  0.000000    0.000000   clock network delay (ideal)
                                625.000000  625.000000 v input external delay
     1    0.001369    0.013241    0.004661  625.004639 v req_num_i (in)
                                                         req_num_i (net)
                      0.013241    0.000000  625.004639 v _246_/A (sky130_fd_sc_hd__or2_2)
    10    0.030241    0.241690    0.813714  625.818359 v _246_/X (sky130_fd_sc_hd__or2_2)
                                                         _136_ (net)
                      0.241690    0.000000  625.818359 v _326_/C (sky130_fd_sc_hd__and3_2)
     2    0.012465    0.117702    0.575824  626.394226 v _326_/X (sky130_fd_sc_hd__and3_2)
                                                         _164_ (net)
                      0.117702    0.000000  626.394226 v _329_/B (sky130_fd_sc_hd__xnor2_2)
     1    0.001838    0.075371    0.234763  626.628967 v _329_/Y (sky130_fd_sc_hd__xnor2_2)
                                                         _053_ (net)
                      0.075371    0.000000  626.628967 v _388_/D (sky130_fd_sc_hd__dfrtp_2)
                                            626.628967   data arrival time

                      0.150000 3125.000000 3125.000000   clock clk_i (rise edge)
                                  0.000000 3125.000000   clock network delay (ideal)
                                 -0.250000 3124.750000   clock uncertainty
                                  0.000000 3124.750000   clock reconvergence pessimism
                                           3124.750000 ^ _388_/CLK (sky130_fd_sc_hd__dfrtp_2)
                                 -0.257530 3124.492188   library setup time
                                           3124.492188   data required time
---------------------------------------------------------------------------------------------
                                           3124.492188   data required time
                                           -626.628967   data arrival time
---------------------------------------------------------------------------------------------
                                           2497.863281   slack (MET)




===========================================================================
report_checks --slack_max -0.01
============================================================================
======================= nom_ss_100C_1v60 Corner ===================================

No paths found.


===========================================================================
 report_check_types -max_slew -max_cap -max_fanout -violators
============================================================================
======================= nom_ss_100C_1v60 Corner ===================================

max slew

Pin                                        Limit        Slew       Slack
------------------------------------------------------------------------
rst_i                                   0.750000    1.406050   -0.656050 (VIOLATED)
_333_/RESET_B                           0.750000    1.406050   -0.656050 (VIOLATED)
_334_/RESET_B                           0.750000    1.406050   -0.656050 (VIOLATED)
_335_/RESET_B                           0.750000    1.406050   -0.656050 (VIOLATED)
_336_/RESET_B                           0.750000    1.406050   -0.656050 (VIOLATED)
_337_/RESET_B                           0.750000    1.406050   -0.656050 (VIOLATED)
_338_/RESET_B                           0.750000    1.406050   -0.656050 (VIOLATED)
_339_/RESET_B                           0.750000    1.406050   -0.656050 (VIOLATED)
_340_/RESET_B                           0.750000    1.406050   -0.656050 (VIOLATED)
_341_/RESET_B                           0.750000    1.406050   -0.656050 (VIOLATED)
_342_/RESET_B                           0.750000    1.406050   -0.656050 (VIOLATED)
_343_/RESET_B                           0.750000    1.406050   -0.656050 (VIOLATED)
_344_/RESET_B                           0.750000    1.406050   -0.656050 (VIOLATED)
_345_/RESET_B                           0.750000    1.406050   -0.656050 (VIOLATED)
_346_/RESET_B                           0.750000    1.406050   -0.656050 (VIOLATED)
_347_/RESET_B                           0.750000    1.406050   -0.656050 (VIOLATED)
_348_/RESET_B                           0.750000    1.406050   -0.656050 (VIOLATED)
_349_/RESET_B                           0.750000    1.406050   -0.656050 (VIOLATED)
_350_/RESET_B                           0.750000    1.406050   -0.656050 (VIOLATED)
_351_/RESET_B                           0.750000    1.406050   -0.656050 (VIOLATED)
_352_/RESET_B                           0.750000    1.406050   -0.656050 (VIOLATED)
_353_/RESET_B                           0.750000    1.406050   -0.656050 (VIOLATED)
_354_/RESET_B                           0.750000    1.406050   -0.656050 (VIOLATED)
_355_/RESET_B                           0.750000    1.406050   -0.656050 (VIOLATED)
_356_/RESET_B                           0.750000    1.406050   -0.656050 (VIOLATED)
_357_/RESET_B                           0.750000    1.406050   -0.656050 (VIOLATED)
_358_/RESET_B                           0.750000    1.406050   -0.656050 (VIOLATED)
_359_/RESET_B                           0.750000    1.406050   -0.656050 (VIOLATED)
_360_/RESET_B                           0.750000    1.406050   -0.656050 (VIOLATED)
_361_/RESET_B                           0.750000    1.406050   -0.656050 (VIOLATED)
_362_/RESET_B                           0.750000    1.406050   -0.656050 (VIOLATED)
_363_/RESET_B                           0.750000    1.406050   -0.656050 (VIOLATED)
_364_/RESET_B                           0.750000    1.406050   -0.656050 (VIOLATED)
_365_/RESET_B                           0.750000    1.406050   -0.656050 (VIOLATED)
_366_/RESET_B                           0.750000    1.406050   -0.656050 (VIOLATED)
_367_/RESET_B                           0.750000    1.406050   -0.656050 (VIOLATED)
_368_/RESET_B                           0.750000    1.406050   -0.656050 (VIOLATED)
_369_/RESET_B                           0.750000    1.406050   -0.656050 (VIOLATED)
_370_/RESET_B                           0.750000    1.406050   -0.656050 (VIOLATED)
_371_/RESET_B                           0.750000    1.406050   -0.656050 (VIOLATED)
_372_/RESET_B                           0.750000    1.406050   -0.656050 (VIOLATED)
_373_/RESET_B                           0.750000    1.406050   -0.656050 (VIOLATED)
_374_/RESET_B                           0.750000    1.406050   -0.656050 (VIOLATED)
_375_/RESET_B                           0.750000    1.406050   -0.656050 (VIOLATED)
_376_/RESET_B                           0.750000    1.406050   -0.656050 (VIOLATED)
_377_/RESET_B                           0.750000    1.406050   -0.656050 (VIOLATED)
_378_/RESET_B                           0.750000    1.406050   -0.656050 (VIOLATED)
_379_/RESET_B                           0.750000    1.406050   -0.656050 (VIOLATED)
_380_/RESET_B                           0.750000    1.406050   -0.656050 (VIOLATED)
_381_/RESET_B                           0.750000    1.406050   -0.656050 (VIOLATED)
_382_/RESET_B                           0.750000    1.406050   -0.656050 (VIOLATED)
_383_/RESET_B                           0.750000    1.406050   -0.656050 (VIOLATED)
_384_/RESET_B                           0.750000    1.406050   -0.656050 (VIOLATED)
_385_/RESET_B                           0.750000    1.406050   -0.656050 (VIOLATED)
_386_/RESET_B                           0.750000    1.406050   -0.656050 (VIOLATED)
_387_/RESET_B                           0.750000    1.406050   -0.656050 (VIOLATED)
_388_/RESET_B                           0.750000    1.406050   -0.656050 (VIOLATED)
_389_/RESET_B                           0.750000    1.406050   -0.656050 (VIOLATED)
_390_/RESET_B                           0.750000    1.406050   -0.656050 (VIOLATED)
_391_/RESET_B                           0.750000    1.406050   -0.656050 (VIOLATED)
_392_/RESET_B                           0.750000    1.406050   -0.656050 (VIOLATED)
_252_/X                                 0.750000    1.287459   -0.537459 (VIOLATED)
_253_/S                                 0.750000    1.287459   -0.537459 (VIOLATED)
_254_/S                                 0.750000    1.287459   -0.537459 (VIOLATED)
_255_/S                                 0.750000    1.287459   -0.537459 (VIOLATED)
_283_/S                                 0.750000    1.287459   -0.537459 (VIOLATED)
_284_/S                                 0.750000    1.287459   -0.537459 (VIOLATED)
_285_/S                                 0.750000    1.287459   -0.537459 (VIOLATED)
_286_/S                                 0.750000    1.287459   -0.537459 (VIOLATED)
_287_/S                                 0.750000    1.287459   -0.537459 (VIOLATED)
_288_/S                                 0.750000    1.287459   -0.537459 (VIOLATED)
_289_/S                                 0.750000    1.287459   -0.537459 (VIOLATED)
_290_/S                                 0.750000    1.287459   -0.537459 (VIOLATED)
_291_/S                                 0.750000    1.287459   -0.537459 (VIOLATED)
_292_/S                                 0.750000    1.287459   -0.537459 (VIOLATED)
_293_/S                                 0.750000    1.287459   -0.537459 (VIOLATED)
_294_/S                                 0.750000    1.287459   -0.537459 (VIOLATED)
_295_/S                                 0.750000    1.287459   -0.537459 (VIOLATED)
_296_/S                                 0.750000    1.287459   -0.537459 (VIOLATED)
_297_/S                                 0.750000    1.287459   -0.537459 (VIOLATED)
_298_/S                                 0.750000    1.287459   -0.537459 (VIOLATED)
_299_/S                                 0.750000    1.287459   -0.537459 (VIOLATED)
_300_/S                                 0.750000    1.287459   -0.537459 (VIOLATED)
_301_/S                                 0.750000    1.287459   -0.537459 (VIOLATED)
_302_/S                                 0.750000    1.287459   -0.537459 (VIOLATED)
_303_/S                                 0.750000    1.287459   -0.537459 (VIOLATED)
_304_/S                                 0.750000    1.287459   -0.537459 (VIOLATED)
_305_/S                                 0.750000    1.287459   -0.537459 (VIOLATED)
_306_/S                                 0.750000    1.287459   -0.537459 (VIOLATED)
_307_/S                                 0.750000    1.287459   -0.537459 (VIOLATED)
_308_/S                                 0.750000    1.287459   -0.537459 (VIOLATED)
_309_/S                                 0.750000    1.287459   -0.537459 (VIOLATED)
_310_/B                                 0.750000    1.287459   -0.537459 (VIOLATED)
_311_/S                                 0.750000    1.287459   -0.537459 (VIOLATED)
_312_/S                                 0.750000    1.287459   -0.537459 (VIOLATED)
_313_/S                                 0.750000    1.287459   -0.537459 (VIOLATED)
_314_/S                                 0.750000    1.287459   -0.537459 (VIOLATED)
_315_/S                                 0.750000    1.287459   -0.537459 (VIOLATED)
_316_/S                                 0.750000    1.287459   -0.537459 (VIOLATED)
_317_/S                                 0.750000    1.287459   -0.537459 (VIOLATED)
_318_/S                                 0.750000    1.287459   -0.537459 (VIOLATED)
_319_/S                                 0.750000    1.287459   -0.537459 (VIOLATED)
_320_/S                                 0.750000    1.287459   -0.537459 (VIOLATED)
_321_/S                                 0.750000    1.287459   -0.537459 (VIOLATED)
_322_/S                                 0.750000    1.287459   -0.537459 (VIOLATED)
_323_/S                                 0.750000    1.287459   -0.537459 (VIOLATED)
_324_/S                                 0.750000    1.287459   -0.537459 (VIOLATED)
_330_/S                                 0.750000    1.287459   -0.537459 (VIOLATED)
_331_/S                                 0.750000    1.287459   -0.537459 (VIOLATED)
_332_/S                                 0.750000    1.287459   -0.537459 (VIOLATED)

max fanout

Pin                                   Limit Fanout  Slack
---------------------------------------------------------
rst_i                                    10     60    -50 (VIOLATED)
_252_/X                                  10     48    -38 (VIOLATED)
_166_/Y                                  10     17     -7 (VIOLATED)
_338_/Q                                  10     17     -7 (VIOLATED)
_337_/Q                                  10     15     -5 (VIOLATED)
_168_/Y                                  10     12     -2 (VIOLATED)

max capacitance

Pin                                        Limit         Cap       Slack
------------------------------------------------------------------------
rst_i                                   0.200000    0.203580   -0.003580 (VIOLATED)



===========================================================================
report_parasitic_annotation -report_unannotated
============================================================================
Found 231 unannotated drivers.
 clk_i
 req_num_i
 rst_i
 wr_i
 _166_/Y
 _167_/Y
 _168_/Y
 _169_/Y
 _170_/Y
 _171_/Y
 _172_/Y
 _173_/Y
 _174_/Y
 _175_/Y
 _176_/Y
 _177_/Y
 _178_/Y
 _179_/Y
 _180_/Y
 _181_/Y
 _182_/Y
 _183_/Y
 _184_/X
 _185_/X
 _186_/Y
 _187_/X
 _188_/X
 _189_/Y
 _190_/X
 _191_/Y
 _192_/X
 _193_/X
 _194_/X
 _195_/Y
 _196_/X
 _197_/Y
 _198_/X
 _199_/X
 _200_/X
 _201_/X
 _202_/Y
 _203_/X
 _204_/X
 _205_/Y
 _206_/X
 _207_/X
 _208_/X
 _209_/X
 _210_/X
 _211_/Y
 _212_/Y
 _213_/X
 _214_/X
 _215_/X
 _216_/X
 _217_/X
 _218_/X
 _219_/X
 _220_/X
 _221_/X
 _222_/X
 _223_/X
 _224_/Y
 _225_/X
 _226_/X
 _227_/X
 _228_/X
 _229_/Y
 _230_/X
 _231_/X
 _232_/X
 _233_/X
 _234_/Y
 _235_/X
 _236_/X
 _237_/X
 _238_/X
 _239_/X
 _240_/Y
 _241_/X
 _242_/X
 _243_/X
 _244_/Y
 _245_/X
 _246_/X
 _247_/X
 _248_/X
 _249_/X
 _250_/Y
 _251_/Y
 _252_/X
 _253_/X
 _254_/X
 _255_/X
 _256_/Y
 _257_/Y
 _258_/Y
 _259_/X
 _260_/Y
 _261_/Y
 _262_/Y
 _263_/X
 _264_/X
 _265_/X
 _266_/X
 _267_/Y
 _268_/X
 _269_/X
 _270_/X
 _271_/Y
 _272_/X
 _273_/Y
 _274_/X
 _275_/X
 _276_/X
 _277_/X
 _278_/Y
 _279_/X
 _280_/Y
 _281_/X
 _282_/X
 _283_/X
 _284_/X
 _285_/X
 _286_/X
 _287_/X
 _288_/X
 _289_/X
 _290_/X
 _291_/X
 _292_/X
 _293_/X
 _294_/X
 _295_/X
 _296_/X
 _297_/X
 _298_/X
 _299_/X
 _300_/X
 _301_/X
 _302_/X
 _303_/X
 _304_/X
 _305_/X
 _306_/X
 _307_/X
 _308_/X
 _309_/X
 _310_/X
 _311_/X
 _312_/X
 _313_/X
 _314_/X
 _315_/X
 _316_/X
 _317_/X
 _318_/X
 _319_/X
 _320_/X
 _321_/X
 _322_/X
 _323_/X
 _324_/X
 _325_/Y
 _326_/X
 _327_/Y
 _328_/Y
 _329_/Y
 _330_/X
 _331_/X
 _332_/X
 _333_/Q
 _334_/Q
 _335_/Q
 _336_/Q
 _337_/Q
 _338_/Q
 _339_/Q
 _340_/Q
 _341_/Q
 _342_/Q
 _343_/Q
 _344_/Q
 _345_/Q
 _346_/Q
 _347_/Q
 _348_/Q
 _349_/Q
 _350_/Q
 _351_/Q
 _352_/Q
 _353_/Q
 _354_/Q
 _355_/Q
 _356_/Q
 _357_/Q
 _358_/Q
 _359_/Q
 _360_/Q
 _361_/Q
 _362_/Q
 _363_/Q
 _364_/Q
 _365_/Q
 _366_/Q
 _367_/Q
 _368_/Q
 _369_/Q
 _370_/Q
 _371_/Q
 _372_/Q
 _373_/Q
 _374_/Q
 _375_/Q
 _376_/Q
 _377_/Q
 _378_/Q
 _379_/Q
 _380_/Q
 _381_/Q
 _382_/Q
 _383_/Q
 _384_/Q
 _385_/Q
 _386_/Q
 _387_/Q
 _388_/Q
 _389_/Q
 _390_/Q
 _391_/Q
 _392_/Q
Found 0 partially unannotated drivers.

===========================================================================
max slew violation count 110
max fanout violation count 6
max cap violation count 1
============================================================================

===========================================================================
check_setup -verbose -unconstrained_endpoints -multiple_clock -no_clock -no_input_delay -loops -generated_clocks
===========================================================================
Warning: There is 1 combinational loop in the design.
  _247_/X
  _246_/B
  _246_/X
  _247_/B
  | loop cut point
  _247_/X
  --------------------------------
