
===========================================================================
 report_power
============================================================================
======================= nom_ss_100C_1v60 Corner ===================================

Group                    Internal    Switching      Leakage        Total
                            Power        Power        Power        Power (Watts)
------------------------------------------------------------------------
Sequential           9.368875e-07 2.918718e-07 1.159342e-06 2.388101e-06  54.6%
Combinational        8.256341e-07 3.593557e-07 7.983605e-07 1.983350e-06  45.4%
Clock                0.000000e+00 0.000000e+00 0.000000e+00 0.000000e+00   0.0%
Macro                0.000000e+00 0.000000e+00 0.000000e+00 0.000000e+00   0.0%
Pad                  0.000000e+00 0.000000e+00 0.000000e+00 0.000000e+00   0.0%
------------------------------------------------------------------------
Total                1.762522e-06 6.512275e-07 1.957702e-06 4.371451e-06 100.0%
                            40.3%        14.9%        44.8%

