Reading OpenROAD database at '/home/matheus/openframe_user_project/openlane/rng/runs/26_03_09_20_42/20-openroad-generatepdn/rng_top.odb'…
Reading library file at '/home/matheus/openframe_user_project/dependencies/pdks/sky130A/libs.ref/sky130_fd_sc_hd/lib/sky130_fd_sc_hd__tt_025C_1v80.lib'…
Reading design constraints file at '/nix/store/iah2c26wzpgdvqc1jv2xxg55xq5km74d-python3-3.11.9-env/lib/python3.11/site-packages/librelane/scripts/base.sdc'…
[INFO] Using clock clk_i…
[INFO] Setting output delay to: 625
[INFO] Setting input delay to: 625
[INFO] Setting load to: 0.033442
[INFO] Setting clock uncertainty to: 0.25
[INFO] Setting clock transition to: 0.1499999999999999944488848768742172978818416595458984375
[INFO] Setting timing derate to: 5%
+ global_placement -density 0.6 -skip_io -pad_right 0 -pad_left 0 -init_wirelength_coef 0.25
[INFO GPL-0002] DBU: 1000
[INFO GPL-0003] SiteSize: (  0.460  2.720 ) um
[INFO GPL-0004] CoreBBox: (  5.520 10.880 ) ( 64.400 73.440 ) um
[INFO GPL-0006] NumInstances:               211
[INFO GPL-0007] NumPlaceInstances:          115
[INFO GPL-0008] NumFixedInstances:           96
[INFO GPL-0009] NumDummyInstances:            0
[INFO GPL-0010] NumNets:                    119
[INFO GPL-0011] NumPins:                    436
[INFO GPL-0012] DieBBox:  (  0.000  0.000 ) ( 70.000 85.000 ) um
[INFO GPL-0013] CoreBBox: (  5.520 10.880 ) ( 64.400 73.440 ) um
[INFO GPL-0016] CoreArea:              3683.533 um^2
[INFO GPL-0017] NonPlaceInstsArea:      235.226 um^2
[INFO GPL-0018] PlaceInstsArea:        1750.429 um^2
[INFO GPL-0019] Util:                    50.762 %
[INFO GPL-0020] StdInstsArea:          1750.429 um^2
[INFO GPL-0021] MacroInstsArea:           0.000 um^2
[INFO GPL-0031] FillerInit:NumGCells:       136
[INFO GPL-0032] FillerInit:NumGNets:        119
[INFO GPL-0033] FillerInit:NumGPins:        436
[INFO GPL-0023] TargetDensity:            0.600
[INFO GPL-0024] AvrgPlaceInstArea:       15.221 um^2
[INFO GPL-0025] IdealBinArea:            25.369 um^2
[INFO GPL-0026] IdealBinCnt:                145
[INFO GPL-0027] TotalBinArea:          3683.533 um^2
[INFO GPL-0028] BinCnt:         8      8
[INFO GPL-0029] BinSize: (  7.360  7.820 )
[INFO GPL-0030] NumBins: 64
[NesterovSolve] Iter:    1 overflow: 0.922 HPWL: 368397
[NesterovSolve] Iter:   10 overflow: 0.911 HPWL: 287722
[NesterovSolve] Iter:   20 overflow: 0.905 HPWL: 287620
[NesterovSolve] Iter:   30 overflow: 0.905 HPWL: 286988
[NesterovSolve] Iter:   40 overflow: 0.907 HPWL: 286453
[NesterovSolve] Iter:   50 overflow: 0.906 HPWL: 286930
[NesterovSolve] Iter:   60 overflow: 0.905 HPWL: 287286
[NesterovSolve] Iter:   70 overflow: 0.905 HPWL: 287793
[NesterovSolve] Iter:   80 overflow: 0.905 HPWL: 289208
[NesterovSolve] Iter:   90 overflow: 0.903 HPWL: 291287
[NesterovSolve] Iter:  100 overflow: 0.901 HPWL: 292494
[NesterovSolve] Iter:  110 overflow: 0.897 HPWL: 292482
[NesterovSolve] Iter:  120 overflow: 0.890 HPWL: 296355
[NesterovSolve] Iter:  130 overflow: 0.878 HPWL: 302873
[NesterovSolve] Iter:  140 overflow: 0.877 HPWL: 314428
[NesterovSolve] Iter:  150 overflow: 0.866 HPWL: 331689
[NesterovSolve] Iter:  160 overflow: 0.835 HPWL: 337965
[NesterovSolve] Iter:  170 overflow: 0.808 HPWL: 355858
[NesterovSolve] Iter:  180 overflow: 0.805 HPWL: 449466
[NesterovSolve] Iter:  190 overflow: 0.700 HPWL: 608674
[NesterovSolve] Iter:  200 overflow: 0.674 HPWL: 676662
[NesterovSolve] Iter:  210 overflow: 0.632 HPWL: 739227
[NesterovSolve] Iter:  220 overflow: 0.589 HPWL: 839836
[NesterovSolve] Iter:  230 overflow: 0.538 HPWL: 887918
[NesterovSolve] Iter:  240 overflow: 0.482 HPWL: 943893
[NesterovSolve] Iter:  250 overflow: 0.428 HPWL: 1012515
[NesterovSolve] Iter:  260 overflow: 0.376 HPWL: 1077741
[NesterovSolve] Iter:  270 overflow: 0.325 HPWL: 1129914
[NesterovSolve] Iter:  280 overflow: 0.284 HPWL: 1184189
[NesterovSolve] Iter:  290 overflow: 0.246 HPWL: 1218639
[NesterovSolve] Iter:  300 overflow: 0.204 HPWL: 1245789
[NesterovSolve] Iter:  310 overflow: 0.169 HPWL: 1264261
[NesterovSolve] Iter:  320 overflow: 0.130 HPWL: 1281733
[NesterovSolve] Iter:  330 overflow: 0.100 HPWL: 1303034
[NesterovSolve] Finished with Overflow: 0.097650
[INFO] Setting RC values…
Setting global connections for newly added cells…
[INFO] Setting global connections...
Updating metrics…
Cell type report:                       Count       Area
  Fill cell                                46     172.67
  Tap cell                                 50      62.56
  Inverter                                  3      11.26
  Sequential cell                          35     919.63
  Multi-Input combinational cell           77     819.54
  Total                                   211    1985.65
Writing OpenROAD database to '/home/matheus/openframe_user_project/openlane/rng/runs/26_03_09_20_42/23-openroad-globalplacementskipio/rng_top.odb'…
Writing netlist to '/home/matheus/openframe_user_project/openlane/rng/runs/26_03_09_20_42/23-openroad-globalplacementskipio/rng_top.nl.v'…
Writing powered netlist to '/home/matheus/openframe_user_project/openlane/rng/runs/26_03_09_20_42/23-openroad-globalplacementskipio/rng_top.pnl.v'…
Writing layout to '/home/matheus/openframe_user_project/openlane/rng/runs/26_03_09_20_42/23-openroad-globalplacementskipio/rng_top.def'…
Writing timing constraints to '/home/matheus/openframe_user_project/openlane/rng/runs/26_03_09_20_42/23-openroad-globalplacementskipio/rng_top.sdc'…
