Clock: clk_i
Sources: clk_i 
Generated: no
Virtual: yes
Propagated: no
Period: 3125.000000

===========================================================================
report_clock_properties
============================================================================
Clock                   Period          Waveform
----------------------------------------------------
clk_i               3125.000000    0.0000001562.500000

===========================================================================
report_clock_latency
============================================================================
Clock clk_i
rise -> rise
    min     max
0.000000 0.000000 source latency
0.382974         network latency _347_/CLK
        0.387976 network latency _339_/CLK
---------------
0.382974 0.387976 latency
        0.005002 skew

fall -> fall
    min     max
0.000000 0.000000 source latency
0.354248         network latency _347_/CLK
        0.358568 network latency _338_/CLK
---------------
0.354248 0.358568 latency
        0.004320 skew



===========================================================================
report_clock_min_period
============================================================================
clk_i period_min = 3.80 fmax = 263.32
