
===========================================================================
 report_power
============================================================================
======================= nom_tt_025C_1v80 Corner ===================================

Group                    Internal    Switching      Leakage        Total
                            Power        Power        Power        Power (Watts)
------------------------------------------------------------------------
Sequential           1.163921e-06 3.008570e-07 6.778476e-10 1.465456e-06  31.0%
Combinational        1.469483e-06 8.955493e-07 9.779330e-10 2.366010e-06  50.1%
Clock                6.002441e-07 2.889611e-07 3.672325e-10 8.895723e-07  18.8%
Macro                0.000000e+00 0.000000e+00 0.000000e+00 0.000000e+00   0.0%
Pad                  0.000000e+00 0.000000e+00 0.000000e+00 0.000000e+00   0.0%
------------------------------------------------------------------------
Total                3.233649e-06 1.485367e-06 2.023016e-09 4.721040e-06 100.0%
                            68.5%        31.5%         0.0%
Writing metric power__internal__total: 3.2336490676243557e-6
Writing metric power__switching__total: 1.485367306486296e-6
Writing metric power__leakage__total: 2.023016199004246e-9
Writing metric power__total: 4.721039658761583e-6

