                                                                        Cells by Master                                                                         
┏━━━━━━━━━━━━━━━━━━━━━━━━━━━━━━━━━━━━━━━━━━━━━━━━━━━━━━━━━━━━━━━━━━━━━━━━━━━━━━━━━━━━━━━━━━━━━━━━━━━━━━━━━━━━━━━━━━━━━━━━━━━━━━━━━┳━━━━━━━━━━━━━━━━━━━━━━━━━━━━┓
┃ Cell                                                                                                                            ┃ Count                      ┃
┡━━━━━━━━━━━━━━━━━━━━━━━━━━━━━━━━━━━━━━━━━━━━━━━━━━━━━━━━━━━━━━━━━━━━━━━━━━━━━━━━━━━━━━━━━━━━━━━━━━━━━━━━━━━━━━━━━━━━━━━━━━━━━━━━━╇━━━━━━━━━━━━━━━━━━━━━━━━━━━━┩
│ sky130_ef_sc_hd__decap_40_12                                                                                                    │ 50                         │
│ sky130_fd_sc_hd__a2111oi_1                                                                                                      │ 1                          │
│ sky130_fd_sc_hd__a211o_1                                                                                                        │ 12                         │
│ sky130_fd_sc_hd__a21o_1                                                                                                         │ 2                          │
│ sky130_fd_sc_hd__a21oi_1                                                                                                        │ 3                          │
│ sky130_fd_sc_hd__a221o_1                                                                                                        │ 2                          │
│ sky130_fd_sc_hd__a2bb2o_1                                                                                                       │ 3                          │
│ sky130_fd_sc_hd__a311o_1                                                                                                        │ 1                          │
│ sky130_fd_sc_hd__a31o_1                                                                                                         │ 2                          │
│ sky130_fd_sc_hd__a31oi_1                                                                                                        │ 1                          │
│ sky130_fd_sc_hd__and2_1                                                                                                         │ 2                          │
│ sky130_fd_sc_hd__and2b_1                                                                                                        │ 1                          │
│ sky130_fd_sc_hd__and3_1                                                                                                         │ 4                          │
│ sky130_fd_sc_hd__and4_1                                                                                                         │ 2                          │
│ sky130_fd_sc_hd__buf_2                                                                                                          │ 5                          │
│ sky130_fd_sc_hd__bufinv_16                                                                                                      │ 1                          │
│ sky130_fd_sc_hd__clkbuf_1                                                                                                       │ 3                          │
│ sky130_fd_sc_hd__clkbuf_16                                                                                                      │ 5                          │
│ sky130_fd_sc_hd__clkbuf_2                                                                                                       │ 4                          │
│ sky130_fd_sc_hd__clkbuf_4                                                                                                       │ 8                          │
│ sky130_fd_sc_hd__clkinv_2                                                                                                       │ 1                          │
│ sky130_fd_sc_hd__decap_3                                                                                                        │ 46                         │
│ sky130_fd_sc_hd__dfrtp_1                                                                                                        │ 38                         │
│ sky130_fd_sc_hd__dfrtp_2                                                                                                        │ 2                          │
│ sky130_fd_sc_hd__dfrtp_4                                                                                                        │ 4                          │
│ sky130_fd_sc_hd__dlygate4sd3_1                                                                                                  │ 51                         │
│ sky130_fd_sc_hd__fill_1                                                                                                         │ 95                         │
│ sky130_fd_sc_hd__fill_2                                                                                                         │ 62                         │
│ sky130_fd_sc_hd__fill_4                                                                                                         │ 51                         │
│ sky130_fd_sc_hd__fill_8                                                                                                         │ 22                         │
│ sky130_fd_sc_hd__inv_2                                                                                                          │ 7                          │
│ sky130_fd_sc_hd__mux2_1                                                                                                         │ 31                         │
│ sky130_fd_sc_hd__nand2_1                                                                                                        │ 6                          │
│ sky130_fd_sc_hd__nor2_1                                                                                                         │ 2                          │
│ sky130_fd_sc_hd__o211ai_1                                                                                                       │ 7                          │
│ sky130_fd_sc_hd__o21a_1                                                                                                         │ 1                          │
│ sky130_fd_sc_hd__o21ai_1                                                                                                        │ 1                          │
│ sky130_fd_sc_hd__o221a_1                                                                                                        │ 1                          │
│ sky130_fd_sc_hd__o22a_1                                                                                                         │ 1                          │
│ sky130_fd_sc_hd__o22ai_1                                                                                                        │ 1                          │
│ sky130_fd_sc_hd__or2_1                                                                                                          │ 5                          │
│ sky130_fd_sc_hd__or2_2                                                                                                          │ 1                          │
│ sky130_fd_sc_hd__or3b_1                                                                                                         │ 1                          │
│ sky130_fd_sc_hd__tapvpwrvgnd_1                                                                                                  │ 62                         │
│ sky130_fd_sc_hd__xnor2_1                                                                                                        │ 8                          │
│ sky130_fd_sc_hd__xor2_1                                                                                                         │ 5                          │
└─────────────────────────────────────────────────────────────────────────────────────────────────────────────────────────────────┴────────────────────────────┘
