                                                                       Cells by Function                                                                        
┏━━━━━━━━━━━━━━━━━━━━━━━━━━━━━━━━━━━━━━━━━━━━━━━━━━━━━━━━━━━━━━━━━━━━━━━━━━━━━━━━━━━━━━━━━━━━━━━━━━━━━━━━━━━━━━━━━━━━━━━━━━━━━━━━┳━━━━━━━━━━━━━━━━━━━━━━━━━━━━━┓
┃ Cell Function                                                                                                                  ┃ Count                       ┃
┡━━━━━━━━━━━━━━━━━━━━━━━━━━━━━━━━━━━━━━━━━━━━━━━━━━━━━━━━━━━━━━━━━━━━━━━━━━━━━━━━━━━━━━━━━━━━━━━━━━━━━━━━━━━━━━━━━━━━━━━━━━━━━━━━╇━━━━━━━━━━━━━━━━━━━━━━━━━━━━━┩
│ sky130_ef_sc_hd__decap_40                                                                                                      │ 50                          │
│ sky130_fd_sc_hd__a2111oi                                                                                                       │ 1                           │
│ sky130_fd_sc_hd__a211o                                                                                                         │ 12                          │
│ sky130_fd_sc_hd__a21o                                                                                                          │ 2                           │
│ sky130_fd_sc_hd__a21oi                                                                                                         │ 3                           │
│ sky130_fd_sc_hd__a221o                                                                                                         │ 2                           │
│ sky130_fd_sc_hd__a2bb2o                                                                                                        │ 3                           │
│ sky130_fd_sc_hd__a311o                                                                                                         │ 1                           │
│ sky130_fd_sc_hd__a31o                                                                                                          │ 2                           │
│ sky130_fd_sc_hd__a31oi                                                                                                         │ 1                           │
│ sky130_fd_sc_hd__and2                                                                                                          │ 2                           │
│ sky130_fd_sc_hd__and2b                                                                                                         │ 1                           │
│ sky130_fd_sc_hd__and3                                                                                                          │ 4                           │
│ sky130_fd_sc_hd__and4                                                                                                          │ 2                           │
│ sky130_fd_sc_hd__buf                                                                                                           │ 5                           │
│ sky130_fd_sc_hd__bufinv                                                                                                        │ 1                           │
│ sky130_fd_sc_hd__clkbuf                                                                                                        │ 20                          │
│ sky130_fd_sc_hd__clkinv                                                                                                        │ 1                           │
│ sky130_fd_sc_hd__decap                                                                                                         │ 46                          │
│ sky130_fd_sc_hd__dfrtp                                                                                                         │ 44                          │
│ sky130_fd_sc_hd__dlygate4sd3                                                                                                   │ 51                          │
│ sky130_fd_sc_hd__fill                                                                                                          │ 230                         │
│ sky130_fd_sc_hd__inv                                                                                                           │ 7                           │
│ sky130_fd_sc_hd__mux2                                                                                                          │ 31                          │
│ sky130_fd_sc_hd__nand2                                                                                                         │ 6                           │
│ sky130_fd_sc_hd__nor2                                                                                                          │ 2                           │
│ sky130_fd_sc_hd__o211ai                                                                                                        │ 7                           │
│ sky130_fd_sc_hd__o21a                                                                                                          │ 1                           │
│ sky130_fd_sc_hd__o21ai                                                                                                         │ 1                           │
│ sky130_fd_sc_hd__o221a                                                                                                         │ 1                           │
│ sky130_fd_sc_hd__o22a                                                                                                          │ 1                           │
│ sky130_fd_sc_hd__o22ai                                                                                                         │ 1                           │
│ sky130_fd_sc_hd__or2                                                                                                           │ 6                           │
│ sky130_fd_sc_hd__or3b                                                                                                          │ 1                           │
│ sky130_fd_sc_hd__tapvpwrvgnd                                                                                                   │ 62                          │
│ sky130_fd_sc_hd__xnor2                                                                                                         │ 8                           │
│ sky130_fd_sc_hd__xor2                                                                                                          │ 5                           │
└────────────────────────────────────────────────────────────────────────────────────────────────────────────────────────────────┴─────────────────────────────┘
