[WARNING ORD-0039] .openroad ignored with -python
                                Cells by Master                                 
┏━━━━━━━━━━━━━━━━━━━━━━━━━━━━━━━━━━━━━━━━━━━━━━━━━━━━━━━━━━━━━━━━┳━━━━━━━━━━━━━┓
┃ Cell                                                           ┃ Count       ┃
┡━━━━━━━━━━━━━━━━━━━━━━━━━━━━━━━━━━━━━━━━━━━━━━━━━━━━━━━━━━━━━━━━╇━━━━━━━━━━━━━┩
│ sky130_ef_sc_hd__decap_40_12                                   │ 50          │
│ sky130_fd_sc_hd__a2111oi_1                                     │ 1           │
│ sky130_fd_sc_hd__a211o_1                                       │ 12          │
│ sky130_fd_sc_hd__a21o_1                                        │ 2           │
│ sky130_fd_sc_hd__a21oi_1                                       │ 3           │
│ sky130_fd_sc_hd__a221o_1                                       │ 2           │
│ sky130_fd_sc_hd__a2bb2o_1                                      │ 3           │
│ sky130_fd_sc_hd__a311o_1                                       │ 1           │
│ sky130_fd_sc_hd__a31o_1                                        │ 2           │
│ sky130_fd_sc_hd__a31oi_1                                       │ 1           │
│ sky130_fd_sc_hd__and2_1                                        │ 2           │
│ sky130_fd_sc_hd__and2b_1                                       │ 1           │
│ sky130_fd_sc_hd__and3_1                                        │ 4           │
│ sky130_fd_sc_hd__and4_1                                        │ 2           │
│ sky130_fd_sc_hd__buf_2                                         │ 5           │
│ sky130_fd_sc_hd__bufinv_16                                     │ 1           │
│ sky130_fd_sc_hd__clkbuf_1                                      │ 3           │
│ sky130_fd_sc_hd__clkbuf_16                                     │ 5           │
│ sky130_fd_sc_hd__clkbuf_2                                      │ 4           │
│ sky130_fd_sc_hd__clkbuf_4                                      │ 8           │
│ sky130_fd_sc_hd__clkinv_2                                      │ 1           │
│ sky130_fd_sc_hd__decap_3                                       │ 46          │
│ sky130_fd_sc_hd__dfrtp_1                                       │ 38          │
│ sky130_fd_sc_hd__dfrtp_2                                       │ 2           │
│ sky130_fd_sc_hd__dfrtp_4                                       │ 4           │
│ sky130_fd_sc_hd__dlygate4sd3_1                                 │ 51          │
│ sky130_fd_sc_hd__fill_1                                        │ 95          │
│ sky130_fd_sc_hd__fill_2                                        │ 62          │
│ sky130_fd_sc_hd__fill_4                                        │ 51          │
│ sky130_fd_sc_hd__fill_8                                        │ 22          │
│ sky130_fd_sc_hd__inv_2                                         │ 7           │
│ sky130_fd_sc_hd__mux2_1                                        │ 31          │
│ sky130_fd_sc_hd__nand2_1                                       │ 6           │
│ sky130_fd_sc_hd__nor2_1                                        │ 2           │
│ sky130_fd_sc_hd__o211ai_1                                      │ 7           │
│ sky130_fd_sc_hd__o21a_1                                        │ 1           │
│ sky130_fd_sc_hd__o21ai_1                                       │ 1           │
│ sky130_fd_sc_hd__o221a_1                                       │ 1           │
│ sky130_fd_sc_hd__o22a_1                                        │ 1           │
│ sky130_fd_sc_hd__o22ai_1                                       │ 1           │
│ sky130_fd_sc_hd__or2_1                                         │ 5           │
│ sky130_fd_sc_hd__or2_2                                         │ 1           │
│ sky130_fd_sc_hd__or3b_1                                        │ 1           │
│ sky130_fd_sc_hd__tapvpwrvgnd_1                                 │ 62          │
│ sky130_fd_sc_hd__xnor2_1                                       │ 8           │
│ sky130_fd_sc_hd__xor2_1                                        │ 5           │
└────────────────────────────────────────────────────────────────┴─────────────┘
                               Cells by Function                                
┏━━━━━━━━━━━━━━━━━━━━━━━━━━━━━━━━━━━━━━━━━━━━━━━━━━━━━━━━━━━━━━━┳━━━━━━━━━━━━━━┓
┃ Cell Function                                                 ┃ Count        ┃
┡━━━━━━━━━━━━━━━━━━━━━━━━━━━━━━━━━━━━━━━━━━━━━━━━━━━━━━━━━━━━━━━╇━━━━━━━━━━━━━━┩
│ sky130_ef_sc_hd__decap_40                                     │ 50           │
│ sky130_fd_sc_hd__a2111oi                                      │ 1            │
│ sky130_fd_sc_hd__a211o                                        │ 12           │
│ sky130_fd_sc_hd__a21o                                         │ 2            │
│ sky130_fd_sc_hd__a21oi                                        │ 3            │
│ sky130_fd_sc_hd__a221o                                        │ 2            │
│ sky130_fd_sc_hd__a2bb2o                                       │ 3            │
│ sky130_fd_sc_hd__a311o                                        │ 1            │
│ sky130_fd_sc_hd__a31o                                         │ 2            │
│ sky130_fd_sc_hd__a31oi                                        │ 1            │
│ sky130_fd_sc_hd__and2                                         │ 2            │
│ sky130_fd_sc_hd__and2b                                        │ 1            │
│ sky130_fd_sc_hd__and3                                         │ 4            │
│ sky130_fd_sc_hd__and4                                         │ 2            │
│ sky130_fd_sc_hd__buf                                          │ 5            │
│ sky130_fd_sc_hd__bufinv                                       │ 1            │
│ sky130_fd_sc_hd__clkbuf                                       │ 20           │
│ sky130_fd_sc_hd__clkinv                                       │ 1            │
│ sky130_fd_sc_hd__decap                                        │ 46           │
│ sky130_fd_sc_hd__dfrtp                                        │ 44           │
│ sky130_fd_sc_hd__dlygate4sd3                                  │ 51           │
│ sky130_fd_sc_hd__fill                                         │ 230          │
│ sky130_fd_sc_hd__inv                                          │ 7            │
│ sky130_fd_sc_hd__mux2                                         │ 31           │
│ sky130_fd_sc_hd__nand2                                        │ 6            │
│ sky130_fd_sc_hd__nor2                                         │ 2            │
│ sky130_fd_sc_hd__o211ai                                       │ 7            │
│ sky130_fd_sc_hd__o21a                                         │ 1            │
│ sky130_fd_sc_hd__o21ai                                        │ 1            │
│ sky130_fd_sc_hd__o221a                                        │ 1            │
│ sky130_fd_sc_hd__o22a                                         │ 1            │
│ sky130_fd_sc_hd__o22ai                                        │ 1            │
│ sky130_fd_sc_hd__or2                                          │ 6            │
│ sky130_fd_sc_hd__or3b                                         │ 1            │
│ sky130_fd_sc_hd__tapvpwrvgnd                                  │ 62           │
│ sky130_fd_sc_hd__xnor2                                        │ 8            │
│ sky130_fd_sc_hd__xor2                                         │ 5            │
└───────────────────────────────────────────────────────────────┴──────────────┘
                                  Cells by SCL                                  
┏━━━━━━━━━━━━━━━━━━━━━━━━━━━━━━━━━━━━━━━━━━━━━━━━━━━━━━━┳━━━━━━━━━━━━━━━━━━━━━━┓
┃ SCL                                                   ┃ Count                ┃
┡━━━━━━━━━━━━━━━━━━━━━━━━━━━━━━━━━━━━━━━━━━━━━━━━━━━━━━━╇━━━━━━━━━━━━━━━━━━━━━━┩
│ sky130_ef_sc_hd                                       │ 50                   │
│ sky130_fd_sc_hd                                       │ 574                  │
└───────────────────────────────────────────────────────┴──────────────────────┘
                             Buffers by Cell Master                             
┏━━━━━━━━━━━━━━━━━━━━━━━━━━━━━━━━━━━━━━━━━━━━━━━━━━━━━━━━━━━━━━━━┳━━━━━━━━━━━━━┓
┃ Buffer                                                         ┃ Count       ┃
┡━━━━━━━━━━━━━━━━━━━━━━━━━━━━━━━━━━━━━━━━━━━━━━━━━━━━━━━━━━━━━━━━╇━━━━━━━━━━━━━┩
│ sky130_fd_sc_hd__buf_2                                         │ 5           │
│ sky130_fd_sc_hd__clkbuf_1                                      │ 3           │
│ sky130_fd_sc_hd__clkbuf_16                                     │ 5           │
│ sky130_fd_sc_hd__clkbuf_2                                      │ 4           │
│ sky130_fd_sc_hd__clkbuf_4                                      │ 8           │
│ sky130_fd_sc_hd__dlygate4sd3_1                                 │ 51          │
└────────────────────────────────────────────────────────────────┴─────────────┘
