Clock: clk_i
Sources: clk_i 
Generated: no
Virtual: yes
Propagated: no
Period: 3125.000000

===========================================================================
report_clock_properties
============================================================================
Clock                   Period          Waveform
----------------------------------------------------
clk_i               3125.000000    0.0000001562.500000

===========================================================================
report_clock_latency
============================================================================
Clock clk_i
rise -> rise
    min     max
0.000000 0.000000 source latency
0.323891         network latency _167_/CLK
        0.326565 network latency _188_/CLK
---------------
0.323891 0.326565 latency
        0.002674 skew

fall -> fall
    min     max
0.000000 0.000000 source latency
0.316732         network latency _167_/CLK
        0.319233 network latency _186_/CLK
---------------
0.316732 0.319233 latency
        0.002501 skew



===========================================================================
report_clock_min_period
============================================================================
clk_i period_min = 3.27 fmax = 305.78
