
===========================================================================
report_checks -unconstrained
===========================================================================
======================= nom_tt_025C_1v80 Corner ===================================

Startpoint: rst_i (input port clocked by clk_i)
Endpoint: _164_ (recovery check against rising-edge clock clk_i)
Path Group: asynchronous
Path Type: max

Fanout         Cap        Slew       Delay        Time   Description
---------------------------------------------------------------------------------------------
                                  0.000000    0.000000   clock clk_i (rise edge)
                                  0.000000    0.000000   clock network delay (propagated)
                                625.000000  625.000000 ^ input external delay
     1    0.002498    0.018443    0.009265  625.009277 ^ rst_i (in)
                                                         rst_i (net)
                      0.018444    0.000000  625.009277 ^ input2/A (sky130_fd_sc_hd__buf_1)
     2    0.008866    0.111796    0.119485  625.128723 ^ input2/X (sky130_fd_sc_hd__buf_1)
                                                         net2 (net)
                      0.111798    0.000398  625.129150 ^ fanout16/A (sky130_fd_sc_hd__buf_2)
     8    0.037793    0.186675    0.233797  625.362976 ^ fanout16/X (sky130_fd_sc_hd__buf_2)
                                                         net16 (net)
                      0.186754    0.001648  625.364624 ^ fanout15/A (sky130_fd_sc_hd__clkbuf_4)
    10    0.043605    0.139027    0.254545  625.619141 ^ fanout15/X (sky130_fd_sc_hd__clkbuf_4)
                                                         net15 (net)
                      0.139030    0.000853  625.619995 ^ _164_/RESET_B (sky130_fd_sc_hd__dfrtp_2)
                                            625.619995   data arrival time

                               3125.000000 3125.000000   clock clk_i (rise edge)
                                  0.000000 3125.000000   clock source latency
     1    0.012344    0.061759    0.041837 3125.041748 ^ clk_i (in)
                                                         clk_i (net)
                      0.061762    0.000000 3125.041748 ^ clkbuf_0_clk_i/A (sky130_fd_sc_hd__clkbuf_16)
     4    0.038686    0.058560    0.146656 3125.188477 ^ clkbuf_0_clk_i/X (sky130_fd_sc_hd__clkbuf_16)
                                                         clknet_0_clk_i (net)
                      0.058587    0.001137 3125.189697 ^ clkbuf_2_2__f_clk_i/A (sky130_fd_sc_hd__clkbuf_16)
    11    0.030423    0.051370    0.139607 3125.329346 ^ clkbuf_2_2__f_clk_i/X (sky130_fd_sc_hd__clkbuf_16)
                                                         clknet_2_2__leaf_clk_i (net)
                      0.051376    0.000909 3125.330078 ^ _164_/CLK (sky130_fd_sc_hd__dfrtp_2)
                                 -0.250000 3125.080078   clock uncertainty
                                  0.000000 3125.080078   clock reconvergence pessimism
                                  0.193113 3125.273193   library recovery time
                                           3125.273193   data required time
---------------------------------------------------------------------------------------------
                                           3125.273193   data required time
                                           -625.619995   data arrival time
---------------------------------------------------------------------------------------------
                                           2499.653076   slack (MET)


Startpoint: _187_ (rising edge-triggered flip-flop clocked by clk_i)
Endpoint: num_to_send_o[2] (output port clocked by clk_i)
Path Group: clk_i
Path Type: max

Fanout         Cap        Slew       Delay        Time   Description
---------------------------------------------------------------------------------------------
                                  0.000000    0.000000   clock clk_i (rise edge)
                                  0.000000    0.000000   clock source latency
     1    0.012344    0.061759    0.041726    0.041726 ^ clk_i (in)
                                                         clk_i (net)
                      0.061762    0.000000    0.041726 ^ clkbuf_0_clk_i/A (sky130_fd_sc_hd__clkbuf_16)
     4    0.038686    0.058560    0.146771    0.188497 ^ clkbuf_0_clk_i/X (sky130_fd_sc_hd__clkbuf_16)
                                                         clknet_0_clk_i (net)
                      0.058590    0.001153    0.189650 ^ clkbuf_2_0__f_clk_i/A (sky130_fd_sc_hd__clkbuf_16)
    11    0.029227    0.050329    0.138638    0.328288 ^ clkbuf_2_0__f_clk_i/X (sky130_fd_sc_hd__clkbuf_16)
                                                         clknet_2_0__leaf_clk_i (net)
                      0.050336    0.001100    0.329388 ^ _187_/CLK (sky130_fd_sc_hd__dfrtp_1)
     5    0.014803    0.139687    0.394116    0.723504 ^ _187_/Q (sky130_fd_sc_hd__dfrtp_1)
                                                         net6 (net)
                      0.139687    0.000460    0.723964 ^ output6/A (sky130_fd_sc_hd__buf_2)
     1    0.035684    0.177301    0.235681    0.959645 ^ output6/X (sky130_fd_sc_hd__buf_2)
                                                         num_to_send_o[2] (net)
                      0.177305    0.001097    0.960742 ^ num_to_send_o[2] (out)
                                              0.960742   data arrival time

                               3125.000000 3125.000000   clock clk_i (rise edge)
                                  0.000000 3125.000000   clock network delay (propagated)
                                 -0.250000 3124.750000   clock uncertainty
                                  0.000000 3124.750000   clock reconvergence pessimism
                               -625.000000 2499.750000   output external delay
                                           2499.750000   data required time
---------------------------------------------------------------------------------------------
                                           2499.750000   data required time
                                             -0.960742   data arrival time
---------------------------------------------------------------------------------------------
                                           2498.789307   slack (MET)




===========================================================================
report_checks --slack_max -0.01
============================================================================
======================= nom_tt_025C_1v80 Corner ===================================

No paths found.


===========================================================================
 report_check_types -max_slew -max_cap -max_fanout -violators
============================================================================
======================= nom_tt_025C_1v80 Corner ===================================

max fanout

Pin                                   Limit Fanout  Slack
---------------------------------------------------------
clkbuf_2_0__f_clk_i/X                    10     11        (VIOLATED)
clkbuf_2_2__f_clk_i/X                    10     11        (VIOLATED)



===========================================================================
report_parasitic_annotation -report_unannotated
============================================================================
Found 3 unannotated drivers.
 clkload0/X
 clkload1/Y
 clkload2/Y
Found 0 partially unannotated drivers.

===========================================================================
max slew violation count 0
Writing metric design__max_slew_violation__count__corner:nom_tt_025C_1v80: 0
max fanout violation count 2
Writing metric design__max_fanout_violation__count__corner:nom_tt_025C_1v80: 2
max cap violation count 0
Writing metric design__max_cap_violation__count__corner:nom_tt_025C_1v80: 0
============================================================================

===========================================================================
check_setup -verbose -unconstrained_endpoints -multiple_clock -no_clock -no_input_delay -loops -generated_clocks
===========================================================================
