Clock: clk_i
Sources: clk_i 
Generated: no
Virtual: yes
Propagated: no
Period: 3125.000000

===========================================================================
report_clock_properties
============================================================================
Clock                   Period          Waveform
----------------------------------------------------
clk_i               3125.000000    0.0000001562.500000

===========================================================================
report_clock_latency
============================================================================
Clock clk_i
rise -> rise
    min     max
0.000000 0.000000 source latency
0.326682         network latency _188_/CLK
        0.330144 network latency _181_/CLK
---------------
0.326682 0.330144 latency
        0.003463 skew

fall -> fall
    min     max
0.000000 0.000000 source latency
0.318551         network latency _166_/CLK
        0.322416 network latency _162_/CLK
---------------
0.318551 0.322416 latency
        0.003865 skew



===========================================================================
report_clock_min_period
============================================================================
clk_i period_min = 3.15 fmax = 317.39
