
===========================================================================
 report_power
============================================================================
======================= nom_tt_025C_1v80 Corner ===================================

Group                    Internal    Switching      Leakage        Total
                            Power        Power        Power        Power (Watts)
------------------------------------------------------------------------
Sequential           6.806067e-07 1.692633e-07 4.096236e-10 8.502796e-07  33.0%
Combinational        7.838332e-07 4.822358e-07 5.041342e-10 1.266573e-06  49.1%
Clock                3.010264e-07 1.589735e-07 2.193150e-10 4.602192e-07  17.9%
Macro                0.000000e+00 0.000000e+00 0.000000e+00 0.000000e+00   0.0%
Pad                  0.000000e+00 0.000000e+00 0.000000e+00 0.000000e+00   0.0%
------------------------------------------------------------------------
Total                1.765466e-06 8.104726e-07 1.133072e-09 2.577072e-06 100.0%
                            68.5%        31.4%         0.0%
Writing metric power__internal__total: 1.765466322467546e-6
Writing metric power__switching__total: 8.104725566226989e-7
Writing metric power__leakage__total: 1.1330721916280595e-9
Writing metric power__total: 2.5770718821149785e-6

