Reading OpenROAD database at '/home/matheus/openframe_user_project/openlane/rng/runs/26_02_17_10_28/41-openroad-repairantennas/1-diodeinsertion/rng_top.odb'…
Reading library file at '/home/matheus/openframe_user_project/dependencies/pdks/sky130A/libs.ref/sky130_fd_sc_hd/lib/sky130_fd_sc_hd__tt_025C_1v80.lib'…
Reading design constraints file at '/nix/store/iah2c26wzpgdvqc1jv2xxg55xq5km74d-python3-3.11.9-env/lib/python3.11/site-packages/librelane/scripts/base.sdc'…
[INFO] Using clock clk_i…
[INFO] Setting output delay to: 625
[INFO] Setting input delay to: 625
[INFO] Setting load to: 0.033442
[INFO] Setting clock uncertainty to: 0.25
[INFO] Setting clock transition to: 0.1499999999999999944488848768742172978818416595458984375
[INFO] Setting timing derate to: 5%
[INFO ORD-0030] Using 8 thread(s).
[INFO DRT-0149] Reading tech and libs.
[WARNING DRT-0349] LEF58_ENCLOSURE with no CUTCLASS is not supported. Skipping for layer mcon
[WARNING DRT-0349] LEF58_ENCLOSURE with no CUTCLASS is not supported. Skipping for layer mcon
[WARNING DRT-0349] LEF58_ENCLOSURE with no CUTCLASS is not supported. Skipping for layer via
[WARNING DRT-0349] LEF58_ENCLOSURE with no CUTCLASS is not supported. Skipping for layer via
[WARNING DRT-0349] LEF58_ENCLOSURE with no CUTCLASS is not supported. Skipping for layer via2
[WARNING DRT-0349] LEF58_ENCLOSURE with no CUTCLASS is not supported. Skipping for layer via2
[WARNING DRT-0349] LEF58_ENCLOSURE with no CUTCLASS is not supported. Skipping for layer via3
[WARNING DRT-0349] LEF58_ENCLOSURE with no CUTCLASS is not supported. Skipping for layer via3
[WARNING DRT-0349] LEF58_ENCLOSURE with no CUTCLASS is not supported. Skipping for layer via4
[WARNING DRT-0349] LEF58_ENCLOSURE with no CUTCLASS is not supported. Skipping for layer via4

Units:                1000
Number of layers:     13
Number of macros:     445
Number of vias:       28
Number of viarulegen: 25

[INFO DRT-0150] Reading design.

Design:                   rng_top
Die area:                 ( 0 0 ) ( 115000 115000 )
Number of track patterns: 12
Number of DEF vias:       0
Number of components:     533
Number of terminals:      9
Number of snets:          2
Number of nets:           336

[INFO DRT-0167] List of default vias:
  Layer via
    default via: M1M2_PR
  Layer via2
    default via: M2M3_PR
  Layer via3
    default via: M3M4_PR
  Layer via4
    default via: M4M5_PR
[INFO DRT-0162] Library cell analysis.
[INFO DRT-0163] Instance analysis.
[INFO DRT-0164] Number of unique instances = 108.
[INFO DRT-0168] Init region query.
[INFO DRT-0024]   Complete FR_MASTERSLICE.
[INFO DRT-0024]   Complete licon.
[INFO DRT-0024]   Complete li1.
[INFO DRT-0024]   Complete mcon.
[INFO DRT-0024]   Complete met1.
[INFO DRT-0024]   Complete via.
[INFO DRT-0024]   Complete met2.
[INFO DRT-0024]   Complete via2.
[INFO DRT-0024]   Complete met3.
[INFO DRT-0024]   Complete via3.
[INFO DRT-0024]   Complete met4.
[INFO DRT-0024]   Complete via4.
[INFO DRT-0024]   Complete met5.
[INFO DRT-0033] FR_MASTERSLICE shape region query size = 0.
[INFO DRT-0033] licon shape region query size = 0.
[INFO DRT-0033] li1 shape region query size = 12961.
[INFO DRT-0033] mcon shape region query size = 0.
[INFO DRT-0033] met1 shape region query size = 1976.
[INFO DRT-0033] via shape region query size = 175.
[INFO DRT-0033] met2 shape region query size = 106.
[INFO DRT-0033] via2 shape region query size = 140.
[INFO DRT-0033] met3 shape region query size = 111.
[INFO DRT-0033] via3 shape region query size = 140.
[INFO DRT-0033] met4 shape region query size = 39.
[INFO DRT-0033] via4 shape region query size = 0.
[INFO DRT-0033] met5 shape region query size = 0.
[INFO DRT-0165] Start pin access.
[INFO DRT-0078]   Complete 358 pins.
[INFO DRT-0079]   Complete 100 unique inst patterns.
[INFO DRT-0081]   Complete 102 unique inst patterns.
[INFO DRT-0084]   Complete 192 groups.
#scanned instances     = 533
#unique  instances     = 108
#stdCellGenAp          = 2815
#stdCellValidPlanarAp  = 36
#stdCellValidViaAp     = 2116
#stdCellPinNoAp        = 0
#stdCellPinCnt         = 1108
#instTermValidViaApCnt = 0
#macroGenAp            = 0
#macroValidPlanarAp    = 0
#macroValidViaAp       = 0
#macroNoAp             = 0
[INFO DRT-0166] Complete pin access.
[INFO DRT-0267] cpu time = 00:00:15, elapsed time = 00:00:02, memory = 139.59 (MB), peak = 138.88 (MB)

[INFO DRT-0157] Number of guides:     2213

[INFO DRT-0169] Post process guides.
[INFO DRT-0176] GCELLGRID X 0 DO 16 STEP 6900 ;
[INFO DRT-0177] GCELLGRID Y 0 DO 16 STEP 6900 ;
[INFO DRT-0028]   Complete FR_MASTERSLICE.
[INFO DRT-0028]   Complete licon.
[INFO DRT-0028]   Complete li1.
[INFO DRT-0028]   Complete mcon.
[INFO DRT-0028]   Complete met1.
[INFO DRT-0028]   Complete via.
[INFO DRT-0028]   Complete met2.
[INFO DRT-0028]   Complete via2.
[INFO DRT-0028]   Complete met3.
[INFO DRT-0028]   Complete via3.
[INFO DRT-0028]   Complete met4.
[INFO DRT-0028]   Complete via4.
[INFO DRT-0028]   Complete met5.
[INFO DRT-0178] Init guide query.
[INFO DRT-0035]   Complete FR_MASTERSLICE (guide).
[INFO DRT-0035]   Complete licon (guide).
[INFO DRT-0035]   Complete li1 (guide).
[INFO DRT-0035]   Complete mcon (guide).
[INFO DRT-0035]   Complete met1 (guide).
[INFO DRT-0035]   Complete via (guide).
[INFO DRT-0035]   Complete met2 (guide).
[INFO DRT-0035]   Complete via2 (guide).
[INFO DRT-0035]   Complete met3 (guide).
[INFO DRT-0035]   Complete via3 (guide).
[INFO DRT-0035]   Complete met4 (guide).
[INFO DRT-0035]   Complete via4 (guide).
[INFO DRT-0035]   Complete met5 (guide).
[INFO DRT-0036] FR_MASTERSLICE guide region query size = 0.
[INFO DRT-0036] licon guide region query size = 0.
[INFO DRT-0036] li1 guide region query size = 817.
[INFO DRT-0036] mcon guide region query size = 0.
[INFO DRT-0036] met1 guide region query size = 605.
[INFO DRT-0036] via guide region query size = 0.
[INFO DRT-0036] met2 guide region query size = 283.
[INFO DRT-0036] via2 guide region query size = 0.
[INFO DRT-0036] met3 guide region query size = 7.
[INFO DRT-0036] via3 guide region query size = 0.
[INFO DRT-0036] met4 guide region query size = 0.
[INFO DRT-0036] via4 guide region query size = 0.
[INFO DRT-0036] met5 guide region query size = 0.
[INFO DRT-0179] Init gr pin query.
[INFO DRT-0245] skipped writing guide updates to database.
[INFO DRT-0185] Post process initialize RPin region query.
[INFO DRT-0181] Start track assignment.
[INFO DRT-0184] Done with 1100 vertical wires in 1 frboxes and 612 horizontal wires in 1 frboxes.
[INFO DRT-0186] Done with 64 vertical wires in 1 frboxes and 212 horizontal wires in 1 frboxes.
[INFO DRT-0182] Complete track assignment.
[INFO DRT-0267] cpu time = 00:00:00, elapsed time = 00:00:00, memory = 146.28 (MB), peak = 145.49 (MB)
[INFO DRT-0187] Start routing data preparation.
[INFO DRT-0267] cpu time = 00:00:00, elapsed time = 00:00:00, memory = 146.49 (MB), peak = 145.74 (MB)
[INFO DRT-0194] Start detail routing.
[INFO DRT-0195] Start 0th optimization iteration.
    Completing 10% with 0 violations.
    elapsed time = 00:00:00, memory = 146.84 (MB).
    Completing 20% with 0 violations.
    elapsed time = 00:00:00, memory = 146.90 (MB).
    Completing 30% with 0 violations.
    elapsed time = 00:00:00, memory = 163.51 (MB).
    Completing 40% with 0 violations.
    elapsed time = 00:00:00, memory = 157.94 (MB).
    Completing 50% with 25 violations.
    elapsed time = 00:00:00, memory = 168.77 (MB).
    Completing 60% with 25 violations.
    elapsed time = 00:00:01, memory = 168.77 (MB).
    Completing 70% with 38 violations.
    elapsed time = 00:00:01, memory = 168.78 (MB).
    Completing 80% with 38 violations.
    elapsed time = 00:00:02, memory = 175.75 (MB).
    Completing 90% with 54 violations.
    elapsed time = 00:00:02, memory = 175.75 (MB).
    Completing 100% with 78 violations.
    elapsed time = 00:00:02, memory = 175.75 (MB).
[INFO DRT-0199]   Number of violations = 93.
Viol/Layer         li1   met1   met2   met3
Metal Spacing        4     12      1      5
Min Hole             0      4      0      0
Recheck              0     10      4      1
Short                0     51      1      0
[INFO DRT-0267] cpu time = 00:00:08, elapsed time = 00:00:03, memory = 536.94 (MB), peak = 536.30 (MB)
Total wire length = 6432 um.
Total wire length on LAYER li1 = 0 um.
Total wire length on LAYER met1 = 3740 um.
Total wire length on LAYER met2 = 2613 um.
Total wire length on LAYER met3 = 78 um.
Total wire length on LAYER met4 = 0 um.
Total wire length on LAYER met5 = 0 um.
Total number of vias = 2135.
Up-via summary (total 2135):

-----------------------
 FR_MASTERSLICE       0
            li1    1049
           met1    1075
           met2      11
           met3       0
           met4       0
-----------------------
                   2135


[INFO DRT-0195] Start 1st optimization iteration.
    Completing 10% with 93 violations.
    elapsed time = 00:00:00, memory = 536.95 (MB).
    Completing 20% with 93 violations.
    elapsed time = 00:00:00, memory = 541.21 (MB).
    Completing 30% with 93 violations.
    elapsed time = 00:00:00, memory = 541.67 (MB).
    Completing 40% with 93 violations.
    elapsed time = 00:00:00, memory = 541.67 (MB).
    Completing 50% with 83 violations.
    elapsed time = 00:00:00, memory = 547.52 (MB).
    Completing 60% with 83 violations.
    elapsed time = 00:00:00, memory = 547.59 (MB).
    Completing 70% with 63 violations.
    elapsed time = 00:00:00, memory = 547.59 (MB).
    Completing 80% with 63 violations.
    elapsed time = 00:00:01, memory = 555.31 (MB).
    Completing 90% with 69 violations.
    elapsed time = 00:00:03, memory = 555.31 (MB).
    Completing 100% with 33 violations.
    elapsed time = 00:00:03, memory = 555.31 (MB).
[INFO DRT-0199]   Number of violations = 33.
Viol/Layer        met1   met2
Metal Spacing       10      3
Min Hole             1      0
Short               18      1
[INFO DRT-0267] cpu time = 00:00:08, elapsed time = 00:00:03, memory = 555.44 (MB), peak = 571.55 (MB)
Total wire length = 6381 um.
Total wire length on LAYER li1 = 0 um.
Total wire length on LAYER met1 = 3681 um.
Total wire length on LAYER met2 = 2615 um.
Total wire length on LAYER met3 = 84 um.
Total wire length on LAYER met4 = 0 um.
Total wire length on LAYER met5 = 0 um.
Total number of vias = 2127.
Up-via summary (total 2127):

-----------------------
 FR_MASTERSLICE       0
            li1    1049
           met1    1065
           met2      13
           met3       0
           met4       0
-----------------------
                   2127


[INFO DRT-0195] Start 2nd optimization iteration.
    Completing 10% with 33 violations.
    elapsed time = 00:00:00, memory = 555.44 (MB).
    Completing 20% with 33 violations.
    elapsed time = 00:00:00, memory = 556.18 (MB).
    Completing 30% with 33 violations.
    elapsed time = 00:00:00, memory = 556.35 (MB).
    Completing 40% with 33 violations.
    elapsed time = 00:00:00, memory = 564.70 (MB).
    Completing 50% with 27 violations.
    elapsed time = 00:00:00, memory = 564.70 (MB).
    Completing 60% with 27 violations.
    elapsed time = 00:00:01, memory = 564.70 (MB).
    Completing 70% with 31 violations.
    elapsed time = 00:00:01, memory = 564.70 (MB).
    Completing 80% with 31 violations.
    elapsed time = 00:00:01, memory = 564.70 (MB).
    Completing 90% with 30 violations.
    elapsed time = 00:00:03, memory = 564.70 (MB).
    Completing 100% with 35 violations.
    elapsed time = 00:00:03, memory = 564.70 (MB).
[INFO DRT-0199]   Number of violations = 35.
Viol/Layer        met1   met2
Metal Spacing        3      5
Min Hole             1      0
Short               26      0
[INFO DRT-0267] cpu time = 00:00:08, elapsed time = 00:00:03, memory = 567.58 (MB), peak = 588.98 (MB)
Total wire length = 6420 um.
Total wire length on LAYER li1 = 0 um.
Total wire length on LAYER met1 = 3721 um.
Total wire length on LAYER met2 = 2627 um.
Total wire length on LAYER met3 = 71 um.
Total wire length on LAYER met4 = 0 um.
Total wire length on LAYER met5 = 0 um.
Total number of vias = 2133.
Up-via summary (total 2133):

-----------------------
 FR_MASTERSLICE       0
            li1    1048
           met1    1075
           met2      10
           met3       0
           met4       0
-----------------------
                   2133


[INFO DRT-0195] Start 3rd optimization iteration.
    Completing 10% with 35 violations.
    elapsed time = 00:00:00, memory = 567.58 (MB).
    Completing 20% with 35 violations.
    elapsed time = 00:00:00, memory = 567.58 (MB).
    Completing 30% with 35 violations.
    elapsed time = 00:00:00, memory = 567.58 (MB).
    Completing 40% with 35 violations.
    elapsed time = 00:00:01, memory = 594.57 (MB).
    Completing 50% with 19 violations.
    elapsed time = 00:00:01, memory = 594.57 (MB).
    Completing 60% with 19 violations.
    elapsed time = 00:00:01, memory = 594.57 (MB).
    Completing 70% with 18 violations.
    elapsed time = 00:00:01, memory = 594.57 (MB).
    Completing 80% with 18 violations.
    elapsed time = 00:00:01, memory = 594.57 (MB).
    Completing 90% with 9 violations.
    elapsed time = 00:00:02, memory = 594.57 (MB).
    Completing 100% with 0 violations.
    elapsed time = 00:00:02, memory = 594.57 (MB).
[INFO DRT-0199]   Number of violations = 0.
[INFO DRT-0267] cpu time = 00:00:06, elapsed time = 00:00:02, memory = 594.57 (MB), peak = 593.87 (MB)
Total wire length = 6422 um.
Total wire length on LAYER li1 = 0 um.
Total wire length on LAYER met1 = 3657 um.
Total wire length on LAYER met2 = 2642 um.
Total wire length on LAYER met3 = 122 um.
Total wire length on LAYER met4 = 0 um.
Total wire length on LAYER met5 = 0 um.
Total number of vias = 2151.
Up-via summary (total 2151):

-----------------------
 FR_MASTERSLICE       0
            li1    1048
           met1    1081
           met2      22
           met3       0
           met4       0
-----------------------
                   2151


[INFO DRT-0198] Complete detail routing.
Total wire length = 6422 um.
Total wire length on LAYER li1 = 0 um.
Total wire length on LAYER met1 = 3657 um.
Total wire length on LAYER met2 = 2642 um.
Total wire length on LAYER met3 = 122 um.
Total wire length on LAYER met4 = 0 um.
Total wire length on LAYER met5 = 0 um.
Total number of vias = 2151.
Up-via summary (total 2151):

-----------------------
 FR_MASTERSLICE       0
            li1    1048
           met1    1081
           met2      22
           met3       0
           met4       0
-----------------------
                   2151


[INFO DRT-0267] cpu time = 00:00:32, elapsed time = 00:00:12, memory = 594.57 (MB), peak = 593.87 (MB)

[INFO DRT-0180] Post processing.
Setting global connections for newly added cells…
[INFO] Setting global connections...
Updating metrics…
Cell type report:                       Count       Area
  Fill cell                                68     255.24
  Tap cell                                126     157.65
  Clock buffer                             14     275.26
  Timing Repair Buffer                     96     859.57
  Inverter                                 17      63.81
  Clock inverter                            2      10.01
  Sequential cell                          60    1516.45
  Multi-Input combinational cell          150    1294.99
  Total                                   533    4433.00
Writing OpenROAD database to '/home/matheus/openframe_user_project/openlane/rng/runs/26_02_17_10_28/43-openroad-detailedrouting/rng_top.odb'…
Writing netlist to '/home/matheus/openframe_user_project/openlane/rng/runs/26_02_17_10_28/43-openroad-detailedrouting/rng_top.nl.v'…
Writing powered netlist to '/home/matheus/openframe_user_project/openlane/rng/runs/26_02_17_10_28/43-openroad-detailedrouting/rng_top.pnl.v'…
Writing layout to '/home/matheus/openframe_user_project/openlane/rng/runs/26_02_17_10_28/43-openroad-detailedrouting/rng_top.def'…
Writing timing constraints to '/home/matheus/openframe_user_project/openlane/rng/runs/26_02_17_10_28/43-openroad-detailedrouting/rng_top.sdc'…
