Clock: clk_i
Sources: clk_i 
Generated: no
Virtual: yes
Propagated: no
Period: 3125.000000

===========================================================================
report_clock_properties
============================================================================
Clock                   Period          Waveform
----------------------------------------------------
clk_i               3125.000000    0.0000001562.500000

===========================================================================
report_clock_latency
============================================================================
Clock clk_i
rise -> rise
    min     max
0.000000 0.000000 source latency
0.599456         network latency _160_/CLK
        0.604518 network latency _161_/CLK
---------------
0.599456 0.604518 latency
        0.005062 skew

fall -> fall
    min     max
0.000000 0.000000 source latency
0.589012         network latency _160_/CLK
        0.593332 network latency _172_/CLK
---------------
0.589012 0.593332 latency
        0.004320 skew



===========================================================================
report_clock_min_period
============================================================================
clk_i period_min = 6.63 fmax = 150.75
