
===========================================================================
 report_power
============================================================================
======================= nom_tt_025C_1v80 Corner ===================================

Group                    Internal    Switching      Leakage        Total
                            Power        Power        Power        Power (Watts)
------------------------------------------------------------------------
Sequential           8.364411e-07 2.127608e-07 4.875871e-10 1.049689e-06  31.0%
Combinational        1.065403e-06 7.002863e-07 6.079218e-10 1.766297e-06  52.2%
Clock                3.830101e-07 1.829079e-07 2.333017e-10 5.661513e-07  16.7%
Macro                0.000000e+00 0.000000e+00 0.000000e+00 0.000000e+00   0.0%
Pad                  0.000000e+00 0.000000e+00 0.000000e+00 0.000000e+00   0.0%
------------------------------------------------------------------------
Total                2.284855e-06 1.095956e-06 1.328811e-09 3.382140e-06 100.0%
                            67.6%        32.4%         0.0%
Writing metric power__internal__total: 2.2848553271614946e-6
Writing metric power__switching__total: 1.0959557812384446e-6
Writing metric power__leakage__total: 1.3288113942522273e-9
Writing metric power__total: 3.3821397664723918e-6

