
===========================================================================
 report_power
============================================================================
======================= max_tt_025C_1v80 Corner ===================================

Group                    Internal    Switching      Leakage        Total
                            Power        Power        Power        Power (Watts)
------------------------------------------------------------------------
Sequential           6.595357e-07 1.507192e-07 4.117267e-10 8.106666e-07  33.6%
Combinational        6.888184e-07 4.349864e-07 5.090588e-10 1.124314e-06  46.6%
Clock                3.097569e-07 1.669430e-07 2.217573e-10 4.769216e-07  19.8%
Macro                0.000000e+00 0.000000e+00 0.000000e+00 0.000000e+00   0.0%
Pad                  0.000000e+00 0.000000e+00 0.000000e+00 0.000000e+00   0.0%
------------------------------------------------------------------------
Total                1.658111e-06 7.526486e-07 1.142543e-09 2.411902e-06 100.0%
                            68.7%        31.2%         0.0%

