                                                                       Cells by Function                                                                        
┏━━━━━━━━━━━━━━━━━━━━━━━━━━━━━━━━━━━━━━━━━━━━━━━━━━━━━━━━━━━━━━━━━━━━━━━━━━━━━━━━━━━━━━━━━━━━━━━━━━━━━━━━━━━━━━━━━━━━━━━━━━━━━━━━┳━━━━━━━━━━━━━━━━━━━━━━━━━━━━━┓
┃ Cell Function                                                                                                                  ┃ Count                       ┃
┡━━━━━━━━━━━━━━━━━━━━━━━━━━━━━━━━━━━━━━━━━━━━━━━━━━━━━━━━━━━━━━━━━━━━━━━━━━━━━━━━━━━━━━━━━━━━━━━━━━━━━━━━━━━━━━━━━━━━━━━━━━━━━━━━╇━━━━━━━━━━━━━━━━━━━━━━━━━━━━━┩
│ sky130_ef_sc_hd__decap_40                                                                                                      │ 50                          │
│ sky130_fd_sc_hd__a211o                                                                                                         │ 2                           │
│ sky130_fd_sc_hd__a21oi                                                                                                         │ 1                           │
│ sky130_fd_sc_hd__a221o                                                                                                         │ 4                           │
│ sky130_fd_sc_hd__a221oi                                                                                                        │ 1                           │
│ sky130_fd_sc_hd__and2b                                                                                                         │ 1                           │
│ sky130_fd_sc_hd__and3                                                                                                          │ 1                           │
│ sky130_fd_sc_hd__and4                                                                                                          │ 1                           │
│ sky130_fd_sc_hd__and4b                                                                                                         │ 1                           │
│ sky130_fd_sc_hd__buf                                                                                                           │ 8                           │
│ sky130_fd_sc_hd__clkbuf                                                                                                        │ 15                          │
│ sky130_fd_sc_hd__clkinv                                                                                                        │ 1                           │
│ sky130_fd_sc_hd__decap                                                                                                         │ 46                          │
│ sky130_fd_sc_hd__dfrtp                                                                                                         │ 35                          │
│ sky130_fd_sc_hd__dlygate4sd3                                                                                                   │ 41                          │
│ sky130_fd_sc_hd__fill                                                                                                          │ 182                         │
│ sky130_fd_sc_hd__inv                                                                                                           │ 3                           │
│ sky130_fd_sc_hd__mux2                                                                                                          │ 27                          │
│ sky130_fd_sc_hd__nand2                                                                                                         │ 10                          │
│ sky130_fd_sc_hd__nor2                                                                                                          │ 1                           │
│ sky130_fd_sc_hd__o221a                                                                                                         │ 1                           │
│ sky130_fd_sc_hd__o311a                                                                                                         │ 1                           │
│ sky130_fd_sc_hd__or2                                                                                                           │ 10                          │
│ sky130_fd_sc_hd__or3                                                                                                           │ 1                           │
│ sky130_fd_sc_hd__tapvpwrvgnd                                                                                                   │ 50                          │
│ sky130_fd_sc_hd__xor2                                                                                                          │ 14                          │
└────────────────────────────────────────────────────────────────────────────────────────────────────────────────────────────────┴─────────────────────────────┘
