Clock: clk_i
Sources: clk_i 
Generated: no
Virtual: yes
Propagated: no
Period: 3125.000000

===========================================================================
report_clock_properties
============================================================================
Clock                   Period          Waveform
----------------------------------------------------
clk_i               3125.000000    0.0000001562.500000

===========================================================================
report_clock_latency
============================================================================
Clock clk_i
rise -> rise
    min     max
0.000000 0.000000 source latency
0.319178         network latency _166_/CLK
        0.322473 network latency _186_/CLK
---------------
0.319178 0.322473 latency
        0.003295 skew

fall -> fall
    min     max
0.000000 0.000000 source latency
0.312866         network latency _165_/CLK
        0.316163 network latency _178_/CLK
---------------
0.312866 0.316163 latency
        0.003297 skew



===========================================================================
report_clock_min_period
============================================================================
clk_i period_min = 3.08 fmax = 324.29
