
 /----------------------------------------------------------------------------\
 |  yosys -- Yosys Open SYnthesis Suite                                       |
 |  Copyright (C) 2012 - 2024  Claire Xenia Wolf <claire@yosyshq.com>         |
 |  Distributed under an ISC-like license, type "license" to see terms        |
 \----------------------------------------------------------------------------/
 Yosys 0.46 (git sha1 e97731b9dda91fa5fa53ed87df7c34163ba59a41, clang++ 17.0.6 -fPIC -O3)
Loaded SDC plugin

1. Executing Liberty frontend: /home/matheus/openframe_user_project/dependencies/pdks/sky130A/libs.ref/sky130_fd_sc_hd/lib/sky130_fd_sc_hd__tt_025C_1v80.lib
Imported 428 cell types from liberty file.
[INFO] Using SDC file '/home/matheus/openframe_user_project/openlane/rng/runs/26_03_09_20_42/06-yosys-synthesis/synthesis.abc.sdc' for ABC…

2. Executing Verilog-2005 frontend: /home/matheus/openframe_user_project/openlane/rng/src/rng_data_path.v
Parsing SystemVerilog input from `/home/matheus/openframe_user_project/openlane/rng/src/rng_data_path.v' to AST representation.
Storing AST representation for module `$abstract\rng_data_path'.
Successfully finished Verilog frontend.

3. Executing Verilog-2005 frontend: /home/matheus/openframe_user_project/openlane/rng/src/rng_data_path_counter.v
Parsing SystemVerilog input from `/home/matheus/openframe_user_project/openlane/rng/src/rng_data_path_counter.v' to AST representation.
Storing AST representation for module `$abstract\rng_data_path_counter'.
Successfully finished Verilog frontend.

4. Executing Verilog-2005 frontend: /home/matheus/openframe_user_project/openlane/rng/src/rng_hs_dup_detector.v
Parsing SystemVerilog input from `/home/matheus/openframe_user_project/openlane/rng/src/rng_hs_dup_detector.v' to AST representation.
Storing AST representation for module `$abstract\rng_hs_dup_detector'.
Successfully finished Verilog frontend.

5. Executing Verilog-2005 frontend: /home/matheus/openframe_user_project/openlane/rng/src/rng_selector.v
Parsing SystemVerilog input from `/home/matheus/openframe_user_project/openlane/rng/src/rng_selector.v' to AST representation.
Storing AST representation for module `$abstract\rng_selector'.
Successfully finished Verilog frontend.

6. Executing Verilog-2005 frontend: /home/matheus/openframe_user_project/openlane/rng/src/rng_top.v
Parsing SystemVerilog input from `/home/matheus/openframe_user_project/openlane/rng/src/rng_top.v' to AST representation.
Storing AST representation for module `$abstract\rng_top'.
Successfully finished Verilog frontend.

7. Executing HIERARCHY pass (managing design hierarchy).

8. Executing AST frontend in derive mode using pre-parsed AST for module `\rng_top'.
Generating RTLIL representation for module `\rng_top'.

8.1. Analyzing design hierarchy..
Top module:  \rng_top
Parameter \DEPTH = 72
Parameter \T_DEPTH = 71
Parameter \WIDTH = 3
Parameter \T_WIDTH = 2
Parameter \SEED_TOT_NUMB = 32
Parameter \SD_T_TOT_NUMB = 31
Parameter \COUNT_WIDTH = 5
Parameter \T_COUNT_WID = 4

8.2. Executing AST frontend in derive mode using pre-parsed AST for module `\rng_hs_dup_detector'.
Parameter \DEPTH = 72
Parameter \T_DEPTH = 71
Parameter \WIDTH = 3
Parameter \T_WIDTH = 2
Parameter \SEED_TOT_NUMB = 32
Parameter \SD_T_TOT_NUMB = 31
Parameter \COUNT_WIDTH = 5
Parameter \T_COUNT_WID = 4
Generating RTLIL representation for module `$paramod$d4a8d07bbfa4d976cb7990b0fb06505ff64b7723\rng_hs_dup_detector'.
Parameter \DEPTH = 72
Parameter \T_DEPTH = 71
Parameter \WIDTH = 3
Parameter \T_WIDTH = 2
Parameter \SEED_TOT_NUMB = 32
Parameter \SD_T_TOT_NUMB = 31
Parameter \COUNT_WIDTH = 5
Parameter \T_COUNT_WID = 4

8.3. Executing AST frontend in derive mode using pre-parsed AST for module `\rng_selector'.
Parameter \DEPTH = 72
Parameter \T_DEPTH = 71
Parameter \WIDTH = 3
Parameter \T_WIDTH = 2
Parameter \SEED_TOT_NUMB = 32
Parameter \SD_T_TOT_NUMB = 31
Parameter \COUNT_WIDTH = 5
Parameter \T_COUNT_WID = 4
Generating RTLIL representation for module `$paramod$d4a8d07bbfa4d976cb7990b0fb06505ff64b7723\rng_selector'.
Parameter \DEPTH = 72
Parameter \T_DEPTH = 71
Parameter \WIDTH = 3
Parameter \T_WIDTH = 2
Parameter \SEED_TOT_NUMB = 32
Parameter \SD_T_TOT_NUMB = 31
Parameter \COUNT_WIDTH = 5
Parameter \T_COUNT_WID = 4

8.4. Executing AST frontend in derive mode using pre-parsed AST for module `\rng_data_path'.
Parameter \DEPTH = 72
Parameter \T_DEPTH = 71
Parameter \WIDTH = 3
Parameter \T_WIDTH = 2
Parameter \SEED_TOT_NUMB = 32
Parameter \SD_T_TOT_NUMB = 31
Parameter \COUNT_WIDTH = 5
Parameter \T_COUNT_WID = 4
Generating RTLIL representation for module `$paramod$d4a8d07bbfa4d976cb7990b0fb06505ff64b7723\rng_data_path'.

8.5. Analyzing design hierarchy..
Top module:  \rng_top
Used module:     $paramod$d4a8d07bbfa4d976cb7990b0fb06505ff64b7723\rng_hs_dup_detector
Used module:     $paramod$d4a8d07bbfa4d976cb7990b0fb06505ff64b7723\rng_selector
Used module:     $paramod$d4a8d07bbfa4d976cb7990b0fb06505ff64b7723\rng_data_path

8.6. Executing AST frontend in derive mode using pre-parsed AST for module `\rng_data_path_counter'.
Generating RTLIL representation for module `\rng_data_path_counter'.

8.7. Analyzing design hierarchy..
Top module:  \rng_top
Used module:     $paramod$d4a8d07bbfa4d976cb7990b0fb06505ff64b7723\rng_hs_dup_detector
Used module:     $paramod$d4a8d07bbfa4d976cb7990b0fb06505ff64b7723\rng_selector
Used module:     $paramod$d4a8d07bbfa4d976cb7990b0fb06505ff64b7723\rng_data_path
Used module:         \rng_data_path_counter

8.8. Analyzing design hierarchy..
Top module:  \rng_top
Used module:     $paramod$d4a8d07bbfa4d976cb7990b0fb06505ff64b7723\rng_hs_dup_detector
Used module:     $paramod$d4a8d07bbfa4d976cb7990b0fb06505ff64b7723\rng_selector
Used module:     $paramod$d4a8d07bbfa4d976cb7990b0fb06505ff64b7723\rng_data_path
Used module:         \rng_data_path_counter
Removing unused module `$abstract\rng_top'.
Removing unused module `$abstract\rng_selector'.
Removing unused module `$abstract\rng_hs_dup_detector'.
Removing unused module `$abstract\rng_data_path_counter'.
Removing unused module `$abstract\rng_data_path'.
Removed 5 unused modules.
Renaming module rng_top to rng_top.

9. Generating Graphviz representation of design.
Writing dot description to `/home/matheus/openframe_user_project/openlane/rng/runs/26_03_09_20_42/06-yosys-synthesis/hierarchy.dot'.
Dumping module rng_top to page 1.

10. Executing TRIBUF pass.

11. Executing HIERARCHY pass (managing design hierarchy).

11.1. Analyzing design hierarchy..
Top module:  \rng_top
Used module:     $paramod$d4a8d07bbfa4d976cb7990b0fb06505ff64b7723\rng_hs_dup_detector
Used module:     $paramod$d4a8d07bbfa4d976cb7990b0fb06505ff64b7723\rng_selector
Used module:     $paramod$d4a8d07bbfa4d976cb7990b0fb06505ff64b7723\rng_data_path
Used module:         \rng_data_path_counter

11.2. Analyzing design hierarchy..
Top module:  \rng_top
Used module:     $paramod$d4a8d07bbfa4d976cb7990b0fb06505ff64b7723\rng_hs_dup_detector
Used module:     $paramod$d4a8d07bbfa4d976cb7990b0fb06505ff64b7723\rng_selector
Used module:     $paramod$d4a8d07bbfa4d976cb7990b0fb06505ff64b7723\rng_data_path
Used module:         \rng_data_path_counter
Removed 0 unused modules.

12. Executing PROC_CLEAN pass (remove empty switches from decision trees).
Cleaned up 0 empty switches.

13. Executing PROC_RMDEAD pass (remove dead branches from decision trees).
Removed 4 dead cases from process $proc$/home/matheus/openframe_user_project/openlane/rng/src/rng_data_path.v:141$36 in module $paramod$d4a8d07bbfa4d976cb7990b0fb06505ff64b7723\rng_data_path.
Marked 7 switch rules as full_case in process $proc$/home/matheus/openframe_user_project/openlane/rng/src/rng_data_path.v:141$36 in module $paramod$d4a8d07bbfa4d976cb7990b0fb06505ff64b7723\rng_data_path.
Marked 1 switch rules as full_case in process $proc$/home/matheus/openframe_user_project/openlane/rng/src/rng_selector.v:46$31 in module $paramod$d4a8d07bbfa4d976cb7990b0fb06505ff64b7723\rng_selector.
Marked 2 switch rules as full_case in process $proc$/home/matheus/openframe_user_project/openlane/rng/src/rng_hs_dup_detector.v:200$25 in module $paramod$d4a8d07bbfa4d976cb7990b0fb06505ff64b7723\rng_hs_dup_detector.
Marked 2 switch rules as full_case in process $proc$/home/matheus/openframe_user_project/openlane/rng/src/rng_hs_dup_detector.v:181$23 in module $paramod$d4a8d07bbfa4d976cb7990b0fb06505ff64b7723\rng_hs_dup_detector.
Marked 1 switch rules as full_case in process $proc$/home/matheus/openframe_user_project/openlane/rng/src/rng_hs_dup_detector.v:163$19 in module $paramod$d4a8d07bbfa4d976cb7990b0fb06505ff64b7723\rng_hs_dup_detector.
Marked 1 switch rules as full_case in process $proc$/home/matheus/openframe_user_project/openlane/rng/src/rng_hs_dup_detector.v:150$18 in module $paramod$d4a8d07bbfa4d976cb7990b0fb06505ff64b7723\rng_hs_dup_detector.
Marked 8 switch rules as full_case in process $proc$/home/matheus/openframe_user_project/openlane/rng/src/rng_hs_dup_detector.v:63$2 in module $paramod$d4a8d07bbfa4d976cb7990b0fb06505ff64b7723\rng_hs_dup_detector.
Marked 3 switch rules as full_case in process $proc$/home/matheus/openframe_user_project/openlane/rng/src/rng_data_path_counter.v:44$49 in module rng_data_path_counter.
Removed a total of 4 dead cases.

14. Executing PROC_PRUNE pass (remove redundant assignments in processes).
Removed 18 redundant assignments.
Promoted 14 assignments to connections.

15. Executing PROC_INIT pass (extract init attributes).

16. Executing PROC_ARST pass (detect async resets in processes).
Found async reset \rst_i in `$paramod$d4a8d07bbfa4d976cb7990b0fb06505ff64b7723\rng_data_path.$proc$/home/matheus/openframe_user_project/openlane/rng/src/rng_data_path.v:141$36'.
Found async reset \rst_i in `$paramod$d4a8d07bbfa4d976cb7990b0fb06505ff64b7723\rng_selector.$proc$/home/matheus/openframe_user_project/openlane/rng/src/rng_selector.v:46$31'.
Found async reset \rst_i in `$paramod$d4a8d07bbfa4d976cb7990b0fb06505ff64b7723\rng_hs_dup_detector.$proc$/home/matheus/openframe_user_project/openlane/rng/src/rng_hs_dup_detector.v:200$25'.
Found async reset \rst_i in `$paramod$d4a8d07bbfa4d976cb7990b0fb06505ff64b7723\rng_hs_dup_detector.$proc$/home/matheus/openframe_user_project/openlane/rng/src/rng_hs_dup_detector.v:181$23'.
Found async reset \rst_i in `$paramod$d4a8d07bbfa4d976cb7990b0fb06505ff64b7723\rng_hs_dup_detector.$proc$/home/matheus/openframe_user_project/openlane/rng/src/rng_hs_dup_detector.v:163$19'.
Found async reset \rst_i in `\rng_data_path_counter.$proc$/home/matheus/openframe_user_project/openlane/rng/src/rng_data_path_counter.v:44$49'.

17. Executing PROC_ROM pass (convert switches to ROMs).
Converted 4 switches.
<suppressed ~15 debug messages>

18. Executing PROC_MUX pass (convert decision trees to multiplexers).
Creating decoders for process `$paramod$d4a8d07bbfa4d976cb7990b0fb06505ff64b7723\rng_data_path.$proc$/home/matheus/openframe_user_project/openlane/rng/src/rng_data_path.v:141$36'.
     1/10: $7\num_selector$func$/home/matheus/openframe_user_project/openlane/rng/src/rng_data_path.v:150$35.$result[2:0]$48
     2/10: $6\num_selector$func$/home/matheus/openframe_user_project/openlane/rng/src/rng_data_path.v:150$35.$result[2:0]$47
     3/10: $5\num_selector$func$/home/matheus/openframe_user_project/openlane/rng/src/rng_data_path.v:150$35.$result[2:0]$46
     4/10: $4\num_selector$func$/home/matheus/openframe_user_project/openlane/rng/src/rng_data_path.v:150$35.$result[2:0]$45
     5/10: $3\num_selector$func$/home/matheus/openframe_user_project/openlane/rng/src/rng_data_path.v:150$35.$result[2:0]$44
     6/10: $0\next_num[2:0]
     7/10: $2\num_selector$func$/home/matheus/openframe_user_project/openlane/rng/src/rng_data_path.v:150$35.$result[2:0]$42
     8/10: $2\num_selector$func$/home/matheus/openframe_user_project/openlane/rng/src/rng_data_path.v:150$35.num[2:0]$43
     9/10: $1\num_selector$func$/home/matheus/openframe_user_project/openlane/rng/src/rng_data_path.v:150$35.num[2:0]$41
    10/10: $1\num_selector$func$/home/matheus/openframe_user_project/openlane/rng/src/rng_data_path.v:150$35.$result[2:0]$40
Creating decoders for process `$paramod$d4a8d07bbfa4d976cb7990b0fb06505ff64b7723\rng_selector.$proc$/home/matheus/openframe_user_project/openlane/rng/src/rng_selector.v:58$34'.
Creating decoders for process `$paramod$d4a8d07bbfa4d976cb7990b0fb06505ff64b7723\rng_selector.$proc$/home/matheus/openframe_user_project/openlane/rng/src/rng_selector.v:46$31'.
     1/1: $0\seed_s[1:0]
Creating decoders for process `$paramod$d4a8d07bbfa4d976cb7990b0fb06505ff64b7723\rng_hs_dup_detector.$proc$/home/matheus/openframe_user_project/openlane/rng/src/rng_hs_dup_detector.v:259$29'.
Creating decoders for process `$paramod$d4a8d07bbfa4d976cb7990b0fb06505ff64b7723\rng_hs_dup_detector.$proc$/home/matheus/openframe_user_project/openlane/rng/src/rng_hs_dup_detector.v:200$25'.
     1/10: $0\data_o[2:0]
     2/10: $0\req_num[0:0]
     3/10: $0\ram_7[2:0]
     4/10: $0\ram_6[2:0]
     5/10: $0\ram_5[2:0]
     6/10: $0\ram_4[2:0]
     7/10: $0\ram_3[2:0]
     8/10: $0\ram_2[2:0]
     9/10: $0\ram_1[2:0]
    10/10: $0\ram_0[2:0]
Creating decoders for process `$paramod$d4a8d07bbfa4d976cb7990b0fb06505ff64b7723\rng_hs_dup_detector.$proc$/home/matheus/openframe_user_project/openlane/rng/src/rng_hs_dup_detector.v:181$23'.
     1/1: $0\cache[2:0]
Creating decoders for process `$paramod$d4a8d07bbfa4d976cb7990b0fb06505ff64b7723\rng_hs_dup_detector.$proc$/home/matheus/openframe_user_project/openlane/rng/src/rng_hs_dup_detector.v:163$19'.
     1/4: $0\wr_pulse[0:0]
     2/4: $0\wr_ff2_d[0:0]
     3/4: $0\wr_ff2[0:0]
     4/4: $0\wr_ff1[0:0]
Creating decoders for process `$paramod$d4a8d07bbfa4d976cb7990b0fb06505ff64b7723\rng_hs_dup_detector.$proc$/home/matheus/openframe_user_project/openlane/rng/src/rng_hs_dup_detector.v:150$18'.
     1/1: $1\next_state[0:0]
Creating decoders for process `$paramod$d4a8d07bbfa4d976cb7990b0fb06505ff64b7723\rng_hs_dup_detector.$proc$/home/matheus/openframe_user_project/openlane/rng/src/rng_hs_dup_detector.v:63$2'.
     1/8: $1\dec7[0:0]
     2/8: $1\dec6[0:0]
     3/8: $1\dec5[0:0]
     4/8: $1\dec4[0:0]
     5/8: $1\dec3[0:0]
     6/8: $1\dec2[0:0]
     7/8: $1\dec1[0:0]
     8/8: $1\dec0[0:0]
Creating decoders for process `\rng_data_path_counter.$proc$/home/matheus/openframe_user_project/openlane/rng/src/rng_data_path_counter.v:44$49'.
     1/1: $0\num_counter[2:0]

19. Executing PROC_DLATCH pass (convert process syncs to latches).
No latch inferred for signal `$paramod$d4a8d07bbfa4d976cb7990b0fb06505ff64b7723\rng_selector.\seed_sel_o' from process `$paramod$d4a8d07bbfa4d976cb7990b0fb06505ff64b7723\rng_selector.$proc$/home/matheus/openframe_user_project/openlane/rng/src/rng_selector.v:58$34'.
No latch inferred for signal `$paramod$d4a8d07bbfa4d976cb7990b0fb06505ff64b7723\rng_hs_dup_detector.\req_new_num_o' from process `$paramod$d4a8d07bbfa4d976cb7990b0fb06505ff64b7723\rng_hs_dup_detector.$proc$/home/matheus/openframe_user_project/openlane/rng/src/rng_hs_dup_detector.v:259$29'.
No latch inferred for signal `$paramod$d4a8d07bbfa4d976cb7990b0fb06505ff64b7723\rng_hs_dup_detector.\next_state' from process `$paramod$d4a8d07bbfa4d976cb7990b0fb06505ff64b7723\rng_hs_dup_detector.$proc$/home/matheus/openframe_user_project/openlane/rng/src/rng_hs_dup_detector.v:150$18'.
No latch inferred for signal `$paramod$d4a8d07bbfa4d976cb7990b0fb06505ff64b7723\rng_hs_dup_detector.\decx' from process `$paramod$d4a8d07bbfa4d976cb7990b0fb06505ff64b7723\rng_hs_dup_detector.$proc$/home/matheus/openframe_user_project/openlane/rng/src/rng_hs_dup_detector.v:63$2'.
No latch inferred for signal `$paramod$d4a8d07bbfa4d976cb7990b0fb06505ff64b7723\rng_hs_dup_detector.\dec0' from process `$paramod$d4a8d07bbfa4d976cb7990b0fb06505ff64b7723\rng_hs_dup_detector.$proc$/home/matheus/openframe_user_project/openlane/rng/src/rng_hs_dup_detector.v:63$2'.
No latch inferred for signal `$paramod$d4a8d07bbfa4d976cb7990b0fb06505ff64b7723\rng_hs_dup_detector.\dec1' from process `$paramod$d4a8d07bbfa4d976cb7990b0fb06505ff64b7723\rng_hs_dup_detector.$proc$/home/matheus/openframe_user_project/openlane/rng/src/rng_hs_dup_detector.v:63$2'.
No latch inferred for signal `$paramod$d4a8d07bbfa4d976cb7990b0fb06505ff64b7723\rng_hs_dup_detector.\dec2' from process `$paramod$d4a8d07bbfa4d976cb7990b0fb06505ff64b7723\rng_hs_dup_detector.$proc$/home/matheus/openframe_user_project/openlane/rng/src/rng_hs_dup_detector.v:63$2'.
No latch inferred for signal `$paramod$d4a8d07bbfa4d976cb7990b0fb06505ff64b7723\rng_hs_dup_detector.\dec3' from process `$paramod$d4a8d07bbfa4d976cb7990b0fb06505ff64b7723\rng_hs_dup_detector.$proc$/home/matheus/openframe_user_project/openlane/rng/src/rng_hs_dup_detector.v:63$2'.
No latch inferred for signal `$paramod$d4a8d07bbfa4d976cb7990b0fb06505ff64b7723\rng_hs_dup_detector.\dec4' from process `$paramod$d4a8d07bbfa4d976cb7990b0fb06505ff64b7723\rng_hs_dup_detector.$proc$/home/matheus/openframe_user_project/openlane/rng/src/rng_hs_dup_detector.v:63$2'.
No latch inferred for signal `$paramod$d4a8d07bbfa4d976cb7990b0fb06505ff64b7723\rng_hs_dup_detector.\dec5' from process `$paramod$d4a8d07bbfa4d976cb7990b0fb06505ff64b7723\rng_hs_dup_detector.$proc$/home/matheus/openframe_user_project/openlane/rng/src/rng_hs_dup_detector.v:63$2'.
No latch inferred for signal `$paramod$d4a8d07bbfa4d976cb7990b0fb06505ff64b7723\rng_hs_dup_detector.\dec6' from process `$paramod$d4a8d07bbfa4d976cb7990b0fb06505ff64b7723\rng_hs_dup_detector.$proc$/home/matheus/openframe_user_project/openlane/rng/src/rng_hs_dup_detector.v:63$2'.
No latch inferred for signal `$paramod$d4a8d07bbfa4d976cb7990b0fb06505ff64b7723\rng_hs_dup_detector.\dec7' from process `$paramod$d4a8d07bbfa4d976cb7990b0fb06505ff64b7723\rng_hs_dup_detector.$proc$/home/matheus/openframe_user_project/openlane/rng/src/rng_hs_dup_detector.v:63$2'.

20. Executing PROC_DFF pass (convert process syncs to FFs).
Creating register for signal `$paramod$d4a8d07bbfa4d976cb7990b0fb06505ff64b7723\rng_data_path.\next_num' using process `$paramod$d4a8d07bbfa4d976cb7990b0fb06505ff64b7723\rng_data_path.$proc$/home/matheus/openframe_user_project/openlane/rng/src/rng_data_path.v:141$36'.
  created $adff cell `$procdff$189' with positive edge clock and positive level reset.
Creating register for signal `$paramod$d4a8d07bbfa4d976cb7990b0fb06505ff64b7723\rng_data_path.\num_selector$func$/home/matheus/openframe_user_project/openlane/rng/src/rng_data_path.v:150$35.$result' using process `$paramod$d4a8d07bbfa4d976cb7990b0fb06505ff64b7723\rng_data_path.$proc$/home/matheus/openframe_user_project/openlane/rng/src/rng_data_path.v:141$36'.
  created $adff cell `$procdff$194' with positive edge clock and positive level reset.
Creating register for signal `$paramod$d4a8d07bbfa4d976cb7990b0fb06505ff64b7723\rng_data_path.\num_selector$func$/home/matheus/openframe_user_project/openlane/rng/src/rng_data_path.v:150$35.num' using process `$paramod$d4a8d07bbfa4d976cb7990b0fb06505ff64b7723\rng_data_path.$proc$/home/matheus/openframe_user_project/openlane/rng/src/rng_data_path.v:141$36'.
  created $adff cell `$procdff$199' with positive edge clock and positive level reset.
Creating register for signal `$paramod$d4a8d07bbfa4d976cb7990b0fb06505ff64b7723\rng_selector.\seed_s' using process `$paramod$d4a8d07bbfa4d976cb7990b0fb06505ff64b7723\rng_selector.$proc$/home/matheus/openframe_user_project/openlane/rng/src/rng_selector.v:46$31'.
  created $adff cell `$procdff$204' with positive edge clock and positive level reset.
Creating register for signal `$paramod$d4a8d07bbfa4d976cb7990b0fb06505ff64b7723\rng_hs_dup_detector.\req_num' using process `$paramod$d4a8d07bbfa4d976cb7990b0fb06505ff64b7723\rng_hs_dup_detector.$proc$/home/matheus/openframe_user_project/openlane/rng/src/rng_hs_dup_detector.v:200$25'.
  created $adff cell `$procdff$209' with positive edge clock and positive level reset.
Creating register for signal `$paramod$d4a8d07bbfa4d976cb7990b0fb06505ff64b7723\rng_hs_dup_detector.\data_o' using process `$paramod$d4a8d07bbfa4d976cb7990b0fb06505ff64b7723\rng_hs_dup_detector.$proc$/home/matheus/openframe_user_project/openlane/rng/src/rng_hs_dup_detector.v:200$25'.
  created $adff cell `$procdff$214' with positive edge clock and positive level reset.
Creating register for signal `$paramod$d4a8d07bbfa4d976cb7990b0fb06505ff64b7723\rng_hs_dup_detector.\ram_0' using process `$paramod$d4a8d07bbfa4d976cb7990b0fb06505ff64b7723\rng_hs_dup_detector.$proc$/home/matheus/openframe_user_project/openlane/rng/src/rng_hs_dup_detector.v:200$25'.
  created $adff cell `$procdff$219' with positive edge clock and positive level reset.
Creating register for signal `$paramod$d4a8d07bbfa4d976cb7990b0fb06505ff64b7723\rng_hs_dup_detector.\ram_1' using process `$paramod$d4a8d07bbfa4d976cb7990b0fb06505ff64b7723\rng_hs_dup_detector.$proc$/home/matheus/openframe_user_project/openlane/rng/src/rng_hs_dup_detector.v:200$25'.
  created $adff cell `$procdff$224' with positive edge clock and positive level reset.
Creating register for signal `$paramod$d4a8d07bbfa4d976cb7990b0fb06505ff64b7723\rng_hs_dup_detector.\ram_2' using process `$paramod$d4a8d07bbfa4d976cb7990b0fb06505ff64b7723\rng_hs_dup_detector.$proc$/home/matheus/openframe_user_project/openlane/rng/src/rng_hs_dup_detector.v:200$25'.
  created $adff cell `$procdff$229' with positive edge clock and positive level reset.
Creating register for signal `$paramod$d4a8d07bbfa4d976cb7990b0fb06505ff64b7723\rng_hs_dup_detector.\ram_3' using process `$paramod$d4a8d07bbfa4d976cb7990b0fb06505ff64b7723\rng_hs_dup_detector.$proc$/home/matheus/openframe_user_project/openlane/rng/src/rng_hs_dup_detector.v:200$25'.
  created $adff cell `$procdff$234' with positive edge clock and positive level reset.
Creating register for signal `$paramod$d4a8d07bbfa4d976cb7990b0fb06505ff64b7723\rng_hs_dup_detector.\ram_4' using process `$paramod$d4a8d07bbfa4d976cb7990b0fb06505ff64b7723\rng_hs_dup_detector.$proc$/home/matheus/openframe_user_project/openlane/rng/src/rng_hs_dup_detector.v:200$25'.
  created $adff cell `$procdff$239' with positive edge clock and positive level reset.
Creating register for signal `$paramod$d4a8d07bbfa4d976cb7990b0fb06505ff64b7723\rng_hs_dup_detector.\ram_5' using process `$paramod$d4a8d07bbfa4d976cb7990b0fb06505ff64b7723\rng_hs_dup_detector.$proc$/home/matheus/openframe_user_project/openlane/rng/src/rng_hs_dup_detector.v:200$25'.
  created $adff cell `$procdff$244' with positive edge clock and positive level reset.
Creating register for signal `$paramod$d4a8d07bbfa4d976cb7990b0fb06505ff64b7723\rng_hs_dup_detector.\ram_6' using process `$paramod$d4a8d07bbfa4d976cb7990b0fb06505ff64b7723\rng_hs_dup_detector.$proc$/home/matheus/openframe_user_project/openlane/rng/src/rng_hs_dup_detector.v:200$25'.
  created $adff cell `$procdff$249' with positive edge clock and positive level reset.
Creating register for signal `$paramod$d4a8d07bbfa4d976cb7990b0fb06505ff64b7723\rng_hs_dup_detector.\ram_7' using process `$paramod$d4a8d07bbfa4d976cb7990b0fb06505ff64b7723\rng_hs_dup_detector.$proc$/home/matheus/openframe_user_project/openlane/rng/src/rng_hs_dup_detector.v:200$25'.
  created $adff cell `$procdff$254' with positive edge clock and positive level reset.
Creating register for signal `$paramod$d4a8d07bbfa4d976cb7990b0fb06505ff64b7723\rng_hs_dup_detector.\cache' using process `$paramod$d4a8d07bbfa4d976cb7990b0fb06505ff64b7723\rng_hs_dup_detector.$proc$/home/matheus/openframe_user_project/openlane/rng/src/rng_hs_dup_detector.v:181$23'.
  created $adff cell `$procdff$259' with positive edge clock and positive level reset.
Creating register for signal `$paramod$d4a8d07bbfa4d976cb7990b0fb06505ff64b7723\rng_hs_dup_detector.\wr_ff1' using process `$paramod$d4a8d07bbfa4d976cb7990b0fb06505ff64b7723\rng_hs_dup_detector.$proc$/home/matheus/openframe_user_project/openlane/rng/src/rng_hs_dup_detector.v:163$19'.
  created $adff cell `$procdff$264' with positive edge clock and positive level reset.
Creating register for signal `$paramod$d4a8d07bbfa4d976cb7990b0fb06505ff64b7723\rng_hs_dup_detector.\wr_ff2' using process `$paramod$d4a8d07bbfa4d976cb7990b0fb06505ff64b7723\rng_hs_dup_detector.$proc$/home/matheus/openframe_user_project/openlane/rng/src/rng_hs_dup_detector.v:163$19'.
  created $adff cell `$procdff$269' with positive edge clock and positive level reset.
Creating register for signal `$paramod$d4a8d07bbfa4d976cb7990b0fb06505ff64b7723\rng_hs_dup_detector.\wr_ff2_d' using process `$paramod$d4a8d07bbfa4d976cb7990b0fb06505ff64b7723\rng_hs_dup_detector.$proc$/home/matheus/openframe_user_project/openlane/rng/src/rng_hs_dup_detector.v:163$19'.
  created $adff cell `$procdff$274' with positive edge clock and positive level reset.
Creating register for signal `$paramod$d4a8d07bbfa4d976cb7990b0fb06505ff64b7723\rng_hs_dup_detector.\wr_pulse' using process `$paramod$d4a8d07bbfa4d976cb7990b0fb06505ff64b7723\rng_hs_dup_detector.$proc$/home/matheus/openframe_user_project/openlane/rng/src/rng_hs_dup_detector.v:163$19'.
  created $adff cell `$procdff$279' with positive edge clock and positive level reset.
Creating register for signal `\rng_data_path_counter.\num_counter' using process `\rng_data_path_counter.$proc$/home/matheus/openframe_user_project/openlane/rng/src/rng_data_path_counter.v:44$49'.
  created $adff cell `$procdff$284' with positive edge clock and positive level reset.

21. Executing PROC_MEMWR pass (convert process memory writes to cells).

22. Executing PROC_CLEAN pass (remove empty switches from decision trees).
Found and cleaned up 6 empty switches in `$paramod$d4a8d07bbfa4d976cb7990b0fb06505ff64b7723\rng_data_path.$proc$/home/matheus/openframe_user_project/openlane/rng/src/rng_data_path.v:141$36'.
Removing empty process `$paramod$d4a8d07bbfa4d976cb7990b0fb06505ff64b7723\rng_data_path.$proc$/home/matheus/openframe_user_project/openlane/rng/src/rng_data_path.v:141$36'.
Removing empty process `$paramod$d4a8d07bbfa4d976cb7990b0fb06505ff64b7723\rng_selector.$proc$/home/matheus/openframe_user_project/openlane/rng/src/rng_selector.v:58$34'.
Removing empty process `$paramod$d4a8d07bbfa4d976cb7990b0fb06505ff64b7723\rng_selector.$proc$/home/matheus/openframe_user_project/openlane/rng/src/rng_selector.v:46$31'.
Removing empty process `$paramod$d4a8d07bbfa4d976cb7990b0fb06505ff64b7723\rng_hs_dup_detector.$proc$/home/matheus/openframe_user_project/openlane/rng/src/rng_hs_dup_detector.v:259$29'.
Found and cleaned up 1 empty switch in `$paramod$d4a8d07bbfa4d976cb7990b0fb06505ff64b7723\rng_hs_dup_detector.$proc$/home/matheus/openframe_user_project/openlane/rng/src/rng_hs_dup_detector.v:200$25'.
Removing empty process `$paramod$d4a8d07bbfa4d976cb7990b0fb06505ff64b7723\rng_hs_dup_detector.$proc$/home/matheus/openframe_user_project/openlane/rng/src/rng_hs_dup_detector.v:200$25'.
Found and cleaned up 1 empty switch in `$paramod$d4a8d07bbfa4d976cb7990b0fb06505ff64b7723\rng_hs_dup_detector.$proc$/home/matheus/openframe_user_project/openlane/rng/src/rng_hs_dup_detector.v:181$23'.
Removing empty process `$paramod$d4a8d07bbfa4d976cb7990b0fb06505ff64b7723\rng_hs_dup_detector.$proc$/home/matheus/openframe_user_project/openlane/rng/src/rng_hs_dup_detector.v:181$23'.
Removing empty process `$paramod$d4a8d07bbfa4d976cb7990b0fb06505ff64b7723\rng_hs_dup_detector.$proc$/home/matheus/openframe_user_project/openlane/rng/src/rng_hs_dup_detector.v:163$19'.
Found and cleaned up 1 empty switch in `$paramod$d4a8d07bbfa4d976cb7990b0fb06505ff64b7723\rng_hs_dup_detector.$proc$/home/matheus/openframe_user_project/openlane/rng/src/rng_hs_dup_detector.v:150$18'.
Removing empty process `$paramod$d4a8d07bbfa4d976cb7990b0fb06505ff64b7723\rng_hs_dup_detector.$proc$/home/matheus/openframe_user_project/openlane/rng/src/rng_hs_dup_detector.v:150$18'.
Found and cleaned up 8 empty switches in `$paramod$d4a8d07bbfa4d976cb7990b0fb06505ff64b7723\rng_hs_dup_detector.$proc$/home/matheus/openframe_user_project/openlane/rng/src/rng_hs_dup_detector.v:63$2'.
Removing empty process `$paramod$d4a8d07bbfa4d976cb7990b0fb06505ff64b7723\rng_hs_dup_detector.$proc$/home/matheus/openframe_user_project/openlane/rng/src/rng_hs_dup_detector.v:63$2'.
Found and cleaned up 2 empty switches in `\rng_data_path_counter.$proc$/home/matheus/openframe_user_project/openlane/rng/src/rng_data_path_counter.v:44$49'.
Removing empty process `rng_data_path_counter.$proc$/home/matheus/openframe_user_project/openlane/rng/src/rng_data_path_counter.v:44$49'.
Cleaned up 19 empty switches.

23. Executing CHECK pass (checking for obvious problems).
Checking module rng_top...
Checking module $paramod$d4a8d07bbfa4d976cb7990b0fb06505ff64b7723\rng_data_path...
Checking module $paramod$d4a8d07bbfa4d976cb7990b0fb06505ff64b7723\rng_selector...
Checking module $paramod$d4a8d07bbfa4d976cb7990b0fb06505ff64b7723\rng_hs_dup_detector...
Checking module rng_data_path_counter...
Found and reported 0 problems.

24. Executing OPT_EXPR pass (perform const folding).
Optimizing module rng_top.
Optimizing module $paramod$d4a8d07bbfa4d976cb7990b0fb06505ff64b7723\rng_data_path.
<suppressed ~9 debug messages>
Optimizing module $paramod$d4a8d07bbfa4d976cb7990b0fb06505ff64b7723\rng_selector.
<suppressed ~2 debug messages>
Optimizing module $paramod$d4a8d07bbfa4d976cb7990b0fb06505ff64b7723\rng_hs_dup_detector.
<suppressed ~31 debug messages>
Optimizing module rng_data_path_counter.
<suppressed ~2 debug messages>

25. Executing FLATTEN pass (flatten design).
Deleting now unused module $paramod$d4a8d07bbfa4d976cb7990b0fb06505ff64b7723\rng_data_path.
Deleting now unused module $paramod$d4a8d07bbfa4d976cb7990b0fb06505ff64b7723\rng_selector.
Deleting now unused module $paramod$d4a8d07bbfa4d976cb7990b0fb06505ff64b7723\rng_hs_dup_detector.
Deleting now unused module rng_data_path_counter.
<suppressed ~4 debug messages>

26. Executing OPT_EXPR pass (perform const folding).
Optimizing module rng_top.
Couldn't topologically sort cells, optimizing module rng_top may take a longer time.
Couldn't topologically sort cells, optimizing module rng_top may take a longer time.

27. Executing OPT_CLEAN pass (remove unused cells and wires).
Finding unused cells or wires in module \rng_top..
Removed 61 unused cells and 173 unused wires.
<suppressed ~72 debug messages>

28. Executing OPT_EXPR pass (perform const folding).
Optimizing module rng_top.
Couldn't topologically sort cells, optimizing module rng_top may take a longer time.
Couldn't topologically sort cells, optimizing module rng_top may take a longer time.

29. Executing OPT_MERGE pass (detect identical cells).
Finding identical cells in module `\rng_top'.
Removed a total of 0 cells.

30. Executing OPT_MUXTREE pass (detect dead branches in mux trees).
Running muxtree optimizer on module \rng_top..
  Creating internal representation of mux trees.
  Evaluating internal representation of mux trees.
  Analyzing evaluation results.
Removed 0 multiplexer ports.
<suppressed ~21 debug messages>

31. Executing OPT_REDUCE pass (consolidate $*mux and $reduce_* inputs).
  Optimizing cells in module \rng_top.
Performed a total of 0 changes.

32. Executing OPT_MERGE pass (detect identical cells).
Finding identical cells in module `\rng_top'.
Removed a total of 0 cells.

33. Executing OPT_DFF pass (perform DFF optimizations).

34. Executing OPT_CLEAN pass (remove unused cells and wires).
Finding unused cells or wires in module \rng_top..

35. Executing OPT_EXPR pass (perform const folding).
Optimizing module rng_top.
Couldn't topologically sort cells, optimizing module rng_top may take a longer time.
Couldn't topologically sort cells, optimizing module rng_top may take a longer time.

36. Executing FSM pass (extract and optimize FSM).

36.1. Executing FSM_DETECT pass (finding FSMs in design).

36.2. Executing FSM_EXTRACT pass (extracting FSM from design).

36.3. Executing FSM_OPT pass (simple optimizations of FSMs).

36.4. Executing OPT_CLEAN pass (remove unused cells and wires).
Finding unused cells or wires in module \rng_top..

36.5. Executing FSM_OPT pass (simple optimizations of FSMs).

36.6. Executing FSM_RECODE pass (re-assigning FSM state encoding).

36.7. Executing FSM_INFO pass (dumping all available information on FSM cells).

36.8. Executing FSM_MAP pass (mapping FSMs to basic logic).

37. Executing OPT_EXPR pass (perform const folding).
Optimizing module rng_top.
Couldn't topologically sort cells, optimizing module rng_top may take a longer time.
Couldn't topologically sort cells, optimizing module rng_top may take a longer time.

38. Executing OPT_MERGE pass (detect identical cells).
Finding identical cells in module `\rng_top'.
Removed a total of 0 cells.

39. Executing OPT_MUXTREE pass (detect dead branches in mux trees).
Running muxtree optimizer on module \rng_top..
  Creating internal representation of mux trees.
  Evaluating internal representation of mux trees.
  Analyzing evaluation results.
Removed 0 multiplexer ports.
<suppressed ~21 debug messages>

40. Executing OPT_REDUCE pass (consolidate $*mux and $reduce_* inputs).
  Optimizing cells in module \rng_top.
Performed a total of 0 changes.

41. Executing OPT_MERGE pass (detect identical cells).
Finding identical cells in module `\rng_top'.
Removed a total of 0 cells.

42. Executing OPT_DFF pass (perform DFF optimizations).
Adding EN signal on $flatten\rng_rd.$procdff$259 ($adff) from module rng_top (D = \rng_dp.inst.num_counter, Q = \rng_rd.cache).
Adding EN signal on $flatten\rng_rd.$procdff$254 ($adff) from module rng_top (D = \rng_rd.ram_6, Q = \rng_rd.ram_7).
Adding EN signal on $flatten\rng_rd.$procdff$249 ($adff) from module rng_top (D = \rng_rd.ram_5, Q = \rng_rd.ram_6).
Adding EN signal on $flatten\rng_rd.$procdff$244 ($adff) from module rng_top (D = \rng_rd.ram_4, Q = \rng_rd.ram_5).
Adding EN signal on $flatten\rng_rd.$procdff$239 ($adff) from module rng_top (D = \rng_rd.ram_3, Q = \rng_rd.ram_4).
Adding EN signal on $flatten\rng_rd.$procdff$234 ($adff) from module rng_top (D = \rng_rd.ram_2, Q = \rng_rd.ram_3).
Adding EN signal on $flatten\rng_rd.$procdff$229 ($adff) from module rng_top (D = \rng_rd.ram_1, Q = \rng_rd.ram_2).
Adding EN signal on $flatten\rng_rd.$procdff$224 ($adff) from module rng_top (D = \rng_rd.ram_0, Q = \rng_rd.ram_1).
Adding EN signal on $flatten\rng_rd.$procdff$219 ($adff) from module rng_top (D = \rng_rd.cache, Q = \rng_rd.ram_0).
Adding EN signal on $flatten\rng_rd.$procdff$214 ($adff) from module rng_top (D = \rng_rd.cache, Q = \rng_rd.data_o).
Adding EN signal on $flatten\rng_dp.\inst.$procdff$284 ($adff) from module rng_top (D = $flatten\rng_dp.\inst.$procmux$181_Y, Q = \rng_dp.inst.num_counter).

43. Executing OPT_CLEAN pass (remove unused cells and wires).
Finding unused cells or wires in module \rng_top..
Removed 11 unused cells and 11 unused wires.
<suppressed ~12 debug messages>

44. Executing OPT_EXPR pass (perform const folding).
Optimizing module rng_top.
Couldn't topologically sort cells, optimizing module rng_top may take a longer time.
Couldn't topologically sort cells, optimizing module rng_top may take a longer time.

45. Rerunning OPT passes. (Maybe there is more to do…)

46. Executing OPT_MUXTREE pass (detect dead branches in mux trees).
Running muxtree optimizer on module \rng_top..
  Creating internal representation of mux trees.
  Evaluating internal representation of mux trees.
  Analyzing evaluation results.
Removed 0 multiplexer ports.
<suppressed ~11 debug messages>

47. Executing OPT_REDUCE pass (consolidate $*mux and $reduce_* inputs).
  Optimizing cells in module \rng_top.
Performed a total of 0 changes.

48. Executing OPT_MERGE pass (detect identical cells).
Finding identical cells in module `\rng_top'.
<suppressed ~3 debug messages>
Removed a total of 1 cells.

49. Executing OPT_DFF pass (perform DFF optimizations).

50. Executing OPT_CLEAN pass (remove unused cells and wires).
Finding unused cells or wires in module \rng_top..

51. Executing OPT_EXPR pass (perform const folding).
Optimizing module rng_top.
Couldn't topologically sort cells, optimizing module rng_top may take a longer time.
Couldn't topologically sort cells, optimizing module rng_top may take a longer time.

52. Rerunning OPT passes. (Maybe there is more to do…)

53. Executing OPT_MUXTREE pass (detect dead branches in mux trees).
Running muxtree optimizer on module \rng_top..
  Creating internal representation of mux trees.
  Evaluating internal representation of mux trees.
  Analyzing evaluation results.
Removed 0 multiplexer ports.
<suppressed ~11 debug messages>

54. Executing OPT_REDUCE pass (consolidate $*mux and $reduce_* inputs).
  Optimizing cells in module \rng_top.
Performed a total of 0 changes.

55. Executing OPT_MERGE pass (detect identical cells).
Finding identical cells in module `\rng_top'.
Removed a total of 0 cells.

56. Executing OPT_DFF pass (perform DFF optimizations).

57. Executing OPT_CLEAN pass (remove unused cells and wires).
Finding unused cells or wires in module \rng_top..

58. Executing OPT_EXPR pass (perform const folding).
Optimizing module rng_top.
Couldn't topologically sort cells, optimizing module rng_top may take a longer time.
Couldn't topologically sort cells, optimizing module rng_top may take a longer time.

59. Executing WREDUCE pass (reducing word size of cells).
Removed top 31 bits (of 32) from port B of cell rng_top.$flatten\rng_dp.\inst.$add$/home/matheus/openframe_user_project/openlane/rng/src/rng_data_path_counter.v:58$52 ($add).
Removed top 29 bits (of 32) from port Y of cell rng_top.$flatten\rng_dp.\inst.$add$/home/matheus/openframe_user_project/openlane/rng/src/rng_data_path_counter.v:58$52 ($add).
Removed top 29 bits (of 32) from wire rng_top.$flatten\rng_dp.\inst.$add$/home/matheus/openframe_user_project/openlane/rng/src/rng_data_path_counter.v:58$52_Y.

60. Executing PEEPOPT pass (run peephole optimizers).

61. Executing OPT_CLEAN pass (remove unused cells and wires).
Finding unused cells or wires in module \rng_top..
Removed 0 unused cells and 1 unused wires.
<suppressed ~1 debug messages>

62. Executing ALUMACC pass (create $alu and $macc cells).
Extracting $alu and $macc cells in module rng_top:
  creating $macc model for $flatten\rng_dp.\inst.$add$/home/matheus/openframe_user_project/openlane/rng/src/rng_data_path_counter.v:58$52 ($add).
  creating $alu model for $macc $flatten\rng_dp.\inst.$add$/home/matheus/openframe_user_project/openlane/rng/src/rng_data_path_counter.v:58$52.
  creating $alu cell for $flatten\rng_dp.\inst.$add$/home/matheus/openframe_user_project/openlane/rng/src/rng_data_path_counter.v:58$52: $auto$alumacc.cc:485:replace_alu$301
  created 1 $alu and 0 $macc cells.

63. Executing SHARE pass (SAT-based resource sharing).

64. Executing OPT_EXPR pass (perform const folding).
Optimizing module rng_top.
Couldn't topologically sort cells, optimizing module rng_top may take a longer time.
Couldn't topologically sort cells, optimizing module rng_top may take a longer time.

65. Executing OPT_MERGE pass (detect identical cells).
Finding identical cells in module `\rng_top'.
Removed a total of 0 cells.

66. Executing OPT_MUXTREE pass (detect dead branches in mux trees).
Running muxtree optimizer on module \rng_top..
  Creating internal representation of mux trees.
  Evaluating internal representation of mux trees.
  Analyzing evaluation results.
Removed 0 multiplexer ports.
<suppressed ~11 debug messages>

67. Executing OPT_REDUCE pass (consolidate $*mux and $reduce_* inputs).
  Optimizing cells in module \rng_top.
Performed a total of 0 changes.

68. Executing OPT_MERGE pass (detect identical cells).
Finding identical cells in module `\rng_top'.
Removed a total of 0 cells.

69. Executing OPT_DFF pass (perform DFF optimizations).

70. Executing OPT_CLEAN pass (remove unused cells and wires).
Finding unused cells or wires in module \rng_top..

71. Executing OPT_EXPR pass (perform const folding).
Optimizing module rng_top.
Couldn't topologically sort cells, optimizing module rng_top may take a longer time.
Couldn't topologically sort cells, optimizing module rng_top may take a longer time.

72. Executing MEMORY pass.

72.1. Executing OPT_MEM pass (optimize memories).
Performed a total of 0 transformations.

72.2. Executing OPT_MEM_PRIORITY pass (removing unnecessary memory write priority relations).
Performed a total of 0 transformations.

72.3. Executing OPT_MEM_FEEDBACK pass (finding memory read-to-write feedback paths).

72.4. Executing MEMORY_BMUX2ROM pass (converting muxes to ROMs).

72.5. Executing MEMORY_DFF pass (merging $dff cells to $memrd).

72.6. Executing OPT_CLEAN pass (remove unused cells and wires).
Finding unused cells or wires in module \rng_top..

72.7. Executing MEMORY_SHARE pass (consolidating $memrd/$memwr cells).

72.8. Executing OPT_MEM_WIDEN pass (optimize memories where all ports are wide).
Performed a total of 0 transformations.

72.9. Executing OPT_CLEAN pass (remove unused cells and wires).
Finding unused cells or wires in module \rng_top..

72.10. Executing MEMORY_COLLECT pass (generating $mem cells).

73. Executing OPT_CLEAN pass (remove unused cells and wires).
Finding unused cells or wires in module \rng_top..

74. Executing OPT_EXPR pass (perform const folding).
Optimizing module rng_top.
Couldn't topologically sort cells, optimizing module rng_top may take a longer time.
Couldn't topologically sort cells, optimizing module rng_top may take a longer time.
Couldn't topologically sort cells, optimizing module rng_top may take a longer time.
<suppressed ~10 debug messages>

75. Executing OPT_MERGE pass (detect identical cells).
Finding identical cells in module `\rng_top'.
Removed a total of 0 cells.

76. Executing OPT_DFF pass (perform DFF optimizations).

77. Executing OPT_CLEAN pass (remove unused cells and wires).
Finding unused cells or wires in module \rng_top..
Removed 0 unused cells and 8 unused wires.
<suppressed ~1 debug messages>

78. Executing MEMORY_MAP pass (converting memories to logic and flip-flops).

79. Executing OPT_EXPR pass (perform const folding).
Optimizing module rng_top.
Couldn't topologically sort cells, optimizing module rng_top may take a longer time.
Couldn't topologically sort cells, optimizing module rng_top may take a longer time.

80. Executing OPT_MERGE pass (detect identical cells).
Finding identical cells in module `\rng_top'.
Removed a total of 0 cells.

81. Executing OPT_MUXTREE pass (detect dead branches in mux trees).
Running muxtree optimizer on module \rng_top..
  Creating internal representation of mux trees.
  Evaluating internal representation of mux trees.
  Analyzing evaluation results.
Removed 0 multiplexer ports.
<suppressed ~1 debug messages>

82. Executing OPT_REDUCE pass (consolidate $*mux and $reduce_* inputs).
  Optimizing cells in module \rng_top.
Performed a total of 0 changes.

83. Executing OPT_MERGE pass (detect identical cells).
Finding identical cells in module `\rng_top'.
Removed a total of 0 cells.

84. Executing OPT_SHARE pass.

85. Executing OPT_DFF pass (perform DFF optimizations).

86. Executing OPT_CLEAN pass (remove unused cells and wires).
Finding unused cells or wires in module \rng_top..

87. Executing OPT_EXPR pass (perform const folding).
Optimizing module rng_top.
Couldn't topologically sort cells, optimizing module rng_top may take a longer time.
Couldn't topologically sort cells, optimizing module rng_top may take a longer time.

88. Executing TECHMAP pass (map to technology primitives).

88.1. Executing Verilog-2005 frontend: /nix/store/9r0bh7sp051dpm8km8bqlb028anpd3v3-yosys/bin/../share/yosys/techmap.v
Parsing Verilog input from `/nix/store/9r0bh7sp051dpm8km8bqlb028anpd3v3-yosys/bin/../share/yosys/techmap.v' to AST representation.
Generating RTLIL representation for module `\_90_simplemap_bool_ops'.
Generating RTLIL representation for module `\_90_simplemap_reduce_ops'.
Generating RTLIL representation for module `\_90_simplemap_logic_ops'.
Generating RTLIL representation for module `\_90_simplemap_compare_ops'.
Generating RTLIL representation for module `\_90_simplemap_various'.
Generating RTLIL representation for module `\_90_simplemap_registers'.
Generating RTLIL representation for module `\_90_shift_ops_shr_shl_sshl_sshr'.
Generating RTLIL representation for module `\_90_shift_shiftx'.
Generating RTLIL representation for module `\_90_fa'.
Generating RTLIL representation for module `\_90_lcu_brent_kung'.
Generating RTLIL representation for module `\_90_alu'.
Generating RTLIL representation for module `\_90_macc'.
Generating RTLIL representation for module `\_90_alumacc'.
Generating RTLIL representation for module `\$__div_mod_u'.
Generating RTLIL representation for module `\$__div_mod_trunc'.
Generating RTLIL representation for module `\_90_div'.
Generating RTLIL representation for module `\_90_mod'.
Generating RTLIL representation for module `\$__div_mod_floor'.
Generating RTLIL representation for module `\_90_divfloor'.
Generating RTLIL representation for module `\_90_modfloor'.
Generating RTLIL representation for module `\_90_pow'.
Generating RTLIL representation for module `\_90_pmux'.
Generating RTLIL representation for module `\_90_demux'.
Generating RTLIL representation for module `\_90_lut'.
Successfully finished Verilog frontend.

88.2. Continuing TECHMAP pass.
Using extmapper simplemap for cells of type $or.
Using template $paramod$3ef7d3dd227da7627a99c5e5a6a4deb817573e39\_90_alu for cells of type $alu.
Using extmapper simplemap for cells of type $eq.
Using extmapper simplemap for cells of type $mux.
Using extmapper simplemap for cells of type $adffe.
Using extmapper simplemap for cells of type $adff.
Using extmapper simplemap for cells of type $not.
Using extmapper simplemap for cells of type $logic_or.
Using extmapper simplemap for cells of type $logic_and.
Using extmapper simplemap for cells of type $and.
Using extmapper simplemap for cells of type $pos.
Using template $paramod\_90_lcu_brent_kung\WIDTH=32'00000000000000000000000000000011 for cells of type $lcu.
Using extmapper simplemap for cells of type $xor.
No more expansions possible.
<suppressed ~254 debug messages>

89. Executing OPT_EXPR pass (perform const folding).
Optimizing module rng_top.
Couldn't topologically sort cells, optimizing module rng_top may take a longer time.
Couldn't topologically sort cells, optimizing module rng_top may take a longer time.
Couldn't topologically sort cells, optimizing module rng_top may take a longer time.
<suppressed ~21 debug messages>

90. Executing OPT_MERGE pass (detect identical cells).
Finding identical cells in module `\rng_top'.
<suppressed ~12 debug messages>
Removed a total of 4 cells.

91. Executing OPT_DFF pass (perform DFF optimizations).

92. Executing OPT_CLEAN pass (remove unused cells and wires).
Finding unused cells or wires in module \rng_top..
Removed 2 unused cells and 41 unused wires.
<suppressed ~3 debug messages>

93. Executing OPT_EXPR pass (perform const folding).
Optimizing module rng_top.
Couldn't topologically sort cells, optimizing module rng_top may take a longer time.
Couldn't topologically sort cells, optimizing module rng_top may take a longer time.

94. Executing OPT_MERGE pass (detect identical cells).
Finding identical cells in module `\rng_top'.
Removed a total of 0 cells.

95. Executing OPT_DFF pass (perform DFF optimizations).

96. Executing OPT_CLEAN pass (remove unused cells and wires).
Finding unused cells or wires in module \rng_top..

97. Executing ABC pass (technology mapping using ABC).

97.1. Extracting gate netlist of module `\rng_top' to `<abc-temp-dir>/input.blif'..
Breaking loop using new signal $abcloop$595: \req_num_again -> \rng_rd.req_num_i
Extracted 73 gates and 110 wires to a netlist network with 36 inputs and 8 outputs.

97.1.1. Executing ABC.
Running ABC command: "/nix/store/6l3aj1gi4lja8z5s4lan2k2cfz9mqkrz-yosys-abc/bin/abc" -s -f <abc-temp-dir>/abc.script 2>&1
ABC: ABC command line: "source <abc-temp-dir>/abc.script".
ABC: 
ABC: + read_blif <abc-temp-dir>/input.blif 
ABC: + read_library <abc-temp-dir>/stdcells.genlib 
ABC: Entered genlib library with 13 gates from file "<abc-temp-dir>/stdcells.genlib".
ABC: + strash 
ABC: + dretime 
ABC: + map 
ABC: + write_blif <abc-temp-dir>/output.blif 

97.1.2. Re-integrating ABC results.
ABC RESULTS:              XNOR cells:        8
ABC RESULTS:                OR cells:        9
ABC RESULTS:               AND cells:        1
ABC RESULTS:              NAND cells:        1
ABC RESULTS:               XOR cells:       18
ABC RESULTS:             ORNOT cells:        1
ABC RESULTS:            ANDNOT cells:       19
ABC RESULTS:        internal signals:       66
ABC RESULTS:           input signals:       36
ABC RESULTS:          output signals:        8
Removing temp directory.

98. Executing OPT pass (performing simple optimizations).

98.1. Executing OPT_EXPR pass (perform const folding).
Optimizing module rng_top.
Couldn't topologically sort cells, optimizing module rng_top may take a longer time.
Couldn't topologically sort cells, optimizing module rng_top may take a longer time.

98.2. Executing OPT_MERGE pass (detect identical cells).
Finding identical cells in module `\rng_top'.
Removed a total of 0 cells.

98.3. Executing OPT_DFF pass (perform DFF optimizations).

98.4. Executing OPT_CLEAN pass (remove unused cells and wires).
Finding unused cells or wires in module \rng_top..
Removed 0 unused cells and 91 unused wires.
<suppressed ~11 debug messages>

98.5. Finished fast OPT passes.

99. Executing HIERARCHY pass (managing design hierarchy).

99.1. Analyzing design hierarchy..
Top module:  \rng_top

99.2. Analyzing design hierarchy..
Top module:  \rng_top
Removed 0 unused modules.

100. Executing CHECK pass (checking for obvious problems).
Checking module rng_top...
Warning: found logic loop in module rng_top:
    cell $abc$594$auto$blifparse.cc:396:parse_blif$596 ($_OR_)
      (cell's internal connectivity overapproximated; loop may be a false positive)
    wire \rng_rd.req_num_i source: /home/matheus/openframe_user_project/openlane/rng/src/rng_hs_dup_detector.v:16.29-16.38
    cell $abc$594$auto$blifparse.cc:396:parse_blif$597 ($_OR_)
      (cell's internal connectivity overapproximated; loop may be a false positive)
    wire \req_num_again source: /home/matheus/openframe_user_project/openlane/rng/src/rng_top.v:46.10-46.23
Found and reported 1 problems.
Consider re-running with '-force-detailed-loop-check' to rule out false positives.

101. Printing statistics.

=== rng_top ===

   Number of wires:                 97
   Number of wire bits:            133
   Number of public wires:          42
   Number of public wire bits:      78
   Number of ports:                  5
   Number of port bits:              7
   Number of memories:               0
   Number of memory bits:            0
   Number of processes:              0
   Number of cells:                 96
     $_ANDNOT_                      19
     $_AND_                          1
     $_DFFE_PN0P_                   30
     $_DFF_PN0_                      5
     $_NAND_                         1
     $_ORNOT_                        1
     $_OR_                           9
     $_XNOR_                         8
     $_XOR_                         18
     $scopeinfo                      4

102. Generating Graphviz representation of design.
Writing dot description to `/home/matheus/openframe_user_project/openlane/rng/runs/26_03_09_20_42/06-yosys-synthesis/primitive_techmap.dot'.
Dumping module rng_top to page 1.

103. Executing OPT pass (performing simple optimizations).

103.1. Executing OPT_EXPR pass (perform const folding).
Optimizing module rng_top.
Couldn't topologically sort cells, optimizing module rng_top may take a longer time.
Couldn't topologically sort cells, optimizing module rng_top may take a longer time.

103.2. Executing OPT_MERGE pass (detect identical cells).
Finding identical cells in module `\rng_top'.
Removed a total of 0 cells.

103.3. Executing OPT_MUXTREE pass (detect dead branches in mux trees).
Running muxtree optimizer on module \rng_top..
  Creating internal representation of mux trees.
  No muxes found in this module.
Removed 0 multiplexer ports.

103.4. Executing OPT_REDUCE pass (consolidate $*mux and $reduce_* inputs).
  Optimizing cells in module \rng_top.
Performed a total of 0 changes.

103.5. Executing OPT_MERGE pass (detect identical cells).
Finding identical cells in module `\rng_top'.
Removed a total of 0 cells.

103.6. Executing OPT_DFF pass (perform DFF optimizations).

103.7. Executing OPT_CLEAN pass (remove unused cells and wires).
Finding unused cells or wires in module \rng_top..

103.8. Executing OPT_EXPR pass (perform const folding).
Optimizing module rng_top.
Couldn't topologically sort cells, optimizing module rng_top may take a longer time.
Couldn't topologically sort cells, optimizing module rng_top may take a longer time.

103.9. Finished OPT passes. (There is nothing left to do.)

104. Executing OPT_CLEAN pass (remove unused cells and wires).
Finding unused cells or wires in module \rng_top..
Removed 4 unused cells and 21 unused wires.
<suppressed ~25 debug messages>
{
   "creator": "Yosys 0.46 (git sha1 e97731b9dda91fa5fa53ed87df7c34163ba59a41, clang++ 17.0.6 -fPIC -O3)",
   "invocation": "stat -json -liberty /home/matheus/openframe_user_project/openlane/rng/runs/26_03_09_20_42/tmp/59bcb98b0fcc4639868ca38416d58356.lib ",
   "modules": {
      "\\rng_top": {
         "num_wires":         76,
         "num_wire_bits":     96,
         "num_pub_wires":     21,
         "num_pub_wire_bits": 41,
         "num_ports":         5,
         "num_port_bits":     7,
         "num_memories":      0,
         "num_memory_bits":   0,
         "num_processes":     0,
         "num_cells":         92,
         "num_cells_by_type": {
            "$_ANDNOT_": 19,
            "$_AND_": 1,
            "$_DFFE_PN0P_": 30,
            "$_DFF_PN0_": 5,
            "$_NAND_": 1,
            "$_ORNOT_": 1,
            "$_OR_": 9,
            "$_XNOR_": 8,
            "$_XOR_": 18
         }
      }
   },
      "design": {
         "num_wires":         76,
         "num_wire_bits":     96,
         "num_pub_wires":     21,
         "num_pub_wire_bits": 41,
         "num_ports":         5,
         "num_port_bits":     7,
         "num_memories":      0,
         "num_memory_bits":   0,
         "num_processes":     0,
         "num_cells":         92,
         "num_cells_by_type": {
            "$_ANDNOT_": 19,
            "$_AND_": 1,
            "$_DFFE_PN0P_": 30,
            "$_DFF_PN0_": 5,
            "$_NAND_": 1,
            "$_ORNOT_": 1,
            "$_OR_": 9,
            "$_XNOR_": 8,
            "$_XOR_": 18
         }
      }
}

105. Printing statistics.

=== rng_top ===

   Number of wires:                 76
   Number of wire bits:             96
   Number of public wires:          21
   Number of public wire bits:      41
   Number of ports:                  5
   Number of port bits:              7
   Number of memories:               0
   Number of memory bits:            0
   Number of processes:              0
   Number of cells:                 92
     $_ANDNOT_                      19
     $_AND_                          1
     $_DFFE_PN0P_                   30
     $_DFF_PN0_                      5
     $_NAND_                         1
     $_ORNOT_                        1
     $_OR_                           9
     $_XNOR_                         8
     $_XOR_                         18

   Area for cell type $_AND_ is unknown!
   Area for cell type $_NAND_ is unknown!
   Area for cell type $_OR_ is unknown!
   Area for cell type $_XOR_ is unknown!
   Area for cell type $_XNOR_ is unknown!
   Area for cell type $_ANDNOT_ is unknown!
   Area for cell type $_ORNOT_ is unknown!
   Area for cell type $_DFF_PN0_ is unknown!
   Area for cell type $_DFFE_PN0P_ is unknown!

[INFO] Applying tri-state buffer mapping from '/home/matheus/openframe_user_project/dependencies/pdks/sky130A/libs.tech/openlane/sky130_fd_sc_hd/tribuff_map.v'…

106. Executing TECHMAP pass (map to technology primitives).

106.1. Executing Verilog-2005 frontend: /home/matheus/openframe_user_project/dependencies/pdks/sky130A/libs.tech/openlane/sky130_fd_sc_hd/tribuff_map.v
Parsing Verilog input from `/home/matheus/openframe_user_project/dependencies/pdks/sky130A/libs.tech/openlane/sky130_fd_sc_hd/tribuff_map.v' to AST representation.
Generating RTLIL representation for module `\$_TBUF_'.
Successfully finished Verilog frontend.

106.2. Continuing TECHMAP pass.
No more expansions possible.
<suppressed ~3 debug messages>

107. Executing SIMPLEMAP pass (map simple cells to gate primitives).
[INFO] Applying latch mapping from '/home/matheus/openframe_user_project/dependencies/pdks/sky130A/libs.tech/openlane/sky130_fd_sc_hd/latch_map.v'…

108. Executing TECHMAP pass (map to technology primitives).

108.1. Executing Verilog-2005 frontend: /home/matheus/openframe_user_project/dependencies/pdks/sky130A/libs.tech/openlane/sky130_fd_sc_hd/latch_map.v
Parsing Verilog input from `/home/matheus/openframe_user_project/dependencies/pdks/sky130A/libs.tech/openlane/sky130_fd_sc_hd/latch_map.v' to AST representation.
Generating RTLIL representation for module `\$_DLATCH_P_'.
Generating RTLIL representation for module `\$_DLATCH_N_'.
Successfully finished Verilog frontend.

108.2. Continuing TECHMAP pass.
No more expansions possible.
<suppressed ~4 debug messages>

109. Executing SIMPLEMAP pass (map simple cells to gate primitives).

110. Executing DFFLIBMAP pass (mapping DFF cells to sequential cells from liberty file).
  cell sky130_fd_sc_hd__dfxtp_2 (noninv, pins=3, area=21.27) is a direct match for cell type $_DFF_P_.
  cell sky130_fd_sc_hd__dfrtp_2 (noninv, pins=4, area=26.28) is a direct match for cell type $_DFF_PN0_.
  cell sky130_fd_sc_hd__dfstp_2 (noninv, pins=4, area=26.28) is a direct match for cell type $_DFF_PN1_.
  cell sky130_fd_sc_hd__dfbbn_2 (noninv, pins=6, area=35.03) is a direct match for cell type $_DFFSR_NNN_.
  final dff cell mappings:
    unmapped dff cell: $_DFF_N_
    \sky130_fd_sc_hd__dfxtp_2 _DFF_P_ (.CLK( C), .D( D), .Q( Q));
    unmapped dff cell: $_DFF_NN0_
    unmapped dff cell: $_DFF_NN1_
    unmapped dff cell: $_DFF_NP0_
    unmapped dff cell: $_DFF_NP1_
    \sky130_fd_sc_hd__dfrtp_2 _DFF_PN0_ (.CLK( C), .D( D), .Q( Q), .RESET_B( R));
    \sky130_fd_sc_hd__dfstp_2 _DFF_PN1_ (.CLK( C), .D( D), .Q( Q), .SET_B( R));
    unmapped dff cell: $_DFF_PP0_
    unmapped dff cell: $_DFF_PP1_
    \sky130_fd_sc_hd__dfbbn_2 _DFFSR_NNN_ (.CLK_N( C), .D( D), .Q( Q), .Q_N(~Q), .RESET_B( R), .SET_B( S));
    unmapped dff cell: $_DFFSR_NNP_
    unmapped dff cell: $_DFFSR_NPN_
    unmapped dff cell: $_DFFSR_NPP_
    unmapped dff cell: $_DFFSR_PNN_
    unmapped dff cell: $_DFFSR_PNP_
    unmapped dff cell: $_DFFSR_PPN_
    unmapped dff cell: $_DFFSR_PPP_

110.1. Executing DFFLEGALIZE pass (convert FFs to types supported by the target).
Mapping DFF cells in module `\rng_top':
  mapped 35 $_DFF_PN0_ cells to \sky130_fd_sc_hd__dfrtp_2 cells.
{
   "creator": "Yosys 0.46 (git sha1 e97731b9dda91fa5fa53ed87df7c34163ba59a41, clang++ 17.0.6 -fPIC -O3)",
   "invocation": "stat -json -liberty /home/matheus/openframe_user_project/openlane/rng/runs/26_03_09_20_42/tmp/59bcb98b0fcc4639868ca38416d58356.lib ",
   "modules": {
      "\\rng_top": {
         "num_wires":         106,
         "num_wire_bits":     126,
         "num_pub_wires":     21,
         "num_pub_wire_bits": 41,
         "num_ports":         5,
         "num_port_bits":     7,
         "num_memories":      0,
         "num_memory_bits":   0,
         "num_processes":     0,
         "num_cells":         122,
         "area":              919.632000,
         "num_cells_by_type": {
            "$_ANDNOT_": 19,
            "$_AND_": 1,
            "$_MUX_": 30,
            "$_NAND_": 1,
            "$_ORNOT_": 1,
            "$_OR_": 9,
            "$_XNOR_": 8,
            "$_XOR_": 18,
            "sky130_fd_sc_hd__dfrtp_2": 35
         }
      }
   },
      "design": {
         "num_wires":         106,
         "num_wire_bits":     126,
         "num_pub_wires":     21,
         "num_pub_wire_bits": 41,
         "num_ports":         5,
         "num_port_bits":     7,
         "num_memories":      0,
         "num_memory_bits":   0,
         "num_processes":     0,
         "num_cells":         122,
         "area":              919.632000,
         "num_cells_by_type": {
            "$_ANDNOT_": 19,
            "$_AND_": 1,
            "$_MUX_": 30,
            "$_NAND_": 1,
            "$_ORNOT_": 1,
            "$_OR_": 9,
            "$_XNOR_": 8,
            "$_XOR_": 18,
            "sky130_fd_sc_hd__dfrtp_2": 35
         }
      }
}

111. Printing statistics.

=== rng_top ===

   Number of wires:                106
   Number of wire bits:            126
   Number of public wires:          21
   Number of public wire bits:      41
   Number of ports:                  5
   Number of port bits:              7
   Number of memories:               0
   Number of memory bits:            0
   Number of processes:              0
   Number of cells:                122
     $_ANDNOT_                      19
     $_AND_                          1
     $_MUX_                         30
     $_NAND_                         1
     $_ORNOT_                        1
     $_OR_                           9
     $_XNOR_                         8
     $_XOR_                         18
     sky130_fd_sc_hd__dfrtp_2       35

   Area for cell type $_AND_ is unknown!
   Area for cell type $_NAND_ is unknown!
   Area for cell type $_OR_ is unknown!
   Area for cell type $_XOR_ is unknown!
   Area for cell type $_XNOR_ is unknown!
   Area for cell type $_ANDNOT_ is unknown!
   Area for cell type $_ORNOT_ is unknown!
   Area for cell type $_MUX_ is unknown!

   Chip area for module '\rng_top': 919.632000
     of which used for sequential elements: 919.632000 (100.00%)

[INFO] Using generated ABC script '/home/matheus/openframe_user_project/openlane/rng/runs/26_03_09_20_42/06-yosys-synthesis/AREA_0.abc'…

112. Executing ABC pass (technology mapping using ABC).

112.1. Extracting gate netlist of module `\rng_top' to `/tmp/yosys-abc-4UMDTg/input.blif'..
Breaking loop using new signal $abcloop$715: \req_num -> $auto$rtlil.cc:2739:MuxGate$707
                                             \req_num -> $auto$rtlil.cc:2739:MuxGate$705
                                             \req_num -> $auto$rtlil.cc:2739:MuxGate$703
                                             \req_num -> \req_num_again
Extracted 87 gates and 124 wires to a netlist network with 37 inputs and 33 outputs.

112.1.1. Executing ABC.
Running ABC command: "/nix/store/6l3aj1gi4lja8z5s4lan2k2cfz9mqkrz-yosys-abc/bin/abc" -s -f /tmp/yosys-abc-4UMDTg/abc.script 2>&1
ABC: ABC command line: "source /tmp/yosys-abc-4UMDTg/abc.script".
ABC: 
ABC: + read_blif /tmp/yosys-abc-4UMDTg/input.blif 
ABC: + read_lib -w /home/matheus/openframe_user_project/openlane/rng/runs/26_03_09_20_42/tmp/59bcb98b0fcc4639868ca38416d58356.lib 
ABC: Parsing finished successfully.  Parsing time =     0.03 sec
ABC: Scl_LibertyReadGenlib() skipped sequential cell "sky130_fd_sc_hd__dfbbn_2".
ABC: Scl_LibertyReadGenlib() skipped sequential cell "sky130_fd_sc_hd__dfrbp_2".
ABC: Scl_LibertyReadGenlib() skipped sequential cell "sky130_fd_sc_hd__dfrtp_2".
ABC: Scl_LibertyReadGenlib() skipped sequential cell "sky130_fd_sc_hd__dfrtp_4".
ABC: Scl_LibertyReadGenlib() skipped sequential cell "sky130_fd_sc_hd__dfsbp_2".
ABC: Scl_LibertyReadGenlib() skipped sequential cell "sky130_fd_sc_hd__dfstp_2".
ABC: Scl_LibertyReadGenlib() skipped sequential cell "sky130_fd_sc_hd__dfstp_4".
ABC: Scl_LibertyReadGenlib() skipped sequential cell "sky130_fd_sc_hd__dfxbp_2".
ABC: Scl_LibertyReadGenlib() skipped sequential cell "sky130_fd_sc_hd__dfxtp_2".
ABC: Scl_LibertyReadGenlib() skipped sequential cell "sky130_fd_sc_hd__dfxtp_4".
ABC: Scl_LibertyReadGenlib() skipped sequential cell "sky130_fd_sc_hd__dlxtn_1".
ABC: Scl_LibertyReadGenlib() skipped sequential cell "sky130_fd_sc_hd__dlxtn_2".
ABC: Scl_LibertyReadGenlib() skipped sequential cell "sky130_fd_sc_hd__dlxtn_4".
ABC: Scl_LibertyReadGenlib() skipped sequential cell "sky130_fd_sc_hd__dlxtp_1".
ABC: Scl_LibertyReadGenlib() skipped three-state cell "sky130_fd_sc_hd__ebufn_2".
ABC: Scl_LibertyReadGenlib() skipped three-state cell "sky130_fd_sc_hd__ebufn_4".
ABC: Scl_LibertyReadGenlib() skipped three-state cell "sky130_fd_sc_hd__ebufn_8".
ABC: Library "sky130_fd_sc_hd__tt_025C_1v80" from "/home/matheus/openframe_user_project/openlane/rng/runs/26_03_09_20_42/tmp/59bcb98b0fcc4639868ca38416d58356.lib" has 175 cells (17 skipped: 14 seq; 3 tri-state; 0 no func; 0 dont_use).  Time =     0.06 sec
ABC: Memory =    9.54 MB. Time =     0.06 sec
ABC: Warning: Detected 2 multi-output gates (for example, "sky130_fd_sc_hd__fa_1").
ABC: + read_constr -v /home/matheus/openframe_user_project/openlane/rng/runs/26_03_09_20_42/06-yosys-synthesis/synthesis.abc.sdc 
ABC: Setting driving cell to be "sky130_fd_sc_hd__inv_2/Y".
ABC: Setting output load to be 33.442001.
ABC: + source /home/matheus/openframe_user_project/openlane/rng/runs/26_03_09_20_42/06-yosys-synthesis/AREA_0.abc 
ABC: Error: The network is combinational.
ABC: Cannot find the default PI driving cell (sky130_fd_sc_hd__inv_2/Y) in the library.
ABC: WireLoad = "none"  Gates =     80 (  3.8 %)   Cap = 15.5 ff (  8.9 %)   Area =      830.80 ( 62.5 %)   Delay =  1724.27 ps  ( 42.5 %)               
ABC: Path  0 --       6 : 0   13 pi                       A =   0.00  Df =   0.0   -0.0 ps  S =   0.0 ps  Cin =  0.0 ff  Cout =  64.1 ff  Cmax =   0.0 ff  G =    0  
ABC: Path  1 --     106 : 2    1 sky130_fd_sc_hd__or2_2   A =   6.26  Df = 267.5 -190.3 ps  S =  52.1 ps  Cin =  1.5 ff  Cout =   2.5 ff  Cmax = 299.4 ff  G =  161  
ABC: Path  2 --     109 : 5    1 sky130_fd_sc_hd__a221o_2 A =  11.26  Df = 634.6 -416.8 ps  S =  47.5 ps  Cin =  2.3 ff  Cout =   1.6 ff  Cmax = 299.4 ff  G =   65  
ABC: Path  3 --     115 : 4    1 sky130_fd_sc_hd__and4_2  A =  10.01  Df = 842.7 -434.7 ps  S =  43.9 ps  Cin =  1.5 ff  Cout =   1.6 ff  Cmax = 300.3 ff  G =  103  
ABC: Path  4 --     116 : 4   25 sky130_fd_sc_hd__and4b_2 A =  11.26  Df =1211.9 -272.1 ps  S = 465.0 ps  Cin =  1.6 ff  Cout =  89.1 ff  Cmax = 297.6 ff  G = 5538  
ABC: Path  5 --     122 : 3    1 sky130_fd_sc_hd__mux2_1  A =  11.26  Df =1724.3 -249.5 ps  S = 300.8 ps  Cin =  2.3 ff  Cout =  33.4 ff  Cmax = 173.0 ff  G = 1465  
ABC: Start-point = pi5 (\rng_rd.cache [1]).  End-point = po6 ($auto$rtlil.cc:2739:MuxGate$661).
ABC: netlist                       : i/o =   37/   33  lat =    0  nd =    80  edge =    216  area =830.91  delay = 5.00  lev = 5
ABC: + write_blif /tmp/yosys-abc-4UMDTg/output.blif 

112.1.2. Re-integrating ABC results.
ABC RESULTS:   sky130_fd_sc_hd__or3_2 cells:        1
ABC RESULTS:   sky130_fd_sc_hd__o311a_2 cells:        1
ABC RESULTS:   sky130_fd_sc_hd__a221oi_2 cells:        1
ABC RESULTS:   sky130_fd_sc_hd__o221a_2 cells:        1
ABC RESULTS:   sky130_fd_sc_hd__a221o_2 cells:        4
ABC RESULTS:   sky130_fd_sc_hd__nand2_2 cells:       10
ABC RESULTS:   sky130_fd_sc_hd__or2_2 cells:       10
ABC RESULTS:   sky130_fd_sc_hd__a211o_2 cells:        2
ABC RESULTS:   sky130_fd_sc_hd__and4_2 cells:        1
ABC RESULTS:   sky130_fd_sc_hd__and4b_2 cells:        1
ABC RESULTS:   sky130_fd_sc_hd__inv_2 cells:        3
ABC RESULTS:   sky130_fd_sc_hd__and2b_2 cells:        1
ABC RESULTS:   sky130_fd_sc_hd__a21oi_2 cells:        1
ABC RESULTS:   sky130_fd_sc_hd__and3_2 cells:        1
ABC RESULTS:   sky130_fd_sc_hd__nor2_2 cells:        1
ABC RESULTS:   sky130_fd_sc_hd__xor2_2 cells:       14
ABC RESULTS:   sky130_fd_sc_hd__mux2_1 cells:       27
ABC RESULTS:        internal signals:       54
ABC RESULTS:           input signals:       37
ABC RESULTS:          output signals:       33
Removing temp directory.

113. Executing SETUNDEF pass (replace undef values with defined constants).

114. Executing HILOMAP pass (mapping to constant drivers).

115. Executing SPLITNETS pass (splitting up multi-bit signals).

116. Executing OPT_CLEAN pass (remove unused cells and wires).
Finding unused cells or wires in module \rng_top..
Removed 0 unused cells and 125 unused wires.
<suppressed ~2 debug messages>

117. Executing INSBUF pass (insert buffer cells for connected wires).

118. Executing CHECK pass (checking for obvious problems).
Checking module rng_top...
Found and reported 0 problems.
{
   "creator": "Yosys 0.46 (git sha1 e97731b9dda91fa5fa53ed87df7c34163ba59a41, clang++ 17.0.6 -fPIC -O3)",
   "invocation": "stat -json -liberty /home/matheus/openframe_user_project/openlane/rng/runs/26_03_09_20_42/tmp/59bcb98b0fcc4639868ca38416d58356.lib ",
   "modules": {
      "\\rng_top": {
         "num_wires":         117,
         "num_wire_bits":     119,
         "num_pub_wires":     38,
         "num_pub_wire_bits": 40,
         "num_ports":         5,
         "num_port_bits":     7,
         "num_memories":      0,
         "num_memory_bits":   0,
         "num_processes":     0,
         "num_cells":         115,
         "area":              1750.428800,
         "num_cells_by_type": {
            "sky130_fd_sc_hd__a211o_2": 2,
            "sky130_fd_sc_hd__a21oi_2": 1,
            "sky130_fd_sc_hd__a221o_2": 4,
            "sky130_fd_sc_hd__a221oi_2": 1,
            "sky130_fd_sc_hd__and2b_2": 1,
            "sky130_fd_sc_hd__and3_2": 1,
            "sky130_fd_sc_hd__and4_2": 1,
            "sky130_fd_sc_hd__and4b_2": 1,
            "sky130_fd_sc_hd__dfrtp_2": 35,
            "sky130_fd_sc_hd__inv_2": 3,
            "sky130_fd_sc_hd__mux2_1": 27,
            "sky130_fd_sc_hd__nand2_2": 10,
            "sky130_fd_sc_hd__nor2_2": 1,
            "sky130_fd_sc_hd__o221a_2": 1,
            "sky130_fd_sc_hd__o311a_2": 1,
            "sky130_fd_sc_hd__or2_2": 10,
            "sky130_fd_sc_hd__or3_2": 1,
            "sky130_fd_sc_hd__xor2_2": 14
         }
      }
   },
      "design": {
         "num_wires":         117,
         "num_wire_bits":     119,
         "num_pub_wires":     38,
         "num_pub_wire_bits": 40,
         "num_ports":         5,
         "num_port_bits":     7,
         "num_memories":      0,
         "num_memory_bits":   0,
         "num_processes":     0,
         "num_cells":         115,
         "area":              1750.428800,
         "num_cells_by_type": {
            "sky130_fd_sc_hd__a211o_2": 2,
            "sky130_fd_sc_hd__a21oi_2": 1,
            "sky130_fd_sc_hd__a221o_2": 4,
            "sky130_fd_sc_hd__a221oi_2": 1,
            "sky130_fd_sc_hd__and2b_2": 1,
            "sky130_fd_sc_hd__and3_2": 1,
            "sky130_fd_sc_hd__and4_2": 1,
            "sky130_fd_sc_hd__and4b_2": 1,
            "sky130_fd_sc_hd__dfrtp_2": 35,
            "sky130_fd_sc_hd__inv_2": 3,
            "sky130_fd_sc_hd__mux2_1": 27,
            "sky130_fd_sc_hd__nand2_2": 10,
            "sky130_fd_sc_hd__nor2_2": 1,
            "sky130_fd_sc_hd__o221a_2": 1,
            "sky130_fd_sc_hd__o311a_2": 1,
            "sky130_fd_sc_hd__or2_2": 10,
            "sky130_fd_sc_hd__or3_2": 1,
            "sky130_fd_sc_hd__xor2_2": 14
         }
      }
}

119. Printing statistics.

=== rng_top ===

   Number of wires:                117
   Number of wire bits:            119
   Number of public wires:          38
   Number of public wire bits:      40
   Number of ports:                  5
   Number of port bits:              7
   Number of memories:               0
   Number of memory bits:            0
   Number of processes:              0
   Number of cells:                115
     sky130_fd_sc_hd__a211o_2        2
     sky130_fd_sc_hd__a21oi_2        1
     sky130_fd_sc_hd__a221o_2        4
     sky130_fd_sc_hd__a221oi_2       1
     sky130_fd_sc_hd__and2b_2        1
     sky130_fd_sc_hd__and3_2         1
     sky130_fd_sc_hd__and4_2         1
     sky130_fd_sc_hd__and4b_2        1
     sky130_fd_sc_hd__dfrtp_2       35
     sky130_fd_sc_hd__inv_2          3
     sky130_fd_sc_hd__mux2_1        27
     sky130_fd_sc_hd__nand2_2       10
     sky130_fd_sc_hd__nor2_2         1
     sky130_fd_sc_hd__o221a_2        1
     sky130_fd_sc_hd__o311a_2        1
     sky130_fd_sc_hd__or2_2         10
     sky130_fd_sc_hd__or3_2          1
     sky130_fd_sc_hd__xor2_2        14

   Chip area for module '\rng_top': 1750.428800
     of which used for sequential elements: 919.632000 (52.54%)

120. Executing Verilog backend.
Dumping module `\rng_top'.

121. Executing JSON backend.
