
===========================================================================
report_checks -unconstrained
===========================================================================
======================= max_ff_n40C_1v95 Corner ===================================

Startpoint: rst_i (input port clocked by clk_i)
Endpoint: _159_ (recovery check against rising-edge clock clk_i)
Path Group: asynchronous
Path Type: max

Fanout         Cap        Slew       Delay        Time   Description
---------------------------------------------------------------------------------------------
                                  0.000000    0.000000   clock clk_i (rise edge)
                                  0.000000    0.000000   clock network delay (propagated)
                                625.000000  625.000000 ^ input external delay
     1    0.002725    0.013650    0.007105  625.007080 ^ rst_i (in)
                                                         rst_i (net)
                      0.013651    0.000000  625.007080 ^ input2/A (sky130_fd_sc_hd__buf_1)
     3    0.014865    0.134033    0.117723  625.124817 ^ input2/X (sky130_fd_sc_hd__buf_1)
                                                         net2 (net)
                      0.134039    0.000739  625.125549 ^ fanout15/A (sky130_fd_sc_hd__buf_2)
     9    0.043656    0.160885    0.182922  625.308472 ^ fanout15/X (sky130_fd_sc_hd__buf_2)
                                                         net15 (net)
                      0.160981    0.003240  625.311707 ^ fanout14/A (sky130_fd_sc_hd__clkbuf_4)
    10    0.044460    0.107111    0.171667  625.483398 ^ fanout14/X (sky130_fd_sc_hd__clkbuf_4)
                                                         net14 (net)
                      0.107416    0.004604  625.487976 ^ _159_/RESET_B (sky130_fd_sc_hd__dfrtp_1)
                                            625.487976   data arrival time

                               3125.000000 3125.000000   clock clk_i (rise edge)
                                  0.000000 3125.000000   clock source latency
     1    0.015901    0.058138    0.039563 3125.039551 ^ clk_i (in)
                                                         clk_i (net)
                      0.058153    0.000000 3125.039551 ^ clkbuf_0_clk_i/A (sky130_fd_sc_hd__clkbuf_16)
     4    0.039884    0.045052    0.103910 3125.143555 ^ clkbuf_0_clk_i/X (sky130_fd_sc_hd__clkbuf_16)
                                                         clknet_0_clk_i (net)
                      0.045279    0.002274 3125.145752 ^ clkbuf_2_0__f_clk_i/A (sky130_fd_sc_hd__clkbuf_16)
    10    0.029248    0.037775    0.094133 3125.239990 ^ clkbuf_2_0__f_clk_i/X (sky130_fd_sc_hd__clkbuf_16)
                                                         clknet_2_0__leaf_clk_i (net)
                      0.038052    0.002274 3125.242188 ^ _159_/CLK (sky130_fd_sc_hd__dfrtp_1)
                                 -0.250000 3124.991943   clock uncertainty
                                  0.000000 3124.991943   clock reconvergence pessimism
                                  0.130446 3125.122559   library recovery time
                                           3125.122559   data required time
---------------------------------------------------------------------------------------------
                                           3125.122559   data required time
                                           -625.487976   data arrival time
---------------------------------------------------------------------------------------------
                                           2499.634521   slack (MET)


Startpoint: _183_ (rising edge-triggered flip-flop clocked by clk_i)
Endpoint: num_to_send_o[1] (output port clocked by clk_i)
Path Group: clk_i
Path Type: max

Fanout         Cap        Slew       Delay        Time   Description
---------------------------------------------------------------------------------------------
                                  0.000000    0.000000   clock clk_i (rise edge)
                                  0.000000    0.000000   clock source latency
     1    0.015901    0.058138    0.039626    0.039626 ^ clk_i (in)
                                                         clk_i (net)
                      0.058153    0.000000    0.039626 ^ clkbuf_0_clk_i/A (sky130_fd_sc_hd__clkbuf_16)
     4    0.039884    0.045052    0.103906    0.143533 ^ clkbuf_0_clk_i/X (sky130_fd_sc_hd__clkbuf_16)
                                                         clknet_0_clk_i (net)
                      0.045283    0.002243    0.145776 ^ clkbuf_2_2__f_clk_i/A (sky130_fd_sc_hd__clkbuf_16)
    10    0.031785    0.039284    0.095742    0.241518 ^ clkbuf_2_2__f_clk_i/X (sky130_fd_sc_hd__clkbuf_16)
                                                         clknet_2_2__leaf_clk_i (net)
                      0.039401    0.001664    0.243182 ^ _183_/CLK (sky130_fd_sc_hd__dfrtp_1)
     5    0.017830    0.123457    0.269913    0.513095 ^ _183_/Q (sky130_fd_sc_hd__dfrtp_1)
                                                         net5 (net)
                      0.123462    0.000936    0.514031 ^ output5/A (sky130_fd_sc_hd__buf_2)
     1    0.034506    0.128663    0.159912    0.673944 ^ output5/X (sky130_fd_sc_hd__buf_2)
                                                         num_to_send_o[1] (net)
                      0.128735    0.001648    0.675592 ^ num_to_send_o[1] (out)
                                              0.675592   data arrival time

                               3125.000000 3125.000000   clock clk_i (rise edge)
                                  0.000000 3125.000000   clock network delay (propagated)
                                 -0.250000 3124.750000   clock uncertainty
                                  0.000000 3124.750000   clock reconvergence pessimism
                               -625.000000 2499.750000   output external delay
                                           2499.750000   data required time
---------------------------------------------------------------------------------------------
                                           2499.750000   data required time
                                             -0.675592   data arrival time
---------------------------------------------------------------------------------------------
                                           2499.074463   slack (MET)




===========================================================================
report_checks --slack_max -0.01
============================================================================
======================= max_ff_n40C_1v95 Corner ===================================

No paths found.


===========================================================================
 report_check_types -max_slew -max_cap -max_fanout -violators
============================================================================
======================= max_ff_n40C_1v95 Corner ===================================



===========================================================================
report_parasitic_annotation -report_unannotated
============================================================================
Found 2 unannotated drivers.
 clkload0/X
 clkload1/Y
Found 0 partially unannotated drivers.

===========================================================================
max slew violation count 0
max fanout violation count 0
max cap violation count 0
============================================================================

===========================================================================
check_setup -verbose -unconstrained_endpoints -multiple_clock -no_clock -no_input_delay -loops -generated_clocks
===========================================================================
Warning: There is 1 combinational loop in the design.
  _081_/X
  _081_/C
  | loop cut point
  _081_/X
  --------------------------------
