Reading timing models for corner nom_tt_025C_1v80…
Reading timing library for the 'nom_tt_025C_1v80' corner at '/home/matheus/openframe_user_project/dependencies/pdks/sky130A/libs.ref/sky130_fd_sc_hd/lib/sky130_fd_sc_hd__tt_025C_1v80.lib'…
Reading timing models for corner nom_ff_n40C_1v95…
Reading timing library for the 'nom_ff_n40C_1v95' corner at '/home/matheus/openframe_user_project/dependencies/pdks/sky130A/libs.ref/sky130_fd_sc_hd/lib/sky130_fd_sc_hd__ff_n40C_1v95.lib'…
Reading timing models for corner nom_ss_100C_1v60…
Reading timing library for the 'nom_ss_100C_1v60' corner at '/home/matheus/openframe_user_project/dependencies/pdks/sky130A/libs.ref/sky130_fd_sc_hd/lib/sky130_fd_sc_hd__ss_100C_1v60.lib'…
Reading OpenROAD database at '/home/matheus/openframe_user_project/openlane/rng/runs/26_03_09_20_42/33-openroad-detailedplacement/rng_top.odb'…
Reading design constraints file at '/nix/store/iah2c26wzpgdvqc1jv2xxg55xq5km74d-python3-3.11.9-env/lib/python3.11/site-packages/librelane/scripts/base.sdc'…
[INFO] Using clock clk_i…
[INFO] Setting output delay to: 625
[INFO] Setting input delay to: 625
[INFO] Setting load to: 0.033442
[INFO] Setting clock uncertainty to: 0.25
[INFO] Setting clock transition to: 0.1499999999999999944488848768742172978818416595458984375
[INFO] Setting timing derate to: 5%
[INFO] Setting RC values…
[INFO] Configuring cts characterization…
[INFO] Performing clock tree synthesis…
[INFO] Looking for the following net(s): clk_i
[INFO] Running Clock Tree Synthesis…
[INFO CTS-0050] Root buffer is sky130_fd_sc_hd__clkbuf_16.
[INFO CTS-0051] Sink buffer is sky130_fd_sc_hd__clkbuf_4.
[INFO CTS-0052] The following clock buffers will be used for CTS:
                    sky130_fd_sc_hd__clkbuf_2
                    sky130_fd_sc_hd__clkbuf_4
                    sky130_fd_sc_hd__clkbuf_8
[INFO CTS-0049] Characterization buffer is sky130_fd_sc_hd__clkbuf_8.
[INFO CTS-0007] Net "clk_i" found for clock "clk_i".
[INFO CTS-0010]  Clock net "clk_i" has 35 sinks.
[INFO CTS-0008] TritonCTS found 1 clock nets.
[INFO CTS-0097] Characterization used 3 buffer(s) types.
[INFO CTS-0200] 0 placement blockages have been identified.
[INFO CTS-0201] 0 placed hard macros will be treated like blockages.
[INFO CTS-0027] Generating H-Tree topology for net clk_i.
[INFO CTS-0028]  Total number of sinks: 35.
[INFO CTS-0029]  Sinks will be clustered in groups of up to 25 and with maximum cluster diameter of 50.0 um.
[INFO CTS-0030]  Number of static layers: 0.
[INFO CTS-0020]  Wire segment unit: 13600  dbu (13 um).
[INFO CTS-0023]  Original sink region: [(7165, 17620), (54085, 66580)].
[INFO CTS-0024]  Normalized sink region: [(0.526838, 1.29559), (3.97684, 4.89559)].
[INFO CTS-0025]     Width:  3.4500.
[INFO CTS-0026]     Height: 3.6000.
 Level 1
    Direction: Vertical
    Sinks per sub-region: 18
    Sub-region size: 3.4500 X 1.8000
[INFO CTS-0034]     Segment length (rounded): 1.
 Level 2
    Direction: Horizontal
    Sinks per sub-region: 9
    Sub-region size: 1.7250 X 1.8000
[INFO CTS-0034]     Segment length (rounded): 1.
[INFO CTS-0032]  Stop criterion found. Max number of sinks is 15.
[INFO CTS-0035]  Number of sinks covered: 35.
[INFO CTS-0018]     Created 5 clock buffers.
[INFO CTS-0012]     Minimum number of buffers in the clock path: 2.
[INFO CTS-0013]     Maximum number of buffers in the clock path: 2.
[INFO CTS-0015]     Created 5 clock nets.
[INFO CTS-0016]     Fanout distribution for the current clock = 7:1, 8:1, 10:2..
[INFO CTS-0017]     Max level of the clock tree: 2.
[INFO CTS-0098] Clock net "clk_i"
[INFO CTS-0099]  Sinks 37
[INFO CTS-0100]  Leaf buffers 0
[INFO CTS-0101]  Average sink wire length 92.29 um
[INFO CTS-0102]  Path depth 2 - 2
[INFO CTS-0207]  Leaf load cells 2
[INFO] Repairing long wires on clock nets…
[INFO RSZ-0058] Using max wire length 6335um.
Setting global connections for newly added cells…
[INFO] Setting global connections...
Updating metrics…
Cell type report:                       Count       Area
  Fill cell                                46     172.67
  Tap cell                                 50      62.56
  Clock buffer                              6     138.88
  Timing Repair Buffer                     17      96.34
  Inverter                                  3      11.26
  Clock inverter                            1       5.00
  Sequential cell                          35     875.84
  Multi-Input combinational cell           77     661.88
  Total                                   235    2024.44
Writing OpenROAD database to '/home/matheus/openframe_user_project/openlane/rng/runs/26_03_09_20_42/34-openroad-cts/rng_top.odb'…
Writing netlist to '/home/matheus/openframe_user_project/openlane/rng/runs/26_03_09_20_42/34-openroad-cts/rng_top.nl.v'…
Writing powered netlist to '/home/matheus/openframe_user_project/openlane/rng/runs/26_03_09_20_42/34-openroad-cts/rng_top.pnl.v'…
Writing layout to '/home/matheus/openframe_user_project/openlane/rng/runs/26_03_09_20_42/34-openroad-cts/rng_top.def'…
Writing timing constraints to '/home/matheus/openframe_user_project/openlane/rng/runs/26_03_09_20_42/34-openroad-cts/rng_top.sdc'…
[INFO] Legalizing…
Placement Analysis
---------------------------------
total displacement        125.1 u
average displacement        0.5 u
max displacement            7.8 u
original HPWL            2147.8 u
legalized HPWL           2308.8 u
delta HPWL                    7 %

[INFO DPL-0020] Mirrored 44 instances
[INFO DPL-0021] HPWL before            2308.8 u
[INFO DPL-0022] HPWL after             2213.9 u
[INFO DPL-0023] HPWL delta               -4.1 %
Setting global connections for newly added cells…
[INFO] Setting global connections...
Updating metrics…
Cell type report:                       Count       Area
  Fill cell                                46     172.67
  Tap cell                                 50      62.56
  Clock buffer                              6     138.88
  Timing Repair Buffer                     17      96.34
  Inverter                                  3      11.26
  Clock inverter                            1       5.00
  Sequential cell                          35     875.84
  Multi-Input combinational cell           77     661.88
  Total                                   235    2024.44
Writing OpenROAD database to '/home/matheus/openframe_user_project/openlane/rng/runs/26_03_09_20_42/34-openroad-cts/rng_top.odb'…
Writing netlist to '/home/matheus/openframe_user_project/openlane/rng/runs/26_03_09_20_42/34-openroad-cts/rng_top.nl.v'…
Writing powered netlist to '/home/matheus/openframe_user_project/openlane/rng/runs/26_03_09_20_42/34-openroad-cts/rng_top.pnl.v'…
Writing layout to '/home/matheus/openframe_user_project/openlane/rng/runs/26_03_09_20_42/34-openroad-cts/rng_top.def'…
Writing timing constraints to '/home/matheus/openframe_user_project/openlane/rng/runs/26_03_09_20_42/34-openroad-cts/rng_top.sdc'…
%OL_CREATE_REPORT cts.rpt
[INFO CTS-0003] Total number of Clock Roots: 1.
[INFO CTS-0004] Total number of Buffers Inserted: 5.
[INFO CTS-0005] Total number of Clock Subnets: 5.
[INFO CTS-0006] Total number of Sinks: 35.
%OL_END_REPORT
