
===========================================================================
report_checks -unconstrained
===========================================================================
======================= max_ff_n40C_1v95 Corner ===================================

Startpoint: rst_i (input port clocked by clk_i)
Endpoint: _164_ (recovery check against rising-edge clock clk_i)
Path Group: asynchronous
Path Type: max

Fanout         Cap        Slew       Delay        Time   Description
---------------------------------------------------------------------------------------------
                                  0.000000    0.000000   clock clk_i (rise edge)
                                  0.000000    0.000000   clock network delay (propagated)
                                625.000000  625.000000 ^ input external delay
     1    0.002691    0.013526    0.006992  625.007019 ^ rst_i (in)
                                                         rst_i (net)
                      0.013532    0.000000  625.007019 ^ input2/A (sky130_fd_sc_hd__buf_1)
     2    0.009973    0.092350    0.089415  625.096436 ^ input2/X (sky130_fd_sc_hd__buf_1)
                                                         net2 (net)
                      0.092357    0.000682  625.097107 ^ fanout16/A (sky130_fd_sc_hd__buf_2)
     8    0.040453    0.150385    0.165528  625.262634 ^ fanout16/X (sky130_fd_sc_hd__buf_2)
                                                         net16 (net)
                      0.150585    0.004491  625.267090 ^ fanout15/A (sky130_fd_sc_hd__clkbuf_4)
    10    0.044796    0.107170    0.171667  625.438782 ^ fanout15/X (sky130_fd_sc_hd__clkbuf_4)
                                                         net15 (net)
                      0.107206    0.001876  625.440674 ^ _164_/RESET_B (sky130_fd_sc_hd__dfrtp_2)
                                            625.440674   data arrival time

                               3125.000000 3125.000000   clock clk_i (rise edge)
                                  0.000000 3125.000000   clock source latency
     1    0.015039    0.055290    0.037517 3125.037598 ^ clk_i (in)
                                                         clk_i (net)
                      0.055306    0.000000 3125.037598 ^ clkbuf_0_clk_i/A (sky130_fd_sc_hd__clkbuf_16)
     4    0.042702    0.047016    0.104592 3125.142090 ^ clkbuf_0_clk_i/X (sky130_fd_sc_hd__clkbuf_16)
                                                         clknet_0_clk_i (net)
                      0.047259    0.002501 3125.144531 ^ clkbuf_2_2__f_clk_i/A (sky130_fd_sc_hd__clkbuf_16)
    11    0.032167    0.039536    0.096406 3125.240967 ^ clkbuf_2_2__f_clk_i/X (sky130_fd_sc_hd__clkbuf_16)
                                                         clknet_2_2__leaf_clk_i (net)
                      0.039732    0.002274 3125.243408 ^ _164_/CLK (sky130_fd_sc_hd__dfrtp_2)
                                 -0.250000 3124.993164   clock uncertainty
                                  0.000000 3124.993164   clock reconvergence pessimism
                                  0.115505 3125.108643   library recovery time
                                           3125.108643   data required time
---------------------------------------------------------------------------------------------
                                           3125.108643   data required time
                                           -625.440674   data arrival time
---------------------------------------------------------------------------------------------
                                           2499.667969   slack (MET)


Startpoint: _187_ (rising edge-triggered flip-flop clocked by clk_i)
Endpoint: num_to_send_o[2] (output port clocked by clk_i)
Path Group: clk_i
Path Type: max

Fanout         Cap        Slew       Delay        Time   Description
---------------------------------------------------------------------------------------------
                                  0.000000    0.000000   clock clk_i (rise edge)
                                  0.000000    0.000000   clock source latency
     1    0.015039    0.055290    0.037603    0.037603 ^ clk_i (in)
                                                         clk_i (net)
                      0.055306    0.000000    0.037603 ^ clkbuf_0_clk_i/A (sky130_fd_sc_hd__clkbuf_16)
     4    0.042702    0.047016    0.104601    0.142204 ^ clkbuf_0_clk_i/X (sky130_fd_sc_hd__clkbuf_16)
                                                         clknet_0_clk_i (net)
                      0.047286    0.002515    0.144720 ^ clkbuf_2_0__f_clk_i/A (sky130_fd_sc_hd__clkbuf_16)
    11    0.033757    0.040421    0.097039    0.241759 ^ clkbuf_2_0__f_clk_i/X (sky130_fd_sc_hd__clkbuf_16)
                                                         clknet_2_0__leaf_clk_i (net)
                      0.041061    0.003818    0.245577 ^ _187_/CLK (sky130_fd_sc_hd__dfrtp_1)
     5    0.015716    0.110070    0.260694    0.506271 ^ _187_/Q (sky130_fd_sc_hd__dfrtp_1)
                                                         net6 (net)
                      0.110083    0.001246    0.507518 ^ output6/A (sky130_fd_sc_hd__buf_2)
     1    0.034004    0.127264    0.155705    0.663223 ^ output6/X (sky130_fd_sc_hd__buf_2)
                                                         num_to_send_o[2] (net)
                      0.127334    0.001590    0.664813 ^ num_to_send_o[2] (out)
                                              0.664813   data arrival time

                               3125.000000 3125.000000   clock clk_i (rise edge)
                                  0.000000 3125.000000   clock network delay (propagated)
                                 -0.250000 3124.750000   clock uncertainty
                                  0.000000 3124.750000   clock reconvergence pessimism
                               -625.000000 2499.750000   output external delay
                                           2499.750000   data required time
---------------------------------------------------------------------------------------------
                                           2499.750000   data required time
                                             -0.664813   data arrival time
---------------------------------------------------------------------------------------------
                                           2499.084961   slack (MET)




===========================================================================
report_checks --slack_max -0.01
============================================================================
======================= max_ff_n40C_1v95 Corner ===================================

No paths found.


===========================================================================
 report_check_types -max_slew -max_cap -max_fanout -violators
============================================================================
======================= max_ff_n40C_1v95 Corner ===================================

max fanout

Pin                                   Limit Fanout  Slack
---------------------------------------------------------
clkbuf_2_0__f_clk_i/X                    10     11        (VIOLATED)
clkbuf_2_2__f_clk_i/X                    10     11        (VIOLATED)



===========================================================================
report_parasitic_annotation -report_unannotated
============================================================================
Found 3 unannotated drivers.
 clkload0/X
 clkload1/Y
 clkload2/Y
Found 0 partially unannotated drivers.

===========================================================================
max slew violation count 0
max fanout violation count 2
max cap violation count 0
============================================================================

===========================================================================
check_setup -verbose -unconstrained_endpoints -multiple_clock -no_clock -no_input_delay -loops -generated_clocks
===========================================================================
