
===========================================================================
 report_power
============================================================================
======================= max_ff_n40C_1v95 Corner ===================================

Group                    Internal    Switching      Leakage        Total
                            Power        Power        Power        Power (Watts)
------------------------------------------------------------------------
Sequential           7.877628e-07 2.160035e-07 4.967083e-10 1.004263e-06  33.0%
Combinational        8.878612e-07 5.961780e-07 1.480673e-09 1.485520e-06  48.8%
Clock                3.446970e-07 2.092778e-07 5.314863e-10 5.545063e-07  18.2%
Macro                0.000000e+00 0.000000e+00 0.000000e+00 0.000000e+00   0.0%
Pad                  0.000000e+00 0.000000e+00 0.000000e+00 0.000000e+00   0.0%
------------------------------------------------------------------------
Total                2.020321e-06 1.021459e-06 2.508868e-09 3.044289e-06 100.0%
                            66.4%        33.6%         0.1%

