MO rng_data_path_counter NULL ../src/rng_data_path_counter.v vlg53/rng__data__path__counter.bin 1773162569
MO rng_hs_dup_detector NULL ../src/rng_hs_dup_detector.v vlg3A/rng__hs__dup__detector.bin 1773162569
MO rng_selector NULL ../src/rng_selector.v vlg07/rng__selector.bin 1773162569
MO rng_control_path NULL ../src/rng_control_path.v vlg43/rng__control__path.bin 1771412846
MO rng_data_path NULL ../src/rng_data_path.v vlg10/rng__data__path.bin 1773162569
MO rng_top NULL ../src/rng_top.v vlg11/rng__top.bin 1773162569
