Reading timing models for corner nom_tt_025C_1v80…
Reading timing library for the 'nom_tt_025C_1v80' corner at '/home/matheus/openframe_user_project/dependencies/pdks/sky130A/libs.ref/sky130_fd_sc_hd/lib/sky130_fd_sc_hd__tt_025C_1v80.lib'…
Reading timing models for corner nom_ff_n40C_1v95…
Reading timing library for the 'nom_ff_n40C_1v95' corner at '/home/matheus/openframe_user_project/dependencies/pdks/sky130A/libs.ref/sky130_fd_sc_hd/lib/sky130_fd_sc_hd__ff_n40C_1v95.lib'…
Reading timing models for corner nom_ss_100C_1v60…
Reading timing library for the 'nom_ss_100C_1v60' corner at '/home/matheus/openframe_user_project/dependencies/pdks/sky130A/libs.ref/sky130_fd_sc_hd/lib/sky130_fd_sc_hd__ss_100C_1v60.lib'…
Reading OpenROAD database at '/home/matheus/openframe_user_project/openlane/rng/runs/26_02_17_10_28/33-openroad-detailedplacement/rng_top.odb'…
Reading design constraints file at '/nix/store/iah2c26wzpgdvqc1jv2xxg55xq5km74d-python3-3.11.9-env/lib/python3.11/site-packages/librelane/scripts/base.sdc'…
[INFO] Using clock clk_i…
[INFO] Setting output delay to: 625
[INFO] Setting input delay to: 625
[INFO] Setting load to: 0.033442
[INFO] Setting clock uncertainty to: 0.25
[INFO] Setting clock transition to: 0.1499999999999999944488848768742172978818416595458984375
[INFO] Setting timing derate to: 5%
[INFO] Setting RC values…
[INFO] Configuring cts characterization…
[INFO] Performing clock tree synthesis…
[INFO] Looking for the following net(s): clk_i
[INFO] Running Clock Tree Synthesis…
[INFO CTS-0050] Root buffer is sky130_fd_sc_hd__clkbuf_16.
[INFO CTS-0051] Sink buffer is sky130_fd_sc_hd__clkbuf_8.
[INFO CTS-0052] The following clock buffers will be used for CTS:
                    sky130_fd_sc_hd__clkbuf_2
                    sky130_fd_sc_hd__clkbuf_4
                    sky130_fd_sc_hd__clkbuf_8
[INFO CTS-0049] Characterization buffer is sky130_fd_sc_hd__clkbuf_8.
[INFO CTS-0007] Net "clk_i" found for clock "clk_i".
[INFO CTS-0010]  Clock net "clk_i" has 60 sinks.
[INFO CTS-0008] TritonCTS found 1 clock nets.
[INFO CTS-0097] Characterization used 3 buffer(s) types.
[INFO CTS-0200] 0 placement blockages have been identified.
[INFO CTS-0201] 0 placed hard macros will be treated like blockages.
[INFO CTS-0027] Generating H-Tree topology for net clk_i.
[INFO CTS-0028]  Total number of sinks: 60.
[INFO CTS-0029]  Sinks will be clustered in groups of up to 25 and with maximum cluster diameter of 50.0 um.
[INFO CTS-0030]  Number of static layers: 0.
[INFO CTS-0020]  Wire segment unit: 13600  dbu (13 um).
[INFO CTS-0023]  Original sink region: [(7165, 15020), (94035, 74860)].
[INFO CTS-0024]  Normalized sink region: [(0.526838, 1.10441), (6.91434, 5.50441)].
[INFO CTS-0025]     Width:  6.3875.
[INFO CTS-0026]     Height: 4.4000.
 Level 1
    Direction: Horizontal
    Sinks per sub-region: 30
    Sub-region size: 3.1938 X 4.4000
[INFO CTS-0034]     Segment length (rounded): 1.
 Level 2
    Direction: Vertical
    Sinks per sub-region: 15
    Sub-region size: 3.1938 X 2.2000
[INFO CTS-0034]     Segment length (rounded): 1.
 Level 3
    Direction: Horizontal
    Sinks per sub-region: 8
    Sub-region size: 1.5969 X 2.2000
[INFO CTS-0034]     Segment length (rounded): 1.
[INFO CTS-0032]  Stop criterion found. Max number of sinks is 15.
[INFO CTS-0035]  Number of sinks covered: 60.
[INFO CTS-0018]     Created 9 clock buffers.
[INFO CTS-0012]     Minimum number of buffers in the clock path: 2.
[INFO CTS-0013]     Maximum number of buffers in the clock path: 2.
[INFO CTS-0015]     Created 9 clock nets.
[INFO CTS-0016]     Fanout distribution for the current clock = 6:2, 7:2, 8:2, 9:2..
[INFO CTS-0017]     Max level of the clock tree: 3.
[INFO CTS-0098] Clock net "clk_i"
[INFO CTS-0099]  Sinks 67
[INFO CTS-0100]  Leaf buffers 0
[INFO CTS-0101]  Average sink wire length 142.91 um
[INFO CTS-0102]  Path depth 2 - 2
[INFO CTS-0207]  Leaf load cells 7
[INFO] Repairing long wires on clock nets…
[INFO RSZ-0058] Using max wire length 6335um.
Setting global connections for newly added cells…
[INFO] Setting global connections...
Updating metrics…
Cell type report:                       Count       Area
  Fill cell                                68     255.24
  Tap cell                                126     157.65
  Clock buffer                             14     275.26
  Timing Repair Buffer                     27     168.91
  Inverter                                 17      63.81
  Clock inverter                            2      10.01
  Sequential cell                          60    1516.45
  Multi-Input combinational cell          150    1294.99
  Total                                   464    3742.34
Writing OpenROAD database to '/home/matheus/openframe_user_project/openlane/rng/runs/26_02_17_10_28/34-openroad-cts/rng_top.odb'…
Writing netlist to '/home/matheus/openframe_user_project/openlane/rng/runs/26_02_17_10_28/34-openroad-cts/rng_top.nl.v'…
Writing powered netlist to '/home/matheus/openframe_user_project/openlane/rng/runs/26_02_17_10_28/34-openroad-cts/rng_top.pnl.v'…
Writing layout to '/home/matheus/openframe_user_project/openlane/rng/runs/26_02_17_10_28/34-openroad-cts/rng_top.def'…
Writing timing constraints to '/home/matheus/openframe_user_project/openlane/rng/runs/26_02_17_10_28/34-openroad-cts/rng_top.sdc'…
[INFO] Legalizing…
Placement Analysis
---------------------------------
total displacement        108.1 u
average displacement        0.2 u
max displacement            6.9 u
original HPWL            4672.2 u
legalized HPWL           4878.1 u
delta HPWL                    4 %

[INFO DPL-0020] Mirrored 88 instances
[INFO DPL-0021] HPWL before            4878.1 u
[INFO DPL-0022] HPWL after             4718.2 u
[INFO DPL-0023] HPWL delta               -3.3 %
Setting global connections for newly added cells…
[INFO] Setting global connections...
Updating metrics…
Cell type report:                       Count       Area
  Fill cell                                68     255.24
  Tap cell                                126     157.65
  Clock buffer                             14     275.26
  Timing Repair Buffer                     27     168.91
  Inverter                                 17      63.81
  Clock inverter                            2      10.01
  Sequential cell                          60    1516.45
  Multi-Input combinational cell          150    1294.99
  Total                                   464    3742.34
Writing OpenROAD database to '/home/matheus/openframe_user_project/openlane/rng/runs/26_02_17_10_28/34-openroad-cts/rng_top.odb'…
Writing netlist to '/home/matheus/openframe_user_project/openlane/rng/runs/26_02_17_10_28/34-openroad-cts/rng_top.nl.v'…
Writing powered netlist to '/home/matheus/openframe_user_project/openlane/rng/runs/26_02_17_10_28/34-openroad-cts/rng_top.pnl.v'…
Writing layout to '/home/matheus/openframe_user_project/openlane/rng/runs/26_02_17_10_28/34-openroad-cts/rng_top.def'…
Writing timing constraints to '/home/matheus/openframe_user_project/openlane/rng/runs/26_02_17_10_28/34-openroad-cts/rng_top.sdc'…
%OL_CREATE_REPORT cts.rpt
[INFO CTS-0003] Total number of Clock Roots: 1.
[INFO CTS-0004] Total number of Buffers Inserted: 9.
[INFO CTS-0005] Total number of Clock Subnets: 9.
[INFO CTS-0006] Total number of Sinks: 60.
%OL_END_REPORT
