Clock: clk_i
Sources: clk_i 
Generated: no
Virtual: yes
Propagated: no
Period: 3125.000000

===========================================================================
report_clock_properties
============================================================================
Clock                   Period          Waveform
----------------------------------------------------
clk_i               3125.000000    0.0000001562.500000

===========================================================================
report_clock_latency
============================================================================
Clock clk_i
rise -> rise
    min     max
0.000000 0.000000 source latency
0.582932         network latency _166_/CLK
        0.588231 network latency _179_/CLK
---------------
0.582932 0.588231 latency
        0.005299 skew

fall -> fall
    min     max
0.000000 0.000000 source latency
0.577757         network latency _166_/CLK
        0.582759 network latency _179_/CLK
---------------
0.577757 0.582759 latency
        0.005002 skew



===========================================================================
report_clock_min_period
============================================================================
clk_i period_min = 6.26 fmax = 159.68
