
===========================================================================
 report_power
============================================================================
======================= min_ss_100C_1v60 Corner ===================================

Group                    Internal    Switching      Leakage        Total
                            Power        Power        Power        Power (Watts)
------------------------------------------------------------------------
Sequential           5.293587e-07 1.317802e-07 6.594675e-07 1.320606e-06  38.2%
Combinational        6.287585e-07 3.643068e-07 6.616420e-07 1.654707e-06  47.9%
Clock                2.457808e-07 1.270824e-07 1.067019e-07 4.795651e-07  13.9%
Macro                0.000000e+00 0.000000e+00 0.000000e+00 0.000000e+00   0.0%
Pad                  0.000000e+00 0.000000e+00 0.000000e+00 0.000000e+00   0.0%
------------------------------------------------------------------------
Total                1.403898e-06 6.231695e-07 1.427812e-06 3.454880e-06 100.0%
                            40.6%        18.0%        41.3%

