Clock: clk_i
Sources: clk_i 
Generated: no
Virtual: no
Propagated: no
Period: 3125.000000

===========================================================================
report_clock_properties
============================================================================
Clock                   Period          Waveform
----------------------------------------------------
clk_i               3125.000000    0.0000001562.500000

===========================================================================
report_clock_latency
============================================================================
Clock clk_i
rise -> rise
    min     max
0.000000 0.000000 source latency
0.349199         network latency _333_/CLK
        0.349199 network latency _333_/CLK
---------------
0.349199 0.349199 latency
        0.000000 skew

fall -> fall
    min     max
0.000000 0.000000 source latency
0.166438         network latency _333_/CLK
        0.166438 network latency _333_/CLK
---------------
0.166438 0.166438 latency
        0.000000 skew



===========================================================================
report_clock_min_period
============================================================================
clk_i period_min = 3.04 fmax = 328.48
