
===========================================================================
 report_power
============================================================================
======================= nom_tt_025C_1v80 Corner ===================================

Group                    Internal    Switching      Leakage        Total
                            Power        Power        Power        Power (Watts)
------------------------------------------------------------------------
Sequential           1.202533e-06 3.741018e-07 6.269779e-10 1.577262e-06  51.5%
Combinational        1.016440e-06 4.684916e-07 5.857077e-10 1.485517e-06  48.5%
Clock                0.000000e+00 0.000000e+00 0.000000e+00 0.000000e+00   0.0%
Macro                0.000000e+00 0.000000e+00 0.000000e+00 0.000000e+00   0.0%
Pad                  0.000000e+00 0.000000e+00 0.000000e+00 0.000000e+00   0.0%
------------------------------------------------------------------------
Total                2.218972e-06 8.425934e-07 1.212685e-09 3.062778e-06 100.0%
                            72.4%        27.5%         0.0%

