
===========================================================================
report_checks -unconstrained
===========================================================================
======================= max_ss_100C_1v60 Corner ===================================

Startpoint: rst_i (input port clocked by clk_i)
Endpoint: _376_ (recovery check against rising-edge clock clk_i)
Path Group: asynchronous
Path Type: max

Fanout         Cap        Slew       Delay        Time   Description
---------------------------------------------------------------------------------------------
                                  0.000000    0.000000   clock clk_i (rise edge)
                                  0.000000    0.000000   clock network delay (propagated)
                                625.000000  625.000000 ^ input external delay
     1    0.002583    0.030814    0.014666  625.014648 ^ rst_i (in)
                                                         rst_i (net)
                      0.030815    0.000000  625.014648 ^ input2/A (sky130_fd_sc_hd__clkbuf_1)
     1    0.002878    0.073861    0.133696  625.148376 ^ input2/X (sky130_fd_sc_hd__clkbuf_1)
                                                         net2 (net)
                      0.073861    0.000227  625.148621 ^ fanout27/A (sky130_fd_sc_hd__dlymetal6s2s_1)
     5    0.030048    0.472690    0.450484  625.599060 ^ fanout27/X (sky130_fd_sc_hd__dlymetal6s2s_1)
                                                         net27 (net)
                      0.472695    0.001307  625.600403 ^ fanout26/A (sky130_fd_sc_hd__buf_2)
     8    0.037446    0.297319    0.527962  626.128357 ^ fanout26/X (sky130_fd_sc_hd__buf_2)
                                                         net26 (net)
                      0.297327    0.001933  626.130249 ^ fanout25/A (sky130_fd_sc_hd__clkbuf_4)
    10    0.051799    0.256081    0.485954  626.616211 ^ fanout25/X (sky130_fd_sc_hd__clkbuf_4)
                                                         net25 (net)
                      0.256231    0.005684  626.621887 ^ _376_/RESET_B (sky130_fd_sc_hd__dfrtp_1)
                                            626.621887   data arrival time

                               3125.000000 3125.000000   clock clk_i (rise edge)
                                  0.000000 3125.000000   clock source latency
     1    0.020585    0.154178    0.105729 3125.105713 ^ clk_i (in)
                                                         clk_i (net)
                      0.154220    0.000000 3125.105713 ^ clkbuf_0_clk_i/A (sky130_fd_sc_hd__clkbuf_16)
     8    0.090103    0.162890    0.340151 3125.445801 ^ clkbuf_0_clk_i/X (sky130_fd_sc_hd__clkbuf_16)
                                                         clknet_0_clk_i (net)
                      0.163238    0.005002 3125.450928 ^ clkbuf_3_6__f_clk_i/A (sky130_fd_sc_hd__clkbuf_16)
     7    0.027066    0.076469    0.273985 3125.724854 ^ clkbuf_3_6__f_clk_i/X (sky130_fd_sc_hd__clkbuf_16)
                                                         clknet_3_6__leaf_clk_i (net)
                      0.076474    0.000682 3125.725586 ^ _376_/CLK (sky130_fd_sc_hd__dfrtp_1)
                                 -0.250000 3125.475342   clock uncertainty
                                  0.000000 3125.475342   clock reconvergence pessimism
                                  0.395780 3125.871338   library recovery time
                                           3125.871338   data required time
---------------------------------------------------------------------------------------------
                                           3125.871338   data required time
                                           -626.621887   data arrival time
---------------------------------------------------------------------------------------------
                                           2499.249512   slack (MET)


Startpoint: _368_ (rising edge-triggered flip-flop clocked by clk_i)
Endpoint: num_to_send_o[1] (output port clocked by clk_i)
Path Group: clk_i
Path Type: max

Fanout         Cap        Slew       Delay        Time   Description
---------------------------------------------------------------------------------------------
                                  0.000000    0.000000   clock clk_i (rise edge)
                                  0.000000    0.000000   clock source latency
     1    0.020585    0.154178    0.105792    0.105792 ^ clk_i (in)
                                                         clk_i (net)
                      0.154220    0.000000    0.105792 ^ clkbuf_0_clk_i/A (sky130_fd_sc_hd__clkbuf_16)
     8    0.090103    0.162890    0.340043    0.445835 ^ clkbuf_0_clk_i/X (sky130_fd_sc_hd__clkbuf_16)
                                                         clknet_0_clk_i (net)
                      0.163569    0.007709    0.453543 ^ clkbuf_3_0__f_clk_i/A (sky130_fd_sc_hd__clkbuf_16)
    10    0.027998    0.077741    0.275280    0.728823 ^ clkbuf_3_0__f_clk_i/X (sky130_fd_sc_hd__clkbuf_16)
                                                         clknet_3_0__leaf_clk_i (net)
                      0.077765    0.001282    0.730105 ^ _368_/CLK (sky130_fd_sc_hd__dfrtp_1)
     5    0.014043    0.168204    0.843037    1.573143 v _368_/Q (sky130_fd_sc_hd__dfrtp_1)
                                                         net5 (net)
                      0.168204    0.000423    1.573566 v output5/A (sky130_fd_sc_hd__buf_2)
     1    0.034123    0.165701    0.390519    1.964085 v output5/X (sky130_fd_sc_hd__buf_2)
                                                         num_to_send_o[1] (net)
                      0.165717    0.001702    1.965787 v num_to_send_o[1] (out)
                                              1.965787   data arrival time

                               3125.000000 3125.000000   clock clk_i (rise edge)
                                  0.000000 3125.000000   clock network delay (propagated)
                                 -0.250000 3124.750000   clock uncertainty
                                  0.000000 3124.750000   clock reconvergence pessimism
                               -625.000000 2499.750000   output external delay
                                           2499.750000   data required time
---------------------------------------------------------------------------------------------
                                           2499.750000   data required time
                                             -1.965787   data arrival time
---------------------------------------------------------------------------------------------
                                           2497.783936   slack (MET)




===========================================================================
report_checks --slack_max -0.01
============================================================================
======================= max_ss_100C_1v60 Corner ===================================

No paths found.


===========================================================================
 report_check_types -max_slew -max_cap -max_fanout -violators
============================================================================
======================= max_ss_100C_1v60 Corner ===================================



===========================================================================
report_parasitic_annotation -report_unannotated
============================================================================
Found 7 unannotated drivers.
 clkload0/X
 clkload1/X
 clkload2/X
 clkload3/Y
 clkload4/X
 clkload5/Y
 clkload6/X
Found 0 partially unannotated drivers.

===========================================================================
max slew violation count 0
max fanout violation count 0
max cap violation count 0
============================================================================

===========================================================================
check_setup -verbose -unconstrained_endpoints -multiple_clock -no_clock -no_input_delay -loops -generated_clocks
===========================================================================
Warning: There is 1 combinational loop in the design.
  _247_/X
  _246_/B
  _246_/X
  _247_/B
  | loop cut point
  _247_/X
  --------------------------------
