Clock: clk_i
Sources: clk_i 
Generated: no
Virtual: yes
Propagated: no
Period: 3125.000000

===========================================================================
report_clock_properties
============================================================================
Clock                   Period          Waveform
----------------------------------------------------
clk_i               3125.000000    0.0000001562.500000

===========================================================================
report_clock_latency
============================================================================
Clock clk_i
rise -> rise
    min     max
0.000000 0.000000 source latency
0.722978         network latency _345_/CLK
        0.732615 network latency _358_/CLK
---------------
0.722978 0.732615 latency
        0.009636 skew

fall -> fall
    min     max
0.000000 0.000000 source latency
0.671321         network latency _345_/CLK
        0.679961 network latency _358_/CLK
---------------
0.671321 0.679961 latency
        0.008640 skew



===========================================================================
report_clock_min_period
============================================================================
clk_i period_min = 7.57 fmax = 132.07
