Clock: clk_i
Sources: clk_i 
Generated: no
Virtual: yes
Propagated: no
Period: 3125.000000

===========================================================================
report_clock_properties
============================================================================
Clock                   Period          Waveform
----------------------------------------------------
clk_i               3125.000000    0.0000001562.500000

===========================================================================
report_clock_latency
============================================================================
Clock clk_i
rise -> rise
    min     max
0.000000 0.000000 source latency
0.236553         network latency _166_/CLK
        0.240327 network latency _179_/CLK
---------------
0.236553 0.240327 latency
        0.003775 skew

fall -> fall
    min     max
0.000000 0.000000 source latency
0.223281         network latency _166_/CLK
        0.227033 network latency _179_/CLK
---------------
0.223281 0.227033 latency
        0.003752 skew



===========================================================================
report_clock_min_period
============================================================================
clk_i period_min = 2.13 fmax = 469.18
