
===========================================================================
 report_power
============================================================================
======================= nom_ff_n40C_1v95 Corner ===================================

Group                    Internal    Switching      Leakage        Total
                            Power        Power        Power        Power (Watts)
------------------------------------------------------------------------
Sequential           7.878612e-07 2.095812e-07 4.967083e-10 9.979391e-07  33.1%
Combinational        8.872307e-07 5.802773e-07 1.480673e-09 1.468989e-06  48.7%
Clock                3.445621e-07 2.032910e-07 5.314863e-10 5.483846e-07  18.2%
Macro                0.000000e+00 0.000000e+00 0.000000e+00 0.000000e+00   0.0%
Pad                  0.000000e+00 0.000000e+00 0.000000e+00 0.000000e+00   0.0%
------------------------------------------------------------------------
Total                2.019653e-06 9.931496e-07 2.508868e-09 3.015312e-06 100.0%
                            67.0%        32.9%         0.1%

