
===========================================================================
report_checks -unconstrained
===========================================================================
======================= min_tt_025C_1v80 Corner ===================================

Startpoint: rst_i (input port clocked by clk_i)
Endpoint: _333_ (recovery check against rising-edge clock clk_i)
Path Group: asynchronous
Path Type: max

Fanout         Cap        Slew       Delay        Time   Description
---------------------------------------------------------------------------------------------
                                  0.000000    0.000000   clock clk_i (rise edge)
                                  0.000000    0.000000   clock network delay (propagated)
                                625.000000  625.000000 ^ input external delay
     1    0.002602    0.018890    0.009607  625.009583 ^ rst_i (in)
                                                         rst_i (net)
                      0.018890    0.000000  625.009583 ^ input2/A (sky130_fd_sc_hd__clkbuf_1)
     1    0.002794    0.043985    0.071452  625.081055 ^ input2/X (sky130_fd_sc_hd__clkbuf_1)
                                                         net2 (net)
                      0.043985    0.000057  625.081116 ^ fanout27/A (sky130_fd_sc_hd__dlymetal6s2s_1)
     5    0.027032    0.279838    0.254715  625.335815 ^ fanout27/X (sky130_fd_sc_hd__dlymetal6s2s_1)
                                                         net27 (net)
                      0.279838    0.000171  625.335999 ^ fanout26/A (sky130_fd_sc_hd__buf_2)
     8    0.037397    0.185078    0.279670  625.615662 ^ fanout26/X (sky130_fd_sc_hd__buf_2)
                                                         net26 (net)
                      0.185078    0.000227  625.615906 ^ fanout24/A (sky130_fd_sc_hd__clkbuf_4)
    10    0.050722    0.158242    0.268358  625.884277 ^ fanout24/X (sky130_fd_sc_hd__clkbuf_4)
                                                         net24 (net)
                      0.158270    0.002103  625.886353 ^ _333_/RESET_B (sky130_fd_sc_hd__dfrtp_1)
                                            625.886353   data arrival time

                               3125.000000 3125.000000   clock clk_i (rise edge)
                                  0.000000 3125.000000   clock source latency
     1    0.018999    0.091306    0.062983 3125.062988 ^ clk_i (in)
                                                         clk_i (net)
                      0.091327    0.000000 3125.062988 ^ clkbuf_0_clk_i/A (sky130_fd_sc_hd__clkbuf_16)
     8    0.085313    0.101701    0.191903 3125.254883 ^ clkbuf_0_clk_i/X (sky130_fd_sc_hd__clkbuf_16)
                                                         clknet_0_clk_i (net)
                      0.101714    0.001137 3125.256104 ^ clkbuf_3_4__f_clk_i/A (sky130_fd_sc_hd__clkbuf_16)
     7    0.023674    0.045116    0.149612 3125.405762 ^ clkbuf_3_4__f_clk_i/X (sky130_fd_sc_hd__clkbuf_16)
                                                         clknet_3_4__leaf_clk_i (net)
                      0.045119    0.000455 3125.406006 ^ _333_/CLK (sky130_fd_sc_hd__dfrtp_1)
                                 -0.250000 3125.156006   clock uncertainty
                                  0.000000 3125.156006   clock reconvergence pessimism
                                  0.201044 3125.356934   library recovery time
                                           3125.356934   data required time
---------------------------------------------------------------------------------------------
                                           3125.356934   data required time
                                           -625.886353   data arrival time
---------------------------------------------------------------------------------------------
                                           2499.470703   slack (MET)


Startpoint: _368_ (rising edge-triggered flip-flop clocked by clk_i)
Endpoint: num_to_send_o[1] (output port clocked by clk_i)
Path Group: clk_i
Path Type: max

Fanout         Cap        Slew       Delay        Time   Description
---------------------------------------------------------------------------------------------
                                  0.000000    0.000000   clock clk_i (rise edge)
                                  0.000000    0.000000   clock source latency
     1    0.018999    0.091306    0.062875    0.062875 ^ clk_i (in)
                                                         clk_i (net)
                      0.091327    0.000000    0.062875 ^ clkbuf_0_clk_i/A (sky130_fd_sc_hd__clkbuf_16)
     8    0.085313    0.101701    0.191942    0.254817 ^ clkbuf_0_clk_i/X (sky130_fd_sc_hd__clkbuf_16)
                                                         clknet_0_clk_i (net)
                      0.101748    0.002069    0.256886 ^ clkbuf_3_0__f_clk_i/A (sky130_fd_sc_hd__clkbuf_16)
    10    0.027206    0.048386    0.153074    0.409960 ^ clkbuf_3_0__f_clk_i/X (sky130_fd_sc_hd__clkbuf_16)
                                                         clknet_3_0__leaf_clk_i (net)
                      0.048389    0.000198    0.410158 ^ _368_/CLK (sky130_fd_sc_hd__dfrtp_1)
     5    0.014229    0.134916    0.390072    0.800230 ^ _368_/Q (sky130_fd_sc_hd__dfrtp_1)
                                                         net5 (net)
                      0.134916    0.000039    0.800269 ^ output5/A (sky130_fd_sc_hd__buf_2)
     1    0.034040    0.169468    0.229538    1.029806 ^ output5/X (sky130_fd_sc_hd__buf_2)
                                                         num_to_send_o[1] (net)
                      0.169468    0.000242    1.030049 ^ num_to_send_o[1] (out)
                                              1.030049   data arrival time

                               3125.000000 3125.000000   clock clk_i (rise edge)
                                  0.000000 3125.000000   clock network delay (propagated)
                                 -0.250000 3124.750000   clock uncertainty
                                  0.000000 3124.750000   clock reconvergence pessimism
                               -625.000000 2499.750000   output external delay
                                           2499.750000   data required time
---------------------------------------------------------------------------------------------
                                           2499.750000   data required time
                                             -1.030049   data arrival time
---------------------------------------------------------------------------------------------
                                           2498.719971   slack (MET)




===========================================================================
report_checks --slack_max -0.01
============================================================================
======================= min_tt_025C_1v80 Corner ===================================

No paths found.


===========================================================================
 report_check_types -max_slew -max_cap -max_fanout -violators
============================================================================
======================= min_tt_025C_1v80 Corner ===================================



===========================================================================
report_parasitic_annotation -report_unannotated
============================================================================
Found 7 unannotated drivers.
 clkload0/X
 clkload1/X
 clkload2/X
 clkload3/Y
 clkload4/X
 clkload5/Y
 clkload6/X
Found 0 partially unannotated drivers.

===========================================================================
max slew violation count 0
max fanout violation count 0
max cap violation count 0
============================================================================

===========================================================================
check_setup -verbose -unconstrained_endpoints -multiple_clock -no_clock -no_input_delay -loops -generated_clocks
===========================================================================
Warning: There is 1 combinational loop in the design.
  _247_/X
  _246_/B
  _246_/X
  _247_/B
  | loop cut point
  _247_/X
  --------------------------------
