Clock: clk_i
Sources: clk_i 
Generated: no
Virtual: yes
Propagated: no
Period: 3125.000000

===========================================================================
report_clock_properties
============================================================================
Clock                   Period          Waveform
----------------------------------------------------
clk_i               3125.000000    0.0000001562.500000

===========================================================================
report_clock_latency
============================================================================
Clock clk_i
rise -> rise
    min     max
0.000000 0.000000 source latency
0.405913         network latency _345_/CLK
        0.410849 network latency _358_/CLK
---------------
0.405913 0.410849 latency
        0.004936 skew

fall -> fall
    min     max
0.000000 0.000000 source latency
0.368232         network latency _345_/CLK
        0.372665 network latency _354_/CLK
---------------
0.368232 0.372665 latency
        0.004434 skew



===========================================================================
report_clock_min_period
============================================================================
clk_i period_min = 3.84 fmax = 260.72
