Reading OpenROAD database at '/home/matheus/openframe_user_project/openlane/rng/runs/26_03_09_20_42/31-openroad-repairdesignpostgpl/rng_top.odb'…
Reading library file at '/home/matheus/openframe_user_project/dependencies/pdks/sky130A/libs.ref/sky130_fd_sc_hd/lib/sky130_fd_sc_hd__tt_025C_1v80.lib'…
Reading design constraints file at '/nix/store/iah2c26wzpgdvqc1jv2xxg55xq5km74d-python3-3.11.9-env/lib/python3.11/site-packages/librelane/scripts/base.sdc'…
[INFO] Using clock clk_i…
[INFO] Setting output delay to: 625
[INFO] Setting input delay to: 625
[INFO] Setting load to: 0.033442
[INFO] Setting clock uncertainty to: 0.25
[INFO] Setting clock transition to: 0.1499999999999999944488848768742172978818416595458984375
[INFO] Setting timing derate to: 5%
Placement Analysis
---------------------------------
total displacement          0.0 u
average displacement        0.0 u
max displacement            0.0 u
original HPWL            1980.3 u
legalized HPWL           2053.4 u
delta HPWL                    4 %

[INFO DPL-0020] Mirrored 40 instances
[INFO DPL-0021] HPWL before            2053.4 u
[INFO DPL-0022] HPWL after             1980.3 u
[INFO DPL-0023] HPWL delta               -3.6 %
Setting global connections for newly added cells…
[INFO] Setting global connections...
Updating metrics…
Cell type report:                       Count       Area
  Fill cell                                46     172.67
  Tap cell                                 50      62.56
  Timing Repair Buffer                     17      96.34
  Inverter                                  3      11.26
  Sequential cell                          35     875.84
  Multi-Input combinational cell           77     661.88
  Total                                   228    1880.55
Writing OpenROAD database to '/home/matheus/openframe_user_project/openlane/rng/runs/26_03_09_20_42/33-openroad-detailedplacement/rng_top.odb'…
Writing netlist to '/home/matheus/openframe_user_project/openlane/rng/runs/26_03_09_20_42/33-openroad-detailedplacement/rng_top.nl.v'…
Writing powered netlist to '/home/matheus/openframe_user_project/openlane/rng/runs/26_03_09_20_42/33-openroad-detailedplacement/rng_top.pnl.v'…
Writing layout to '/home/matheus/openframe_user_project/openlane/rng/runs/26_03_09_20_42/33-openroad-detailedplacement/rng_top.def'…
Writing timing constraints to '/home/matheus/openframe_user_project/openlane/rng/runs/26_03_09_20_42/33-openroad-detailedplacement/rng_top.sdc'…
