
===========================================================================
 report_power
============================================================================
======================= nom_ff_n40C_1v95 Corner ===================================

Group                    Internal    Switching      Leakage        Total
                            Power        Power        Power        Power (Watts)
------------------------------------------------------------------------
Sequential           1.402510e-06 4.470255e-07 1.062261e-09 1.850598e-06  51.9%
Combinational        1.147526e-06 5.653530e-07 1.318629e-09 1.714198e-06  48.1%
Clock                0.000000e+00 0.000000e+00 0.000000e+00 0.000000e+00   0.0%
Macro                0.000000e+00 0.000000e+00 0.000000e+00 0.000000e+00   0.0%
Pad                  0.000000e+00 0.000000e+00 0.000000e+00 0.000000e+00   0.0%
------------------------------------------------------------------------
Total                2.550037e-06 1.012379e-06 2.380890e-09 3.564797e-06 100.0%
                            71.5%        28.4%         0.1%

