
===========================================================================
report_checks -unconstrained
===========================================================================
======================= min_tt_025C_1v80 Corner ===================================

Startpoint: rst_i (input port clocked by clk_i)
Endpoint: _231_ (recovery check against rising-edge clock clk_i)
Path Group: asynchronous
Path Type: max

Fanout         Cap        Slew       Delay        Time   Description
---------------------------------------------------------------------------------------------
                                  0.000000    0.000000   clock clk_i (rise edge)
                                  0.000000    0.000000   clock network delay (propagated)
                                625.000000  625.000000 ^ input external delay
     1    0.003196    0.021441    0.011710  625.011719 ^ rst_i (in)
                                                         rst_i (net)
                      0.021441    0.000000  625.011719 ^ input2/A (sky130_fd_sc_hd__clkbuf_1)
     1    0.004446    0.062191    0.085606  625.097290 ^ input2/X (sky130_fd_sc_hd__clkbuf_1)
                                                         net2 (net)
                      0.062191    0.000057  625.097351 ^ fanout19/A (sky130_fd_sc_hd__clkbuf_2)
     6    0.031833    0.176308    0.203954  625.301331 ^ fanout19/X (sky130_fd_sc_hd__clkbuf_2)
                                                         net19 (net)
                      0.176315    0.000909  625.302246 ^ fanout17/A (sky130_fd_sc_hd__clkbuf_4)
    10    0.052521    0.162736    0.269438  625.571655 ^ fanout17/X (sky130_fd_sc_hd__clkbuf_4)
                                                         net17 (net)
                      0.162738    0.000966  625.572632 ^ _231_/RESET_B (sky130_fd_sc_hd__dfrtp_4)
                                            625.572632   data arrival time

                               3125.000000 3125.000000   clock clk_i (rise edge)
                                  0.000000 3125.000000   clock source latency
     1    0.016350    0.079428    0.054342 3125.054443 ^ clk_i (in)
                                                         clk_i (net)
                      0.079430    0.000000 3125.054443 ^ clkbuf_0_clk_i/A (sky130_fd_sc_hd__clkbuf_16)
     4    0.041321    0.060984    0.155524 3125.209961 ^ clkbuf_0_clk_i/X (sky130_fd_sc_hd__clkbuf_16)
                                                         clknet_0_clk_i (net)
                      0.060985    0.000227 3125.210205 ^ clkbuf_2_2__f_clk_i/A (sky130_fd_sc_hd__clkbuf_16)
    10    0.034474    0.054929    0.143700 3125.353760 ^ clkbuf_2_2__f_clk_i/X (sky130_fd_sc_hd__clkbuf_16)
                                                         clknet_2_2__leaf_clk_i (net)
                      0.054930    0.000227 3125.354004 ^ _231_/CLK (sky130_fd_sc_hd__dfrtp_4)
                                 -0.250000 3125.104004   clock uncertainty
                                  0.000000 3125.104004   clock reconvergence pessimism
                                  0.182210 3125.286133   library recovery time
                                           3125.286133   data required time
---------------------------------------------------------------------------------------------
                                           3125.286133   data required time
                                           -625.572632   data arrival time
---------------------------------------------------------------------------------------------
                                           2499.713623   slack (MET)


Startpoint: _256_ (rising edge-triggered flip-flop clocked by clk_i)
Endpoint: num_to_send_o[1] (output port clocked by clk_i)
Path Group: clk_i
Path Type: max

Fanout         Cap        Slew       Delay        Time   Description
---------------------------------------------------------------------------------------------
                                  0.000000    0.000000   clock clk_i (rise edge)
                                  0.000000    0.000000   clock source latency
     1    0.016350    0.079428    0.054261    0.054261 ^ clk_i (in)
                                                         clk_i (net)
                      0.079430    0.000000    0.054261 ^ clkbuf_0_clk_i/A (sky130_fd_sc_hd__clkbuf_16)
     4    0.041321    0.060984    0.155513    0.209775 ^ clkbuf_0_clk_i/X (sky130_fd_sc_hd__clkbuf_16)
                                                         clknet_0_clk_i (net)
                      0.060986    0.000403    0.210177 ^ clkbuf_2_0__f_clk_i/A (sky130_fd_sc_hd__clkbuf_16)
    13    0.035036    0.055323    0.143847    0.354024 ^ clkbuf_2_0__f_clk_i/X (sky130_fd_sc_hd__clkbuf_16)
                                                         clknet_2_0__leaf_clk_i (net)
                      0.055330    0.000457    0.354481 ^ _256_/CLK (sky130_fd_sc_hd__dfrtp_1)
     5    0.016190    0.151064    0.404484    0.758965 ^ _256_/Q (sky130_fd_sc_hd__dfrtp_1)
                                                         net5 (net)
                      0.151064    0.000345    0.759310 ^ output5/A (sky130_fd_sc_hd__buf_2)
     1    0.034040    0.169482    0.233930    0.993241 ^ output5/X (sky130_fd_sc_hd__buf_2)
                                                         num_to_send_o[1] (net)
                      0.169482    0.000206    0.993446 ^ num_to_send_o[1] (out)
                                              0.993446   data arrival time

                               3125.000000 3125.000000   clock clk_i (rise edge)
                                  0.000000 3125.000000   clock network delay (propagated)
                                 -0.250000 3124.750000   clock uncertainty
                                  0.000000 3124.750000   clock reconvergence pessimism
                               -625.000000 2499.750000   output external delay
                                           2499.750000   data required time
---------------------------------------------------------------------------------------------
                                           2499.750000   data required time
                                             -0.993446   data arrival time
---------------------------------------------------------------------------------------------
                                           2498.756592   slack (MET)




===========================================================================
report_checks --slack_max -0.01
============================================================================
======================= min_tt_025C_1v80 Corner ===================================

No paths found.


===========================================================================
 report_check_types -max_slew -max_cap -max_fanout -violators
============================================================================
======================= min_tt_025C_1v80 Corner ===================================

max fanout

Pin                                   Limit Fanout  Slack
---------------------------------------------------------
clkbuf_2_0__f_clk_i/X                    10     13     -3 (VIOLATED)
clkbuf_2_1__f_clk_i/X                    10     13     -3 (VIOLATED)
clkbuf_2_3__f_clk_i/X                    10     11        (VIOLATED)



===========================================================================
report_parasitic_annotation -report_unannotated
============================================================================
Found 3 unannotated drivers.
 clkload0/X
 clkload1/Y
 clkload2/Y
Found 0 partially unannotated drivers.

===========================================================================
max slew violation count 0
max fanout violation count 3
max cap violation count 0
============================================================================

===========================================================================
check_setup -verbose -unconstrained_endpoints -multiple_clock -no_clock -no_input_delay -loops -generated_clocks
===========================================================================
Warning: There is 1 combinational loop in the design.
  _156_/Y
  _119_/B
  _119_/X
  _120_/A
  _120_/Y
  _156_/B1
  | loop cut point
  _156_/Y
  --------------------------------
