Clock: clk_i
Sources: clk_i 
Generated: no
Virtual: yes
Propagated: no
Period: 3125.000000

===========================================================================
report_clock_properties
============================================================================
Clock                   Period          Waveform
----------------------------------------------------
clk_i               3125.000000    0.0000001562.500000

===========================================================================
report_clock_latency
============================================================================
Clock clk_i
rise -> rise
    min     max
0.000000 0.000000 source latency
0.353999         network latency _269_/CLK
        0.359542 network latency _263_/CLK
---------------
0.353999 0.359542 latency
        0.005543 skew

fall -> fall
    min     max
0.000000 0.000000 source latency
0.335717         network latency _230_/CLK
        0.340037 network latency _239_/CLK
---------------
0.335717 0.340037 latency
        0.004320 skew



===========================================================================
report_clock_min_period
============================================================================
clk_i period_min = 3.42 fmax = 292.70
