
===========================================================================
 report_power
============================================================================
======================= nom_ss_100C_1v60 Corner ===================================

Group                    Internal    Switching      Leakage        Total
                            Power        Power        Power        Power (Watts)
------------------------------------------------------------------------
Sequential           5.397106e-07 2.044650e-07 6.822717e-07 1.426447e-06  63.0%
Combinational        3.182777e-07 1.179335e-07 4.016104e-07 8.378215e-07  37.0%
Clock                0.000000e+00 0.000000e+00 0.000000e+00 0.000000e+00   0.0%
Macro                0.000000e+00 0.000000e+00 0.000000e+00 0.000000e+00   0.0%
Pad                  0.000000e+00 0.000000e+00 0.000000e+00 0.000000e+00   0.0%
------------------------------------------------------------------------
Total                8.579882e-07 3.223985e-07 1.083882e-06 2.264269e-06 100.0%
                            37.9%        14.2%        47.9%

