Reading OpenROAD database at '/home/matheus/openframe_user_project/openlane/rng/runs/26_03_09_20_42/24-openroad-ioplacement/rng_top.odb'…
Reading library file at '/home/matheus/openframe_user_project/dependencies/pdks/sky130A/libs.ref/sky130_fd_sc_hd/lib/sky130_fd_sc_hd__tt_025C_1v80.lib'…
Reading design constraints file at '/nix/store/iah2c26wzpgdvqc1jv2xxg55xq5km74d-python3-3.11.9-env/lib/python3.11/site-packages/librelane/scripts/base.sdc'…
[INFO] Using clock clk_i…
[INFO] Setting output delay to: 625
[INFO] Setting input delay to: 625
[INFO] Setting load to: 0.033442
[INFO] Setting clock uncertainty to: 0.25
[INFO] Setting clock transition to: 0.1499999999999999944488848768742172978818416595458984375
[INFO] Setting timing derate to: 5%
[INFO] Setting RC values…
[INFO] Setting signal min routing layer to: met1 and clock min routing layer to met1. 
[INFO] Setting signal max routing layer to: met5 and clock max routing layer to met5. 
+ global_placement -density 0.6 -timing_driven -routability_driven -pad_right 0 -pad_left 0 -init_wirelength_coef 0.25
[INFO GPL-0002] DBU: 1000
[INFO GPL-0003] SiteSize: (  0.460  2.720 ) um
[INFO GPL-0004] CoreBBox: (  5.520 10.880 ) ( 64.400 73.440 ) um
[INFO GPL-0006] NumInstances:               211
[INFO GPL-0007] NumPlaceInstances:          115
[INFO GPL-0008] NumFixedInstances:           96
[INFO GPL-0009] NumDummyInstances:            0
[INFO GPL-0010] NumNets:                    119
[INFO GPL-0011] NumPins:                    443
[INFO GPL-0012] DieBBox:  (  0.000  0.000 ) ( 70.000 85.000 ) um
[INFO GPL-0013] CoreBBox: (  5.520 10.880 ) ( 64.400 73.440 ) um
[INFO GPL-0016] CoreArea:              3683.533 um^2
[INFO GPL-0017] NonPlaceInstsArea:      235.226 um^2
[INFO GPL-0018] PlaceInstsArea:        1750.429 um^2
[INFO GPL-0019] Util:                    50.762 %
[INFO GPL-0020] StdInstsArea:          1750.429 um^2
[INFO GPL-0021] MacroInstsArea:           0.000 um^2
[InitialPlace]  Iter: 1 CG residual: 0.00000012 HPWL: 2430911
[InitialPlace]  Iter: 2 CG residual: 0.00000010 HPWL: 1547822
[InitialPlace]  Iter: 3 CG residual: 0.00000011 HPWL: 1545355
[InitialPlace]  Iter: 4 CG residual: 0.00000010 HPWL: 1556076
[InitialPlace]  Iter: 5 CG residual: 0.00000007 HPWL: 1564524
[INFO GPL-0031] FillerInit:NumGCells:       136
[INFO GPL-0032] FillerInit:NumGNets:        119
[INFO GPL-0033] FillerInit:NumGPins:        443
[INFO GPL-0023] TargetDensity:            0.600
[INFO GPL-0024] AvrgPlaceInstArea:       15.221 um^2
[INFO GPL-0025] IdealBinArea:            25.369 um^2
[INFO GPL-0026] IdealBinCnt:                145
[INFO GPL-0027] TotalBinArea:          3683.533 um^2
[INFO GPL-0028] BinCnt:         8      8
[INFO GPL-0029] BinSize: (  7.360  7.820 )
[INFO GPL-0030] NumBins: 64
[NesterovSolve] Iter:    1 overflow: 0.882 HPWL: 568996
[NesterovSolve] Iter:   10 overflow: 0.848 HPWL: 648814
[NesterovSolve] Iter:   20 overflow: 0.835 HPWL: 646673
[NesterovSolve] Iter:   30 overflow: 0.833 HPWL: 644212
[NesterovSolve] Iter:   40 overflow: 0.829 HPWL: 644790
[NesterovSolve] Iter:   50 overflow: 0.828 HPWL: 644895
[NesterovSolve] Iter:   60 overflow: 0.828 HPWL: 644334
[NesterovSolve] Iter:   70 overflow: 0.828 HPWL: 644529
[NesterovSolve] Iter:   80 overflow: 0.827 HPWL: 644802
[NesterovSolve] Iter:   90 overflow: 0.825 HPWL: 645115
[NesterovSolve] Iter:  100 overflow: 0.822 HPWL: 645988
[NesterovSolve] Iter:  110 overflow: 0.819 HPWL: 647647
[NesterovSolve] Iter:  120 overflow: 0.816 HPWL: 650460
[NesterovSolve] Iter:  130 overflow: 0.811 HPWL: 656111
[NesterovSolve] Iter:  140 overflow: 0.801 HPWL: 665917
[NesterovSolve] Iter:  150 overflow: 0.796 HPWL: 672620
[NesterovSolve] Iter:  160 overflow: 0.793 HPWL: 680496
[INFO GPL-0100] Timing-driven: executing resizer for reweighting nets.
[INFO GPL-0101] Timing-driven: worst slack 2.5e-06
[INFO GPL-0103] Timing-driven: weighted 11 nets.
[NesterovSolve] Iter:  170 overflow: 0.777 HPWL: 697373
[NesterovSolve] Iter:  180 overflow: 0.734 HPWL: 747441
[NesterovSolve] Iter:  190 overflow: 0.725 HPWL: 746943
[NesterovSolve] Iter:  200 overflow: 0.708 HPWL: 774435
[NesterovSolve] Iter:  210 overflow: 0.687 HPWL: 815694
[NesterovSolve] Iter:  220 overflow: 0.662 HPWL: 850733
[NesterovSolve] Iter:  230 overflow: 0.635 HPWL: 915150
[INFO GPL-0100] Timing-driven: executing resizer for reweighting nets.
[INFO GPL-0101] Timing-driven: worst slack 2.5e-06
[INFO GPL-0103] Timing-driven: weighted 10 nets.
[NesterovSolve] Snapshot saved at iter = 234
[NesterovSolve] Iter:  240 overflow: 0.581 HPWL: 967921
[NesterovSolve] Iter:  250 overflow: 0.526 HPWL: 1015868
[NesterovSolve] Iter:  260 overflow: 0.486 HPWL: 1071649
[INFO GPL-0100] Timing-driven: executing resizer for reweighting nets.
[INFO GPL-0101] Timing-driven: worst slack 2.5e-06
[INFO GPL-0103] Timing-driven: weighted 11 nets.
[NesterovSolve] Iter:  270 overflow: 0.440 HPWL: 1122847
[NesterovSolve] Iter:  280 overflow: 0.391 HPWL: 1173731
[NesterovSolve] Iter:  290 overflow: 0.338 HPWL: 1230194
[NesterovSolve] Iter:  300 overflow: 0.295 HPWL: 1265064
[INFO GPL-0075] Routability numCall: 1 inflationIterCnt: 1 bloatIterCnt: 0
[INFO GPL-0036] TileBBox: (    0    0 ) ( 6900 6900 ) DBU
[INFO GPL-0038] TileCnt:      10   12
[INFO GPL-0040] NumTiles: 120
[INFO GPL-0081] TotalRouteOverflow: 0
[INFO GPL-0082] OverflowTileCnt: 0
[INFO GPL-0083] 0.5%RC: 0.751544177532196
[INFO GPL-0084] 1.0%RC: 0.7365909516811371
[INFO GPL-0085] 2.0%RC: 0.7273498972256979
[INFO GPL-0086] 5.0%RC: 0.6929810047149658
[INFO GPL-0087] FinalRC: 0.74406755
[INFO GPL-0077] FinalRC lower than targetRC(1.01), routability not needed.
[INFO GPL-0100] Timing-driven: executing resizer for reweighting nets.
[INFO GPL-0101] Timing-driven: worst slack 2.5e-06
[INFO GPL-0103] Timing-driven: weighted 11 nets.
[NesterovSolve] Iter:  310 overflow: 0.253 HPWL: 1293020
[NesterovSolve] Iter:  320 overflow: 0.210 HPWL: 1312502
[INFO GPL-0100] Timing-driven: executing resizer for reweighting nets.
[INFO GPL-0101] Timing-driven: worst slack 2.5e-06
[INFO GPL-0103] Timing-driven: weighted 10 nets.
[NesterovSolve] Iter:  330 overflow: 0.175 HPWL: 1331968
[NesterovSolve] Iter:  340 overflow: 0.151 HPWL: 1354775
[INFO GPL-0100] Timing-driven: executing resizer for reweighting nets.
[INFO GPL-0101] Timing-driven: worst slack 2.5e-06
[INFO GPL-0103] Timing-driven: weighted 11 nets.
[NesterovSolve] Iter:  350 overflow: 0.124 HPWL: 1366357
[NesterovSolve] Finished with Overflow: 0.098886
[INFO] Setting RC values…
Setting global connections for newly added cells…
[INFO] Setting global connections...
Updating metrics…
Cell type report:                       Count       Area
  Fill cell                                46     172.67
  Tap cell                                 50      62.56
  Inverter                                  3      11.26
  Sequential cell                          35     919.63
  Multi-Input combinational cell           77     819.54
  Total                                   211    1985.65
Writing OpenROAD database to '/home/matheus/openframe_user_project/openlane/rng/runs/26_03_09_20_42/27-openroad-globalplacement/rng_top.odb'…
Writing netlist to '/home/matheus/openframe_user_project/openlane/rng/runs/26_03_09_20_42/27-openroad-globalplacement/rng_top.nl.v'…
Writing powered netlist to '/home/matheus/openframe_user_project/openlane/rng/runs/26_03_09_20_42/27-openroad-globalplacement/rng_top.pnl.v'…
Writing layout to '/home/matheus/openframe_user_project/openlane/rng/runs/26_03_09_20_42/27-openroad-globalplacement/rng_top.def'…
Writing timing constraints to '/home/matheus/openframe_user_project/openlane/rng/runs/26_03_09_20_42/27-openroad-globalplacement/rng_top.sdc'…
