
===========================================================================
 report_power
============================================================================
======================= nom_tt_025C_1v80 Corner ===================================

Group                    Internal    Switching      Leakage        Total
                            Power        Power        Power        Power (Watts)
------------------------------------------------------------------------
Sequential           6.595862e-07 1.464358e-07 4.117267e-10 8.064338e-07  33.7%
Combinational        6.884237e-07 4.226346e-07 5.090588e-10 1.111567e-06  46.5%
Clock                3.096065e-07 1.619649e-07 2.217573e-10 4.717931e-07  19.7%
Macro                0.000000e+00 0.000000e+00 0.000000e+00 0.000000e+00   0.0%
Pad                  0.000000e+00 0.000000e+00 0.000000e+00 0.000000e+00   0.0%
------------------------------------------------------------------------
Total                1.657616e-06 7.310353e-07 1.142543e-09 2.389794e-06 100.0%
                            69.4%        30.6%         0.0%

