
===========================================================================
report_checks -unconstrained
===========================================================================
======================= nom_ss_100C_1v60 Corner ===================================

Startpoint: rst_i (input port clocked by clk_i)
Endpoint: _227_ (recovery check against rising-edge clock clk_i)
Path Group: asynchronous
Path Type: max

Fanout         Cap        Slew       Delay        Time   Description
---------------------------------------------------------------------------------------------
                      0.150000    0.000000    0.000000   clock clk_i (rise edge)
                                  0.000000    0.000000   clock network delay (ideal)
                                625.000000  625.000000 ^ input external delay
    44    0.143572    1.031582    0.720036  625.720032 ^ rst_i (in)
                                                         rst_i (net)
                      1.031582    0.000000  625.720032 ^ _227_/RESET_B (sky130_fd_sc_hd__dfrtp_2)
                                            625.720032   data arrival time

                      0.150000 3125.000000 3125.000000   clock clk_i (rise edge)
                                  0.000000 3125.000000   clock network delay (ideal)
                                 -0.250000 3124.750000   clock uncertainty
                                  0.000000 3124.750000   clock reconvergence pessimism
                                           3124.750000 ^ _227_/CLK (sky130_fd_sc_hd__dfrtp_2)
                                  0.062624 3124.812500   library recovery time
                                           3124.812500   data required time
---------------------------------------------------------------------------------------------
                                           3124.812500   data required time
                                           -625.720032   data arrival time
---------------------------------------------------------------------------------------------
                                           2499.092285   slack (MET)


Startpoint: req_num_i (input port clocked by clk_i)
Endpoint: _267_ (rising edge-triggered flip-flop clocked by clk_i)
Path Group: clk_i
Path Type: max

Fanout         Cap        Slew       Delay        Time   Description
---------------------------------------------------------------------------------------------
                      0.150000    0.000000    0.000000   clock clk_i (rise edge)
                                  0.000000    0.000000   clock network delay (ideal)
                                625.000000  625.000000 v input external delay
     1    0.001369    0.013241    0.004661  625.004639 v req_num_i (in)
                                                         req_num_i (net)
                      0.013241    0.000000  625.004639 v _119_/A (sky130_fd_sc_hd__or2_2)
     8    0.025027    0.221297    0.790010  625.794678 v _119_/X (sky130_fd_sc_hd__or2_2)
                                                         _107_ (net)
                      0.221297    0.000000  625.794678 v _222_/B (sky130_fd_sc_hd__or2_2)
     1    0.001353    0.101180    0.653586  626.448242 v _222_/X (sky130_fd_sc_hd__or2_2)
                                                         _100_ (net)
                      0.101180    0.000000  626.448242 v _223_/B (sky130_fd_sc_hd__and2_2)
     1    0.001838    0.066179    0.397222  626.845459 v _223_/X (sky130_fd_sc_hd__and2_2)
                                                         _038_ (net)
                      0.066179    0.000000  626.845459 v _267_/D (sky130_fd_sc_hd__dfrtp_2)
                                            626.845459   data arrival time

                      0.150000 3125.000000 3125.000000   clock clk_i (rise edge)
                                  0.000000 3125.000000   clock network delay (ideal)
                                 -0.250000 3124.750000   clock uncertainty
                                  0.000000 3124.750000   clock reconvergence pessimism
                                           3124.750000 ^ _267_/CLK (sky130_fd_sc_hd__dfrtp_2)
                                 -0.253695 3124.496094   library setup time
                                           3124.496094   data required time
---------------------------------------------------------------------------------------------
                                           3124.496094   data required time
                                           -626.845459   data arrival time
---------------------------------------------------------------------------------------------
                                           2497.650879   slack (MET)




===========================================================================
report_checks --slack_max -0.01
============================================================================
======================= nom_ss_100C_1v60 Corner ===================================

No paths found.


===========================================================================
 report_check_types -max_slew -max_cap -max_fanout -violators
============================================================================
======================= nom_ss_100C_1v60 Corner ===================================

max slew

Pin                                        Limit        Slew       Slack
------------------------------------------------------------------------
rst_i                                   0.750000    1.031582   -0.281582 (VIOLATED)
_227_/RESET_B                           0.750000    1.031582   -0.281582 (VIOLATED)
_228_/RESET_B                           0.750000    1.031582   -0.281582 (VIOLATED)
_229_/RESET_B                           0.750000    1.031582   -0.281582 (VIOLATED)
_230_/RESET_B                           0.750000    1.031582   -0.281582 (VIOLATED)
_231_/RESET_B                           0.750000    1.031582   -0.281582 (VIOLATED)
_232_/RESET_B                           0.750000    1.031582   -0.281582 (VIOLATED)
_233_/RESET_B                           0.750000    1.031582   -0.281582 (VIOLATED)
_234_/RESET_B                           0.750000    1.031582   -0.281582 (VIOLATED)
_235_/RESET_B                           0.750000    1.031582   -0.281582 (VIOLATED)
_236_/RESET_B                           0.750000    1.031582   -0.281582 (VIOLATED)
_237_/RESET_B                           0.750000    1.031582   -0.281582 (VIOLATED)
_238_/RESET_B                           0.750000    1.031582   -0.281582 (VIOLATED)
_239_/RESET_B                           0.750000    1.031582   -0.281582 (VIOLATED)
_240_/RESET_B                           0.750000    1.031582   -0.281582 (VIOLATED)
_241_/RESET_B                           0.750000    1.031582   -0.281582 (VIOLATED)
_242_/RESET_B                           0.750000    1.031582   -0.281582 (VIOLATED)
_243_/RESET_B                           0.750000    1.031582   -0.281582 (VIOLATED)
_244_/RESET_B                           0.750000    1.031582   -0.281582 (VIOLATED)
_245_/RESET_B                           0.750000    1.031582   -0.281582 (VIOLATED)
_246_/RESET_B                           0.750000    1.031582   -0.281582 (VIOLATED)
_247_/RESET_B                           0.750000    1.031582   -0.281582 (VIOLATED)
_248_/RESET_B                           0.750000    1.031582   -0.281582 (VIOLATED)
_249_/RESET_B                           0.750000    1.031582   -0.281582 (VIOLATED)
_250_/RESET_B                           0.750000    1.031582   -0.281582 (VIOLATED)
_251_/RESET_B                           0.750000    1.031582   -0.281582 (VIOLATED)
_252_/RESET_B                           0.750000    1.031582   -0.281582 (VIOLATED)
_253_/RESET_B                           0.750000    1.031582   -0.281582 (VIOLATED)
_254_/RESET_B                           0.750000    1.031582   -0.281582 (VIOLATED)
_255_/RESET_B                           0.750000    1.031582   -0.281582 (VIOLATED)
_256_/RESET_B                           0.750000    1.031582   -0.281582 (VIOLATED)
_257_/RESET_B                           0.750000    1.031582   -0.281582 (VIOLATED)
_258_/RESET_B                           0.750000    1.031582   -0.281582 (VIOLATED)
_259_/RESET_B                           0.750000    1.031582   -0.281582 (VIOLATED)
_260_/RESET_B                           0.750000    1.031582   -0.281582 (VIOLATED)
_261_/RESET_B                           0.750000    1.031582   -0.281582 (VIOLATED)
_262_/RESET_B                           0.750000    1.031582   -0.281582 (VIOLATED)
_263_/RESET_B                           0.750000    1.031582   -0.281582 (VIOLATED)
_264_/RESET_B                           0.750000    1.031582   -0.281582 (VIOLATED)
_265_/RESET_B                           0.750000    1.031582   -0.281582 (VIOLATED)
_266_/RESET_B                           0.750000    1.031582   -0.281582 (VIOLATED)
_267_/RESET_B                           0.750000    1.031582   -0.281582 (VIOLATED)
_268_/RESET_B                           0.750000    1.031582   -0.281582 (VIOLATED)
_269_/RESET_B                           0.750000    1.031582   -0.281582 (VIOLATED)
_270_/RESET_B                           0.750000    1.031582   -0.281582 (VIOLATED)
_159_/X                                 0.750000    0.830281   -0.080281 (VIOLATED)
_160_/S                                 0.750000    0.830281   -0.080281 (VIOLATED)
_161_/S                                 0.750000    0.830281   -0.080281 (VIOLATED)
_162_/S                                 0.750000    0.830281   -0.080281 (VIOLATED)
_192_/S                                 0.750000    0.830281   -0.080281 (VIOLATED)
_193_/S                                 0.750000    0.830281   -0.080281 (VIOLATED)
_194_/S                                 0.750000    0.830281   -0.080281 (VIOLATED)
_195_/S                                 0.750000    0.830281   -0.080281 (VIOLATED)
_196_/S                                 0.750000    0.830281   -0.080281 (VIOLATED)
_197_/S                                 0.750000    0.830281   -0.080281 (VIOLATED)
_198_/S                                 0.750000    0.830281   -0.080281 (VIOLATED)
_199_/S                                 0.750000    0.830281   -0.080281 (VIOLATED)
_200_/S                                 0.750000    0.830281   -0.080281 (VIOLATED)
_201_/S                                 0.750000    0.830281   -0.080281 (VIOLATED)
_202_/S                                 0.750000    0.830281   -0.080281 (VIOLATED)
_203_/S                                 0.750000    0.830281   -0.080281 (VIOLATED)
_204_/S                                 0.750000    0.830281   -0.080281 (VIOLATED)
_205_/S                                 0.750000    0.830281   -0.080281 (VIOLATED)
_206_/S                                 0.750000    0.830281   -0.080281 (VIOLATED)
_207_/S                                 0.750000    0.830281   -0.080281 (VIOLATED)
_208_/S                                 0.750000    0.830281   -0.080281 (VIOLATED)
_209_/S                                 0.750000    0.830281   -0.080281 (VIOLATED)
_210_/S                                 0.750000    0.830281   -0.080281 (VIOLATED)
_211_/S                                 0.750000    0.830281   -0.080281 (VIOLATED)
_212_/S                                 0.750000    0.830281   -0.080281 (VIOLATED)
_213_/B                                 0.750000    0.830281   -0.080281 (VIOLATED)
_214_/S                                 0.750000    0.830281   -0.080281 (VIOLATED)
_215_/S                                 0.750000    0.830281   -0.080281 (VIOLATED)
_216_/S                                 0.750000    0.830281   -0.080281 (VIOLATED)
_217_/S                                 0.750000    0.830281   -0.080281 (VIOLATED)
_218_/S                                 0.750000    0.830281   -0.080281 (VIOLATED)
_219_/S                                 0.750000    0.830281   -0.080281 (VIOLATED)
_220_/S                                 0.750000    0.830281   -0.080281 (VIOLATED)

max fanout

Pin                                   Limit Fanout  Slack
---------------------------------------------------------
rst_i                                    10     44    -34 (VIOLATED)
_159_/X                                  10     32    -22 (VIOLATED)
_116_/Y                                  10     16     -6 (VIOLATED)
_232_/Q                                  10     11        (VIOLATED)



===========================================================================
report_parasitic_annotation -report_unannotated
============================================================================
Found 162 unannotated drivers.
 clk_i
 req_num_i
 rst_i
 wr_i
 _113_/Y
 _114_/Y
 _115_/Y
 _116_/Y
 _117_/Y
 _118_/Y
 _119_/X
 _120_/Y
 _121_/Y
 _122_/X
 _123_/Y
 _124_/X
 _125_/Y
 _126_/X
 _127_/Y
 _128_/X
 _129_/X
 _130_/Y
 _131_/Y
 _132_/X
 _133_/X
 _134_/Y
 _135_/Y
 _136_/X
 _137_/Y
 _138_/X
 _139_/Y
 _140_/X
 _141_/Y
 _142_/X
 _143_/Y
 _144_/X
 _145_/X
 _146_/X
 _147_/Y
 _148_/Y
 _149_/X
 _150_/X
 _151_/Y
 _152_/Y
 _153_/X
 _154_/X
 _155_/X
 _156_/Y
 _157_/X
 _158_/X
 _159_/X
 _160_/X
 _161_/X
 _162_/X
 _163_/Y
 _164_/X
 _165_/X
 _166_/Y
 _167_/Y
 _168_/X
 _169_/X
 _170_/Y
 _171_/Y
 _172_/Y
 _173_/X
 _174_/X
 _175_/Y
 _176_/X
 _177_/X
 _178_/X
 _179_/X
 _180_/X
 _181_/X
 _182_/Y
 _183_/X
 _184_/Y
 _185_/Y
 _186_/X
 _187_/X
 _188_/X
 _189_/X
 _190_/X
 _191_/X
 _192_/X
 _193_/X
 _194_/X
 _195_/X
 _196_/X
 _197_/X
 _198_/X
 _199_/X
 _200_/X
 _201_/X
 _202_/X
 _203_/X
 _204_/X
 _205_/X
 _206_/X
 _207_/X
 _208_/X
 _209_/X
 _210_/X
 _211_/X
 _212_/X
 _213_/X
 _214_/X
 _215_/X
 _216_/X
 _217_/X
 _218_/X
 _219_/X
 _220_/X
 _221_/Y
 _222_/X
 _223_/X
 _224_/Y
 _225_/Y
 _226_/X
 _227_/Q
 _228_/Q
 _229_/Q
 _230_/Q
 _231_/Q
 _232_/Q
 _233_/Q
 _234_/Q
 _235_/Q
 _236_/Q
 _237_/Q
 _238_/Q
 _239_/Q
 _240_/Q
 _241_/Q
 _242_/Q
 _243_/Q
 _244_/Q
 _245_/Q
 _246_/Q
 _247_/Q
 _248_/Q
 _249_/Q
 _250_/Q
 _251_/Q
 _252_/Q
 _253_/Q
 _254_/Q
 _255_/Q
 _256_/Q
 _257_/Q
 _258_/Q
 _259_/Q
 _260_/Q
 _261_/Q
 _262_/Q
 _263_/Q
 _264_/Q
 _265_/Q
 _266_/Q
 _267_/Q
 _268_/Q
 _269_/Q
 _270_/Q
Found 0 partially unannotated drivers.

===========================================================================
max slew violation count 78
max fanout violation count 4
max cap violation count 0
============================================================================

===========================================================================
check_setup -verbose -unconstrained_endpoints -multiple_clock -no_clock -no_input_delay -loops -generated_clocks
===========================================================================
Warning: There is 1 combinational loop in the design.
  _156_/Y
  _119_/B
  _119_/X
  _120_/A
  _120_/Y
  _156_/B1
  | loop cut point
  _156_/Y
  --------------------------------
