Clock: clk_i
Sources: clk_i 
Generated: no
Virtual: no
Propagated: no
Period: 3125.000000

===========================================================================
report_clock_properties
============================================================================
Clock                   Period          Waveform
----------------------------------------------------
clk_i               3125.000000    0.0000001562.500000

===========================================================================
report_clock_latency
============================================================================
Clock clk_i
rise -> rise
    min     max
0.000000 0.000000 source latency
0.390151         network latency _227_/CLK
        0.390151 network latency _227_/CLK
---------------
0.390151 0.390151 latency
        0.000000 skew

fall -> fall
    min     max
0.000000 0.000000 source latency
0.218051         network latency _227_/CLK
        0.218051 network latency _227_/CLK
---------------
0.218051 0.218051 latency
        0.000000 skew



===========================================================================
report_clock_min_period
============================================================================
clk_i period_min = 5.65 fmax = 176.95
