
===========================================================================
report_checks -unconstrained
===========================================================================
======================= min_ss_100C_1v60 Corner ===================================

Startpoint: rst_i (input port clocked by clk_i)
Endpoint: _347_ (recovery check against rising-edge clock clk_i)
Path Group: asynchronous
Path Type: max

Fanout         Cap        Slew       Delay        Time   Description
---------------------------------------------------------------------------------------------
                                  0.000000    0.000000   clock clk_i (rise edge)
                                  0.000000    0.000000   clock network delay (propagated)
                                625.000000  625.000000 ^ input external delay
     1    0.002536    0.030516    0.014381  625.014404 ^ rst_i (in)
                                                         rst_i (net)
                      0.030516    0.000000  625.014404 ^ input2/A (sky130_fd_sc_hd__clkbuf_1)
     1    0.002690    0.070640    0.131081  625.145447 ^ input2/X (sky130_fd_sc_hd__clkbuf_1)
                                                         net2 (net)
                      0.070640    0.000057  625.145508 ^ fanout27/A (sky130_fd_sc_hd__dlymetal6s2s_1)
     5    0.026856    0.426509    0.417629  625.563171 ^ fanout27/X (sky130_fd_sc_hd__dlymetal6s2s_1)
                                                         net27 (net)
                      0.426509    0.000171  625.563293 ^ fanout26/A (sky130_fd_sc_hd__buf_2)
     8    0.035181    0.280068    0.499199  626.062500 ^ fanout26/X (sky130_fd_sc_hd__buf_2)
                                                         net26 (net)
                      0.280068    0.000398  626.062927 ^ fanout25/A (sky130_fd_sc_hd__clkbuf_4)
    10    0.048444    0.241824    0.469811  626.532715 ^ fanout25/X (sky130_fd_sc_hd__clkbuf_4)
                                                         net25 (net)
                      0.241827    0.001364  626.534119 ^ _347_/RESET_B (sky130_fd_sc_hd__dfrtp_1)
                                            626.534119   data arrival time

                               3125.000000 3125.000000   clock clk_i (rise edge)
                                  0.000000 3125.000000   clock source latency
     1    0.018999    0.142997    0.097543 3125.097656 ^ clk_i (in)
                                                         clk_i (net)
                      0.143010    0.000000 3125.097656 ^ clkbuf_0_clk_i/A (sky130_fd_sc_hd__clkbuf_16)
     8    0.085313    0.155482    0.332648 3125.430176 ^ clkbuf_0_clk_i/X (sky130_fd_sc_hd__clkbuf_16)
                                                         clknet_0_clk_i (net)
                      0.155483    0.000909 3125.431152 ^ clkbuf_3_6__f_clk_i/A (sky130_fd_sc_hd__clkbuf_16)
     7    0.024938    0.073643    0.267846 3125.698975 ^ clkbuf_3_6__f_clk_i/X (sky130_fd_sc_hd__clkbuf_16)
                                                         clknet_3_6__leaf_clk_i (net)
                      0.073643    0.000000 3125.698975 ^ _347_/CLK (sky130_fd_sc_hd__dfrtp_1)
                                 -0.250000 3125.448730   clock uncertainty
                                  0.000000 3125.448730   clock reconvergence pessimism
                                  0.400159 3125.849121   library recovery time
                                           3125.849121   data required time
---------------------------------------------------------------------------------------------
                                           3125.849121   data required time
                                           -626.534119   data arrival time
---------------------------------------------------------------------------------------------
                                           2499.314941   slack (MET)


Startpoint: _368_ (rising edge-triggered flip-flop clocked by clk_i)
Endpoint: num_to_send_o[1] (output port clocked by clk_i)
Path Group: clk_i
Path Type: max

Fanout         Cap        Slew       Delay        Time   Description
---------------------------------------------------------------------------------------------
                                  0.000000    0.000000   clock clk_i (rise edge)
                                  0.000000    0.000000   clock source latency
     1    0.018999    0.142997    0.097465    0.097465 ^ clk_i (in)
                                                         clk_i (net)
                      0.143010    0.000000    0.097465 ^ clkbuf_0_clk_i/A (sky130_fd_sc_hd__clkbuf_16)
     8    0.085313    0.155482    0.332710    0.430175 ^ clkbuf_0_clk_i/X (sky130_fd_sc_hd__clkbuf_16)
                                                         clknet_0_clk_i (net)
                      0.155509    0.002071    0.432246 ^ clkbuf_3_0__f_clk_i/A (sky130_fd_sc_hd__clkbuf_16)
    10    0.026272    0.075379    0.269719    0.701965 ^ clkbuf_3_0__f_clk_i/X (sky130_fd_sc_hd__clkbuf_16)
                                                         clknet_3_0__leaf_clk_i (net)
                      0.075379    0.000191    0.702156 ^ _368_/CLK (sky130_fd_sc_hd__dfrtp_1)
     5    0.013280    0.163810    0.835890    1.538046 v _368_/Q (sky130_fd_sc_hd__dfrtp_1)
                                                         net5 (net)
                      0.163810    0.000036    1.538082 v output5/A (sky130_fd_sc_hd__buf_2)
     1    0.034040    0.164951    0.389147    1.927228 v output5/X (sky130_fd_sc_hd__buf_2)
                                                         num_to_send_o[1] (net)
                      0.164951    0.000242    1.927471 v num_to_send_o[1] (out)
                                              1.927471   data arrival time

                               3125.000000 3125.000000   clock clk_i (rise edge)
                                  0.000000 3125.000000   clock network delay (propagated)
                                 -0.250000 3124.750000   clock uncertainty
                                  0.000000 3124.750000   clock reconvergence pessimism
                               -625.000000 2499.750000   output external delay
                                           2499.750000   data required time
---------------------------------------------------------------------------------------------
                                           2499.750000   data required time
                                             -1.927471   data arrival time
---------------------------------------------------------------------------------------------
                                           2497.822510   slack (MET)




===========================================================================
report_checks --slack_max -0.01
============================================================================
======================= min_ss_100C_1v60 Corner ===================================

No paths found.


===========================================================================
 report_check_types -max_slew -max_cap -max_fanout -violators
============================================================================
======================= min_ss_100C_1v60 Corner ===================================



===========================================================================
report_parasitic_annotation -report_unannotated
============================================================================
Found 7 unannotated drivers.
 clkload0/X
 clkload1/X
 clkload2/X
 clkload3/Y
 clkload4/X
 clkload5/Y
 clkload6/X
Found 0 partially unannotated drivers.

===========================================================================
max slew violation count 0
max fanout violation count 0
max cap violation count 0
============================================================================

===========================================================================
check_setup -verbose -unconstrained_endpoints -multiple_clock -no_clock -no_input_delay -loops -generated_clocks
===========================================================================
Warning: There is 1 combinational loop in the design.
  _247_/X
  _246_/B
  _246_/X
  _247_/B
  | loop cut point
  _247_/X
  --------------------------------
