Clock: clk_i
Sources: clk_i 
Generated: no
Virtual: yes
Propagated: no
Period: 3125.000000

===========================================================================
report_clock_properties
============================================================================
Clock                   Period          Waveform
----------------------------------------------------
clk_i               3125.000000    0.0000001562.500000

===========================================================================
report_clock_latency
============================================================================
Clock clk_i
rise -> rise
    min     max
0.000000 0.000000 source latency
0.696786         network latency _345_/CLK
        0.702977 network latency _358_/CLK
---------------
0.696786 0.702977 latency
        0.006191 skew

fall -> fall
    min     max
0.000000 0.000000 source latency
0.652449         network latency _345_/CLK
        0.658133 network latency _358_/CLK
---------------
0.652449 0.658133 latency
        0.005684 skew



===========================================================================
report_clock_min_period
============================================================================
clk_i period_min = 7.41 fmax = 134.90
