
===========================================================================
 report_power
============================================================================
======================= min_ss_100C_1v60 Corner ===================================

Group                    Internal    Switching      Leakage        Total
                            Power        Power        Power        Power (Watts)
------------------------------------------------------------------------
Sequential           9.062029e-07 2.428347e-07 1.127545e-06 2.276582e-06  35.7%
Combinational        1.177251e-06 6.962618e-07 1.275792e-06 3.149305e-06  49.4%
Clock                4.880715e-07 2.340015e-07 2.217373e-07 9.438103e-07  14.8%
Macro                0.000000e+00 0.000000e+00 0.000000e+00 0.000000e+00   0.0%
Pad                  0.000000e+00 0.000000e+00 0.000000e+00 0.000000e+00   0.0%
------------------------------------------------------------------------
Total                2.571526e-06 1.173098e-06 2.625071e-06 6.369695e-06 100.0%
                            40.4%        18.4%        41.2%

