Reading OpenROAD database at '/home/matheus/openframe_user_project/openlane/rng/runs/26_02_18_09_30/24-openroad-ioplacement/rng_top.odb'…
Reading library file at '/home/matheus/openframe_user_project/dependencies/pdks/sky130A/libs.ref/sky130_fd_sc_hd/lib/sky130_fd_sc_hd__tt_025C_1v80.lib'…
Reading design constraints file at '/nix/store/iah2c26wzpgdvqc1jv2xxg55xq5km74d-python3-3.11.9-env/lib/python3.11/site-packages/librelane/scripts/base.sdc'…
[INFO] Using clock clk_i…
[INFO] Setting output delay to: 625
[INFO] Setting input delay to: 625
[INFO] Setting load to: 0.033442
[INFO] Setting clock uncertainty to: 0.25
[INFO] Setting clock transition to: 0.1499999999999999944488848768742172978818416595458984375
[INFO] Setting timing derate to: 5%
[INFO] Setting RC values…
[INFO] Setting signal min routing layer to: met1 and clock min routing layer to met1. 
[INFO] Setting signal max routing layer to: met5 and clock max routing layer to met5. 
+ global_placement -density 0.6 -timing_driven -routability_driven -pad_right 0 -pad_left 0 -init_wirelength_coef 0.25
[INFO GPL-0002] DBU: 1000
[INFO GPL-0003] SiteSize: (  0.460  2.720 ) um
[INFO GPL-0004] CoreBBox: (  5.520 10.880 ) ( 79.120 73.440 ) um
[INFO GPL-0006] NumInstances:               266
[INFO GPL-0007] NumPlaceInstances:          158
[INFO GPL-0008] NumFixedInstances:          108
[INFO GPL-0009] NumDummyInstances:            0
[INFO GPL-0010] NumNets:                    162
[INFO GPL-0011] NumPins:                    634
[INFO GPL-0012] DieBBox:  (  0.000  0.000 ) ( 85.000 85.000 ) um
[INFO GPL-0013] CoreBBox: (  5.520 10.880 ) ( 79.120 73.440 ) um
[INFO GPL-0016] CoreArea:              4604.416 um^2
[INFO GPL-0017] NonPlaceInstsArea:      250.240 um^2
[INFO GPL-0018] PlaceInstsArea:        2328.483 um^2
[INFO GPL-0019] Util:                    53.477 %
[INFO GPL-0020] StdInstsArea:          2328.483 um^2
[INFO GPL-0021] MacroInstsArea:           0.000 um^2
[InitialPlace]  Iter: 1 CG residual: 0.00000008 HPWL: 3423343
[InitialPlace]  Iter: 2 CG residual: 0.00000011 HPWL: 2015145
[InitialPlace]  Iter: 3 CG residual: 0.00000007 HPWL: 1999213
[InitialPlace]  Iter: 4 CG residual: 0.00000011 HPWL: 2005982
[InitialPlace]  Iter: 5 CG residual: 0.00000010 HPWL: 2002606
[INFO GPL-0031] FillerInit:NumGCells:       177
[INFO GPL-0032] FillerInit:NumGNets:        162
[INFO GPL-0033] FillerInit:NumGPins:        634
[INFO GPL-0023] TargetDensity:            0.600
[INFO GPL-0024] AvrgPlaceInstArea:       14.737 um^2
[INFO GPL-0025] IdealBinArea:            24.562 um^2
[INFO GPL-0026] IdealBinCnt:                187
[INFO GPL-0027] TotalBinArea:          4604.416 um^2
[INFO GPL-0028] BinCnt:         8      8
[INFO GPL-0029] BinSize: (  9.200  7.820 )
[INFO GPL-0030] NumBins: 64
[NesterovSolve] Iter:    1 overflow: 0.867 HPWL: 707449
[NesterovSolve] Iter:   10 overflow: 0.847 HPWL: 761630
[NesterovSolve] Iter:   20 overflow: 0.865 HPWL: 759424
[NesterovSolve] Iter:   30 overflow: 0.847 HPWL: 756515
[NesterovSolve] Iter:   40 overflow: 0.882 HPWL: 744526
[NesterovSolve] Iter:   50 overflow: 0.869 HPWL: 735947
[NesterovSolve] Iter:   60 overflow: 0.850 HPWL: 726161
[NesterovSolve] Iter:   70 overflow: 0.846 HPWL: 722323
[NesterovSolve] Iter:   80 overflow: 0.849 HPWL: 723797
[NesterovSolve] Iter:   90 overflow: 0.854 HPWL: 726865
[NesterovSolve] Iter:  100 overflow: 0.863 HPWL: 730301
[NesterovSolve] Iter:  110 overflow: 0.881 HPWL: 735433
[NesterovSolve] Iter:  120 overflow: 0.882 HPWL: 743509
[NesterovSolve] Iter:  130 overflow: 0.878 HPWL: 755543
[NesterovSolve] Iter:  140 overflow: 0.855 HPWL: 767384
[NesterovSolve] Iter:  150 overflow: 0.831 HPWL: 782916
[NesterovSolve] Iter:  160 overflow: 0.827 HPWL: 806524
[NesterovSolve] Iter:  170 overflow: 0.803 HPWL: 853308
[INFO GPL-0100] Timing-driven: executing resizer for reweighting nets.
[INFO GPL-0101] Timing-driven: worst slack 2.5e-06
[INFO GPL-0103] Timing-driven: weighted 16 nets.
[NesterovSolve] Iter:  180 overflow: 0.754 HPWL: 917944
[NesterovSolve] Iter:  190 overflow: 0.745 HPWL: 930408
[NesterovSolve] Iter:  200 overflow: 0.734 HPWL: 1022921
[NesterovSolve] Iter:  210 overflow: 0.671 HPWL: 1095269
[NesterovSolve] Iter:  220 overflow: 0.646 HPWL: 1150091
[INFO GPL-0100] Timing-driven: executing resizer for reweighting nets.
[INFO GPL-0101] Timing-driven: worst slack 2.5e-06
[INFO GPL-0103] Timing-driven: weighted 16 nets.
[NesterovSolve] Snapshot saved at iter = 228
[NesterovSolve] Iter:  230 overflow: 0.593 HPWL: 1247962
[NesterovSolve] Iter:  240 overflow: 0.557 HPWL: 1338657
[NesterovSolve] Iter:  250 overflow: 0.506 HPWL: 1414978
[INFO GPL-0100] Timing-driven: executing resizer for reweighting nets.
[INFO GPL-0101] Timing-driven: worst slack 2.5e-06
[INFO GPL-0103] Timing-driven: weighted 16 nets.
[NesterovSolve] Iter:  260 overflow: 0.455 HPWL: 1488376
[NesterovSolve] Iter:  270 overflow: 0.404 HPWL: 1569711
[NesterovSolve] Iter:  280 overflow: 0.360 HPWL: 1661938
[NesterovSolve] Iter:  290 overflow: 0.321 HPWL: 1740134
[INFO GPL-0075] Routability numCall: 1 inflationIterCnt: 1 bloatIterCnt: 0
[INFO GPL-0036] TileBBox: (    0    0 ) ( 6900 6900 ) DBU
[INFO GPL-0038] TileCnt:      12   12
[INFO GPL-0040] NumTiles: 144
[INFO GPL-0081] TotalRouteOverflow: 0
[INFO GPL-0082] OverflowTileCnt: 0
[INFO GPL-0083] 0.5%RC: 0.8912557363510132
[INFO GPL-0084] 1.0%RC: 0.7971374988555908
[INFO GPL-0085] 2.0%RC: 0.7645390431086222
[INFO GPL-0086] 5.0%RC: 0.7036538496613503
[INFO GPL-0087] FinalRC: 0.8441966
[INFO GPL-0077] FinalRC lower than targetRC(1.01), routability not needed.
[NesterovSolve] Iter:  300 overflow: 0.284 HPWL: 1812070
[INFO GPL-0100] Timing-driven: executing resizer for reweighting nets.
[INFO GPL-0101] Timing-driven: worst slack 2.5e-06
[INFO GPL-0103] Timing-driven: weighted 16 nets.
[NesterovSolve] Iter:  310 overflow: 0.250 HPWL: 1871436
[NesterovSolve] Iter:  320 overflow: 0.216 HPWL: 1931701
[INFO GPL-0100] Timing-driven: executing resizer for reweighting nets.
[INFO GPL-0101] Timing-driven: worst slack 2.5e-06
[INFO GPL-0103] Timing-driven: weighted 16 nets.
[NesterovSolve] Iter:  330 overflow: 0.182 HPWL: 1966581
[NesterovSolve] Iter:  340 overflow: 0.150 HPWL: 2000339
[INFO GPL-0100] Timing-driven: executing resizer for reweighting nets.
[INFO GPL-0101] Timing-driven: worst slack 2.5e-06
[INFO GPL-0103] Timing-driven: weighted 16 nets.
[NesterovSolve] Iter:  350 overflow: 0.123 HPWL: 2045452
[NesterovSolve] Finished with Overflow: 0.096925
[INFO] Setting RC values…
Setting global connections for newly added cells…
[INFO] Setting global connections...
Updating metrics…
Cell type report:                       Count       Area
  Fill cell                                46     172.67
  Tap cell                                 62      77.57
  Inverter                                  7      26.28
  Sequential cell                          44    1156.11
  Multi-Input combinational cell          107    1146.10
  Total                                   266    2578.72
Writing OpenROAD database to '/home/matheus/openframe_user_project/openlane/rng/runs/26_02_18_09_30/27-openroad-globalplacement/rng_top.odb'…
Writing netlist to '/home/matheus/openframe_user_project/openlane/rng/runs/26_02_18_09_30/27-openroad-globalplacement/rng_top.nl.v'…
Writing powered netlist to '/home/matheus/openframe_user_project/openlane/rng/runs/26_02_18_09_30/27-openroad-globalplacement/rng_top.pnl.v'…
Writing layout to '/home/matheus/openframe_user_project/openlane/rng/runs/26_02_18_09_30/27-openroad-globalplacement/rng_top.def'…
Writing timing constraints to '/home/matheus/openframe_user_project/openlane/rng/runs/26_02_18_09_30/27-openroad-globalplacement/rng_top.sdc'…
