Reading OpenROAD database at '/home/matheus/openframe_user_project/openlane/rng/runs/26_03_09_20_42/47-odb-reportdisconnectedpins/rng_top.odb'…
Reading library file at '/home/matheus/openframe_user_project/dependencies/pdks/sky130A/libs.ref/sky130_fd_sc_hd/lib/sky130_fd_sc_hd__tt_025C_1v80.lib'…
Reading design constraints file at '/nix/store/iah2c26wzpgdvqc1jv2xxg55xq5km74d-python3-3.11.9-env/lib/python3.11/site-packages/librelane/scripts/base.sdc'…
[INFO] Using clock clk_i…
[INFO] Setting output delay to: 625
[INFO] Setting input delay to: 625
[INFO] Setting load to: 0.033442
[INFO] Setting clock uncertainty to: 0.25
[INFO] Setting clock transition to: 0.1499999999999999944488848768742172978818416595458984375
[INFO] Setting timing derate to: 5%
sky130_ef_sc_hd__decap_40_12 sky130_fd_sc_hd__fill*
[INFO DPL-0001] Placed 232 filler instances.
Setting global connections for newly added cells…
[INFO] Setting global connections...
Updating metrics…
Cell type report:                       Count       Area
  Fill cell                               278    1421.36
  Tap cell                                 50      62.56
  Clock buffer                              6     138.88
  Timing Repair Buffer                     58     506.74
  Inverter                                  3      11.26
  Clock inverter                            1       5.00
  Sequential cell                          35     875.84
  Multi-Input combinational cell           77     661.88
  Total                                   508    3683.53
Writing OpenROAD database to '/home/matheus/openframe_user_project/openlane/rng/runs/26_03_09_20_42/51-openroad-fillinsertion/rng_top.odb'…
Writing netlist to '/home/matheus/openframe_user_project/openlane/rng/runs/26_03_09_20_42/51-openroad-fillinsertion/rng_top.nl.v'…
Writing powered netlist to '/home/matheus/openframe_user_project/openlane/rng/runs/26_03_09_20_42/51-openroad-fillinsertion/rng_top.pnl.v'…
Writing layout to '/home/matheus/openframe_user_project/openlane/rng/runs/26_03_09_20_42/51-openroad-fillinsertion/rng_top.def'…
Writing timing constraints to '/home/matheus/openframe_user_project/openlane/rng/runs/26_03_09_20_42/51-openroad-fillinsertion/rng_top.sdc'…
