Clock: clk_i
Sources: clk_i 
Generated: no
Virtual: yes
Propagated: no
Period: 3125.000000

===========================================================================
report_clock_properties
============================================================================
Clock                   Period          Waveform
----------------------------------------------------
clk_i               3125.000000    0.0000001562.500000

===========================================================================
report_clock_latency
============================================================================
Clock clk_i
rise -> rise
    min     max
0.000000 0.000000 source latency
0.269655         network latency _181_/CLK
        0.270414 network latency _161_/CLK
---------------
0.269655 0.270414 latency
        0.000759 skew

fall -> fall
    min     max
0.000000 0.000000 source latency
0.130171         network latency _181_/CLK
        0.130854 network latency _160_/CLK
---------------
0.130171 0.130854 latency
        0.000682 skew



===========================================================================
report_clock_min_period
============================================================================
clk_i period_min = 2.62 fmax = 381.18
