
===========================================================================
 report_power
============================================================================
======================= nom_tt_025C_1v80 Corner ===================================

Group                    Internal    Switching      Leakage        Total
                            Power        Power        Power        Power (Watts)
------------------------------------------------------------------------
Sequential           6.930079e-07 2.894074e-07 3.758165e-10 9.827911e-07  63.2%
Combinational        3.908026e-07 1.811874e-07 2.949981e-10 5.722850e-07  36.8%
Clock                0.000000e+00 0.000000e+00 1.490417e-10 1.490417e-10   0.0%
Macro                0.000000e+00 0.000000e+00 0.000000e+00 0.000000e+00   0.0%
Pad                  0.000000e+00 0.000000e+00 0.000000e+00 0.000000e+00   0.0%
------------------------------------------------------------------------
Total                1.083811e-06 4.705947e-07 8.198554e-10 1.555225e-06 100.0%
                            69.7%        30.3%         0.1%
Writing metric power__internal__total: 1.0838105026778067e-6
Writing metric power__switching__total: 4.7059469920895936e-7
Writing metric power__leakage__total: 8.198554057869956e-10
Writing metric power__total: 1.5552251397821237e-6

