Reading timing models for corner nom_tt_025C_1v80…
Reading timing library for the 'nom_tt_025C_1v80' corner at '/home/matheus/openframe_user_project/dependencies/pdks/sky130A/libs.ref/sky130_fd_sc_hd/lib/sky130_fd_sc_hd__tt_025C_1v80.lib'…
Reading timing models for corner nom_ff_n40C_1v95…
Reading timing library for the 'nom_ff_n40C_1v95' corner at '/home/matheus/openframe_user_project/dependencies/pdks/sky130A/libs.ref/sky130_fd_sc_hd/lib/sky130_fd_sc_hd__ff_n40C_1v95.lib'…
Reading timing models for corner nom_ss_100C_1v60…
Reading timing library for the 'nom_ss_100C_1v60' corner at '/home/matheus/openframe_user_project/dependencies/pdks/sky130A/libs.ref/sky130_fd_sc_hd/lib/sky130_fd_sc_hd__ss_100C_1v60.lib'…
Reading OpenROAD database at '/home/matheus/openframe_user_project/openlane/rng/runs/26_02_18_09_30/34-openroad-cts/rng_top.odb'…
Reading design constraints file at '/nix/store/iah2c26wzpgdvqc1jv2xxg55xq5km74d-python3-3.11.9-env/lib/python3.11/site-packages/librelane/scripts/base.sdc'…
[INFO] Using clock clk_i…
[INFO] Setting output delay to: 625
[INFO] Setting input delay to: 625
[INFO] Setting load to: 0.033442
[INFO] Setting clock uncertainty to: 0.25
[INFO] Setting clock transition to: 0.1499999999999999944488848768742172978818416595458984375
[INFO] Setting timing derate to: 5%
[INFO] Setting RC values…
[INFO RSZ-0098] No setup violations found
[INFO RSZ-0046] Found 37 endpoints with hold violations.
Iteration | Resized | Buffers | Cloned Gates |   WNS   |   TNS   | Endpoint
---------------------------------------------------------------------------
        0 |       0 |       0 |            0 |  -0.034 |  -0.053 | _254_/D
    final |       0 |      51 |            0 |   0.103 |   0.000 | _234_/D
---------------------------------------------------------------------------
[INFO RSZ-0032] Inserted 51 hold buffers.
Placement Analysis
---------------------------------
total displacement        307.9 u
average displacement        0.9 u
max displacement           11.9 u
original HPWL            3431.2 u
legalized HPWL           3768.4 u
delta HPWL                   10 %

[INFO DPL-0020] Mirrored 101 instances
[INFO DPL-0021] HPWL before            3768.4 u
[INFO DPL-0022] HPWL after             3558.9 u
[INFO DPL-0023] HPWL delta               -5.6 %
[INFO] Setting RC values…
Setting global connections for newly added cells…
[INFO] Setting global connections...
Updating metrics…
Cell type report:                       Count       Area
  Fill cell                                46     172.67
  Tap cell                                 62      77.57
  Clock buffer                              6     132.63
  Timing Repair Buffer                     70     619.34
  Inverter                                  7      26.28
  Clock inverter                            2      35.03
  Sequential cell                          44    1118.57
  Multi-Input combinational cell          107     922.13
  Total                                   344    3104.23
Writing OpenROAD database to '/home/matheus/openframe_user_project/openlane/rng/runs/26_02_18_09_30/36-openroad-resizertimingpostcts/rng_top.odb'…
Writing netlist to '/home/matheus/openframe_user_project/openlane/rng/runs/26_02_18_09_30/36-openroad-resizertimingpostcts/rng_top.nl.v'…
Writing powered netlist to '/home/matheus/openframe_user_project/openlane/rng/runs/26_02_18_09_30/36-openroad-resizertimingpostcts/rng_top.pnl.v'…
Writing layout to '/home/matheus/openframe_user_project/openlane/rng/runs/26_02_18_09_30/36-openroad-resizertimingpostcts/rng_top.def'…
Writing timing constraints to '/home/matheus/openframe_user_project/openlane/rng/runs/26_02_18_09_30/36-openroad-resizertimingpostcts/rng_top.sdc'…
