
===========================================================================
report_checks -unconstrained
===========================================================================
======================= min_ff_n40C_1v95 Corner ===================================

Startpoint: rst_i (input port clocked by clk_i)
Endpoint: _164_ (recovery check against rising-edge clock clk_i)
Path Group: asynchronous
Path Type: max

Fanout         Cap        Slew       Delay        Time   Description
---------------------------------------------------------------------------------------------
                                  0.000000    0.000000   clock clk_i (rise edge)
                                  0.000000    0.000000   clock network delay (propagated)
                                625.000000  625.000000 ^ input external delay
     1    0.002647    0.013374    0.006821  625.006836 ^ rst_i (in)
                                                         rst_i (net)
                      0.013374    0.000000  625.006836 ^ input2/A (sky130_fd_sc_hd__buf_1)
     2    0.008991    0.084001    0.083901  625.090698 ^ input2/X (sky130_fd_sc_hd__buf_1)
                                                         net2 (net)
                      0.084001    0.000171  625.090881 ^ fanout16/A (sky130_fd_sc_hd__buf_2)
     8    0.038125    0.141841    0.160128  625.251038 ^ fanout16/X (sky130_fd_sc_hd__buf_2)
                                                         net16 (net)
                      0.141857    0.001251  625.252258 ^ fanout15/A (sky130_fd_sc_hd__clkbuf_4)
    10    0.043355    0.104192    0.169109  625.421387 ^ fanout15/X (sky130_fd_sc_hd__clkbuf_4)
                                                         net15 (net)
                      0.104192    0.000227  625.421631 ^ _164_/RESET_B (sky130_fd_sc_hd__dfrtp_2)
                                            625.421631   data arrival time

                               3125.000000 3125.000000   clock clk_i (rise edge)
                                  0.000000 3125.000000   clock source latency
     1    0.013976    0.051915    0.034788 3125.034912 ^ clk_i (in)
                                                         clk_i (net)
                      0.051917    0.000000 3125.034912 ^ clkbuf_0_clk_i/A (sky130_fd_sc_hd__clkbuf_16)
     4    0.040727    0.045683    0.103455 3125.138184 ^ clkbuf_0_clk_i/X (sky130_fd_sc_hd__clkbuf_16)
                                                         clknet_0_clk_i (net)
                      0.045688    0.000455 3125.138672 ^ clkbuf_2_2__f_clk_i/A (sky130_fd_sc_hd__clkbuf_16)
    11    0.030319    0.038338    0.095724 3125.234375 ^ clkbuf_2_2__f_clk_i/X (sky130_fd_sc_hd__clkbuf_16)
                                                         clknet_2_2__leaf_clk_i (net)
                      0.038340    0.000227 3125.234619 ^ _164_/CLK (sky130_fd_sc_hd__dfrtp_2)
                                 -0.250000 3124.984619   clock uncertainty
                                  0.000000 3124.984619   clock reconvergence pessimism
                                  0.116061 3125.100586   library recovery time
                                           3125.100586   data required time
---------------------------------------------------------------------------------------------
                                           3125.100586   data required time
                                           -625.421631   data arrival time
---------------------------------------------------------------------------------------------
                                           2499.678955   slack (MET)


Startpoint: _187_ (rising edge-triggered flip-flop clocked by clk_i)
Endpoint: num_to_send_o[2] (output port clocked by clk_i)
Path Group: clk_i
Path Type: max

Fanout         Cap        Slew       Delay        Time   Description
---------------------------------------------------------------------------------------------
                                  0.000000    0.000000   clock clk_i (rise edge)
                                  0.000000    0.000000   clock source latency
     1    0.013976    0.051915    0.034773    0.034773 ^ clk_i (in)
                                                         clk_i (net)
                      0.051917    0.000000    0.034773 ^ clkbuf_0_clk_i/A (sky130_fd_sc_hd__clkbuf_16)
     4    0.040727    0.045683    0.103427    0.138200 ^ clkbuf_0_clk_i/X (sky130_fd_sc_hd__clkbuf_16)
                                                         clknet_0_clk_i (net)
                      0.045692    0.000581    0.138781 ^ clkbuf_2_0__f_clk_i/A (sky130_fd_sc_hd__clkbuf_16)
    11    0.031724    0.039395    0.096534    0.235314 ^ clkbuf_2_0__f_clk_i/X (sky130_fd_sc_hd__clkbuf_16)
                                                         clknet_2_0__leaf_clk_i (net)
                      0.039402    0.000940    0.236254 ^ _187_/CLK (sky130_fd_sc_hd__dfrtp_1)
     5    0.014795    0.104101    0.256559    0.492814 ^ _187_/Q (sky130_fd_sc_hd__dfrtp_1)
                                                         net6 (net)
                      0.104101    0.000260    0.493073 ^ output6/A (sky130_fd_sc_hd__buf_2)
     1    0.033931    0.126874    0.155131    0.648204 ^ output6/X (sky130_fd_sc_hd__buf_2)
                                                         num_to_send_o[2] (net)
                      0.126874    0.000165    0.648369 ^ num_to_send_o[2] (out)
                                              0.648369   data arrival time

                               3125.000000 3125.000000   clock clk_i (rise edge)
                                  0.000000 3125.000000   clock network delay (propagated)
                                 -0.250000 3124.750000   clock uncertainty
                                  0.000000 3124.750000   clock reconvergence pessimism
                               -625.000000 2499.750000   output external delay
                                           2499.750000   data required time
---------------------------------------------------------------------------------------------
                                           2499.750000   data required time
                                             -0.648369   data arrival time
---------------------------------------------------------------------------------------------
                                           2499.101318   slack (MET)




===========================================================================
report_checks --slack_max -0.01
============================================================================
======================= min_ff_n40C_1v95 Corner ===================================

No paths found.


===========================================================================
 report_check_types -max_slew -max_cap -max_fanout -violators
============================================================================
======================= min_ff_n40C_1v95 Corner ===================================

max fanout

Pin                                   Limit Fanout  Slack
---------------------------------------------------------
clkbuf_2_0__f_clk_i/X                    10     11        (VIOLATED)
clkbuf_2_2__f_clk_i/X                    10     11        (VIOLATED)



===========================================================================
report_parasitic_annotation -report_unannotated
============================================================================
Found 3 unannotated drivers.
 clkload0/X
 clkload1/Y
 clkload2/Y
Found 0 partially unannotated drivers.

===========================================================================
max slew violation count 0
max fanout violation count 2
max cap violation count 0
============================================================================

===========================================================================
check_setup -verbose -unconstrained_endpoints -multiple_clock -no_clock -no_input_delay -loops -generated_clocks
===========================================================================
