Clock: clk_i
Sources: clk_i 
Generated: no
Virtual: yes
Propagated: no
Period: 3125.000000

===========================================================================
report_clock_properties
============================================================================
Clock                   Period          Waveform
----------------------------------------------------
clk_i               3125.000000    0.0000001562.500000

===========================================================================
report_clock_latency
============================================================================
Clock clk_i
rise -> rise
    min     max
0.000000 0.000000 source latency
0.233176         network latency _166_/CLK
        0.236397 network latency _179_/CLK
---------------
0.233176 0.236397 latency
        0.003221 skew

fall -> fall
    min     max
0.000000 0.000000 source latency
0.221007         network latency _166_/CLK
        0.224190 network latency _179_/CLK
---------------
0.221007 0.224190 latency
        0.003183 skew



===========================================================================
report_clock_min_period
============================================================================
clk_i period_min = 2.11 fmax = 473.26
