
===========================================================================
 report_power
============================================================================
======================= min_ff_n40C_1v95 Corner ===================================

Group                    Internal    Switching      Leakage        Total
                            Power        Power        Power        Power (Watts)
------------------------------------------------------------------------
Sequential           7.878982e-07 2.027933e-07 4.967083e-10 9.911882e-07  33.2%
Combinational        8.865337e-07 5.633552e-07 1.480673e-09 1.451370e-06  48.6%
Clock                3.443557e-07 1.976057e-07 5.314863e-10 5.424929e-07  18.2%
Macro                0.000000e+00 0.000000e+00 0.000000e+00 0.000000e+00   0.0%
Pad                  0.000000e+00 0.000000e+00 0.000000e+00 0.000000e+00   0.0%
------------------------------------------------------------------------
Total                2.018788e-06 9.637544e-07 2.508868e-09 2.985052e-06 100.0%
                            67.6%        32.3%         0.1%

