Clock: clk_i
Sources: clk_i 
Generated: no
Virtual: yes
Propagated: no
Period: 3125.000000

===========================================================================
report_clock_properties
============================================================================
Clock                   Period          Waveform
----------------------------------------------------
clk_i               3125.000000    0.0000001562.500000

===========================================================================
report_clock_latency
============================================================================
Clock clk_i
rise -> rise
    min     max
0.000000 0.000000 source latency
0.319065         network latency _163_/CLK
        0.319631 network latency _184_/CLK
---------------
0.319065 0.319631 latency
        0.000566 skew

fall -> fall
    min     max
0.000000 0.000000 source latency
0.312980         network latency _163_/CLK
        0.313662 network latency _175_/CLK
---------------
0.312980 0.313662 latency
        0.000682 skew



===========================================================================
report_clock_min_period
============================================================================
clk_i period_min = 2.64 fmax = 378.95
