Reading timing models for corner nom_tt_025C_1v80…
Reading timing library for the 'nom_tt_025C_1v80' corner at '/home/matheus/openframe_user_project/dependencies/pdks/sky130A/libs.ref/sky130_fd_sc_hd/lib/sky130_fd_sc_hd__tt_025C_1v80.lib'…
Reading timing models for corner nom_ff_n40C_1v95…
Reading timing library for the 'nom_ff_n40C_1v95' corner at '/home/matheus/openframe_user_project/dependencies/pdks/sky130A/libs.ref/sky130_fd_sc_hd/lib/sky130_fd_sc_hd__ff_n40C_1v95.lib'…
Reading timing models for corner nom_ss_100C_1v60…
Reading timing library for the 'nom_ss_100C_1v60' corner at '/home/matheus/openframe_user_project/dependencies/pdks/sky130A/libs.ref/sky130_fd_sc_hd/lib/sky130_fd_sc_hd__ss_100C_1v60.lib'…
Reading OpenROAD database at '/home/matheus/openframe_user_project/openlane/rng/runs/26_02_17_10_28/27-openroad-globalplacement/rng_top.odb'…
Reading design constraints file at '/nix/store/iah2c26wzpgdvqc1jv2xxg55xq5km74d-python3-3.11.9-env/lib/python3.11/site-packages/librelane/scripts/base.sdc'…
[INFO] Using clock clk_i…
[INFO] Setting output delay to: 625
[INFO] Setting input delay to: 625
[INFO] Setting load to: 0.033442
[INFO] Setting clock uncertainty to: 0.25
[INFO] Setting clock transition to: 0.1499999999999999944488848768742172978818416595458984375
[INFO] Setting timing derate to: 5%
[INFO] Setting RC values…
[INFO RSZ-0027] Inserted 3 input buffers.
[INFO RSZ-0028] Inserted 3 output buffers.
[INFO RSZ-0058] Using max wire length 6335um.
Iteration | Resized | Buffers | Nets repaired | Remaining
---------------------------------------------------------
        0 |       0 |       0 |             0 |       237
       10 |       9 |       0 |             0 |       227
       20 |      11 |       0 |             0 |       217
       30 |      11 |       0 |             0 |       207
       40 |      12 |       0 |             0 |       197
       50 |      12 |       0 |             0 |       187
       60 |      12 |       0 |             0 |       177
       70 |      27 |       6 |             1 |       167
       80 |      37 |       6 |             1 |       157
       90 |      47 |       6 |             1 |       147
      100 |      57 |       6 |             1 |       137
      110 |      67 |       6 |             1 |       127
      120 |      77 |       6 |             1 |       117
      130 |      87 |       6 |             1 |       107
      140 |      97 |       6 |             1 |        97
      150 |     107 |       6 |             1 |        87
      160 |     108 |       6 |             1 |        77
      170 |     113 |       9 |             3 |        67
      180 |     122 |       9 |             3 |        57
      190 |     132 |       9 |             3 |        47
      200 |     142 |       9 |             3 |        37
      210 |     152 |       9 |             3 |        27
      220 |     162 |       9 |             3 |        17
      230 |     174 |      13 |             5 |         7
    final |     186 |      21 |             6 |         0
---------------------------------------------------------
[INFO RSZ-0035] Found 6 fanout violations.
[INFO RSZ-0038] Inserted 21 buffers in 6 nets.
[INFO RSZ-0039] Resized 186 instances.
Placement Analysis
---------------------------------
total displacement        612.3 u
average displacement        1.4 u
max displacement            6.9 u
original HPWL            3948.1 u
legalized HPWL           4461.3 u
delta HPWL                   13 %

[INFO DPL-0020] Mirrored 81 instances
[INFO DPL-0021] HPWL before            4461.3 u
[INFO DPL-0022] HPWL after             4314.6 u
[INFO DPL-0023] HPWL delta               -3.3 %
[INFO] Setting RC values…
Setting global connections for newly added cells…
[INFO] Setting global connections...
Updating metrics…
Cell type report:                       Count       Area
  Fill cell                                68     255.24
  Tap cell                                126     157.65
  Timing Repair Buffer                     27     168.91
  Inverter                                 17      63.81
  Sequential cell                          60    1516.45
  Multi-Input combinational cell          150    1294.99
  Total                                   448    3457.07
Writing OpenROAD database to '/home/matheus/openframe_user_project/openlane/rng/runs/26_02_17_10_28/31-openroad-repairdesignpostgpl/rng_top.odb'…
Writing netlist to '/home/matheus/openframe_user_project/openlane/rng/runs/26_02_17_10_28/31-openroad-repairdesignpostgpl/rng_top.nl.v'…
Writing powered netlist to '/home/matheus/openframe_user_project/openlane/rng/runs/26_02_17_10_28/31-openroad-repairdesignpostgpl/rng_top.pnl.v'…
Writing layout to '/home/matheus/openframe_user_project/openlane/rng/runs/26_02_17_10_28/31-openroad-repairdesignpostgpl/rng_top.def'…
Writing timing constraints to '/home/matheus/openframe_user_project/openlane/rng/runs/26_02_17_10_28/31-openroad-repairdesignpostgpl/rng_top.sdc'…
