
===========================================================================
report_checks -unconstrained
===========================================================================
======================= nom_tt_025C_1v80 Corner ===================================

Startpoint: rst_i (input port clocked by clk_i)
Endpoint: _159_ (recovery check against rising-edge clock clk_i)
Path Group: asynchronous
Path Type: max

Fanout         Cap        Slew       Delay        Time   Description
---------------------------------------------------------------------------------------------
                                  0.000000    0.000000   clock clk_i (rise edge)
                                  0.000000    0.000000   clock network delay (propagated)
                                625.000000  625.000000 ^ input external delay
    35    0.148719    0.667576    0.461114  625.461121 ^ rst_i (in)
                                                         rst_i (net)
                      0.667582    0.000000  625.461121 ^ _159_/RESET_B (sky130_fd_sc_hd__dfrtp_2)
                                            625.461121   data arrival time

                               3125.000000 3125.000000   clock clk_i (rise edge)
                                  0.000000 3125.000000   clock source latency
    35    0.086359    0.391077    0.270347 3125.270264 ^ clk_i (in)
                                                         clk_i (net)
                      0.391080    0.000000 3125.270264 ^ _159_/CLK (sky130_fd_sc_hd__dfrtp_2)
                                 -0.250000 3125.020264   clock uncertainty
                                  0.000000 3125.020264   clock reconvergence pessimism
                                  0.143752 3125.164062   library recovery time
                                           3125.164062   data required time
---------------------------------------------------------------------------------------------
                                           3125.164062   data required time
                                           -625.461121   data arrival time
---------------------------------------------------------------------------------------------
                                           2499.702881   slack (MET)


Startpoint: _182_ (rising edge-triggered flip-flop clocked by clk_i)
Endpoint: num_to_send_o[0] (output port clocked by clk_i)
Path Group: clk_i
Path Type: max

Fanout         Cap        Slew       Delay        Time   Description
---------------------------------------------------------------------------------------------
                                  0.000000    0.000000   clock clk_i (rise edge)
                                  0.000000    0.000000   clock source latency
    35    0.086359    0.391077    0.270082    0.270082 ^ clk_i (in)
                                                         clk_i (net)
                      0.391079    0.000000    0.270082 ^ _182_/CLK (sky130_fd_sc_hd__dfrtp_2)
     4    0.047717    0.231963    0.592386    0.862468 ^ _182_/Q (sky130_fd_sc_hd__dfrtp_2)
                                                         num_to_send_o[0] (net)
                      0.231963    0.000202    0.862671 ^ num_to_send_o[0] (out)
                                              0.862671   data arrival time

                               3125.000000 3125.000000   clock clk_i (rise edge)
                                  0.000000 3125.000000   clock network delay (propagated)
                                 -0.250000 3124.750000   clock uncertainty
                                  0.000000 3124.750000   clock reconvergence pessimism
                               -625.000000 2499.750000   output external delay
                                           2499.750000   data required time
---------------------------------------------------------------------------------------------
                                           2499.750000   data required time
                                             -0.862671   data arrival time
---------------------------------------------------------------------------------------------
                                           2498.887207   slack (MET)




===========================================================================
report_checks --slack_max -0.01
============================================================================
======================= nom_tt_025C_1v80 Corner ===================================

No paths found.


===========================================================================
 report_check_types -max_slew -max_cap -max_fanout -violators
============================================================================
======================= nom_tt_025C_1v80 Corner ===================================

max fanout

Pin                                   Limit Fanout  Slack
---------------------------------------------------------
clk_i                                    10     35    -25 (VIOLATED)
rst_i                                    10     35    -25 (VIOLATED)
_124_/X                                  10     25    -15 (VIOLATED)
_161_/Q                                  10     15     -5 (VIOLATED)
_160_/Q                                  10     13     -3 (VIOLATED)
_159_/Q                                  10     12     -2 (VIOLATED)



===========================================================================
report_parasitic_annotation -report_unannotated
============================================================================
Found 0 unannotated drivers.
Found 0 partially unannotated drivers.

===========================================================================
max slew violation count 0
Writing metric design__max_slew_violation__count__corner:nom_tt_025C_1v80: 0
max fanout violation count 6
Writing metric design__max_fanout_violation__count__corner:nom_tt_025C_1v80: 6
max cap violation count 0
Writing metric design__max_cap_violation__count__corner:nom_tt_025C_1v80: 0
============================================================================

===========================================================================
check_setup -verbose -unconstrained_endpoints -multiple_clock -no_clock -no_input_delay -loops -generated_clocks
===========================================================================
Warning: There is 1 combinational loop in the design.
  _081_/X
  _081_/C
  | loop cut point
  _081_/X
  --------------------------------
