119. Printing statistics.

=== rng_top ===

   Number of wires:                117
   Number of wire bits:            119
   Number of public wires:          38
   Number of public wire bits:      40
   Number of ports:                  5
   Number of port bits:              7
   Number of memories:               0
   Number of memory bits:            0
   Number of processes:              0
   Number of cells:                115
     sky130_fd_sc_hd__a211o_2        2
     sky130_fd_sc_hd__a21oi_2        1
     sky130_fd_sc_hd__a221o_2        4
     sky130_fd_sc_hd__a221oi_2       1
     sky130_fd_sc_hd__and2b_2        1
     sky130_fd_sc_hd__and3_2         1
     sky130_fd_sc_hd__and4_2         1
     sky130_fd_sc_hd__and4b_2        1
     sky130_fd_sc_hd__dfrtp_2       35
     sky130_fd_sc_hd__inv_2          3
     sky130_fd_sc_hd__mux2_1        27
     sky130_fd_sc_hd__nand2_2       10
     sky130_fd_sc_hd__nor2_2         1
     sky130_fd_sc_hd__o221a_2        1
     sky130_fd_sc_hd__o311a_2        1
     sky130_fd_sc_hd__or2_2         10
     sky130_fd_sc_hd__or3_2          1
     sky130_fd_sc_hd__xor2_2        14

   Chip area for module '\rng_top': 1750.428800
     of which used for sequential elements: 919.632000 (52.54%)

