
===========================================================================
report_checks -unconstrained
===========================================================================
======================= nom_ss_100C_1v60 Corner ===================================

Startpoint: rst_i (input port clocked by clk_i)
Endpoint: _159_ (recovery check against rising-edge clock clk_i)
Path Group: asynchronous
Path Type: max

Fanout         Cap        Slew       Delay        Time   Description
---------------------------------------------------------------------------------------------
                                  0.000000    0.000000   clock clk_i (rise edge)
                                  0.000000    0.000000   clock network delay (propagated)
                                625.000000  625.000000 ^ input external delay
     1    0.002565    0.030704    0.014552  625.014526 ^ rst_i (in)
                                                         rst_i (net)
                      0.030704    0.000000  625.014526 ^ input2/A (sky130_fd_sc_hd__buf_1)
     3    0.013923    0.272174    0.276998  625.291565 ^ input2/X (sky130_fd_sc_hd__buf_1)
                                                         net2 (net)
                      0.272174    0.000341  625.291870 ^ fanout15/A (sky130_fd_sc_hd__buf_2)
     9    0.039768    0.313577    0.463160  625.755066 ^ fanout15/X (sky130_fd_sc_hd__buf_2)
                                                         net15 (net)
                      0.313580    0.001535  625.756592 ^ fanout14/A (sky130_fd_sc_hd__clkbuf_4)
    10    0.040139    0.205992    0.457533  626.214111 ^ fanout14/X (sky130_fd_sc_hd__clkbuf_4)
                                                         net14 (net)
                      0.206005    0.001876  626.216003 ^ _159_/RESET_B (sky130_fd_sc_hd__dfrtp_1)
                                            626.216003   data arrival time

                               3125.000000 3125.000000   clock clk_i (rise edge)
                                  0.000000 3125.000000   clock source latency
     1    0.015165    0.116586    0.078217 3125.078125 ^ clk_i (in)
                                                         clk_i (net)
                      0.116589    0.000000 3125.078125 ^ clkbuf_0_clk_i/A (sky130_fd_sc_hd__clkbuf_16)
     4    0.038831    0.092988    0.269210 3125.347412 ^ clkbuf_0_clk_i/X (sky130_fd_sc_hd__clkbuf_16)
                                                         clknet_0_clk_i (net)
                      0.092998    0.001137 3125.348633 ^ clkbuf_2_0__f_clk_i/A (sky130_fd_sc_hd__clkbuf_16)
    10    0.026550    0.075777    0.241016 3125.589600 ^ clkbuf_2_0__f_clk_i/X (sky130_fd_sc_hd__clkbuf_16)
                                                         clknet_2_0__leaf_clk_i (net)
                      0.075793    0.001137 3125.590820 ^ _159_/CLK (sky130_fd_sc_hd__dfrtp_1)
                                 -0.250000 3125.340576   clock uncertainty
                                  0.000000 3125.340576   clock reconvergence pessimism
                                  0.414148 3125.754639   library recovery time
                                           3125.754639   data required time
---------------------------------------------------------------------------------------------
                                           3125.754639   data required time
                                           -626.216003   data arrival time
---------------------------------------------------------------------------------------------
                                           2499.538574   slack (MET)


Startpoint: req_num_i (input port clocked by clk_i)
Endpoint: _187_ (rising edge-triggered flip-flop clocked by clk_i)
Path Group: clk_i
Path Type: max

Fanout         Cap        Slew       Delay        Time   Description
---------------------------------------------------------------------------------------------
                                  0.000000    0.000000   clock clk_i (rise edge)
                                  0.000000    0.000000   clock network delay (propagated)
                                625.000000  625.000000 v input external delay
     1    0.002939    0.018991    0.009663  625.009644 v req_num_i (in)
                                                         req_num_i (net)
                      0.018991    0.000000  625.009644 v input1/A (sky130_fd_sc_hd__clkbuf_1)
     1    0.001614    0.038892    0.125794  625.135437 v input1/X (sky130_fd_sc_hd__clkbuf_1)
                                                         net1 (net)
                      0.038892    0.000057  625.135498 v _081_/A (sky130_fd_sc_hd__or3_1)
     4    0.012799    0.236448    0.975831  626.111328 v _081_/X (sky130_fd_sc_hd__or3_1)
                                                         req_num (net)
                      0.236448    0.000284  626.111633 v _152_/A2 (sky130_fd_sc_hd__a21oi_1)
     1    0.002918    0.171938    0.297916  626.409546 ^ _152_/Y (sky130_fd_sc_hd__a21oi_1)
                                                         _049_ (net)
                      0.171938    0.000114  626.409668 ^ hold16/A (sky130_fd_sc_hd__dlygate4sd3_1)
     1    0.004042    0.107821    1.100432  627.510071 ^ hold16/X (sky130_fd_sc_hd__dlygate4sd3_1)
                                                         net33 (net)
                      0.107821    0.000114  627.510193 ^ _154_/A (sky130_fd_sc_hd__nor2_1)
     1    0.002309    0.050764    0.091006  627.601196 v _154_/Y (sky130_fd_sc_hd__nor2_1)
                                                         _027_ (net)
                      0.050764    0.000057  627.601257 v _187_/D (sky130_fd_sc_hd__dfrtp_1)
                                            627.601257   data arrival time

                               3125.000000 3125.000000   clock clk_i (rise edge)
                                  0.000000 3125.000000   clock source latency
     1    0.015165    0.116586    0.078217 3125.078125 ^ clk_i (in)
                                                         clk_i (net)
                      0.116589    0.000000 3125.078125 ^ clkbuf_0_clk_i/A (sky130_fd_sc_hd__clkbuf_16)
     4    0.038831    0.092988    0.269210 3125.347412 ^ clkbuf_0_clk_i/X (sky130_fd_sc_hd__clkbuf_16)
                                                         clknet_0_clk_i (net)
                      0.092998    0.001137 3125.348633 ^ clkbuf_2_0__f_clk_i/A (sky130_fd_sc_hd__clkbuf_16)
    10    0.026550    0.075777    0.241016 3125.589600 ^ clkbuf_2_0__f_clk_i/X (sky130_fd_sc_hd__clkbuf_16)
                                                         clknet_2_0__leaf_clk_i (net)
                      0.075778    0.000682 3125.590332 ^ _187_/CLK (sky130_fd_sc_hd__dfrtp_1)
                                 -0.250000 3125.340088   clock uncertainty
                                  0.000000 3125.340088   clock reconvergence pessimism
                                 -0.267003 3125.073242   library setup time
                                           3125.073242   data required time
---------------------------------------------------------------------------------------------
                                           3125.073242   data required time
                                           -627.601257   data arrival time
---------------------------------------------------------------------------------------------
                                           2497.472168   slack (MET)




===========================================================================
report_checks --slack_max -0.01
============================================================================
======================= nom_ss_100C_1v60 Corner ===================================

No paths found.


===========================================================================
 report_check_types -max_slew -max_cap -max_fanout -violators
============================================================================
======================= nom_ss_100C_1v60 Corner ===================================



===========================================================================
report_parasitic_annotation -report_unannotated
============================================================================
Found 2 unannotated drivers.
 clkload0/X
 clkload1/Y
Found 0 partially unannotated drivers.

===========================================================================
max slew violation count 0
max fanout violation count 0
max cap violation count 0
============================================================================

===========================================================================
check_setup -verbose -unconstrained_endpoints -multiple_clock -no_clock -no_input_delay -loops -generated_clocks
===========================================================================
Warning: There is 1 combinational loop in the design.
  _081_/X
  _081_/C
  | loop cut point
  _081_/X
  --------------------------------
