Clock: clk_i
Sources: clk_i 
Generated: no
Virtual: yes
Propagated: no
Period: 3125.000000

===========================================================================
report_clock_properties
============================================================================
Clock                   Period          Waveform
----------------------------------------------------
clk_i               3125.000000    0.0000001562.500000

===========================================================================
report_clock_latency
============================================================================
Clock clk_i
rise -> rise
    min     max
0.000000 0.000000 source latency
0.590164         network latency _160_/CLK
        0.594815 network latency _161_/CLK
---------------
0.590164 0.594815 latency
        0.004651 skew

fall -> fall
    min     max
0.000000 0.000000 source latency
0.582418         network latency _160_/CLK
        0.586169 network latency _161_/CLK
---------------
0.582418 0.586169 latency
        0.003752 skew



===========================================================================
report_clock_min_period
============================================================================
clk_i period_min = 6.58 fmax = 152.05
