
===========================================================================
 report_power
============================================================================
======================= nom_ss_100C_1v60 Corner ===================================

Group                    Internal    Switching      Leakage        Total
                            Power        Power        Power        Power (Watts)
------------------------------------------------------------------------
Sequential           5.130593e-07 1.138237e-07 6.588885e-07 1.285772e-06  38.7%
Combinational        5.526385e-07 3.270288e-07 6.685540e-07 1.548221e-06  46.6%
Clock                2.522800e-07 1.249756e-07 1.107159e-07 4.879715e-07  14.7%
Macro                0.000000e+00 0.000000e+00 0.000000e+00 0.000000e+00   0.0%
Pad                  0.000000e+00 0.000000e+00 0.000000e+00 0.000000e+00   0.0%
------------------------------------------------------------------------
Total                1.317977e-06 5.658283e-07 1.438159e-06 3.321964e-06 100.0%
                            39.7%        17.0%        43.3%

