
===========================================================================
report_checks -unconstrained
===========================================================================
======================= max_ff_n40C_1v95 Corner ===================================

Startpoint: rst_i (input port clocked by clk_i)
Endpoint: _376_ (recovery check against rising-edge clock clk_i)
Path Group: asynchronous
Path Type: max

Fanout         Cap        Slew       Delay        Time   Description
---------------------------------------------------------------------------------------------
                                  0.000000    0.000000   clock clk_i (rise edge)
                                  0.000000    0.000000   clock network delay (propagated)
                                625.000000  625.000000 ^ input external delay
     1    0.002714    0.013605    0.007049  625.007080 ^ rst_i (in)
                                                         rst_i (net)
                      0.013612    0.000000  625.007080 ^ input2/A (sky130_fd_sc_hd__clkbuf_1)
     1    0.003106    0.034585    0.049397  625.056458 ^ input2/X (sky130_fd_sc_hd__clkbuf_1)
                                                         net2 (net)
                      0.034586    0.000227  625.056702 ^ fanout27/A (sky130_fd_sc_hd__dlymetal6s2s_1)
     5    0.030499    0.238820    0.202192  625.258850 ^ fanout27/X (sky130_fd_sc_hd__dlymetal6s2s_1)
                                                         net27 (net)
                      0.238830    0.001307  625.260193 ^ fanout26/A (sky130_fd_sc_hd__buf_2)
     8    0.039658    0.147126    0.184002  625.444153 ^ fanout26/X (sky130_fd_sc_hd__buf_2)
                                                         net26 (net)
                      0.147167    0.002046  625.446228 ^ fanout25/A (sky130_fd_sc_hd__clkbuf_4)
    10    0.055359    0.130234    0.184968  625.631165 ^ fanout25/X (sky130_fd_sc_hd__clkbuf_4)
                                                         net25 (net)
                      0.130664    0.006082  625.637268 ^ _376_/RESET_B (sky130_fd_sc_hd__dfrtp_1)
                                            625.637268   data arrival time

                               3125.000000 3125.000000   clock clk_i (rise edge)
                                  0.000000 3125.000000   clock source latency
     1    0.020654    0.073648    0.051386 3125.051514 ^ clk_i (in)
                                                         clk_i (net)
                      0.073738    0.000000 3125.051514 ^ clkbuf_0_clk_i/A (sky130_fd_sc_hd__clkbuf_16)
     8    0.090655    0.082774    0.133014 3125.184326 ^ clkbuf_0_clk_i/X (sky130_fd_sc_hd__clkbuf_16)
                                                         clknet_0_clk_i (net)
                      0.083258    0.005002 3125.189453 ^ clkbuf_3_6__f_clk_i/A (sky130_fd_sc_hd__clkbuf_16)
     7    0.028104    0.037321    0.103910 3125.293213 ^ clkbuf_3_6__f_clk_i/X (sky130_fd_sc_hd__clkbuf_16)
                                                         clknet_3_6__leaf_clk_i (net)
                      0.037339    0.000909 3125.294189 ^ _376_/CLK (sky130_fd_sc_hd__dfrtp_1)
                                 -0.250000 3125.044189   clock uncertainty
                                  0.000000 3125.044189   clock reconvergence pessimism
                                  0.125994 3125.170166   library recovery time
                                           3125.170166   data required time
---------------------------------------------------------------------------------------------
                                           3125.170166   data required time
                                           -625.637268   data arrival time
---------------------------------------------------------------------------------------------
                                           2499.532715   slack (MET)


Startpoint: _368_ (rising edge-triggered flip-flop clocked by clk_i)
Endpoint: num_to_send_o[1] (output port clocked by clk_i)
Path Group: clk_i
Path Type: max

Fanout         Cap        Slew       Delay        Time   Description
---------------------------------------------------------------------------------------------
                                  0.000000    0.000000   clock clk_i (rise edge)
                                  0.000000    0.000000   clock source latency
     1    0.020654    0.073648    0.051282    0.051282 ^ clk_i (in)
                                                         clk_i (net)
                      0.073738    0.000000    0.051282 ^ clkbuf_0_clk_i/A (sky130_fd_sc_hd__clkbuf_16)
     8    0.090655    0.082774    0.133017    0.184299 ^ clkbuf_0_clk_i/X (sky130_fd_sc_hd__clkbuf_16)
                                                         clknet_0_clk_i (net)
                      0.083915    0.007701    0.192000 ^ clkbuf_3_0__f_clk_i/A (sky130_fd_sc_hd__clkbuf_16)
    10    0.029685    0.038498    0.105014    0.297014 ^ clkbuf_3_0__f_clk_i/X (sky130_fd_sc_hd__clkbuf_16)
                                                         clknet_3_0__leaf_clk_i (net)
                      0.038561    0.001359    0.298373 ^ _368_/CLK (sky130_fd_sc_hd__dfrtp_1)
     5    0.015378    0.107871    0.258627    0.557000 ^ _368_/Q (sky130_fd_sc_hd__dfrtp_1)
                                                         net5 (net)
                      0.107871    0.000468    0.557468 ^ output5/A (sky130_fd_sc_hd__buf_2)
     1    0.034123    0.127351    0.155471    0.712939 ^ output5/X (sky130_fd_sc_hd__buf_2)
                                                         num_to_send_o[1] (net)
                      0.127384    0.001702    0.714641 ^ num_to_send_o[1] (out)
                                              0.714641   data arrival time

                               3125.000000 3125.000000   clock clk_i (rise edge)
                                  0.000000 3125.000000   clock network delay (propagated)
                                 -0.250000 3124.750000   clock uncertainty
                                  0.000000 3124.750000   clock reconvergence pessimism
                               -625.000000 2499.750000   output external delay
                                           2499.750000   data required time
---------------------------------------------------------------------------------------------
                                           2499.750000   data required time
                                             -0.714641   data arrival time
---------------------------------------------------------------------------------------------
                                           2499.035156   slack (MET)




===========================================================================
report_checks --slack_max -0.01
============================================================================
======================= max_ff_n40C_1v95 Corner ===================================

No paths found.


===========================================================================
 report_check_types -max_slew -max_cap -max_fanout -violators
============================================================================
======================= max_ff_n40C_1v95 Corner ===================================



===========================================================================
report_parasitic_annotation -report_unannotated
============================================================================
Found 7 unannotated drivers.
 clkload0/X
 clkload1/X
 clkload2/X
 clkload3/Y
 clkload4/X
 clkload5/Y
 clkload6/X
Found 0 partially unannotated drivers.

===========================================================================
max slew violation count 0
max fanout violation count 0
max cap violation count 0
============================================================================

===========================================================================
check_setup -verbose -unconstrained_endpoints -multiple_clock -no_clock -no_input_delay -loops -generated_clocks
===========================================================================
Warning: There is 1 combinational loop in the design.
  _247_/X
  _246_/B
  _246_/X
  _247_/B
  | loop cut point
  _247_/X
  --------------------------------
