Clock: clk_i
Sources: clk_i 
Generated: no
Virtual: yes
Propagated: no
Period: 3125.000000

===========================================================================
report_clock_properties
============================================================================
Clock                   Period          Waveform
----------------------------------------------------
clk_i               3125.000000    0.0000001562.500000

===========================================================================
report_clock_latency
============================================================================
Clock clk_i
rise -> rise
    min     max
0.000000 0.000000 source latency
0.293283         network latency _345_/CLK
        0.300443 network latency _358_/CLK
---------------
0.293283 0.300443 latency
        0.007160 skew

fall -> fall
    min     max
0.000000 0.000000 source latency
0.261025         network latency _345_/CLK
        0.267733 network latency _358_/CLK
---------------
0.261025 0.267733 latency
        0.006708 skew



===========================================================================
report_clock_min_period
============================================================================
clk_i period_min = 2.62 fmax = 381.94
