
===========================================================================
 report_power
============================================================================
======================= max_ff_n40C_1v95 Corner ===================================

Group                    Internal    Switching      Leakage        Total
                            Power        Power        Power        Power (Watts)
------------------------------------------------------------------------
Sequential           1.348001e-06 3.983136e-07 8.727570e-10 1.747188e-06  31.0%
Combinational        1.655768e-06 1.153192e-06 2.796686e-09 2.811757e-06  49.9%
Clock                6.878021e-07 3.857155e-07 9.627313e-10 1.074480e-06  19.1%
Macro                0.000000e+00 0.000000e+00 0.000000e+00 0.000000e+00   0.0%
Pad                  0.000000e+00 0.000000e+00 0.000000e+00 0.000000e+00   0.0%
------------------------------------------------------------------------
Total                3.691571e-06 1.937221e-06 4.632175e-09 5.633424e-06 100.0%
                            65.5%        34.4%         0.1%

