Reading timing models for corner nom_tt_025C_1v80…
Reading timing library for the 'nom_tt_025C_1v80' corner at '/home/matheus/openframe_user_project/dependencies/pdks/sky130A/libs.ref/sky130_fd_sc_hd/lib/sky130_fd_sc_hd__tt_025C_1v80.lib'…
Reading timing models for corner nom_ff_n40C_1v95…
Reading timing library for the 'nom_ff_n40C_1v95' corner at '/home/matheus/openframe_user_project/dependencies/pdks/sky130A/libs.ref/sky130_fd_sc_hd/lib/sky130_fd_sc_hd__ff_n40C_1v95.lib'…
Reading timing models for corner nom_ss_100C_1v60…
Reading timing library for the 'nom_ss_100C_1v60' corner at '/home/matheus/openframe_user_project/dependencies/pdks/sky130A/libs.ref/sky130_fd_sc_hd/lib/sky130_fd_sc_hd__ss_100C_1v60.lib'…
Reading OpenROAD database at '/home/matheus/openframe_user_project/openlane/rng/runs/26_03_09_20_42/34-openroad-cts/rng_top.odb'…
Reading design constraints file at '/nix/store/iah2c26wzpgdvqc1jv2xxg55xq5km74d-python3-3.11.9-env/lib/python3.11/site-packages/librelane/scripts/base.sdc'…
[INFO] Using clock clk_i…
[INFO] Setting output delay to: 625
[INFO] Setting input delay to: 625
[INFO] Setting load to: 0.033442
[INFO] Setting clock uncertainty to: 0.25
[INFO] Setting clock transition to: 0.1499999999999999944488848768742172978818416595458984375
[INFO] Setting timing derate to: 5%
[INFO] Setting RC values…
[INFO RSZ-0098] No setup violations found
[INFO RSZ-0046] Found 31 endpoints with hold violations.
Iteration | Resized | Buffers | Cloned Gates |   WNS   |   TNS   | Endpoint
---------------------------------------------------------------------------
        0 |       0 |       0 |            0 |  -0.034 |  -0.054 | _178_/D
    final |       0 |      41 |            0 |   0.101 |   0.000 | _180_/D
---------------------------------------------------------------------------
[INFO RSZ-0032] Inserted 41 hold buffers.
Placement Analysis
---------------------------------
total displacement        325.0 u
average displacement        1.2 u
max displacement           12.2 u
original HPWL            2441.6 u
legalized HPWL           2808.2 u
delta HPWL                   15 %

[INFO DPL-0020] Mirrored 83 instances
[INFO DPL-0021] HPWL before            2808.2 u
[INFO DPL-0022] HPWL after             2638.6 u
[INFO DPL-0023] HPWL delta               -6.0 %
[INFO] Setting RC values…
Setting global connections for newly added cells…
[INFO] Setting global connections...
Updating metrics…
Cell type report:                       Count       Area
  Fill cell                                46     172.67
  Tap cell                                 50      62.56
  Clock buffer                              6     138.88
  Timing Repair Buffer                     58     506.74
  Inverter                                  3      11.26
  Clock inverter                            1       5.00
  Sequential cell                          35     875.84
  Multi-Input combinational cell           77     661.88
  Total                                   276    2434.84
Writing OpenROAD database to '/home/matheus/openframe_user_project/openlane/rng/runs/26_03_09_20_42/36-openroad-resizertimingpostcts/rng_top.odb'…
Writing netlist to '/home/matheus/openframe_user_project/openlane/rng/runs/26_03_09_20_42/36-openroad-resizertimingpostcts/rng_top.nl.v'…
Writing powered netlist to '/home/matheus/openframe_user_project/openlane/rng/runs/26_03_09_20_42/36-openroad-resizertimingpostcts/rng_top.pnl.v'…
Writing layout to '/home/matheus/openframe_user_project/openlane/rng/runs/26_03_09_20_42/36-openroad-resizertimingpostcts/rng_top.def'…
Writing timing constraints to '/home/matheus/openframe_user_project/openlane/rng/runs/26_03_09_20_42/36-openroad-resizertimingpostcts/rng_top.sdc'…
