                                                                        Cells by Master                                                                         
┏━━━━━━━━━━━━━━━━━━━━━━━━━━━━━━━━━━━━━━━━━━━━━━━━━━━━━━━━━━━━━━━━━━━━━━━━━━━━━━━━━━━━━━━━━━━━━━━━━━━━━━━━━━━━━━━━━━━━━━━━━━━━━━━━━┳━━━━━━━━━━━━━━━━━━━━━━━━━━━━┓
┃ Cell                                                                                                                            ┃ Count                      ┃
┡━━━━━━━━━━━━━━━━━━━━━━━━━━━━━━━━━━━━━━━━━━━━━━━━━━━━━━━━━━━━━━━━━━━━━━━━━━━━━━━━━━━━━━━━━━━━━━━━━━━━━━━━━━━━━━━━━━━━━━━━━━━━━━━━━╇━━━━━━━━━━━━━━━━━━━━━━━━━━━━┩
│ sky130_ef_sc_hd__decap_40_12                                                                                                    │ 50                         │
│ sky130_fd_sc_hd__a211o_1                                                                                                        │ 2                          │
│ sky130_fd_sc_hd__a21oi_1                                                                                                        │ 1                          │
│ sky130_fd_sc_hd__a221o_1                                                                                                        │ 4                          │
│ sky130_fd_sc_hd__a221oi_1                                                                                                       │ 1                          │
│ sky130_fd_sc_hd__and2b_1                                                                                                        │ 1                          │
│ sky130_fd_sc_hd__and3_1                                                                                                         │ 1                          │
│ sky130_fd_sc_hd__and4_1                                                                                                         │ 1                          │
│ sky130_fd_sc_hd__and4b_1                                                                                                        │ 1                          │
│ sky130_fd_sc_hd__buf_1                                                                                                          │ 2                          │
│ sky130_fd_sc_hd__buf_2                                                                                                          │ 6                          │
│ sky130_fd_sc_hd__clkbuf_1                                                                                                       │ 1                          │
│ sky130_fd_sc_hd__clkbuf_16                                                                                                      │ 5                          │
│ sky130_fd_sc_hd__clkbuf_2                                                                                                       │ 2                          │
│ sky130_fd_sc_hd__clkbuf_4                                                                                                       │ 6                          │
│ sky130_fd_sc_hd__clkbuf_8                                                                                                       │ 1                          │
│ sky130_fd_sc_hd__clkinv_2                                                                                                       │ 1                          │
│ sky130_fd_sc_hd__decap_3                                                                                                        │ 46                         │
│ sky130_fd_sc_hd__dfrtp_1                                                                                                        │ 35                         │
│ sky130_fd_sc_hd__dlygate4sd3_1                                                                                                  │ 41                         │
│ sky130_fd_sc_hd__fill_1                                                                                                         │ 80                         │
│ sky130_fd_sc_hd__fill_2                                                                                                         │ 59                         │
│ sky130_fd_sc_hd__fill_4                                                                                                         │ 36                         │
│ sky130_fd_sc_hd__fill_8                                                                                                         │ 7                          │
│ sky130_fd_sc_hd__inv_2                                                                                                          │ 3                          │
│ sky130_fd_sc_hd__mux2_1                                                                                                         │ 27                         │
│ sky130_fd_sc_hd__nand2_1                                                                                                        │ 10                         │
│ sky130_fd_sc_hd__nor2_1                                                                                                         │ 1                          │
│ sky130_fd_sc_hd__o221a_1                                                                                                        │ 1                          │
│ sky130_fd_sc_hd__o311a_1                                                                                                        │ 1                          │
│ sky130_fd_sc_hd__or2_1                                                                                                          │ 10                         │
│ sky130_fd_sc_hd__or3_1                                                                                                          │ 1                          │
│ sky130_fd_sc_hd__tapvpwrvgnd_1                                                                                                  │ 50                         │
│ sky130_fd_sc_hd__xor2_1                                                                                                         │ 14                         │
└─────────────────────────────────────────────────────────────────────────────────────────────────────────────────────────────────┴────────────────────────────┘
