
===========================================================================
report_checks -unconstrained
===========================================================================
======================= nom_ss_100C_1v60 Corner ===================================

Startpoint: rst_i (input port clocked by clk_i)
Endpoint: _162_ (recovery check against rising-edge clock clk_i)
Path Group: asynchronous
Path Type: max

Fanout         Cap        Slew       Delay        Time   Description
---------------------------------------------------------------------------------------------
                      0.150000    0.000000    0.000000   clock clk_i (rise edge)
                                  0.000000    0.000000   clock network delay (ideal)
                                625.000000  625.000000 ^ input external delay
    35    0.114205    0.820943    0.572129  625.572144 ^ rst_i (in)
                                                         rst_i (net)
                      0.820943    0.000000  625.572144 ^ _162_/RESET_B (sky130_fd_sc_hd__dfrtp_2)
                                            625.572144   data arrival time

                      0.150000 3125.000000 3125.000000   clock clk_i (rise edge)
                                  0.000000 3125.000000   clock network delay (ideal)
                                 -0.250000 3124.750000   clock uncertainty
                                  0.000000 3124.750000   clock reconvergence pessimism
                                           3124.750000 ^ _162_/CLK (sky130_fd_sc_hd__dfrtp_2)
                                  0.152142 3124.902100   library recovery time
                                           3124.902100   data required time
---------------------------------------------------------------------------------------------
                                           3124.902100   data required time
                                           -625.572144   data arrival time
---------------------------------------------------------------------------------------------
                                           2499.329834   slack (MET)


Startpoint: req_num_i (input port clocked by clk_i)
Endpoint: _189_ (rising edge-triggered flip-flop clocked by clk_i)
Path Group: clk_i
Path Type: max

Fanout         Cap        Slew       Delay        Time   Description
---------------------------------------------------------------------------------------------
                      0.150000    0.000000    0.000000   clock clk_i (rise edge)
                                  0.000000    0.000000   clock network delay (ideal)
                                625.000000  625.000000 v input external delay
     3    0.007618    0.038696    0.024102  625.024109 v req_num_i (in)
                                                         req_num_i (net)
                      0.038696    0.000000  625.024109 v _153_/C (sky130_fd_sc_hd__or3_2)
     1    0.001353    0.148529    0.923819  625.947937 v _153_/X (sky130_fd_sc_hd__or3_2)
                                                         _047_ (net)
                      0.148529    0.000000  625.947937 v _154_/B (sky130_fd_sc_hd__and2_2)
     1    0.001838    0.066341    0.420584  626.368530 v _154_/X (sky130_fd_sc_hd__and2_2)
                                                         _026_ (net)
                      0.066341    0.000000  626.368530 v _189_/D (sky130_fd_sc_hd__dfrtp_2)
                                            626.368530   data arrival time

                      0.150000 3125.000000 3125.000000   clock clk_i (rise edge)
                                  0.000000 3125.000000   clock network delay (ideal)
                                 -0.250000 3124.750000   clock uncertainty
                                  0.000000 3124.750000   clock reconvergence pessimism
                                           3124.750000 ^ _189_/CLK (sky130_fd_sc_hd__dfrtp_2)
                                 -0.253762 3124.496094   library setup time
                                           3124.496094   data required time
---------------------------------------------------------------------------------------------
                                           3124.496094   data required time
                                           -626.368530   data arrival time
---------------------------------------------------------------------------------------------
                                           2498.127686   slack (MET)




===========================================================================
report_checks --slack_max -0.01
============================================================================
======================= nom_ss_100C_1v60 Corner ===================================

No paths found.


===========================================================================
 report_check_types -max_slew -max_cap -max_fanout -violators
============================================================================
======================= nom_ss_100C_1v60 Corner ===================================

max slew

Pin                                        Limit        Slew       Slack
------------------------------------------------------------------------
rst_i                                   0.750000    0.820943   -0.070943 (VIOLATED)
_162_/RESET_B                           0.750000    0.820943   -0.070943 (VIOLATED)
_163_/RESET_B                           0.750000    0.820943   -0.070943 (VIOLATED)
_164_/RESET_B                           0.750000    0.820943   -0.070943 (VIOLATED)
_165_/RESET_B                           0.750000    0.820943   -0.070943 (VIOLATED)
_166_/RESET_B                           0.750000    0.820943   -0.070943 (VIOLATED)
_167_/RESET_B                           0.750000    0.820943   -0.070943 (VIOLATED)
_168_/RESET_B                           0.750000    0.820943   -0.070943 (VIOLATED)
_169_/RESET_B                           0.750000    0.820943   -0.070943 (VIOLATED)
_170_/RESET_B                           0.750000    0.820943   -0.070943 (VIOLATED)
_171_/RESET_B                           0.750000    0.820943   -0.070943 (VIOLATED)
_172_/RESET_B                           0.750000    0.820943   -0.070943 (VIOLATED)
_173_/RESET_B                           0.750000    0.820943   -0.070943 (VIOLATED)
_174_/RESET_B                           0.750000    0.820943   -0.070943 (VIOLATED)
_175_/RESET_B                           0.750000    0.820943   -0.070943 (VIOLATED)
_176_/RESET_B                           0.750000    0.820943   -0.070943 (VIOLATED)
_177_/RESET_B                           0.750000    0.820943   -0.070943 (VIOLATED)
_178_/RESET_B                           0.750000    0.820943   -0.070943 (VIOLATED)
_179_/RESET_B                           0.750000    0.820943   -0.070943 (VIOLATED)
_180_/RESET_B                           0.750000    0.820943   -0.070943 (VIOLATED)
_181_/RESET_B                           0.750000    0.820943   -0.070943 (VIOLATED)
_182_/RESET_B                           0.750000    0.820943   -0.070943 (VIOLATED)
_183_/RESET_B                           0.750000    0.820943   -0.070943 (VIOLATED)
_184_/RESET_B                           0.750000    0.820943   -0.070943 (VIOLATED)
_185_/RESET_B                           0.750000    0.820943   -0.070943 (VIOLATED)
_186_/RESET_B                           0.750000    0.820943   -0.070943 (VIOLATED)
_187_/RESET_B                           0.750000    0.820943   -0.070943 (VIOLATED)
_188_/RESET_B                           0.750000    0.820943   -0.070943 (VIOLATED)
_189_/RESET_B                           0.750000    0.820943   -0.070943 (VIOLATED)
_190_/RESET_B                           0.750000    0.820943   -0.070943 (VIOLATED)
_191_/RESET_B                           0.750000    0.820943   -0.070943 (VIOLATED)
_192_/RESET_B                           0.750000    0.820943   -0.070943 (VIOLATED)
_193_/RESET_B                           0.750000    0.820943   -0.070943 (VIOLATED)
_194_/RESET_B                           0.750000    0.820943   -0.070943 (VIOLATED)
_195_/RESET_B                           0.750000    0.820943   -0.070943 (VIOLATED)
_196_/RESET_B                           0.750000    0.820943   -0.070943 (VIOLATED)

max fanout

Pin                                   Limit Fanout  Slack
---------------------------------------------------------
rst_i                                    10     35    -25 (VIOLATED)
_125_/X                                  10     25    -15 (VIOLATED)
_163_/Q                                  10     14     -4 (VIOLATED)
_164_/Q                                  10     14     -4 (VIOLATED)
_162_/Q                                  10     12     -2 (VIOLATED)



===========================================================================
report_parasitic_annotation -report_unannotated
============================================================================
Found 120 unannotated drivers.
 clk_i
 req_num_i
 rst_i
 wr_i
 _081_/Y
 _082_/Y
 _083_/X
 _084_/X
 _085_/X
 _086_/X
 _087_/Y
 _088_/X
 _089_/Y
 _090_/X
 _091_/X
 _092_/X
 _093_/X
 _094_/Y
 _095_/X
 _096_/X
 _097_/X
 _098_/Y
 _099_/X
 _100_/X
 _101_/Y
 _102_/X
 _103_/X
 _104_/X
 _105_/Y
 _106_/X
 _107_/Y
 _108_/X
 _109_/X
 _110_/Y
 _111_/X
 _112_/Y
 _113_/X
 _114_/X
 _115_/X
 _116_/Y
 _117_/X
 _118_/X
 _119_/Y
 _120_/X
 _121_/X
 _122_/X
 _123_/X
 _124_/X
 _125_/X
 _126_/Y
 _127_/X
 _128_/X
 _129_/X
 _130_/X
 _131_/X
 _132_/X
 _133_/X
 _134_/X
 _135_/X
 _136_/X
 _137_/X
 _138_/X
 _139_/X
 _140_/X
 _141_/X
 _142_/X
 _143_/X
 _144_/X
 _145_/X
 _146_/X
 _147_/X
 _148_/X
 _149_/X
 _150_/X
 _151_/X
 _152_/Y
 _153_/X
 _154_/X
 _155_/X
 _156_/X
 _157_/Y
 _158_/X
 _159_/X
 _160_/X
 _161_/X
 _162_/Q
 _163_/Q
 _164_/Q
 _165_/Q
 _166_/Q
 _167_/Q
 _168_/Q
 _169_/Q
 _170_/Q
 _171_/Q
 _172_/Q
 _173_/Q
 _174_/Q
 _175_/Q
 _176_/Q
 _177_/Q
 _178_/Q
 _179_/Q
 _180_/Q
 _181_/Q
 _182_/Q
 _183_/Q
 _184_/Q
 _185_/Q
 _186_/Q
 _187_/Q
 _188_/Q
 _189_/Q
 _190_/Q
 _191_/Q
 _192_/Q
 _193_/Q
 _194_/Q
 _195_/Q
 _196_/Q
Found 0 partially unannotated drivers.

===========================================================================
max slew violation count 36
max fanout violation count 5
max cap violation count 0
============================================================================

===========================================================================
check_setup -verbose -unconstrained_endpoints -multiple_clock -no_clock -no_input_delay -loops -generated_clocks
===========================================================================
