
===========================================================================
 report_power
============================================================================
======================= nom_ss_100C_1v60 Corner ===================================

Group                    Internal    Switching      Leakage        Total
                            Power        Power        Power        Power (Watts)
------------------------------------------------------------------------
Sequential           5.573024e-07 2.392563e-07 6.821917e-07 1.478750e-06  60.7%
Combinational        4.000799e-07 1.502162e-07 4.068723e-07 9.571685e-07  39.3%
Clock                0.000000e+00 0.000000e+00 0.000000e+00 0.000000e+00   0.0%
Macro                0.000000e+00 0.000000e+00 0.000000e+00 0.000000e+00   0.0%
Pad                  0.000000e+00 0.000000e+00 0.000000e+00 0.000000e+00   0.0%
------------------------------------------------------------------------
Total                9.573823e-07 3.894725e-07 1.089064e-06 2.435919e-06 100.0%
                            39.3%        16.0%        44.7%

