%Warning-UNUSEDSIGNAL: /home/matheus/openframe_user_project/openlane/rng/src/rng_top.v:39:21: Signal is not driven, nor used: 'next_num'
                                                                                            : ... note: In instance 'rng_top'
   39 |     reg [T_WIDTH:0] next_num;
      |                     ^~~~~~~~
                       ... For warning description see https://verilator.org/warn/UNUSEDSIGNAL?v=5.018
                       ... Use "/* verilator lint_off UNUSEDSIGNAL */" and lint_on around source to disable this message.
%Warning-UNUSEDSIGNAL: /home/matheus/openframe_user_project/openlane/rng/src/rng_top.v:41:10: Signal is not used: 'state_bar'
                                                                                            : ... note: In instance 'rng_top'
   41 |     wire state_bar;
      |          ^~~~~~~~~
%Warning-UNUSEDPARAM: /home/matheus/openframe_user_project/openlane/rng/src/rng_control_path.v:24:15: Parameter is not used: 'T_DEPTH'
                                                                                                    : ... note: In instance 'rng_top.rng_cp'
   24 |     parameter T_DEPTH       = (DEPTH-1),                 
      |               ^~~~~~~
%Warning-UNUSEDPARAM: /home/matheus/openframe_user_project/openlane/rng/src/rng_control_path.v:26:15: Parameter is not used: 'T_WIDTH'
                                                                                                    : ... note: In instance 'rng_top.rng_cp'
   26 |     parameter T_WIDTH       = (WIDTH-1),                 
      |               ^~~~~~~
%Warning-UNUSEDPARAM: /home/matheus/openframe_user_project/openlane/rng/src/rng_control_path.v:28:15: Parameter is not used: 'SD_T_TOT_NUMB'
                                                                                                    : ... note: In instance 'rng_top.rng_cp'
   28 |     parameter SD_T_TOT_NUMB = (SEED_TOT_NUMB - 1),       
      |               ^~~~~~~~~~~~~
%Warning-UNUSEDPARAM: /home/matheus/openframe_user_project/openlane/rng/src/rng_control_path.v:30:15: Parameter is not used: 'T_COUNT_WID'
                                                                                                    : ... note: In instance 'rng_top.rng_cp'
   30 |     parameter T_COUNT_WID   = (COUNT_WIDTH-1)            
      |               ^~~~~~~~~~~
%Warning-UNUSEDPARAM: /home/matheus/openframe_user_project/openlane/rng/src/rng_data_path.v:24:15: Parameter is not used: 'T_DEPTH'
                                                                                                 : ... note: In instance 'rng_top.rng_dp'
   24 |     parameter T_DEPTH       = (DEPTH-1),                 
      |               ^~~~~~~
%Warning-UNUSEDPARAM: /home/matheus/openframe_user_project/openlane/rng/src/rng_data_path.v:28:15: Parameter is not used: 'SD_T_TOT_NUMB'
                                                                                                 : ... note: In instance 'rng_top.rng_dp'
   28 |     parameter SD_T_TOT_NUMB = (SEED_TOT_NUMB - 1),       
      |               ^~~~~~~~~~~~~
%Warning-UNUSEDPARAM: /home/matheus/openframe_user_project/openlane/rng/src/rng_data_path.v:30:15: Parameter is not used: 'T_COUNT_WID'
                                                                                                 : ... note: In instance 'rng_top.rng_dp'
   30 |     parameter T_COUNT_WID   = (COUNT_WIDTH-1)            
      |               ^~~~~~~~~~~
%Warning-UNUSEDPARAM: /home/matheus/openframe_user_project/openlane/rng/src/rng_data_path.v:41:12: Parameter is not used: 'IDLE'
                                                                                                 : ... note: In instance 'rng_top.rng_dp'
   41 | localparam IDLE = 0;
      |            ^~~~
%Warning-UNUSEDPARAM: /home/matheus/openframe_user_project/openlane/rng/src/rng_data_path.v:42:12: Parameter is not used: 'SEND'
                                                                                                 : ... note: In instance 'rng_top.rng_dp'
   42 | localparam SEND = 1;
      |            ^~~~
%Warning-UNUSEDSIGNAL: /home/matheus/openframe_user_project/openlane/rng/src/rng_data_path.v:44:5: Signal is not driven, nor used: 'x_state'
                                                                                                 : ... note: In instance 'rng_top.rng_dp'
   44 | reg x_state;
      |     ^~~~~~~
%Warning-UNUSEDPARAM: /home/matheus/openframe_user_project/openlane/rng/src/rng_data_path.v:62:12: Parameter is not used: 'seed4_now'
                                                                                                 : ... note: In instance 'rng_top.rng_dp'
   62 | localparam seed4_now = 2'b11;
      |            ^~~~~~~~~
%Warning-UNUSEDPARAM: /home/matheus/openframe_user_project/openlane/rng/src/rng_selector.v:24:15: Parameter is not used: 'T_DEPTH'
                                                                                                : ... note: In instance 'rng_top.rng_sel'
   24 |     parameter T_DEPTH       = (DEPTH-1),                 
      |               ^~~~~~~
%Warning-UNUSEDPARAM: /home/matheus/openframe_user_project/openlane/rng/src/rng_selector.v:26:15: Parameter is not used: 'T_WIDTH'
                                                                                                : ... note: In instance 'rng_top.rng_sel'
   26 |     parameter T_WIDTH       = (WIDTH-1),                 
      |               ^~~~~~~
%Warning-UNUSEDPARAM: /home/matheus/openframe_user_project/openlane/rng/src/rng_selector.v:28:15: Parameter is not used: 'SD_T_TOT_NUMB'
                                                                                                : ... note: In instance 'rng_top.rng_sel'
   28 |     parameter SD_T_TOT_NUMB = (SEED_TOT_NUMB - 1),       
      |               ^~~~~~~~~~~~~
%Warning-UNUSEDPARAM: /home/matheus/openframe_user_project/openlane/rng/src/rng_selector.v:30:15: Parameter is not used: 'T_COUNT_WID'
                                                                                                : ... note: In instance 'rng_top.rng_sel'
   30 |     parameter T_COUNT_WID   = (COUNT_WIDTH-1)            
      |               ^~~~~~~~~~~
%Warning-UNUSEDPARAM: /home/matheus/openframe_user_project/openlane/rng/src/rng_selector.v:40:16: Parameter is not used: 'seed_1'
                                                                                                : ... note: In instance 'rng_top.rng_sel'
   40 |     localparam seed_1 = 2'b00;
      |                ^~~~~~
%Warning-UNUSEDPARAM: /home/matheus/openframe_user_project/openlane/rng/src/rng_selector.v:41:16: Parameter is not used: 'seed_2'
                                                                                                : ... note: In instance 'rng_top.rng_sel'
   41 |     localparam seed_2 = 2'b01;
      |                ^~~~~~
%Warning-UNUSEDPARAM: /home/matheus/openframe_user_project/openlane/rng/src/rng_selector.v:42:16: Parameter is not used: 'seed_3'
                                                                                                : ... note: In instance 'rng_top.rng_sel'
   42 |     localparam seed_3 = 2'b10;
      |                ^~~~~~
%Warning-UNUSEDPARAM: /home/matheus/openframe_user_project/openlane/rng/src/rng_selector.v:43:16: Parameter is not used: 'seed_4'
                                                                                                : ... note: In instance 'rng_top.rng_sel'
   43 |     localparam seed_4 = 2'b11;
      |                ^~~~~~
%Warning-UNUSEDPARAM: /home/matheus/openframe_user_project/openlane/rng/src/rng_hs_dup_detector.v:4:15: Parameter is not used: 'T_DEPTH'
                                                                                                      : ... note: In instance 'rng_top.rng_rd'
    4 |     parameter T_DEPTH       = (DEPTH-1),
      |               ^~~~~~~
%Warning-UNUSEDPARAM: /home/matheus/openframe_user_project/openlane/rng/src/rng_hs_dup_detector.v:10:15: Parameter is not used: 'T_COUNT_WID'
                                                                                                       : ... note: In instance 'rng_top.rng_rd'
   10 |     parameter T_COUNT_WID   = (COUNT_WIDTH-1)
      |               ^~~~~~~~~~~
%Warning-UNUSEDPARAM: /home/matheus/openframe_user_project/openlane/rng/src/rng_data_path_counter.v:24:15: Parameter is not used: 'T_DEPTH'
                                                                                                         : ... note: In instance 'rng_top.rng_dp.inst'
   24 |     parameter T_DEPTH       = (DEPTH-1),                 
      |               ^~~~~~~
%Warning-UNUSEDPARAM: /home/matheus/openframe_user_project/openlane/rng/src/rng_data_path_counter.v:28:15: Parameter is not used: 'SD_T_TOT_NUMB'
                                                                                                         : ... note: In instance 'rng_top.rng_dp.inst'
   28 |     parameter SD_T_TOT_NUMB = (SEED_TOT_NUMB - 1),       
      |               ^~~~~~~~~~~~~
%Warning-UNUSEDPARAM: /home/matheus/openframe_user_project/openlane/rng/src/rng_data_path_counter.v:30:15: Parameter is not used: 'T_COUNT_WID'
                                                                                                         : ... note: In instance 'rng_top.rng_dp.inst'
   30 |     parameter T_COUNT_WID   = (COUNT_WIDTH-1)            
      |               ^~~~~~~~~~~
%Warning-UNOPTFLAT: /home/matheus/openframe_user_project/openlane/rng/src/rng_top.v:46:10: Signal unoptimizable: Circular combinational logic: 'rng_top.req_num_again'
   46 |     wire req_num_again;
      |          ^~~~~~~~~~~~~
                    /home/matheus/openframe_user_project/openlane/rng/src/rng_top.v:46:10:      Example path: rng_top.req_num_again
                    /home/matheus/openframe_user_project/openlane/rng/src/rng_top.v:50:20:      Example path: ASSIGNW
                    /home/matheus/openframe_user_project/openlane/rng/src/rng_top.v:48:10:      Example path: rng_top.req_num
                    /home/matheus/openframe_user_project/openlane/rng/src/rng_hs_dup_detector.v:51:23:      Example path: ASSIGNW
                    /home/matheus/openframe_user_project/openlane/rng/src/rng_top.v:46:10:      Example path: rng_top.req_num_again
