
===========================================================================
report_checks -unconstrained
===========================================================================
======================= min_ff_n40C_1v95 Corner ===================================

Startpoint: rst_i (input port clocked by clk_i)
Endpoint: _231_ (recovery check against rising-edge clock clk_i)
Path Group: asynchronous
Path Type: max

Fanout         Cap        Slew       Delay        Time   Description
---------------------------------------------------------------------------------------------
                                  0.000000    0.000000   clock clk_i (rise edge)
                                  0.000000    0.000000   clock network delay (propagated)
                                625.000000  625.000000 ^ input external delay
     1    0.003261    0.015564    0.008413  625.008423 ^ rst_i (in)
                                                         rst_i (net)
                      0.015564    0.000000  625.008423 ^ input2/A (sky130_fd_sc_hd__clkbuf_1)
     1    0.004483    0.046051    0.058094  625.066528 ^ input2/X (sky130_fd_sc_hd__clkbuf_1)
                                                         net2 (net)
                      0.046051    0.000057  625.066589 ^ fanout19/A (sky130_fd_sc_hd__clkbuf_2)
     6    0.032023    0.136054    0.144155  625.210693 ^ fanout19/X (sky130_fd_sc_hd__clkbuf_2)
                                                         net19 (net)
                      0.136063    0.000909  625.211609 ^ fanout17/A (sky130_fd_sc_hd__clkbuf_4)
    10    0.052407    0.123528    0.181387  625.393005 ^ fanout17/X (sky130_fd_sc_hd__clkbuf_4)
                                                         net17 (net)
                      0.123533    0.000966  625.393982 ^ _231_/RESET_B (sky130_fd_sc_hd__dfrtp_4)
                                            625.393982   data arrival time

                               3125.000000 3125.000000   clock clk_i (rise edge)
                                  0.000000 3125.000000   clock source latency
     1    0.016419    0.059829    0.040473 3125.040527 ^ clk_i (in)
                                                         clk_i (net)
                      0.059832    0.000000 3125.040527 ^ clkbuf_0_clk_i/A (sky130_fd_sc_hd__clkbuf_16)
     4    0.041597    0.046384    0.106184 3125.146729 ^ clkbuf_0_clk_i/X (sky130_fd_sc_hd__clkbuf_16)
                                                         clknet_0_clk_i (net)
                      0.046386    0.000227 3125.146973 ^ clkbuf_2_2__f_clk_i/A (sky130_fd_sc_hd__clkbuf_16)
    10    0.035276    0.041899    0.098908 3125.245850 ^ clkbuf_2_2__f_clk_i/X (sky130_fd_sc_hd__clkbuf_16)
                                                         clknet_2_2__leaf_clk_i (net)
                      0.041900    0.000455 3125.246338 ^ _231_/CLK (sky130_fd_sc_hd__dfrtp_4)
                                 -0.250000 3124.996094   clock uncertainty
                                  0.000000 3124.996094   clock reconvergence pessimism
                                  0.103669 3125.099854   library recovery time
                                           3125.099854   data required time
---------------------------------------------------------------------------------------------
                                           3125.099854   data required time
                                           -625.393982   data arrival time
---------------------------------------------------------------------------------------------
                                           2499.705811   slack (MET)


Startpoint: _256_ (rising edge-triggered flip-flop clocked by clk_i)
Endpoint: num_to_send_o[1] (output port clocked by clk_i)
Path Group: clk_i
Path Type: max

Fanout         Cap        Slew       Delay        Time   Description
---------------------------------------------------------------------------------------------
                                  0.000000    0.000000   clock clk_i (rise edge)
                                  0.000000    0.000000   clock source latency
     1    0.016419    0.059829    0.040578    0.040578 ^ clk_i (in)
                                                         clk_i (net)
                      0.059832    0.000000    0.040578 ^ clkbuf_0_clk_i/A (sky130_fd_sc_hd__clkbuf_16)
     4    0.041597    0.046384    0.106080    0.146658 ^ clkbuf_0_clk_i/X (sky130_fd_sc_hd__clkbuf_16)
                                                         clknet_0_clk_i (net)
                      0.046388    0.000405    0.147063 ^ clkbuf_2_0__f_clk_i/A (sky130_fd_sc_hd__clkbuf_16)
    13    0.036076    0.042331    0.099076    0.246139 ^ clkbuf_2_0__f_clk_i/X (sky130_fd_sc_hd__clkbuf_16)
                                                         clknet_2_0__leaf_clk_i (net)
                      0.042336    0.000471    0.246610 ^ _256_/CLK (sky130_fd_sc_hd__dfrtp_1)
     5    0.016543    0.115200    0.265326    0.511936 ^ _256_/Q (sky130_fd_sc_hd__dfrtp_1)
                                                         net5 (net)
                      0.115200    0.000354    0.512289 ^ output5/A (sky130_fd_sc_hd__buf_2)
     1    0.034040    0.127265    0.157920    0.670209 ^ output5/X (sky130_fd_sc_hd__buf_2)
                                                         num_to_send_o[1] (net)
                      0.127265    0.000206    0.670415 ^ num_to_send_o[1] (out)
                                              0.670415   data arrival time

                               3125.000000 3125.000000   clock clk_i (rise edge)
                                  0.000000 3125.000000   clock network delay (propagated)
                                 -0.250000 3124.750000   clock uncertainty
                                  0.000000 3124.750000   clock reconvergence pessimism
                               -625.000000 2499.750000   output external delay
                                           2499.750000   data required time
---------------------------------------------------------------------------------------------
                                           2499.750000   data required time
                                             -0.670415   data arrival time
---------------------------------------------------------------------------------------------
                                           2499.079346   slack (MET)




===========================================================================
report_checks --slack_max -0.01
============================================================================
======================= min_ff_n40C_1v95 Corner ===================================

No paths found.


===========================================================================
 report_check_types -max_slew -max_cap -max_fanout -violators
============================================================================
======================= min_ff_n40C_1v95 Corner ===================================

max fanout

Pin                                   Limit Fanout  Slack
---------------------------------------------------------
clkbuf_2_0__f_clk_i/X                    10     13     -3 (VIOLATED)
clkbuf_2_1__f_clk_i/X                    10     13     -3 (VIOLATED)
clkbuf_2_3__f_clk_i/X                    10     11        (VIOLATED)



===========================================================================
report_parasitic_annotation -report_unannotated
============================================================================
Found 3 unannotated drivers.
 clkload0/X
 clkload1/Y
 clkload2/Y
Found 0 partially unannotated drivers.

===========================================================================
max slew violation count 0
max fanout violation count 3
max cap violation count 0
============================================================================

===========================================================================
check_setup -verbose -unconstrained_endpoints -multiple_clock -no_clock -no_input_delay -loops -generated_clocks
===========================================================================
Warning: There is 1 combinational loop in the design.
  _156_/Y
  _119_/B
  _119_/X
  _120_/A
  _120_/Y
  _156_/B1
  | loop cut point
  _156_/Y
  --------------------------------
