Clock: clk_i
Sources: clk_i 
Generated: no
Virtual: yes
Propagated: no
Period: 3125.000000

===========================================================================
report_clock_properties
============================================================================
Clock                   Period          Waveform
----------------------------------------------------
clk_i               3125.000000    0.0000001562.500000

===========================================================================
report_clock_latency
============================================================================
Clock clk_i
rise -> rise
    min     max
0.000000 0.000000 source latency
0.246107         network latency _269_/CLK
        0.250614 network latency _263_/CLK
---------------
0.246107 0.250614 latency
        0.004507 skew

fall -> fall
    min     max
0.000000 0.000000 source latency
0.229875         network latency _230_/CLK
        0.233399 network latency _239_/CLK
---------------
0.229875 0.233399 latency
        0.003524 skew



===========================================================================
report_clock_min_period
============================================================================
clk_i period_min = 2.20 fmax = 454.58
