
===========================================================================
report_checks -unconstrained
===========================================================================
======================= nom_ff_n40C_1v95 Corner ===================================

Startpoint: rst_i (input port clocked by clk_i)
Endpoint: _347_ (recovery check against rising-edge clock clk_i)
Path Group: asynchronous
Path Type: max

Fanout         Cap        Slew       Delay        Time   Description
---------------------------------------------------------------------------------------------
                                  0.000000    0.000000   clock clk_i (rise edge)
                                  0.000000    0.000000   clock network delay (propagated)
                                625.000000  625.000000 ^ input external delay
     1    0.002693    0.013535    0.006935  625.006958 ^ rst_i (in)
                                                         rst_i (net)
                      0.013535    0.000000  625.006958 ^ input2/A (sky130_fd_sc_hd__clkbuf_1)
     1    0.003006    0.033801    0.048828  625.055786 ^ input2/X (sky130_fd_sc_hd__clkbuf_1)
                                                         net2 (net)
                      0.033801    0.000114  625.055908 ^ fanout27/A (sky130_fd_sc_hd__dlymetal6s2s_1)
     5    0.028936    0.227639    0.194916  625.250793 ^ fanout27/X (sky130_fd_sc_hd__dlymetal6s2s_1)
                                                         net27 (net)
                      0.227640    0.000512  625.251282 ^ fanout26/A (sky130_fd_sc_hd__buf_2)
     8    0.038569    0.143666    0.180989  625.432312 ^ fanout26/X (sky130_fd_sc_hd__buf_2)
                                                         net26 (net)
                      0.143720    0.000966  625.433289 ^ fanout25/A (sky130_fd_sc_hd__clkbuf_4)
    10    0.053829    0.126257    0.183945  625.617188 ^ fanout25/X (sky130_fd_sc_hd__clkbuf_4)
                                                         net25 (net)
                      0.126382    0.002558  625.619751 ^ _347_/RESET_B (sky130_fd_sc_hd__dfrtp_1)
                                            625.619751   data arrival time

                               3125.000000 3125.000000   clock clk_i (rise edge)
                                  0.000000 3125.000000   clock source latency
     1    0.020055    0.071688    0.049567 3125.049561 ^ clk_i (in)
                                                         clk_i (net)
                      0.071737    0.000000 3125.049561 ^ clkbuf_0_clk_i/A (sky130_fd_sc_hd__clkbuf_16)
     8    0.088314    0.080524    0.133468 3125.183105 ^ clkbuf_0_clk_i/X (sky130_fd_sc_hd__clkbuf_16)
                                                         clknet_0_clk_i (net)
                      0.080611    0.002274 3125.185303 ^ clkbuf_3_6__f_clk_i/A (sky130_fd_sc_hd__clkbuf_16)
     7    0.026986    0.036384    0.102773 3125.288086 ^ clkbuf_3_6__f_clk_i/X (sky130_fd_sc_hd__clkbuf_16)
                                                         clknet_3_6__leaf_clk_i (net)
                      0.036386    0.000227 3125.288330 ^ _347_/CLK (sky130_fd_sc_hd__dfrtp_1)
                                 -0.250000 3125.038330   clock uncertainty
                                  0.000000 3125.038330   clock reconvergence pessimism
                                  0.126647 3125.164795   library recovery time
                                           3125.164795   data required time
---------------------------------------------------------------------------------------------
                                           3125.164795   data required time
                                           -625.619751   data arrival time
---------------------------------------------------------------------------------------------
                                           2499.544922   slack (MET)


Startpoint: _368_ (rising edge-triggered flip-flop clocked by clk_i)
Endpoint: num_to_send_o[1] (output port clocked by clk_i)
Path Group: clk_i
Path Type: max

Fanout         Cap        Slew       Delay        Time   Description
---------------------------------------------------------------------------------------------
                                  0.000000    0.000000   clock clk_i (rise edge)
                                  0.000000    0.000000   clock source latency
     1    0.020055    0.071688    0.049601    0.049601 ^ clk_i (in)
                                                         clk_i (net)
                      0.071737    0.000000    0.049601 ^ clkbuf_0_clk_i/A (sky130_fd_sc_hd__clkbuf_16)
     8    0.088314    0.080524    0.133469    0.183070 ^ clkbuf_0_clk_i/X (sky130_fd_sc_hd__clkbuf_16)
                                                         clknet_0_clk_i (net)
                      0.080790    0.003702    0.186772 ^ clkbuf_3_0__f_clk_i/A (sky130_fd_sc_hd__clkbuf_16)
    10    0.028729    0.037610    0.104007    0.290779 ^ clkbuf_3_0__f_clk_i/X (sky130_fd_sc_hd__clkbuf_16)
                                                         clknet_3_0__leaf_clk_i (net)
                      0.037618    0.000545    0.291325 ^ _368_/CLK (sky130_fd_sc_hd__dfrtp_1)
     5    0.015059    0.105790    0.257136    0.548461 ^ _368_/Q (sky130_fd_sc_hd__dfrtp_1)
                                                         net5 (net)
                      0.105790    0.000185    0.548646 ^ output5/A (sky130_fd_sc_hd__buf_2)
     1    0.034085    0.127505    0.155526    0.704172 ^ output5/X (sky130_fd_sc_hd__buf_2)
                                                         num_to_send_o[1] (net)
                      0.127507    0.000706    0.704877 ^ num_to_send_o[1] (out)
                                              0.704877   data arrival time

                               3125.000000 3125.000000   clock clk_i (rise edge)
                                  0.000000 3125.000000   clock network delay (propagated)
                                 -0.250000 3124.750000   clock uncertainty
                                  0.000000 3124.750000   clock reconvergence pessimism
                               -625.000000 2499.750000   output external delay
                                           2499.750000   data required time
---------------------------------------------------------------------------------------------
                                           2499.750000   data required time
                                             -0.704877   data arrival time
---------------------------------------------------------------------------------------------
                                           2499.044922   slack (MET)




===========================================================================
report_checks --slack_max -0.01
============================================================================
======================= nom_ff_n40C_1v95 Corner ===================================

No paths found.


===========================================================================
 report_check_types -max_slew -max_cap -max_fanout -violators
============================================================================
======================= nom_ff_n40C_1v95 Corner ===================================



===========================================================================
report_parasitic_annotation -report_unannotated
============================================================================
Found 7 unannotated drivers.
 clkload0/X
 clkload1/X
 clkload2/X
 clkload3/Y
 clkload4/X
 clkload5/Y
 clkload6/X
Found 0 partially unannotated drivers.

===========================================================================
max slew violation count 0
max fanout violation count 0
max cap violation count 0
============================================================================

===========================================================================
check_setup -verbose -unconstrained_endpoints -multiple_clock -no_clock -no_input_delay -loops -generated_clocks
===========================================================================
Warning: There is 1 combinational loop in the design.
  _247_/X
  _246_/B
  _246_/X
  _247_/B
  | loop cut point
  _247_/X
  --------------------------------
