Clock: clk_i
Sources: clk_i 
Generated: no
Virtual: yes
Propagated: no
Period: 3125.000000

===========================================================================
report_clock_properties
============================================================================
Clock                   Period          Waveform
----------------------------------------------------
clk_i               3125.000000    0.0000001562.500000

===========================================================================
report_clock_latency
============================================================================
Clock clk_i
rise -> rise
    min     max
0.000000 0.000000 source latency
0.287458         network latency _345_/CLK
        0.292554 network latency _358_/CLK
---------------
0.287458 0.292554 latency
        0.005095 skew

fall -> fall
    min     max
0.000000 0.000000 source latency
0.256250         network latency _345_/CLK
        0.260911 network latency _358_/CLK
---------------
0.256250 0.260911 latency
        0.004661 skew



===========================================================================
report_clock_min_period
============================================================================
clk_i period_min = 2.59 fmax = 386.54
