
===========================================================================
 report_power
============================================================================
======================= nom_ff_n40C_1v95 Corner ===================================

Group                    Internal    Switching      Leakage        Total
                            Power        Power        Power        Power (Watts)
------------------------------------------------------------------------
Sequential           1.348161e-06 3.865207e-07 8.727570e-10 1.735555e-06  31.1%
Combinational        1.654352e-06 1.119549e-06 2.796686e-09 2.776697e-06  49.8%
Clock                6.872647e-07 3.738009e-07 9.627313e-10 1.062028e-06  19.1%
Macro                0.000000e+00 0.000000e+00 0.000000e+00 0.000000e+00   0.0%
Pad                  0.000000e+00 0.000000e+00 0.000000e+00 0.000000e+00   0.0%
------------------------------------------------------------------------
Total                3.689777e-06 1.879870e-06 4.632175e-09 5.574279e-06 100.0%
                            66.2%        33.7%         0.1%

