Clock: clk_i
Sources: clk_i 
Generated: no
Virtual: yes
Propagated: no
Period: 3125.000000

===========================================================================
report_clock_properties
============================================================================
Clock                   Period          Waveform
----------------------------------------------------
clk_i               3125.000000    0.0000001562.500000

===========================================================================
report_clock_latency
============================================================================
Clock clk_i
rise -> rise
    min     max
0.000000 0.000000 source latency
0.590182         network latency _166_/CLK
        0.596158 network latency _179_/CLK
---------------
0.590182 0.596158 latency
        0.005976 skew

fall -> fall
    min     max
0.000000 0.000000 source latency
0.583100         network latency _166_/CLK
        0.588898 network latency _179_/CLK
---------------
0.583100 0.588898 latency
        0.005798 skew



===========================================================================
report_clock_min_period
============================================================================
clk_i period_min = 6.31 fmax = 158.60
