
===========================================================================
report_checks -unconstrained
===========================================================================
======================= nom_ss_100C_1v60 Corner ===================================

Startpoint: rst_i (input port clocked by clk_i)
Endpoint: _159_ (recovery check against rising-edge clock clk_i)
Path Group: asynchronous
Path Type: max

Fanout         Cap        Slew       Delay        Time   Description
---------------------------------------------------------------------------------------------
                      0.150000    0.000000    0.000000   clock clk_i (rise edge)
                                  0.000000    0.000000   clock network delay (ideal)
                                625.000000  625.000000 ^ input external delay
    35    0.114205    0.820943    0.572129  625.572144 ^ rst_i (in)
                                                         rst_i (net)
                      0.820943    0.000000  625.572144 ^ _159_/RESET_B (sky130_fd_sc_hd__dfrtp_2)
                                            625.572144   data arrival time

                      0.150000 3125.000000 3125.000000   clock clk_i (rise edge)
                                  0.000000 3125.000000   clock network delay (ideal)
                                 -0.250000 3124.750000   clock uncertainty
                                  0.000000 3124.750000   clock reconvergence pessimism
                                           3124.750000 ^ _159_/CLK (sky130_fd_sc_hd__dfrtp_2)
                                  0.152142 3124.902100   library recovery time
                                           3124.902100   data required time
---------------------------------------------------------------------------------------------
                                           3124.902100   data required time
                                           -625.572144   data arrival time
---------------------------------------------------------------------------------------------
                                           2499.329834   slack (MET)


Startpoint: req_num_i (input port clocked by clk_i)
Endpoint: _188_ (rising edge-triggered flip-flop clocked by clk_i)
Path Group: clk_i
Path Type: max

Fanout         Cap        Slew       Delay        Time   Description
---------------------------------------------------------------------------------------------
                      0.150000    0.000000    0.000000   clock clk_i (rise edge)
                                  0.000000    0.000000   clock network delay (ideal)
                                625.000000  625.000000 v input external delay
     1    0.001413    0.013427    0.004775  625.004761 v req_num_i (in)
                                                         req_num_i (net)
                      0.013427    0.000000  625.004761 v _081_/A (sky130_fd_sc_hd__or3_2)
     4    0.015344    0.245499    1.215653  626.220459 v _081_/X (sky130_fd_sc_hd__or3_2)
                                                         req_num (net)
                      0.245499    0.000000  626.220459 v _153_/C (sky130_fd_sc_hd__and3_2)
     2    0.012203    0.116559    0.576335  626.796753 v _153_/X (sky130_fd_sc_hd__and3_2)
                                                         _050_ (net)
                      0.116559    0.000000  626.796753 v _155_/B (sky130_fd_sc_hd__xor2_2)
     1    0.001838    0.073981    0.261480  627.058228 v _155_/X (sky130_fd_sc_hd__xor2_2)
                                                         _028_ (net)
                      0.073981    0.000000  627.058228 v _188_/D (sky130_fd_sc_hd__dfrtp_2)
                                            627.058228   data arrival time

                      0.150000 3125.000000 3125.000000   clock clk_i (rise edge)
                                  0.000000 3125.000000   clock network delay (ideal)
                                 -0.250000 3124.750000   clock uncertainty
                                  0.000000 3124.750000   clock reconvergence pessimism
                                           3124.750000 ^ _188_/CLK (sky130_fd_sc_hd__dfrtp_2)
                                 -0.256950 3124.492920   library setup time
                                           3124.492920   data required time
---------------------------------------------------------------------------------------------
                                           3124.492920   data required time
                                           -627.058228   data arrival time
---------------------------------------------------------------------------------------------
                                           2497.434814   slack (MET)




===========================================================================
report_checks --slack_max -0.01
============================================================================
======================= nom_ss_100C_1v60 Corner ===================================

No paths found.


===========================================================================
 report_check_types -max_slew -max_cap -max_fanout -violators
============================================================================
======================= nom_ss_100C_1v60 Corner ===================================

max slew

Pin                                        Limit        Slew       Slack
------------------------------------------------------------------------
rst_i                                   0.750000    0.820943   -0.070943 (VIOLATED)
_159_/RESET_B                           0.750000    0.820943   -0.070943 (VIOLATED)
_160_/RESET_B                           0.750000    0.820943   -0.070943 (VIOLATED)
_161_/RESET_B                           0.750000    0.820943   -0.070943 (VIOLATED)
_162_/RESET_B                           0.750000    0.820943   -0.070943 (VIOLATED)
_163_/RESET_B                           0.750000    0.820943   -0.070943 (VIOLATED)
_164_/RESET_B                           0.750000    0.820943   -0.070943 (VIOLATED)
_165_/RESET_B                           0.750000    0.820943   -0.070943 (VIOLATED)
_166_/RESET_B                           0.750000    0.820943   -0.070943 (VIOLATED)
_167_/RESET_B                           0.750000    0.820943   -0.070943 (VIOLATED)
_168_/RESET_B                           0.750000    0.820943   -0.070943 (VIOLATED)
_169_/RESET_B                           0.750000    0.820943   -0.070943 (VIOLATED)
_170_/RESET_B                           0.750000    0.820943   -0.070943 (VIOLATED)
_171_/RESET_B                           0.750000    0.820943   -0.070943 (VIOLATED)
_172_/RESET_B                           0.750000    0.820943   -0.070943 (VIOLATED)
_173_/RESET_B                           0.750000    0.820943   -0.070943 (VIOLATED)
_174_/RESET_B                           0.750000    0.820943   -0.070943 (VIOLATED)
_175_/RESET_B                           0.750000    0.820943   -0.070943 (VIOLATED)
_176_/RESET_B                           0.750000    0.820943   -0.070943 (VIOLATED)
_177_/RESET_B                           0.750000    0.820943   -0.070943 (VIOLATED)
_178_/RESET_B                           0.750000    0.820943   -0.070943 (VIOLATED)
_179_/RESET_B                           0.750000    0.820943   -0.070943 (VIOLATED)
_180_/RESET_B                           0.750000    0.820943   -0.070943 (VIOLATED)
_181_/RESET_B                           0.750000    0.820943   -0.070943 (VIOLATED)
_182_/RESET_B                           0.750000    0.820943   -0.070943 (VIOLATED)
_183_/RESET_B                           0.750000    0.820943   -0.070943 (VIOLATED)
_184_/RESET_B                           0.750000    0.820943   -0.070943 (VIOLATED)
_185_/RESET_B                           0.750000    0.820943   -0.070943 (VIOLATED)
_186_/RESET_B                           0.750000    0.820943   -0.070943 (VIOLATED)
_187_/RESET_B                           0.750000    0.820943   -0.070943 (VIOLATED)
_188_/RESET_B                           0.750000    0.820943   -0.070943 (VIOLATED)
_189_/RESET_B                           0.750000    0.820943   -0.070943 (VIOLATED)
_190_/RESET_B                           0.750000    0.820943   -0.070943 (VIOLATED)
_191_/RESET_B                           0.750000    0.820943   -0.070943 (VIOLATED)
_192_/RESET_B                           0.750000    0.820943   -0.070943 (VIOLATED)
_193_/RESET_B                           0.750000    0.820943   -0.070943 (VIOLATED)

max fanout

Pin                                   Limit Fanout  Slack
---------------------------------------------------------
rst_i                                    10     35    -25 (VIOLATED)
_124_/X                                  10     25    -15 (VIOLATED)
_161_/Q                                  10     15     -5 (VIOLATED)
_160_/Q                                  10     13     -3 (VIOLATED)
_159_/Q                                  10     12     -2 (VIOLATED)



===========================================================================
report_parasitic_annotation -report_unannotated
============================================================================
Found 119 unannotated drivers.
 clk_i
 req_num_i
 rst_i
 wr_i
 _079_/Y
 _080_/Y
 _081_/X
 _082_/X
 _083_/Y
 _084_/X
 _085_/Y
 _086_/X
 _087_/X
 _088_/X
 _089_/X
 _090_/X
 _091_/X
 _092_/Y
 _093_/X
 _094_/X
 _095_/Y
 _096_/X
 _097_/X
 _098_/X
 _099_/Y
 _100_/X
 _101_/X
 _102_/X
 _103_/X
 _104_/Y
 _105_/X
 _106_/X
 _107_/X
 _108_/Y
 _109_/Y
 _110_/X
 _111_/X
 _112_/X
 _113_/Y
 _114_/X
 _115_/X
 _116_/Y
 _117_/X
 _118_/X
 _119_/Y
 _120_/X
 _121_/X
 _122_/X
 _123_/X
 _124_/X
 _125_/Y
 _126_/X
 _127_/X
 _128_/X
 _129_/X
 _130_/X
 _131_/X
 _132_/X
 _133_/X
 _134_/X
 _135_/X
 _136_/X
 _137_/X
 _138_/X
 _139_/X
 _140_/X
 _141_/X
 _142_/X
 _143_/X
 _144_/X
 _145_/X
 _146_/X
 _147_/X
 _148_/X
 _149_/X
 _150_/X
 _151_/X
 _152_/Y
 _153_/X
 _154_/Y
 _155_/X
 _156_/X
 _157_/X
 _158_/X
 _159_/Q
 _160_/Q
 _161_/Q
 _162_/Q
 _163_/Q
 _164_/Q
 _165_/Q
 _166_/Q
 _167_/Q
 _168_/Q
 _169_/Q
 _170_/Q
 _171_/Q
 _172_/Q
 _173_/Q
 _174_/Q
 _175_/Q
 _176_/Q
 _177_/Q
 _178_/Q
 _179_/Q
 _180_/Q
 _181_/Q
 _182_/Q
 _183_/Q
 _184_/Q
 _185_/Q
 _186_/Q
 _187_/Q
 _188_/Q
 _189_/Q
 _190_/Q
 _191_/Q
 _192_/Q
 _193_/Q
Found 0 partially unannotated drivers.

===========================================================================
max slew violation count 36
max fanout violation count 5
max cap violation count 0
============================================================================

===========================================================================
check_setup -verbose -unconstrained_endpoints -multiple_clock -no_clock -no_input_delay -loops -generated_clocks
===========================================================================
Warning: There is 1 combinational loop in the design.
  _081_/X
  _081_/C
  | loop cut point
  _081_/X
  --------------------------------
