Clock: clk_i
Sources: clk_i 
Generated: no
Virtual: no
Propagated: no
Period: 3125.000000

===========================================================================
report_clock_properties
============================================================================
Clock                   Period          Waveform
----------------------------------------------------
clk_i               3125.000000    0.0000001562.500000

===========================================================================
report_clock_latency
============================================================================
Clock clk_i
rise -> rise
    min     max
0.000000 0.000000 source latency
0.205829         network latency _162_/CLK
        0.205829 network latency _162_/CLK
---------------
0.205829 0.205829 latency
        0.000000 skew

fall -> fall
    min     max
0.000000 0.000000 source latency
0.096634         network latency _162_/CLK
        0.096634 network latency _162_/CLK
---------------
0.096634 0.096634 latency
        0.000000 skew



===========================================================================
report_clock_min_period
============================================================================
clk_i period_min = 2.46 fmax = 406.10
