Reading timing models for corner nom_tt_025C_1v80…
Reading timing library for the 'nom_tt_025C_1v80' corner at '/home/matheus/openframe_user_project/dependencies/pdks/sky130A/libs.ref/sky130_fd_sc_hd/lib/sky130_fd_sc_hd__tt_025C_1v80.lib'…
Reading timing models for corner nom_ff_n40C_1v95…
Reading timing library for the 'nom_ff_n40C_1v95' corner at '/home/matheus/openframe_user_project/dependencies/pdks/sky130A/libs.ref/sky130_fd_sc_hd/lib/sky130_fd_sc_hd__ff_n40C_1v95.lib'…
Reading timing models for corner nom_ss_100C_1v60…
Reading timing library for the 'nom_ss_100C_1v60' corner at '/home/matheus/openframe_user_project/dependencies/pdks/sky130A/libs.ref/sky130_fd_sc_hd/lib/sky130_fd_sc_hd__ss_100C_1v60.lib'…
Reading OpenROAD database at '/home/matheus/openframe_user_project/openlane/rng/runs/26_02_17_10_28/34-openroad-cts/rng_top.odb'…
Reading design constraints file at '/nix/store/iah2c26wzpgdvqc1jv2xxg55xq5km74d-python3-3.11.9-env/lib/python3.11/site-packages/librelane/scripts/base.sdc'…
[INFO] Using clock clk_i…
[INFO] Setting output delay to: 625
[INFO] Setting input delay to: 625
[INFO] Setting load to: 0.033442
[INFO] Setting clock uncertainty to: 0.25
[INFO] Setting clock transition to: 0.1499999999999999944488848768742172978818416595458984375
[INFO] Setting timing derate to: 5%
[INFO] Setting RC values…
[INFO RSZ-0098] No setup violations found
[INFO RSZ-0046] Found 52 endpoints with hold violations.
Iteration | Resized | Buffers | Cloned Gates |   WNS   |   TNS   | Endpoint
---------------------------------------------------------------------------
        0 |       0 |       0 |            0 |  -0.034 |  -0.053 | _366_/D
    final |       0 |      69 |            0 |   0.100 |   0.000 | _350_/D
---------------------------------------------------------------------------
[INFO RSZ-0032] Inserted 69 hold buffers.
Placement Analysis
---------------------------------
total displacement        471.7 u
average displacement        0.9 u
max displacement           12.6 u
original HPWL            5128.6 u
legalized HPWL           5799.5 u
delta HPWL                   13 %

[INFO DPL-0020] Mirrored 159 instances
[INFO DPL-0021] HPWL before            5799.5 u
[INFO DPL-0022] HPWL after             5466.3 u
[INFO DPL-0023] HPWL delta               -5.7 %
[INFO] Setting RC values…
Setting global connections for newly added cells…
[INFO] Setting global connections...
Updating metrics…
Cell type report:                       Count       Area
  Fill cell                                68     255.24
  Tap cell                                126     157.65
  Clock buffer                             14     275.26
  Timing Repair Buffer                     96     859.57
  Inverter                                 17      63.81
  Clock inverter                            2      10.01
  Sequential cell                          60    1516.45
  Multi-Input combinational cell          150    1294.99
  Total                                   533    4433.00
Writing OpenROAD database to '/home/matheus/openframe_user_project/openlane/rng/runs/26_02_17_10_28/36-openroad-resizertimingpostcts/rng_top.odb'…
Writing netlist to '/home/matheus/openframe_user_project/openlane/rng/runs/26_02_17_10_28/36-openroad-resizertimingpostcts/rng_top.nl.v'…
Writing powered netlist to '/home/matheus/openframe_user_project/openlane/rng/runs/26_02_17_10_28/36-openroad-resizertimingpostcts/rng_top.pnl.v'…
Writing layout to '/home/matheus/openframe_user_project/openlane/rng/runs/26_02_17_10_28/36-openroad-resizertimingpostcts/rng_top.def'…
Writing timing constraints to '/home/matheus/openframe_user_project/openlane/rng/runs/26_02_17_10_28/36-openroad-resizertimingpostcts/rng_top.sdc'…
