
===========================================================================
report_checks -unconstrained
===========================================================================
======================= max_tt_025C_1v80 Corner ===================================

Startpoint: rst_i (input port clocked by clk_i)
Endpoint: _231_ (recovery check against rising-edge clock clk_i)
Path Group: asynchronous
Path Type: max

Fanout         Cap        Slew       Delay        Time   Description
---------------------------------------------------------------------------------------------
                                  0.000000    0.000000   clock clk_i (rise edge)
                                  0.000000    0.000000   clock network delay (propagated)
                                625.000000  625.000000 ^ input external delay
     1    0.003381    0.022256    0.012392  625.012390 ^ rst_i (in)
                                                         rst_i (net)
                      0.022257    0.000000  625.012390 ^ input2/A (sky130_fd_sc_hd__clkbuf_1)
     1    0.004792    0.066063    0.088505  625.100891 ^ input2/X (sky130_fd_sc_hd__clkbuf_1)
                                                         net2 (net)
                      0.066063    0.000341  625.101257 ^ fanout19/A (sky130_fd_sc_hd__clkbuf_2)
     6    0.035393    0.194945    0.217256  625.318481 ^ fanout19/X (sky130_fd_sc_hd__clkbuf_2)
                                                         net19 (net)
                      0.195003    0.002785  625.321289 ^ fanout17/A (sky130_fd_sc_hd__clkbuf_4)
    10    0.055575    0.171699    0.279726  625.601013 ^ fanout17/X (sky130_fd_sc_hd__clkbuf_4)
                                                         net17 (net)
                      0.171897    0.003752  625.604736 ^ _231_/RESET_B (sky130_fd_sc_hd__dfrtp_4)
                                            625.604736   data arrival time

                               3125.000000 3125.000000   clock clk_i (rise edge)
                                  0.000000 3125.000000   clock source latency
     1    0.018043    0.087006    0.059799 3125.059814 ^ clk_i (in)
                                                         clk_i (net)
                      0.087019    0.000000 3125.059814 ^ clkbuf_0_clk_i/A (sky130_fd_sc_hd__clkbuf_16)
     4    0.043724    0.063200    0.159389 3125.219238 ^ clkbuf_0_clk_i/X (sky130_fd_sc_hd__clkbuf_16)
                                                         clknet_0_clk_i (net)
                      0.063275    0.001819 3125.220947 ^ clkbuf_2_2__f_clk_i/A (sky130_fd_sc_hd__clkbuf_16)
    10    0.036506    0.056649    0.145519 3125.366455 ^ clkbuf_2_2__f_clk_i/X (sky130_fd_sc_hd__clkbuf_16)
                                                         clknet_2_2__leaf_clk_i (net)
                      0.056759    0.001819 3125.368408 ^ _231_/CLK (sky130_fd_sc_hd__dfrtp_4)
                                 -0.250000 3125.118164   clock uncertainty
                                  0.000000 3125.118164   clock reconvergence pessimism
                                  0.179827 3125.298096   library recovery time
                                           3125.298096   data required time
---------------------------------------------------------------------------------------------
                                           3125.298096   data required time
                                           -625.604736   data arrival time
---------------------------------------------------------------------------------------------
                                           2499.693359   slack (MET)


Startpoint: _256_ (rising edge-triggered flip-flop clocked by clk_i)
Endpoint: num_to_send_o[1] (output port clocked by clk_i)
Path Group: clk_i
Path Type: max

Fanout         Cap        Slew       Delay        Time   Description
---------------------------------------------------------------------------------------------
                                  0.000000    0.000000   clock clk_i (rise edge)
                                  0.000000    0.000000   clock source latency
     1    0.018043    0.087006    0.059859    0.059859 ^ clk_i (in)
                                                         clk_i (net)
                      0.087019    0.000000    0.059859 ^ clkbuf_0_clk_i/A (sky130_fd_sc_hd__clkbuf_16)
     4    0.043724    0.063200    0.159338    0.219198 ^ clkbuf_0_clk_i/X (sky130_fd_sc_hd__clkbuf_16)
                                                         clknet_0_clk_i (net)
                      0.063293    0.002068    0.221266 ^ clkbuf_2_0__f_clk_i/A (sky130_fd_sc_hd__clkbuf_16)
    13    0.037072    0.056818    0.145143    0.366409 ^ clkbuf_2_0__f_clk_i/X (sky130_fd_sc_hd__clkbuf_16)
                                                         clknet_2_0__leaf_clk_i (net)
                      0.057280    0.002336    0.368745 ^ _256_/CLK (sky130_fd_sc_hd__dfrtp_1)
     5    0.017384    0.161085    0.411809    0.780554 ^ _256_/Q (sky130_fd_sc_hd__dfrtp_1)
                                                         net5 (net)
                      0.161097    0.001521    0.782074 ^ output5/A (sky130_fd_sc_hd__buf_2)
     1    0.034145    0.170246    0.235981    1.018055 ^ output5/X (sky130_fd_sc_hd__buf_2)
                                                         num_to_send_o[1] (net)
                      0.170261    0.001649    1.019704 ^ num_to_send_o[1] (out)
                                              1.019704   data arrival time

                               3125.000000 3125.000000   clock clk_i (rise edge)
                                  0.000000 3125.000000   clock network delay (propagated)
                                 -0.250000 3124.750000   clock uncertainty
                                  0.000000 3124.750000   clock reconvergence pessimism
                               -625.000000 2499.750000   output external delay
                                           2499.750000   data required time
---------------------------------------------------------------------------------------------
                                           2499.750000   data required time
                                             -1.019704   data arrival time
---------------------------------------------------------------------------------------------
                                           2498.730225   slack (MET)




===========================================================================
report_checks --slack_max -0.01
============================================================================
======================= max_tt_025C_1v80 Corner ===================================

No paths found.


===========================================================================
 report_check_types -max_slew -max_cap -max_fanout -violators
============================================================================
======================= max_tt_025C_1v80 Corner ===================================

max fanout

Pin                                   Limit Fanout  Slack
---------------------------------------------------------
clkbuf_2_0__f_clk_i/X                    10     13     -3 (VIOLATED)
clkbuf_2_1__f_clk_i/X                    10     13     -3 (VIOLATED)
clkbuf_2_3__f_clk_i/X                    10     11        (VIOLATED)



===========================================================================
report_parasitic_annotation -report_unannotated
============================================================================
Found 3 unannotated drivers.
 clkload0/X
 clkload1/Y
 clkload2/Y
Found 0 partially unannotated drivers.

===========================================================================
max slew violation count 0
max fanout violation count 3
max cap violation count 0
============================================================================

===========================================================================
check_setup -verbose -unconstrained_endpoints -multiple_clock -no_clock -no_input_delay -loops -generated_clocks
===========================================================================
Warning: There is 1 combinational loop in the design.
  _156_/Y
  _119_/B
  _119_/X
  _120_/A
  _120_/Y
  _156_/B1
  | loop cut point
  _156_/Y
  --------------------------------
