Clock: clk_i
Sources: clk_i 
Generated: no
Virtual: yes
Propagated: no
Period: 3125.000000

===========================================================================
report_clock_properties
============================================================================
Clock                   Period          Waveform
----------------------------------------------------
clk_i               3125.000000    0.0000001562.500000

===========================================================================
report_clock_latency
============================================================================
Clock clk_i
rise -> rise
    min     max
0.000000 0.000000 source latency
0.367968         network latency _249_/CLK
        0.375484 network latency _239_/CLK
---------------
0.367968 0.375484 latency
        0.007517 skew

fall -> fall
    min     max
0.000000 0.000000 source latency
0.344926         network latency _249_/CLK
        0.351065 network latency _239_/CLK
---------------
0.344926 0.351065 latency
        0.006139 skew



===========================================================================
report_clock_min_period
============================================================================
clk_i period_min = 3.48 fmax = 287.49
