
===========================================================================
 report_power
============================================================================
======================= max_tt_025C_1v80 Corner ===================================

Group                    Internal    Switching      Leakage        Total
                            Power        Power        Power        Power (Watts)
------------------------------------------------------------------------
Sequential           8.362868e-07 2.315742e-07 4.875871e-10 1.068349e-06  30.8%
Combinational        1.063661e-06 7.465988e-07 6.079219e-10 1.810868e-06  52.2%
Clock                3.836555e-07 2.062519e-07 2.333017e-10 5.901408e-07  17.0%
Macro                0.000000e+00 0.000000e+00 0.000000e+00 0.000000e+00   0.0%
Pad                  0.000000e+00 0.000000e+00 0.000000e+00 0.000000e+00   0.0%
------------------------------------------------------------------------
Total                2.283603e-06 1.184425e-06 1.328812e-09 3.469357e-06 100.0%
                            65.8%        34.1%         0.0%

