
===========================================================================
report_checks -unconstrained
===========================================================================
======================= nom_tt_025C_1v80 Corner ===================================

Startpoint: rst_i (input port clocked by clk_i)
Endpoint: _159_ (recovery check against rising-edge clock clk_i)
Path Group: asynchronous
Path Type: max

Fanout         Cap        Slew       Delay        Time   Description
---------------------------------------------------------------------------------------------
                                  0.000000    0.000000   clock clk_i (rise edge)
                                  0.000000    0.000000   clock network delay (propagated)
                                625.000000  625.000000 ^ input external delay
     1    0.002631    0.019011    0.009720  625.009705 ^ rst_i (in)
                                                         rst_i (net)
                      0.019011    0.000000  625.009705 ^ input2/A (sky130_fd_sc_hd__buf_1)
     3    0.014038    0.170519    0.160242  625.169983 ^ input2/X (sky130_fd_sc_hd__buf_1)
                                                         net2 (net)
                      0.170520    0.000341  625.170288 ^ fanout15/A (sky130_fd_sc_hd__buf_2)
     9    0.042711    0.209978    0.266994  625.437317 ^ fanout15/X (sky130_fd_sc_hd__buf_2)
                                                         net15 (net)
                      0.209987    0.001648  625.438965 ^ fanout14/A (sky130_fd_sc_hd__clkbuf_4)
    10    0.043809    0.139867    0.262276  625.701233 ^ fanout14/X (sky130_fd_sc_hd__clkbuf_4)
                                                         net14 (net)
                      0.139897    0.002046  625.703247 ^ _159_/RESET_B (sky130_fd_sc_hd__dfrtp_1)
                                            625.703247   data arrival time

                               3125.000000 3125.000000   clock clk_i (rise edge)
                                  0.000000 3125.000000   clock source latency
     1    0.015165    0.074165    0.050704 3125.050781 ^ clk_i (in)
                                                         clk_i (net)
                      0.074169    0.000000 3125.050781 ^ clkbuf_0_clk_i/A (sky130_fd_sc_hd__clkbuf_16)
     4    0.038831    0.058709    0.151431 3125.202148 ^ clkbuf_0_clk_i/X (sky130_fd_sc_hd__clkbuf_16)
                                                         clknet_0_clk_i (net)
                      0.058730    0.000909 3125.203125 ^ clkbuf_2_0__f_clk_i/A (sky130_fd_sc_hd__clkbuf_16)
    10    0.027600    0.048891    0.137561 3125.340576 ^ clkbuf_2_0__f_clk_i/X (sky130_fd_sc_hd__clkbuf_16)
                                                         clknet_2_0__leaf_clk_i (net)
                      0.048898    0.000909 3125.341553 ^ _159_/CLK (sky130_fd_sc_hd__dfrtp_1)
                                 -0.250000 3125.091309   clock uncertainty
                                  0.000000 3125.091309   clock reconvergence pessimism
                                  0.206974 3125.298340   library recovery time
                                           3125.298340   data required time
---------------------------------------------------------------------------------------------
                                           3125.298340   data required time
                                           -625.703247   data arrival time
---------------------------------------------------------------------------------------------
                                           2499.594971   slack (MET)


Startpoint: req_num_i (input port clocked by clk_i)
Endpoint: _187_ (rising edge-triggered flip-flop clocked by clk_i)
Path Group: clk_i
Path Type: max

Fanout         Cap        Slew       Delay        Time   Description
---------------------------------------------------------------------------------------------
                                  0.000000    0.000000   clock clk_i (rise edge)
                                  0.000000    0.000000   clock network delay (propagated)
                                625.000000  625.000000 v input external delay
     1    0.002958    0.008989    0.004718  625.004700 v req_num_i (in)
                                                         req_num_i (net)
                      0.008989    0.000000  625.004700 v input1/A (sky130_fd_sc_hd__clkbuf_1)
     1    0.001658    0.020757    0.066052  625.070801 v input1/X (sky130_fd_sc_hd__clkbuf_1)
                                                         net1 (net)
                      0.020757    0.000057  625.070801 v _081_/A (sky130_fd_sc_hd__or3_1)
     4    0.012784    0.115809    0.424677  625.495483 v _081_/X (sky130_fd_sc_hd__or3_1)
                                                         req_num (net)
                      0.115809    0.000284  625.495789 v _152_/A2 (sky130_fd_sc_hd__a21oi_1)
     1    0.003016    0.108097    0.166381  625.662170 ^ _152_/Y (sky130_fd_sc_hd__a21oi_1)
                                                         _049_ (net)
                      0.108097    0.000114  625.662292 ^ hold16/A (sky130_fd_sc_hd__dlygate4sd3_1)
     1    0.004050    0.064050    0.563887  626.226196 ^ hold16/X (sky130_fd_sc_hd__dlygate4sd3_1)
                                                         net33 (net)
                      0.064050    0.000114  626.226257 ^ _154_/A (sky130_fd_sc_hd__nor2_1)
     1    0.002420    0.031151    0.044736  626.270996 v _154_/Y (sky130_fd_sc_hd__nor2_1)
                                                         _027_ (net)
                      0.031151    0.000057  626.271057 v _187_/D (sky130_fd_sc_hd__dfrtp_1)
                                            626.271057   data arrival time

                               3125.000000 3125.000000   clock clk_i (rise edge)
                                  0.000000 3125.000000   clock source latency
     1    0.015165    0.074165    0.050704 3125.050781 ^ clk_i (in)
                                                         clk_i (net)
                      0.074169    0.000000 3125.050781 ^ clkbuf_0_clk_i/A (sky130_fd_sc_hd__clkbuf_16)
     4    0.038831    0.058709    0.151431 3125.202148 ^ clkbuf_0_clk_i/X (sky130_fd_sc_hd__clkbuf_16)
                                                         clknet_0_clk_i (net)
                      0.058730    0.000909 3125.203125 ^ clkbuf_2_0__f_clk_i/A (sky130_fd_sc_hd__clkbuf_16)
    10    0.027600    0.048891    0.137561 3125.340576 ^ clkbuf_2_0__f_clk_i/X (sky130_fd_sc_hd__clkbuf_16)
                                                         clknet_2_0__leaf_clk_i (net)
                      0.048893    0.000455 3125.341064 ^ _187_/CLK (sky130_fd_sc_hd__dfrtp_1)
                                 -0.250000 3125.091064   clock uncertainty
                                  0.000000 3125.091064   clock reconvergence pessimism
                                 -0.107342 3124.983643   library setup time
                                           3124.983643   data required time
---------------------------------------------------------------------------------------------
                                           3124.983643   data required time
                                           -626.271057   data arrival time
---------------------------------------------------------------------------------------------
                                           2498.712646   slack (MET)




===========================================================================
report_checks --slack_max -0.01
============================================================================
======================= nom_tt_025C_1v80 Corner ===================================

No paths found.


===========================================================================
 report_check_types -max_slew -max_cap -max_fanout -violators
============================================================================
======================= nom_tt_025C_1v80 Corner ===================================



===========================================================================
report_parasitic_annotation -report_unannotated
============================================================================
Found 2 unannotated drivers.
 clkload0/X
 clkload1/Y
Found 0 partially unannotated drivers.

===========================================================================
max slew violation count 0
max fanout violation count 0
max cap violation count 0
============================================================================

===========================================================================
check_setup -verbose -unconstrained_endpoints -multiple_clock -no_clock -no_input_delay -loops -generated_clocks
===========================================================================
Warning: There is 1 combinational loop in the design.
  _081_/X
  _081_/C
  | loop cut point
  _081_/X
  --------------------------------
