
===========================================================================
report_checks -unconstrained
===========================================================================
======================= max_ss_100C_1v60 Corner ===================================

Startpoint: rst_i (input port clocked by clk_i)
Endpoint: _231_ (recovery check against rising-edge clock clk_i)
Path Group: asynchronous
Path Type: max

Fanout         Cap        Slew       Delay        Time   Description
---------------------------------------------------------------------------------------------
                                  0.000000    0.000000   clock clk_i (rise edge)
                                  0.000000    0.000000   clock network delay (propagated)
                                625.000000  625.000000 ^ input external delay
     1    0.003315    0.035671    0.018531  625.018555 ^ rst_i (in)
                                                         rst_i (net)
                      0.035672    0.000000  625.018555 ^ input2/A (sky130_fd_sc_hd__clkbuf_1)
     1    0.004770    0.106823    0.160981  625.179504 ^ input2/X (sky130_fd_sc_hd__clkbuf_1)
                                                         net2 (net)
                      0.106823    0.000341  625.179871 ^ fanout19/A (sky130_fd_sc_hd__clkbuf_2)
     6    0.034929    0.300126    0.372665  625.552490 ^ fanout19/X (sky130_fd_sc_hd__clkbuf_2)
                                                         net19 (net)
                      0.300252    0.002785  625.555298 ^ fanout17/A (sky130_fd_sc_hd__clkbuf_4)
    10    0.051921    0.256619    0.488228  626.043518 ^ fanout17/X (sky130_fd_sc_hd__clkbuf_4)
                                                         net17 (net)
                      0.256667    0.003524  626.047058 ^ _231_/RESET_B (sky130_fd_sc_hd__dfrtp_4)
                                            626.047058   data arrival time

                               3125.000000 3125.000000   clock clk_i (rise edge)
                                  0.000000 3125.000000   clock source latency
     1    0.018043    0.136410    0.092768 3125.092773 ^ clk_i (in)
                                                         clk_i (net)
                      0.136418    0.000000 3125.092773 ^ clkbuf_0_clk_i/A (sky130_fd_sc_hd__clkbuf_16)
     4    0.043724    0.098667    0.284217 3125.376953 ^ clkbuf_0_clk_i/X (sky130_fd_sc_hd__clkbuf_16)
                                                         clknet_0_clk_i (net)
                      0.098715    0.002046 3125.379150 ^ clkbuf_2_2__f_clk_i/A (sky130_fd_sc_hd__clkbuf_16)
    10    0.035657    0.088445    0.256023 3125.635010 ^ clkbuf_2_2__f_clk_i/X (sky130_fd_sc_hd__clkbuf_16)
                                                         clknet_2_2__leaf_clk_i (net)
                      0.088494    0.002046 3125.637207 ^ _231_/CLK (sky130_fd_sc_hd__dfrtp_4)
                                 -0.250000 3125.386963   clock uncertainty
                                  0.000000 3125.386963   clock reconvergence pessimism
                                  0.362679 3125.749756   library recovery time
                                           3125.749756   data required time
---------------------------------------------------------------------------------------------
                                           3125.749756   data required time
                                           -626.047058   data arrival time
---------------------------------------------------------------------------------------------
                                           2499.702637   slack (MET)


Startpoint: _256_ (rising edge-triggered flip-flop clocked by clk_i)
Endpoint: num_to_send_o[1] (output port clocked by clk_i)
Path Group: clk_i
Path Type: max

Fanout         Cap        Slew       Delay        Time   Description
---------------------------------------------------------------------------------------------
                                  0.000000    0.000000   clock clk_i (rise edge)
                                  0.000000    0.000000   clock source latency
     1    0.018043    0.136410    0.092698    0.092698 ^ clk_i (in)
                                                         clk_i (net)
                      0.136418    0.000000    0.092698 ^ clkbuf_0_clk_i/A (sky130_fd_sc_hd__clkbuf_16)
     4    0.043724    0.098667    0.284387    0.377085 ^ clkbuf_0_clk_i/X (sky130_fd_sc_hd__clkbuf_16)
                                                         clknet_0_clk_i (net)
                      0.098727    0.002071    0.379156 ^ clkbuf_2_0__f_clk_i/A (sky130_fd_sc_hd__clkbuf_16)
    13    0.035707    0.089018    0.255465    0.634621 ^ clkbuf_2_0__f_clk_i/X (sky130_fd_sc_hd__clkbuf_16)
                                                         clknet_2_0__leaf_clk_i (net)
                      0.089082    0.002251    0.636872 ^ _256_/CLK (sky130_fd_sc_hd__dfrtp_1)
     5    0.016595    0.189670    0.865901    1.502773 v _256_/Q (sky130_fd_sc_hd__dfrtp_1)
                                                         net5 (net)
                      0.189677    0.001442    1.504215 v output5/A (sky130_fd_sc_hd__buf_2)
     1    0.034145    0.165802    0.400983    1.905199 v output5/X (sky130_fd_sc_hd__buf_2)
                                                         num_to_send_o[1] (net)
                      0.165816    0.001649    1.906848 v num_to_send_o[1] (out)
                                              1.906848   data arrival time

                               3125.000000 3125.000000   clock clk_i (rise edge)
                                  0.000000 3125.000000   clock network delay (propagated)
                                 -0.250000 3124.750000   clock uncertainty
                                  0.000000 3124.750000   clock reconvergence pessimism
                               -625.000000 2499.750000   output external delay
                                           2499.750000   data required time
---------------------------------------------------------------------------------------------
                                           2499.750000   data required time
                                             -1.906848   data arrival time
---------------------------------------------------------------------------------------------
                                           2497.843262   slack (MET)




===========================================================================
report_checks --slack_max -0.01
============================================================================
======================= max_ss_100C_1v60 Corner ===================================

No paths found.


===========================================================================
 report_check_types -max_slew -max_cap -max_fanout -violators
============================================================================
======================= max_ss_100C_1v60 Corner ===================================

max fanout

Pin                                   Limit Fanout  Slack
---------------------------------------------------------
clkbuf_2_0__f_clk_i/X                    10     13     -3 (VIOLATED)
clkbuf_2_1__f_clk_i/X                    10     13     -3 (VIOLATED)
clkbuf_2_3__f_clk_i/X                    10     11        (VIOLATED)



===========================================================================
report_parasitic_annotation -report_unannotated
============================================================================
Found 3 unannotated drivers.
 clkload0/X
 clkload1/Y
 clkload2/Y
Found 0 partially unannotated drivers.

===========================================================================
max slew violation count 0
max fanout violation count 3
max cap violation count 0
============================================================================

===========================================================================
check_setup -verbose -unconstrained_endpoints -multiple_clock -no_clock -no_input_delay -loops -generated_clocks
===========================================================================
Warning: There is 1 combinational loop in the design.
  _156_/Y
  _119_/B
  _119_/X
  _120_/A
  _120_/Y
  _156_/B1
  | loop cut point
  _156_/Y
  --------------------------------
