Clock: clk_i
Sources: clk_i 
Generated: no
Virtual: yes
Propagated: no
Period: 3125.000000

===========================================================================
report_clock_properties
============================================================================
Clock                   Period          Waveform
----------------------------------------------------
clk_i               3125.000000    0.0000001562.500000

===========================================================================
report_clock_latency
============================================================================
Clock clk_i
rise -> rise
    min     max
0.000000 0.000000 source latency
0.636122         network latency _249_/CLK
        0.648102 network latency _239_/CLK
---------------
0.636122 0.648102 latency
        0.011980 skew

fall -> fall
    min     max
0.000000 0.000000 source latency
0.615614         network latency _249_/CLK
        0.625732 network latency _239_/CLK
---------------
0.615614 0.625732 latency
        0.010118 skew



===========================================================================
report_clock_min_period
============================================================================
clk_i period_min = 6.82 fmax = 146.70
