
===========================================================================
 report_power
============================================================================
======================= max_ss_100C_1v60 Corner ===================================

Group                    Internal    Switching      Leakage        Total
                            Power        Power        Power        Power (Watts)
------------------------------------------------------------------------
Sequential           6.492791e-07 1.799787e-07 8.288799e-07 1.658138e-06  36.5%
Combinational        8.550232e-07 5.794562e-07 8.466130e-07 2.281092e-06  50.2%
Clock                3.149341e-07 1.592716e-07 1.312264e-07 6.054321e-07  13.3%
Macro                0.000000e+00 0.000000e+00 0.000000e+00 0.000000e+00   0.0%
Pad                  0.000000e+00 0.000000e+00 0.000000e+00 0.000000e+00   0.0%
------------------------------------------------------------------------
Total                1.819236e-06 9.187065e-07 1.806720e-06 4.544663e-06 100.0%
                            40.0%        20.2%        39.8%

