Clock: clk_i
Sources: clk_i 
Generated: no
Virtual: yes
Propagated: no
Period: 3125.000000

===========================================================================
report_clock_properties
============================================================================
Clock                   Period          Waveform
----------------------------------------------------
clk_i               3125.000000    0.0000001562.500000

===========================================================================
report_clock_latency
============================================================================
Clock clk_i
rise -> rise
    min     max
0.000000 0.000000 source latency
0.233275         network latency _160_/CLK
        0.235334 network latency _175_/CLK
---------------
0.233275 0.235334 latency
        0.002059 skew

fall -> fall
    min     max
0.000000 0.000000 source latency
0.221121         network latency _160_/CLK
        0.222826 network latency _172_/CLK
---------------
0.221121 0.222826 latency
        0.001705 skew



===========================================================================
report_clock_min_period
============================================================================
clk_i period_min = 2.18 fmax = 459.76
