
===========================================================================
 report_power
============================================================================
======================= min_ff_n40C_1v95 Corner ===================================

Group                    Internal    Switching      Leakage        Total
                            Power        Power        Power        Power (Watts)
------------------------------------------------------------------------
Sequential           7.640769e-07 1.696648e-07 4.937631e-10 9.342355e-07  33.9%
Combinational        7.843649e-07 4.900160e-07 1.517338e-09 1.275898e-06  46.4%
Clock                3.539944e-07 1.880292e-07 5.351535e-10 5.425588e-07  19.7%
Macro                0.000000e+00 0.000000e+00 0.000000e+00 0.000000e+00   0.0%
Pad                  0.000000e+00 0.000000e+00 0.000000e+00 0.000000e+00   0.0%
------------------------------------------------------------------------
Total                1.902437e-06 8.477101e-07 2.546254e-09 2.752693e-06 100.0%
                            69.1%        30.8%         0.1%

