
===========================================================================
report_checks -unconstrained
===========================================================================
======================= nom_ff_n40C_1v95 Corner ===================================

Startpoint: rst_i (input port clocked by clk_i)
Endpoint: _159_ (recovery check against rising-edge clock clk_i)
Path Group: asynchronous
Path Type: max

Fanout         Cap        Slew       Delay        Time   Description
---------------------------------------------------------------------------------------------
                                  0.000000    0.000000   clock clk_i (rise edge)
                                  0.000000    0.000000   clock network delay (propagated)
                                625.000000  625.000000 ^ input external delay
     1    0.002698    0.013554    0.006992  625.007019 ^ rst_i (in)
                                                         rst_i (net)
                      0.013554    0.000000  625.007019 ^ input2/A (sky130_fd_sc_hd__buf_1)
     3    0.014211    0.128415    0.114142  625.121155 ^ input2/X (sky130_fd_sc_hd__buf_1)
                                                         net2 (net)
                      0.128416    0.000341  625.121460 ^ fanout15/A (sky130_fd_sc_hd__buf_2)
     9    0.042654    0.157727    0.180592  625.302063 ^ fanout15/X (sky130_fd_sc_hd__buf_2)
                                                         net15 (net)
                      0.157752    0.001648  625.303711 ^ fanout14/A (sky130_fd_sc_hd__clkbuf_4)
    10    0.043699    0.104945    0.171440  625.475159 ^ fanout14/X (sky130_fd_sc_hd__clkbuf_4)
                                                         net14 (net)
                      0.105046    0.001990  625.477173 ^ _159_/RESET_B (sky130_fd_sc_hd__dfrtp_1)
                                            625.477173   data arrival time

                               3125.000000 3125.000000   clock clk_i (rise edge)
                                  0.000000 3125.000000   clock source latency
     1    0.015234    0.055918    0.037971 3125.038086 ^ clk_i (in)
                                                         clk_i (net)
                      0.055925    0.000000 3125.038086 ^ clkbuf_0_clk_i/A (sky130_fd_sc_hd__clkbuf_16)
     4    0.039107    0.044518    0.103228 3125.141113 ^ clkbuf_0_clk_i/X (sky130_fd_sc_hd__clkbuf_16)
                                                         clknet_0_clk_i (net)
                      0.044549    0.001137 3125.142334 ^ clkbuf_2_0__f_clk_i/A (sky130_fd_sc_hd__clkbuf_16)
    10    0.028400    0.036988    0.093905 3125.236328 ^ clkbuf_2_0__f_clk_i/X (sky130_fd_sc_hd__clkbuf_16)
                                                         clknet_2_0__leaf_clk_i (net)
                      0.037030    0.000909 3125.237061 ^ _159_/CLK (sky130_fd_sc_hd__dfrtp_1)
                                 -0.250000 3124.987061   clock uncertainty
                                  0.000000 3124.987061   clock reconvergence pessimism
                                  0.130733 3125.117676   library recovery time
                                           3125.117676   data required time
---------------------------------------------------------------------------------------------
                                           3125.117676   data required time
                                           -625.477173   data arrival time
---------------------------------------------------------------------------------------------
                                           2499.640869   slack (MET)


Startpoint: _183_ (rising edge-triggered flip-flop clocked by clk_i)
Endpoint: num_to_send_o[1] (output port clocked by clk_i)
Path Group: clk_i
Path Type: max

Fanout         Cap        Slew       Delay        Time   Description
---------------------------------------------------------------------------------------------
                                  0.000000    0.000000   clock clk_i (rise edge)
                                  0.000000    0.000000   clock source latency
     1    0.015234    0.055918    0.037894    0.037894 ^ clk_i (in)
                                                         clk_i (net)
                      0.055925    0.000000    0.037894 ^ clkbuf_0_clk_i/A (sky130_fd_sc_hd__clkbuf_16)
     4    0.039107    0.044518    0.103410    0.141304 ^ clkbuf_0_clk_i/X (sky130_fd_sc_hd__clkbuf_16)
                                                         clknet_0_clk_i (net)
                      0.044551    0.001018    0.142323 ^ clkbuf_2_2__f_clk_i/A (sky130_fd_sc_hd__clkbuf_16)
    10    0.030789    0.038665    0.095408    0.237730 ^ clkbuf_2_2__f_clk_i/X (sky130_fd_sc_hd__clkbuf_16)
                                                         clknet_2_2__leaf_clk_i (net)
                      0.038682    0.000744    0.238474 ^ _183_/CLK (sky130_fd_sc_hd__dfrtp_1)
     5    0.017326    0.120182    0.267708    0.506182 ^ _183_/Q (sky130_fd_sc_hd__dfrtp_1)
                                                         net5 (net)
                      0.120182    0.000399    0.506581 ^ output5/A (sky130_fd_sc_hd__buf_2)
     1    0.034443    0.128770    0.159662    0.666242 ^ output5/X (sky130_fd_sc_hd__buf_2)
                                                         num_to_send_o[1] (net)
                      0.128773    0.000777    0.667019 ^ num_to_send_o[1] (out)
                                              0.667019   data arrival time

                               3125.000000 3125.000000   clock clk_i (rise edge)
                                  0.000000 3125.000000   clock network delay (propagated)
                                 -0.250000 3124.750000   clock uncertainty
                                  0.000000 3124.750000   clock reconvergence pessimism
                               -625.000000 2499.750000   output external delay
                                           2499.750000   data required time
---------------------------------------------------------------------------------------------
                                           2499.750000   data required time
                                             -0.667019   data arrival time
---------------------------------------------------------------------------------------------
                                           2499.082764   slack (MET)




===========================================================================
report_checks --slack_max -0.01
============================================================================
======================= nom_ff_n40C_1v95 Corner ===================================

No paths found.


===========================================================================
 report_check_types -max_slew -max_cap -max_fanout -violators
============================================================================
======================= nom_ff_n40C_1v95 Corner ===================================



===========================================================================
report_parasitic_annotation -report_unannotated
============================================================================
Found 2 unannotated drivers.
 clkload0/X
 clkload1/Y
Found 0 partially unannotated drivers.

===========================================================================
max slew violation count 0
max fanout violation count 0
max cap violation count 0
============================================================================

===========================================================================
check_setup -verbose -unconstrained_endpoints -multiple_clock -no_clock -no_input_delay -loops -generated_clocks
===========================================================================
Warning: There is 1 combinational loop in the design.
  _081_/X
  _081_/C
  | loop cut point
  _081_/X
  --------------------------------
