Clock: clk_i
Sources: clk_i 
Generated: no
Virtual: yes
Propagated: no
Period: 3125.000000

===========================================================================
report_clock_properties
============================================================================
Clock                   Period          Waveform
----------------------------------------------------
clk_i               3125.000000    0.0000001562.500000

===========================================================================
report_clock_latency
============================================================================
Clock clk_i
rise -> rise
    min     max
0.000000 0.000000 source latency
0.236705         network latency _160_/CLK
        0.239192 network latency _175_/CLK
---------------
0.236705 0.239192 latency
        0.002488 skew

fall -> fall
    min     max
0.000000 0.000000 source latency
0.223508         network latency _160_/CLK
        0.225668 network latency _172_/CLK
---------------
0.223508 0.225668 latency
        0.002160 skew



===========================================================================
report_clock_min_period
============================================================================
clk_i period_min = 2.20 fmax = 455.00
