
===========================================================================
report_checks -unconstrained
===========================================================================
======================= nom_tt_025C_1v80 Corner ===================================

Startpoint: rst_i (input port clocked by clk_i)
Endpoint: _333_ (recovery check against rising-edge clock clk_i)
Path Group: asynchronous
Path Type: max

Fanout         Cap        Slew       Delay        Time   Description
---------------------------------------------------------------------------------------------
                                  0.000000    0.000000   clock clk_i (rise edge)
                                  0.000000    0.000000   clock network delay (propagated)
                                625.000000  625.000000 ^ input external delay
     1    0.002672    0.019868    0.009834  625.009827 ^ rst_i (in)
                                                         rst_i (net)
                      0.019868    0.000000  625.009827 ^ input2/A (sky130_fd_sc_hd__clkbuf_1)
     1    0.002675    0.044261    0.070827  625.080688 ^ input2/X (sky130_fd_sc_hd__clkbuf_1)
                                                         net2 (net)
                      0.044261    0.000000  625.080688 ^ fanout27/A (sky130_fd_sc_hd__dlymetal6s2s_1)
     5    0.018852    0.204169    0.201510  625.282166 ^ fanout27/X (sky130_fd_sc_hd__dlymetal6s2s_1)
                                                         net27 (net)
                      0.204169    0.000000  625.282166 ^ fanout26/A (sky130_fd_sc_hd__buf_2)
     8    0.033499    0.167042    0.246530  625.528687 ^ fanout26/X (sky130_fd_sc_hd__buf_2)
                                                         net26 (net)
                      0.167042    0.000057  625.528748 ^ fanout24/A (sky130_fd_sc_hd__clkbuf_4)
    10    0.044867    0.142303    0.250907  625.779663 ^ fanout24/X (sky130_fd_sc_hd__clkbuf_4)
                                                         net24 (net)
                      0.142303    0.000568  625.780212 ^ _333_/RESET_B (sky130_fd_sc_hd__dfrtp_1)
                                            625.780212   data arrival time

                               3125.000000 3125.000000   clock clk_i (rise edge)
                                  0.000000 3125.000000   clock source latency
     1    0.015495    0.075629    0.051614 3125.051514 ^ clk_i (in)
                                                         clk_i (net)
                      0.075633    0.000000 3125.051514 ^ clkbuf_0_clk_i/A (sky130_fd_sc_hd__clkbuf_16)
     8    0.074605    0.091695    0.178943 3125.230469 ^ clkbuf_0_clk_i/X (sky130_fd_sc_hd__clkbuf_16)
                                                         clknet_0_clk_i (net)
                      0.091695    0.000455 3125.230957 ^ clkbuf_3_4__f_clk_i/A (sky130_fd_sc_hd__clkbuf_16)
     7    0.020890    0.042655    0.143473 3125.374512 ^ clkbuf_3_4__f_clk_i/X (sky130_fd_sc_hd__clkbuf_16)
                                                         clknet_3_4__leaf_clk_i (net)
                      0.042655    0.000000 3125.374512 ^ _333_/CLK (sky130_fd_sc_hd__dfrtp_1)
                                 -0.250000 3125.124268   clock uncertainty
                                  0.000000 3125.124268   clock reconvergence pessimism
                                  0.204413 3125.328857   library recovery time
                                           3125.328857   data required time
---------------------------------------------------------------------------------------------
                                           3125.328857   data required time
                                           -625.780212   data arrival time
---------------------------------------------------------------------------------------------
                                           2499.548340   slack (MET)


Startpoint: _368_ (rising edge-triggered flip-flop clocked by clk_i)
Endpoint: num_to_send_o[1] (output port clocked by clk_i)
Path Group: clk_i
Path Type: max

Fanout         Cap        Slew       Delay        Time   Description
---------------------------------------------------------------------------------------------
                                  0.000000    0.000000   clock clk_i (rise edge)
                                  0.000000    0.000000   clock source latency
     1    0.015495    0.075629    0.051661    0.051661 ^ clk_i (in)
                                                         clk_i (net)
                      0.075633    0.000000    0.051661 ^ clkbuf_0_clk_i/A (sky130_fd_sc_hd__clkbuf_16)
     8    0.074605    0.091695    0.179000    0.230662 ^ clkbuf_0_clk_i/X (sky130_fd_sc_hd__clkbuf_16)
                                                         clknet_0_clk_i (net)
                      0.091695    0.000285    0.230946 ^ clkbuf_3_0__f_clk_i/A (sky130_fd_sc_hd__clkbuf_16)
    10    0.024660    0.045982    0.147050    0.377996 ^ clkbuf_3_0__f_clk_i/X (sky130_fd_sc_hd__clkbuf_16)
                                                         clknet_3_0__leaf_clk_i (net)
                      0.045982    0.000072    0.378068 ^ _368_/CLK (sky130_fd_sc_hd__dfrtp_1)
     5    0.012468    0.120438    0.378544    0.756612 ^ _368_/Q (sky130_fd_sc_hd__dfrtp_1)
                                                         net5 (net)
                      0.120438    0.000004    0.756616 ^ output5/A (sky130_fd_sc_hd__buf_2)
     1    0.033936    0.171517    0.225249    0.981865 ^ output5/X (sky130_fd_sc_hd__buf_2)
                                                         num_to_send_o[1] (net)
                      0.171517    0.000070    0.981935 ^ num_to_send_o[1] (out)
                                              0.981935   data arrival time

                               3125.000000 3125.000000   clock clk_i (rise edge)
                                  0.000000 3125.000000   clock network delay (propagated)
                                 -0.250000 3124.750000   clock uncertainty
                                  0.000000 3124.750000   clock reconvergence pessimism
                               -625.000000 2499.750000   output external delay
                                           2499.750000   data required time
---------------------------------------------------------------------------------------------
                                           2499.750000   data required time
                                             -0.981935   data arrival time
---------------------------------------------------------------------------------------------
                                           2498.767822   slack (MET)




===========================================================================
report_checks --slack_max -0.01
============================================================================
======================= nom_tt_025C_1v80 Corner ===================================

No paths found.


===========================================================================
 report_check_types -max_slew -max_cap -max_fanout -violators
============================================================================
======================= nom_tt_025C_1v80 Corner ===================================



===========================================================================
report_parasitic_annotation -report_unannotated
============================================================================
Found 7 unannotated drivers.
 clkload0/X
 clkload1/X
 clkload2/X
 clkload3/Y
 clkload4/X
 clkload5/Y
 clkload6/X
Found 0 partially unannotated drivers.

===========================================================================
max slew violation count 0
Writing metric design__max_slew_violation__count__corner:nom_tt_025C_1v80: 0
max fanout violation count 0
Writing metric design__max_fanout_violation__count__corner:nom_tt_025C_1v80: 0
max cap violation count 0
Writing metric design__max_cap_violation__count__corner:nom_tt_025C_1v80: 0
============================================================================

===========================================================================
check_setup -verbose -unconstrained_endpoints -multiple_clock -no_clock -no_input_delay -loops -generated_clocks
===========================================================================
Warning: There is 1 combinational loop in the design.
  _247_/X
  _246_/B
  _246_/X
  _247_/B
  | loop cut point
  _247_/X
  --------------------------------
