Clock: clk_i
Sources: clk_i 
Generated: no
Virtual: yes
Propagated: no
Period: 3125.000000

===========================================================================
report_clock_properties
============================================================================
Clock                   Period          Waveform
----------------------------------------------------
clk_i               3125.000000    0.0000001562.500000

===========================================================================
report_clock_latency
============================================================================
Clock clk_i
rise -> rise
    min     max
0.000000 0.000000 source latency
0.374444         network latency _345_/CLK
        0.378183 network latency _339_/CLK
---------------
0.374444 0.378183 latency
        0.003739 skew

fall -> fall
    min     max
0.000000 0.000000 source latency
0.347654         network latency _345_/CLK
        0.350951 network latency _339_/CLK
---------------
0.347654 0.350951 latency
        0.003297 skew



===========================================================================
report_clock_min_period
============================================================================
clk_i period_min = 3.67 fmax = 272.46
