
===========================================================================
 report_power
============================================================================
======================= nom_tt_025C_1v80 Corner ===================================

Group                    Internal    Switching      Leakage        Total
                            Power        Power        Power        Power (Watts)
------------------------------------------------------------------------
Sequential           1.163540e-06 2.660258e-07 6.778476e-10 1.430244e-06  31.6%
Combinational        1.462044e-06 7.786745e-07 9.779330e-10 2.241697e-06  49.5%
Clock                5.980403e-07 2.619005e-07 3.672325e-10 8.603081e-07  19.0%
Macro                0.000000e+00 0.000000e+00 0.000000e+00 0.000000e+00   0.0%
Pad                  0.000000e+00 0.000000e+00 0.000000e+00 0.000000e+00   0.0%
------------------------------------------------------------------------
Total                3.223625e-06 1.306601e-06 2.023016e-09 4.532249e-06 100.0%
                            71.1%        28.8%         0.0%
Writing metric power__internal__total: 3.2236250717687653e-6
Writing metric power__switching__total: 1.3066013480056426e-6
Writing metric power__leakage__total: 2.023016199004246e-9
Writing metric power__total: 4.532249477051664e-6

