                                                                       Cells by Function                                                                        
┏━━━━━━━━━━━━━━━━━━━━━━━━━━━━━━━━━━━━━━━━━━━━━━━━━━━━━━━━━━━━━━━━━━━━━━━━━━━━━━━━━━━━━━━━━━━━━━━━━━━━━━━━━━━━━━━━━━━━━━━━━━━━━━━━━┳━━━━━━━━━━━━━━━━━━━━━━━━━━━━┓
┃ Cell Function                                                                                                                   ┃ Count                      ┃
┡━━━━━━━━━━━━━━━━━━━━━━━━━━━━━━━━━━━━━━━━━━━━━━━━━━━━━━━━━━━━━━━━━━━━━━━━━━━━━━━━━━━━━━━━━━━━━━━━━━━━━━━━━━━━━━━━━━━━━━━━━━━━━━━━━╇━━━━━━━━━━━━━━━━━━━━━━━━━━━━┩
│ sky130_ef_sc_hd__decap_40                                                                                                       │ 255                        │
│ sky130_fd_sc_hd__a211o                                                                                                          │ 3                          │
│ sky130_fd_sc_hd__a21o                                                                                                           │ 1                          │
│ sky130_fd_sc_hd__a21oi                                                                                                          │ 2                          │
│ sky130_fd_sc_hd__a221o                                                                                                          │ 1                          │
│ sky130_fd_sc_hd__a22o                                                                                                           │ 7                          │
│ sky130_fd_sc_hd__a22oi                                                                                                          │ 1                          │
│ sky130_fd_sc_hd__a32o                                                                                                           │ 1                          │
│ sky130_fd_sc_hd__and2                                                                                                           │ 7                          │
│ sky130_fd_sc_hd__and2b                                                                                                          │ 2                          │
│ sky130_fd_sc_hd__and3                                                                                                           │ 4                          │
│ sky130_fd_sc_hd__and3b                                                                                                          │ 2                          │
│ sky130_fd_sc_hd__and4                                                                                                           │ 2                          │
│ sky130_fd_sc_hd__buf                                                                                                            │ 11                         │
│ sky130_fd_sc_hd__clkbuf                                                                                                         │ 28                         │
│ sky130_fd_sc_hd__clkinv                                                                                                         │ 2                          │
│ sky130_fd_sc_hd__decap                                                                                                          │ 68                         │
│ sky130_fd_sc_hd__dfrtp                                                                                                          │ 60                         │
│ sky130_fd_sc_hd__dlygate4sd3                                                                                                    │ 69                         │
│ sky130_fd_sc_hd__dlymetal6s2s                                                                                                   │ 2                          │
│ sky130_fd_sc_hd__fill                                                                                                           │ 451                        │
│ sky130_fd_sc_hd__inv                                                                                                            │ 17                         │
│ sky130_fd_sc_hd__mux2                                                                                                           │ 47                         │
│ sky130_fd_sc_hd__nand2                                                                                                          │ 8                          │
│ sky130_fd_sc_hd__nor2                                                                                                           │ 14                         │
│ sky130_fd_sc_hd__nor4                                                                                                           │ 2                          │
│ sky130_fd_sc_hd__o211a                                                                                                          │ 5                          │
│ sky130_fd_sc_hd__o21a                                                                                                           │ 1                          │
│ sky130_fd_sc_hd__o21ai                                                                                                          │ 1                          │
│ sky130_fd_sc_hd__o221a                                                                                                          │ 11                         │
│ sky130_fd_sc_hd__o22a                                                                                                           │ 2                          │
│ sky130_fd_sc_hd__o22ai                                                                                                          │ 1                          │
│ sky130_fd_sc_hd__o2bb2a                                                                                                         │ 5                          │
│ sky130_fd_sc_hd__o311a                                                                                                          │ 1                          │
│ sky130_fd_sc_hd__o31a                                                                                                           │ 1                          │
│ sky130_fd_sc_hd__o32a                                                                                                           │ 1                          │
│ sky130_fd_sc_hd__or2                                                                                                            │ 6                          │
│ sky130_fd_sc_hd__or3                                                                                                            │ 1                          │
│ sky130_fd_sc_hd__or3b                                                                                                           │ 3                          │
│ sky130_fd_sc_hd__or4                                                                                                            │ 1                          │
│ sky130_fd_sc_hd__tapvpwrvgnd                                                                                                    │ 126                        │
│ sky130_fd_sc_hd__xnor2                                                                                                          │ 3                          │
│ sky130_fd_sc_hd__xor2                                                                                                           │ 3                          │
└─────────────────────────────────────────────────────────────────────────────────────────────────────────────────────────────────┴────────────────────────────┘
