                                                                        Cells by Master                                                                         
┏━━━━━━━━━━━━━━━━━━━━━━━━━━━━━━━━━━━━━━━━━━━━━━━━━━━━━━━━━━━━━━━━━━━━━━━━━━━━━━━━━━━━━━━━━━━━━━━━━━━━━━━━━━━━━━━━━━━━━━━━━━━━━━━━━━┳━━━━━━━━━━━━━━━━━━━━━━━━━━━┓
┃ Cell                                                                                                                             ┃ Count                     ┃
┡━━━━━━━━━━━━━━━━━━━━━━━━━━━━━━━━━━━━━━━━━━━━━━━━━━━━━━━━━━━━━━━━━━━━━━━━━━━━━━━━━━━━━━━━━━━━━━━━━━━━━━━━━━━━━━━━━━━━━━━━━━━━━━━━━━╇━━━━━━━━━━━━━━━━━━━━━━━━━━━┩
│ sky130_ef_sc_hd__decap_40_12                                                                                                     │ 255                       │
│ sky130_fd_sc_hd__a211o_1                                                                                                         │ 3                         │
│ sky130_fd_sc_hd__a21o_1                                                                                                          │ 1                         │
│ sky130_fd_sc_hd__a21oi_1                                                                                                         │ 2                         │
│ sky130_fd_sc_hd__a221o_1                                                                                                         │ 1                         │
│ sky130_fd_sc_hd__a22o_1                                                                                                          │ 7                         │
│ sky130_fd_sc_hd__a22oi_1                                                                                                         │ 1                         │
│ sky130_fd_sc_hd__a32o_1                                                                                                          │ 1                         │
│ sky130_fd_sc_hd__and2_1                                                                                                          │ 7                         │
│ sky130_fd_sc_hd__and2b_1                                                                                                         │ 2                         │
│ sky130_fd_sc_hd__and3_1                                                                                                          │ 4                         │
│ sky130_fd_sc_hd__and3b_1                                                                                                         │ 2                         │
│ sky130_fd_sc_hd__and4_1                                                                                                          │ 2                         │
│ sky130_fd_sc_hd__buf_2                                                                                                           │ 11                        │
│ sky130_fd_sc_hd__clkbuf_1                                                                                                        │ 3                         │
│ sky130_fd_sc_hd__clkbuf_16                                                                                                       │ 9                         │
│ sky130_fd_sc_hd__clkbuf_2                                                                                                        │ 2                         │
│ sky130_fd_sc_hd__clkbuf_4                                                                                                        │ 12                        │
│ sky130_fd_sc_hd__clkbuf_8                                                                                                        │ 2                         │
│ sky130_fd_sc_hd__clkinv_2                                                                                                        │ 2                         │
│ sky130_fd_sc_hd__decap_3                                                                                                         │ 68                        │
│ sky130_fd_sc_hd__dfrtp_1                                                                                                         │ 54                        │
│ sky130_fd_sc_hd__dfrtp_2                                                                                                         │ 3                         │
│ sky130_fd_sc_hd__dfrtp_4                                                                                                         │ 3                         │
│ sky130_fd_sc_hd__dlygate4sd3_1                                                                                                   │ 69                        │
│ sky130_fd_sc_hd__dlymetal6s2s_1                                                                                                  │ 2                         │
│ sky130_fd_sc_hd__fill_1                                                                                                          │ 167                       │
│ sky130_fd_sc_hd__fill_2                                                                                                          │ 163                       │
│ sky130_fd_sc_hd__fill_4                                                                                                          │ 95                        │
│ sky130_fd_sc_hd__fill_8                                                                                                          │ 26                        │
│ sky130_fd_sc_hd__inv_2                                                                                                           │ 17                        │
│ sky130_fd_sc_hd__mux2_1                                                                                                          │ 47                        │
│ sky130_fd_sc_hd__nand2_1                                                                                                         │ 8                         │
│ sky130_fd_sc_hd__nor2_1                                                                                                          │ 14                        │
│ sky130_fd_sc_hd__nor4_1                                                                                                          │ 2                         │
│ sky130_fd_sc_hd__o211a_1                                                                                                         │ 5                         │
│ sky130_fd_sc_hd__o21a_1                                                                                                          │ 1                         │
│ sky130_fd_sc_hd__o21ai_1                                                                                                         │ 1                         │
│ sky130_fd_sc_hd__o221a_1                                                                                                         │ 11                        │
│ sky130_fd_sc_hd__o22a_1                                                                                                          │ 2                         │
│ sky130_fd_sc_hd__o22ai_1                                                                                                         │ 1                         │
│ sky130_fd_sc_hd__o2bb2a_1                                                                                                        │ 5                         │
│ sky130_fd_sc_hd__o311a_1                                                                                                         │ 1                         │
│ sky130_fd_sc_hd__o31a_1                                                                                                          │ 1                         │
│ sky130_fd_sc_hd__o32a_1                                                                                                          │ 1                         │
│ sky130_fd_sc_hd__or2_1                                                                                                           │ 5                         │
│ sky130_fd_sc_hd__or2_2                                                                                                           │ 1                         │
│ sky130_fd_sc_hd__or3_1                                                                                                           │ 1                         │
│ sky130_fd_sc_hd__or3b_1                                                                                                          │ 3                         │
│ sky130_fd_sc_hd__or4_1                                                                                                           │ 1                         │
│ sky130_fd_sc_hd__tapvpwrvgnd_1                                                                                                   │ 126                       │
│ sky130_fd_sc_hd__xnor2_1                                                                                                         │ 3                         │
│ sky130_fd_sc_hd__xor2_1                                                                                                          │ 3                         │
└──────────────────────────────────────────────────────────────────────────────────────────────────────────────────────────────────┴───────────────────────────┘
