[WARNING ORD-0039] .openroad ignored with -python
                                Cells by Master                                 
┏━━━━━━━━━━━━━━━━━━━━━━━━━━━━━━━━━━━━━━━━━━━━━━━━━━━━━━━━━━━━━━━━┳━━━━━━━━━━━━━┓
┃ Cell                                                           ┃ Count       ┃
┡━━━━━━━━━━━━━━━━━━━━━━━━━━━━━━━━━━━━━━━━━━━━━━━━━━━━━━━━━━━━━━━━╇━━━━━━━━━━━━━┩
│ sky130_ef_sc_hd__decap_40_12                                   │ 255         │
│ sky130_fd_sc_hd__a211o_1                                       │ 3           │
│ sky130_fd_sc_hd__a21o_1                                        │ 1           │
│ sky130_fd_sc_hd__a21oi_1                                       │ 2           │
│ sky130_fd_sc_hd__a221o_1                                       │ 1           │
│ sky130_fd_sc_hd__a22o_1                                        │ 7           │
│ sky130_fd_sc_hd__a22oi_1                                       │ 1           │
│ sky130_fd_sc_hd__a32o_1                                        │ 1           │
│ sky130_fd_sc_hd__and2_1                                        │ 7           │
│ sky130_fd_sc_hd__and2b_1                                       │ 2           │
│ sky130_fd_sc_hd__and3_1                                        │ 4           │
│ sky130_fd_sc_hd__and3b_1                                       │ 2           │
│ sky130_fd_sc_hd__and4_1                                        │ 2           │
│ sky130_fd_sc_hd__buf_2                                         │ 11          │
│ sky130_fd_sc_hd__clkbuf_1                                      │ 3           │
│ sky130_fd_sc_hd__clkbuf_16                                     │ 9           │
│ sky130_fd_sc_hd__clkbuf_2                                      │ 2           │
│ sky130_fd_sc_hd__clkbuf_4                                      │ 12          │
│ sky130_fd_sc_hd__clkbuf_8                                      │ 2           │
│ sky130_fd_sc_hd__clkinv_2                                      │ 2           │
│ sky130_fd_sc_hd__decap_3                                       │ 68          │
│ sky130_fd_sc_hd__dfrtp_1                                       │ 54          │
│ sky130_fd_sc_hd__dfrtp_2                                       │ 3           │
│ sky130_fd_sc_hd__dfrtp_4                                       │ 3           │
│ sky130_fd_sc_hd__dlygate4sd3_1                                 │ 69          │
│ sky130_fd_sc_hd__dlymetal6s2s_1                                │ 2           │
│ sky130_fd_sc_hd__fill_1                                        │ 167         │
│ sky130_fd_sc_hd__fill_2                                        │ 163         │
│ sky130_fd_sc_hd__fill_4                                        │ 95          │
│ sky130_fd_sc_hd__fill_8                                        │ 26          │
│ sky130_fd_sc_hd__inv_2                                         │ 17          │
│ sky130_fd_sc_hd__mux2_1                                        │ 47          │
│ sky130_fd_sc_hd__nand2_1                                       │ 8           │
│ sky130_fd_sc_hd__nor2_1                                        │ 14          │
│ sky130_fd_sc_hd__nor4_1                                        │ 2           │
│ sky130_fd_sc_hd__o211a_1                                       │ 5           │
│ sky130_fd_sc_hd__o21a_1                                        │ 1           │
│ sky130_fd_sc_hd__o21ai_1                                       │ 1           │
│ sky130_fd_sc_hd__o221a_1                                       │ 11          │
│ sky130_fd_sc_hd__o22a_1                                        │ 2           │
│ sky130_fd_sc_hd__o22ai_1                                       │ 1           │
│ sky130_fd_sc_hd__o2bb2a_1                                      │ 5           │
│ sky130_fd_sc_hd__o311a_1                                       │ 1           │
│ sky130_fd_sc_hd__o31a_1                                        │ 1           │
│ sky130_fd_sc_hd__o32a_1                                        │ 1           │
│ sky130_fd_sc_hd__or2_1                                         │ 5           │
│ sky130_fd_sc_hd__or2_2                                         │ 1           │
│ sky130_fd_sc_hd__or3_1                                         │ 1           │
│ sky130_fd_sc_hd__or3b_1                                        │ 3           │
│ sky130_fd_sc_hd__or4_1                                         │ 1           │
│ sky130_fd_sc_hd__tapvpwrvgnd_1                                 │ 126         │
│ sky130_fd_sc_hd__xnor2_1                                       │ 3           │
│ sky130_fd_sc_hd__xor2_1                                        │ 3           │
└────────────────────────────────────────────────────────────────┴─────────────┘
                               Cells by Function                                
┏━━━━━━━━━━━━━━━━━━━━━━━━━━━━━━━━━━━━━━━━━━━━━━━━━━━━━━━━━━━━━━━┳━━━━━━━━━━━━━━┓
┃ Cell Function                                                 ┃ Count        ┃
┡━━━━━━━━━━━━━━━━━━━━━━━━━━━━━━━━━━━━━━━━━━━━━━━━━━━━━━━━━━━━━━━╇━━━━━━━━━━━━━━┩
│ sky130_ef_sc_hd__decap_40                                     │ 255          │
│ sky130_fd_sc_hd__a211o                                        │ 3            │
│ sky130_fd_sc_hd__a21o                                         │ 1            │
│ sky130_fd_sc_hd__a21oi                                        │ 2            │
│ sky130_fd_sc_hd__a221o                                        │ 1            │
│ sky130_fd_sc_hd__a22o                                         │ 7            │
│ sky130_fd_sc_hd__a22oi                                        │ 1            │
│ sky130_fd_sc_hd__a32o                                         │ 1            │
│ sky130_fd_sc_hd__and2                                         │ 7            │
│ sky130_fd_sc_hd__and2b                                        │ 2            │
│ sky130_fd_sc_hd__and3                                         │ 4            │
│ sky130_fd_sc_hd__and3b                                        │ 2            │
│ sky130_fd_sc_hd__and4                                         │ 2            │
│ sky130_fd_sc_hd__buf                                          │ 11           │
│ sky130_fd_sc_hd__clkbuf                                       │ 28           │
│ sky130_fd_sc_hd__clkinv                                       │ 2            │
│ sky130_fd_sc_hd__decap                                        │ 68           │
│ sky130_fd_sc_hd__dfrtp                                        │ 60           │
│ sky130_fd_sc_hd__dlygate4sd3                                  │ 69           │
│ sky130_fd_sc_hd__dlymetal6s2s                                 │ 2            │
│ sky130_fd_sc_hd__fill                                         │ 451          │
│ sky130_fd_sc_hd__inv                                          │ 17           │
│ sky130_fd_sc_hd__mux2                                         │ 47           │
│ sky130_fd_sc_hd__nand2                                        │ 8            │
│ sky130_fd_sc_hd__nor2                                         │ 14           │
│ sky130_fd_sc_hd__nor4                                         │ 2            │
│ sky130_fd_sc_hd__o211a                                        │ 5            │
│ sky130_fd_sc_hd__o21a                                         │ 1            │
│ sky130_fd_sc_hd__o21ai                                        │ 1            │
│ sky130_fd_sc_hd__o221a                                        │ 11           │
│ sky130_fd_sc_hd__o22a                                         │ 2            │
│ sky130_fd_sc_hd__o22ai                                        │ 1            │
│ sky130_fd_sc_hd__o2bb2a                                       │ 5            │
│ sky130_fd_sc_hd__o311a                                        │ 1            │
│ sky130_fd_sc_hd__o31a                                         │ 1            │
│ sky130_fd_sc_hd__o32a                                         │ 1            │
│ sky130_fd_sc_hd__or2                                          │ 6            │
│ sky130_fd_sc_hd__or3                                          │ 1            │
│ sky130_fd_sc_hd__or3b                                         │ 3            │
│ sky130_fd_sc_hd__or4                                          │ 1            │
│ sky130_fd_sc_hd__tapvpwrvgnd                                  │ 126          │
│ sky130_fd_sc_hd__xnor2                                        │ 3            │
│ sky130_fd_sc_hd__xor2                                         │ 3            │
└───────────────────────────────────────────────────────────────┴──────────────┘
                                  Cells by SCL                                  
┏━━━━━━━━━━━━━━━━━━━━━━━━━━━━━━━━━━━━━━━━━━━━━━━━━━━━━━━┳━━━━━━━━━━━━━━━━━━━━━━┓
┃ SCL                                                   ┃ Count                ┃
┡━━━━━━━━━━━━━━━━━━━━━━━━━━━━━━━━━━━━━━━━━━━━━━━━━━━━━━━╇━━━━━━━━━━━━━━━━━━━━━━┩
│ sky130_ef_sc_hd                                       │ 255                  │
│ sky130_fd_sc_hd                                       │ 984                  │
└───────────────────────────────────────────────────────┴──────────────────────┘
                             Buffers by Cell Master                             
┏━━━━━━━━━━━━━━━━━━━━━━━━━━━━━━━━━━━━━━━━━━━━━━━━━━━━━━━━━━━━━━━━┳━━━━━━━━━━━━━┓
┃ Buffer                                                         ┃ Count       ┃
┡━━━━━━━━━━━━━━━━━━━━━━━━━━━━━━━━━━━━━━━━━━━━━━━━━━━━━━━━━━━━━━━━╇━━━━━━━━━━━━━┩
│ sky130_fd_sc_hd__buf_2                                         │ 11          │
│ sky130_fd_sc_hd__clkbuf_1                                      │ 3           │
│ sky130_fd_sc_hd__clkbuf_16                                     │ 9           │
│ sky130_fd_sc_hd__clkbuf_2                                      │ 2           │
│ sky130_fd_sc_hd__clkbuf_4                                      │ 12          │
│ sky130_fd_sc_hd__clkbuf_8                                      │ 2           │
│ sky130_fd_sc_hd__dlygate4sd3_1                                 │ 69          │
│ sky130_fd_sc_hd__dlymetal6s2s_1                                │ 2           │
└────────────────────────────────────────────────────────────────┴─────────────┘
