Starting…
Running 'Verilator.Lint' at 'rng/runs/26_02_18_09_30/01-verilator-lint'…
Logging subprocess to [repr.filename]'rng/runs/26_02_18_09_30/01-verilator-lint/verilator-lint.log'[/repr.filename]…
Running 'Checker.LintTimingConstructs' at 'rng/runs/26_02_18_09_30/02-checker-linttimingconstructs'…
Check for Lint Timing Errors clear.
Running 'Checker.LintErrors' at 'rng/runs/26_02_18_09_30/03-checker-linterrors'…
Check for Lint errors clear.
Running 'Checker.LintWarnings' at 'rng/runs/26_02_18_09_30/04-checker-lintwarnings'…
21 Lint warnings found.
Running 'Yosys.JsonHeader' at 'rng/runs/26_02_18_09_30/05-yosys-jsonheader'…
Logging subprocess to [repr.filename]'rng/runs/26_02_18_09_30/05-yosys-jsonheader/yosys-jsonheader.log'[/repr.filename]…
Running 'Yosys.Synthesis' at 'rng/runs/26_02_18_09_30/06-yosys-synthesis'…
Logging subprocess to [repr.filename]'rng/runs/26_02_18_09_30/06-yosys-synthesis/yosys-synthesis.log'[/repr.filename]…
Parsing synthesis checks…
Running 'Checker.YosysUnmappedCells' at 'rng/runs/26_02_18_09_30/07-checker-yosysunmappedcells'…
Check for Unmapped Yosys instances clear.
Running 'Checker.YosysSynthChecks' at 'rng/runs/26_02_18_09_30/08-checker-yosyssynthchecks'…
Check for Yosys check errors clear.
Running 'Checker.NetlistAssignStatements' at 'rng/runs/26_02_18_09_30/09-checker-netlistassignstatements'…
Running 'OpenROAD.CheckSDCFiles' at 'rng/runs/26_02_18_09_30/10-openroad-checksdcfiles'…
'PNR_SDC_FILE' is not defined. Using generic fallback SDC for OpenROAD PnR steps.
'SIGNOFF_SDC_FILE' is not defined. Using generic fallback SDC for OpenROAD PnR steps.
Running 'OpenROAD.CheckMacroInstances' at 'rng/runs/26_02_18_09_30/11-openroad-checkmacroinstances'…
No macros found, skipping instance check…
Running 'OpenROAD.STAPrePNR' at 'rng/runs/26_02_18_09_30/12-openroad-staprepnr'…
Starting STA for the nom_tt_025C_1v80 timing corner…
Starting STA for the nom_ss_100C_1v60 timing corner…
Starting STA for the nom_ff_n40C_1v95 timing corner…
Skipping corner min_tt_025C_1v80 for STA (identical to nom_tt_025C_1v80 at this stage)…
Skipping corner min_ss_100C_1v60 for STA (identical to nom_ss_100C_1v60 at this stage)…
Skipping corner min_ff_n40C_1v95 for STA (identical to nom_ff_n40C_1v95 at this stage)…
Skipping corner max_tt_025C_1v80 for STA (identical to nom_tt_025C_1v80 at this stage)…
Skipping corner max_ss_100C_1v60 for STA (identical to nom_ss_100C_1v60 at this stage)…
Skipping corner max_ff_n40C_1v95 for STA (identical to nom_ff_n40C_1v95 at this stage)…
Logging subprocess to [repr.filename]'rng/runs/26_02_18_09_30/12-openroad-staprepnr/nom_ss_100C_1v60/sta.log'[/repr.filename]…
Logging subprocess to [repr.filename]'rng/runs/26_02_18_09_30/12-openroad-staprepnr/nom_tt_025C_1v80/sta.log'[/repr.filename]…
Logging subprocess to [repr.filename]'rng/runs/26_02_18_09_30/12-openroad-staprepnr/nom_ff_n40C_1v95/sta.log'[/repr.filename]…
Finished STA for the nom_tt_025C_1v80 timing corner.
Finished STA for the nom_ss_100C_1v60 timing corner.
Finished STA for the nom_ff_n40C_1v95 timing corner.
Running 'OpenROAD.Floorplan' at 'rng/runs/26_02_18_09_30/13-openroad-floorplan'…
Logging subprocess to [repr.filename]'rng/runs/26_02_18_09_30/13-openroad-floorplan/openroad-floorplan.log'[/repr.filename]…
Running 'Odb.CheckMacroAntennaProperties' at 'rng/runs/26_02_18_09_30/14-odb-checkmacroantennaproperties'…
No cells provided, skipping…
Running 'Odb.SetPowerConnections' at 'rng/runs/26_02_18_09_30/15-odb-setpowerconnections'…
Logging subprocess to [repr.filename]'rng/runs/26_02_18_09_30/15-odb-setpowerconnections/odb-setpowerconnections.log'[/repr.filename]…
Running 'Odb.ManualMacroPlacement' at 'rng/runs/26_02_18_09_30/16-odb-manualmacroplacement'…
No instances found, skipping 'Odb.ManualMacroPlacement'…
Running 'OpenROAD.CutRows' at 'rng/runs/26_02_18_09_30/17-openroad-cutrows'…
Logging subprocess to [repr.filename]'rng/runs/26_02_18_09_30/17-openroad-cutrows/openroad-cutrows.log'[/repr.filename]…
Running 'OpenROAD.TapEndcapInsertion' at 'rng/runs/26_02_18_09_30/18-openroad-tapendcapinsertion'…
Logging subprocess to [repr.filename]'rng/runs/26_02_18_09_30/18-openroad-tapendcapinsertion/openroad-tapendcapinsertion.log'[/repr.filename]…
Running 'Odb.AddPDNObstructions' at 'rng/runs/26_02_18_09_30/19-odb-addpdnobstructions'…
'PDN_OBSTRUCTIONS' is not defined. Skipping 'Odb.AddPDNObstructions'…
Running 'OpenROAD.GeneratePDN' at 'rng/runs/26_02_18_09_30/20-openroad-generatepdn'…
'FP_PDN_CFG' not explicitly set, setting it to /nix/store/iah2c26wzpgdvqc1jv2xxg55xq5km74d-python3-3.11.9-env/lib/python3.11/site-packages/librelane/scripts/openroad/common/pdn_cfg.tcl…
Logging subprocess to [repr.filename]'rng/runs/26_02_18_09_30/20-openroad-generatepdn/openroad-generatepdn.log'[/repr.filename]…
Running 'Odb.RemovePDNObstructions' at 'rng/runs/26_02_18_09_30/21-odb-removepdnobstructions'…
'PDN_OBSTRUCTIONS' is not defined. Skipping 'Odb.RemovePDNObstructions'…
Running 'Odb.AddRoutingObstructions' at 'rng/runs/26_02_18_09_30/22-odb-addroutingobstructions'…
'ROUTING_OBSTRUCTIONS' is not defined. Skipping 'Odb.AddRoutingObstructions'…
Running 'OpenROAD.GlobalPlacementSkipIO' at 'rng/runs/26_02_18_09_30/23-openroad-globalplacementskipio'…
Logging subprocess to [repr.filename]'rng/runs/26_02_18_09_30/23-openroad-globalplacementskipio/openroad-globalplacementskipio.log'[/repr.filename]…
Running 'OpenROAD.IOPlacement' at 'rng/runs/26_02_18_09_30/24-openroad-ioplacement'…
Logging subprocess to [repr.filename]'rng/runs/26_02_18_09_30/24-openroad-ioplacement/openroad-ioplacement.log'[/repr.filename]…
Running 'Odb.CustomIOPlacement' at 'rng/runs/26_02_18_09_30/25-odb-customioplacement'…
No custom floorplan file configured, skipping…
Running 'Odb.ApplyDEFTemplate' at 'rng/runs/26_02_18_09_30/26-odb-applydeftemplate'…
No DEF template provided, skipping…
Running 'OpenROAD.GlobalPlacement' at 'rng/runs/26_02_18_09_30/27-openroad-globalplacement'…
Logging subprocess to [repr.filename]'rng/runs/26_02_18_09_30/27-openroad-globalplacement/openroad-globalplacement.log'[/repr.filename]…
Running 'Odb.WriteVerilogHeader' at 'rng/runs/26_02_18_09_30/28-odb-writeverilogheader'…
Logging subprocess to [repr.filename]'rng/runs/26_02_18_09_30/28-odb-writeverilogheader/odb-writeverilogheader.log'[/repr.filename]…
Running 'Checker.PowerGridViolations' at 'rng/runs/26_02_18_09_30/29-checker-powergridviolations'…
Check for power grid violations (as reported by OpenROAD PSM- you may ignore these if LVS passes) clear.
Running 'OpenROAD.STAMidPNR' at 'rng/runs/26_02_18_09_30/30-openroad-stamidpnr'…
Logging subprocess to [repr.filename]'rng/runs/26_02_18_09_30/30-openroad-stamidpnr/openroad-stamidpnr.log'[/repr.filename]…
[GRT-0097] No global routing found for nets.
Running 'OpenROAD.RepairDesignPostGPL' at 'rng/runs/26_02_18_09_30/31-openroad-repairdesignpostgpl'…
Logging subprocess to [repr.filename]'rng/runs/26_02_18_09_30/31-openroad-repairdesignpostgpl/openroad-repairdesignpostgpl.log'[/repr.filename]…
Running 'Odb.ManualGlobalPlacement' at 'rng/runs/26_02_18_09_30/32-odb-manualglobalplacement'…
'MANUAL_GLOBAL_PLACEMENTS' not set, skipping…
Running 'OpenROAD.DetailedPlacement' at 'rng/runs/26_02_18_09_30/33-openroad-detailedplacement'…
Logging subprocess to [repr.filename]'rng/runs/26_02_18_09_30/33-openroad-detailedplacement/openroad-detailedplacement.log'[/repr.filename]…
Running 'OpenROAD.CTS' at 'rng/runs/26_02_18_09_30/34-openroad-cts'…
Logging subprocess to [repr.filename]'rng/runs/26_02_18_09_30/34-openroad-cts/openroad-cts.log'[/repr.filename]…
Running 'OpenROAD.STAMidPNR-1' at 'rng/runs/26_02_18_09_30/35-openroad-stamidpnr-1'…
Logging subprocess to [repr.filename]'rng/runs/26_02_18_09_30/35-openroad-stamidpnr-1/openroad-stamidpnr-1.log'[/repr.filename]…
[GRT-0097] No global routing found for nets.
Running 'OpenROAD.ResizerTimingPostCTS' at 'rng/runs/26_02_18_09_30/36-openroad-resizertimingpostcts'…
Logging subprocess to [repr.filename]'rng/runs/26_02_18_09_30/36-openroad-resizertimingpostcts/openroad-resizertimingpostcts.log'[/repr.filename]…
Running 'OpenROAD.STAMidPNR-2' at 'rng/runs/26_02_18_09_30/37-openroad-stamidpnr-2'…
Logging subprocess to [repr.filename]'rng/runs/26_02_18_09_30/37-openroad-stamidpnr-2/openroad-stamidpnr-2.log'[/repr.filename]…
[GRT-0097] No global routing found for nets.
Running 'OpenROAD.GlobalRouting' at 'rng/runs/26_02_18_09_30/38-openroad-globalrouting'…
Logging subprocess to [repr.filename]'rng/runs/26_02_18_09_30/38-openroad-globalrouting/openroad-globalrouting.log'[/repr.filename]…
Running 'OpenROAD.CheckAntennas' at 'rng/runs/26_02_18_09_30/39-openroad-checkantennas'…
Logging subprocess to [repr.filename]'rng/runs/26_02_18_09_30/39-openroad-checkantennas/openroad-checkantennas.log'[/repr.filename]…
Gating variable for step 'OpenROAD.RepairDesignPostGRT' set to 'False'- the step will be skipped.
Skipping step 'Repair Design (Post-Global Routing)'…
Running 'Odb.DiodesOnPorts' at 'rng/runs/26_02_18_09_30/40-odb-diodesonports'…
'DIODE_ON_PORTS' is set to 'none': skipping…
Gating variable for step 'Odb.HeuristicDiodeInsertion' set to 'False'- the step will be skipped.
Skipping step 'Heuristic Diode Insertion'…
Running 'OpenROAD.RepairAntennas' at 'rng/runs/26_02_18_09_30/41-openroad-repairantennas'…
Running 'DiodeInsertion' at 'rng/runs/26_02_18_09_30/41-openroad-repairantennas/1-diodeinsertion'…
Logging subprocess to [repr.filename]'rng/runs/26_02_18_09_30/41-openroad-repairantennas/1-diodeinsertion/diodeinsertion.log'[/repr.filename]…
Running 'OpenROAD.CheckAntennas' at 'rng/runs/26_02_18_09_30/41-openroad-repairantennas/2-openroad-checkantennas'…
Logging subprocess to [repr.filename]'rng/runs/26_02_18_09_30/41-openroad-repairantennas/2-openroad-checkantennas/openroad-checkantennas.log'[/repr.filename]…
Gating variable for step 'OpenROAD.ResizerTimingPostGRT' set to 'False'- the step will be skipped.
Skipping step 'Resizer Timing Optimizations (Post-Global Routing)'…
Running 'OpenROAD.STAMidPNR-3' at 'rng/runs/26_02_18_09_30/42-openroad-stamidpnr-3'…
Logging subprocess to [repr.filename]'rng/runs/26_02_18_09_30/42-openroad-stamidpnr-3/openroad-stamidpnr-3.log'[/repr.filename]…
Running 'OpenROAD.DetailedRouting' at 'rng/runs/26_02_18_09_30/43-openroad-detailedrouting'…
Running TritonRoute with 8 threads…
Logging subprocess to [repr.filename]'rng/runs/26_02_18_09_30/43-openroad-detailedrouting/openroad-detailedrouting.log'[/repr.filename]…
[DRT-0349] LEF58_ENCLOSURE with no CUTCLASS is not supported. Skipping for layer mcon
[DRT-0349] LEF58_ENCLOSURE with no CUTCLASS is not supported. Skipping for layer mcon
[DRT-0349] LEF58_ENCLOSURE with no CUTCLASS is not supported. Skipping for layer via
[DRT-0349] LEF58_ENCLOSURE with no CUTCLASS is not supported. Skipping for layer via
[DRT-0349] LEF58_ENCLOSURE with no CUTCLASS is not supported. Skipping for layer via2
[DRT-0349] LEF58_ENCLOSURE with no CUTCLASS is not supported. Skipping for layer via2
[DRT-0349] LEF58_ENCLOSURE with no CUTCLASS is not supported. Skipping for layer via3
[DRT-0349] LEF58_ENCLOSURE with no CUTCLASS is not supported. Skipping for layer via3
[DRT-0349] LEF58_ENCLOSURE with no CUTCLASS is not supported. Skipping for layer via4
[DRT-0349] LEF58_ENCLOSURE with no CUTCLASS is not supported. Skipping for layer via4
Running 'Odb.RemoveRoutingObstructions' at 'rng/runs/26_02_18_09_30/44-odb-removeroutingobstructions'…
'ROUTING_OBSTRUCTIONS' is not defined. Skipping 'Odb.RemoveRoutingObstructions'…
Running 'OpenROAD.CheckAntennas-1' at 'rng/runs/26_02_18_09_30/45-openroad-checkantennas-1'…
Logging subprocess to [repr.filename]'rng/runs/26_02_18_09_30/45-openroad-checkantennas-1/openroad-checkantennas-1.log'[/repr.filename]…
Running 'Checker.TrDRC' at 'rng/runs/26_02_18_09_30/46-checker-trdrc'…
Check for Routing DRC errors clear.
Running 'Odb.ReportDisconnectedPins' at 'rng/runs/26_02_18_09_30/47-odb-reportdisconnectedpins'…
Logging subprocess to [repr.filename]'rng/runs/26_02_18_09_30/47-odb-reportdisconnectedpins/odb-reportdisconnectedpins.log'[/repr.filename]…
Running 'Checker.DisconnectedPins' at 'rng/runs/26_02_18_09_30/48-checker-disconnectedpins'…
Check for critical disconnected pins clear.
Running 'Odb.ReportWireLength' at 'rng/runs/26_02_18_09_30/49-odb-reportwirelength'…
Logging subprocess to [repr.filename]'rng/runs/26_02_18_09_30/49-odb-reportwirelength/odb-reportwirelength.log'[/repr.filename]…
Running 'Checker.WireLength' at 'rng/runs/26_02_18_09_30/50-checker-wirelength'…
Threshold for Threshold-surpassing long wires is not set. The checker will be skipped.
Running 'OpenROAD.FillInsertion' at 'rng/runs/26_02_18_09_30/51-openroad-fillinsertion'…
Logging subprocess to [repr.filename]'rng/runs/26_02_18_09_30/51-openroad-fillinsertion/openroad-fillinsertion.log'[/repr.filename]…
Running 'Odb.CellFrequencyTables' at 'rng/runs/26_02_18_09_30/52-odb-cellfrequencytables'…
Logging subprocess to [repr.filename]'rng/runs/26_02_18_09_30/52-odb-cellfrequencytables/buffer_list.txt'[/repr.filename]…
Logging subprocess to [repr.filename]'rng/runs/26_02_18_09_30/52-odb-cellfrequencytables/odb-cellfrequencytables.log'[/repr.filename]…
Running 'OpenROAD.RCX' at 'rng/runs/26_02_18_09_30/53-openroad-rcx'…
Running RCX for corners matching nom_* (/home/matheus/openframe_user_project/openlane/rng/runs/26_02_18_09_30/53-openroad-rcx/nom/rcx.log)…
Running RCX for corners matching min_* (/home/matheus/openframe_user_project/openlane/rng/runs/26_02_18_09_30/53-openroad-rcx/min/rcx.log)…
Running RCX for corners matching max_* (/home/matheus/openframe_user_project/openlane/rng/runs/26_02_18_09_30/53-openroad-rcx/max/rcx.log)…
Logging subprocess to [repr.filename]'rng/runs/26_02_18_09_30/53-openroad-rcx/nom/rcx.log'[/repr.filename]…
Logging subprocess to [repr.filename]'rng/runs/26_02_18_09_30/53-openroad-rcx/min/rcx.log'[/repr.filename]…
Logging subprocess to [repr.filename]'rng/runs/26_02_18_09_30/53-openroad-rcx/max/rcx.log'[/repr.filename]…
Finished RCX for corners matching max_*.
Finished RCX for corners matching nom_*.
Finished RCX for corners matching min_*.
Running 'OpenROAD.STAPostPNR' at 'rng/runs/26_02_18_09_30/54-openroad-stapostpnr'…
Starting STA for the nom_tt_025C_1v80 timing corner…
Starting STA for the nom_ss_100C_1v60 timing corner…
Starting STA for the nom_ff_n40C_1v95 timing corner…
Starting STA for the min_tt_025C_1v80 timing corner…
Starting STA for the min_ss_100C_1v60 timing corner…
Starting STA for the min_ff_n40C_1v95 timing corner…
Starting STA for the max_tt_025C_1v80 timing corner…
Logging subprocess to [repr.filename]'rng/runs/26_02_18_09_30/54-openroad-stapostpnr/nom_ss_100C_1v60/sta.log'[/repr.filename]…
Logging subprocess to [repr.filename]'rng/runs/26_02_18_09_30/54-openroad-stapostpnr/nom_tt_025C_1v80/sta.log'[/repr.filename]…
Starting STA for the max_ss_100C_1v60 timing corner…
Logging subprocess to [repr.filename]'rng/runs/26_02_18_09_30/54-openroad-stapostpnr/nom_ff_n40C_1v95/sta.log'[/repr.filename]…
Logging subprocess to [repr.filename]'rng/runs/26_02_18_09_30/54-openroad-stapostpnr/min_tt_025C_1v80/sta.log'[/repr.filename]…
Logging subprocess to [repr.filename]'rng/runs/26_02_18_09_30/54-openroad-stapostpnr/min_ff_n40C_1v95/sta.log'[/repr.filename]…
Logging subprocess to [repr.filename]'rng/runs/26_02_18_09_30/54-openroad-stapostpnr/min_ss_100C_1v60/sta.log'[/repr.filename]…
Logging subprocess to [repr.filename]'rng/runs/26_02_18_09_30/54-openroad-stapostpnr/max_ss_100C_1v60/sta.log'[/repr.filename]…
Logging subprocess to [repr.filename]'rng/runs/26_02_18_09_30/54-openroad-stapostpnr/max_tt_025C_1v80/sta.log'[/repr.filename]…
Finished STA for the nom_ff_n40C_1v95 timing corner.
Logging subprocess to [repr.filename]'rng/runs/26_02_18_09_30/54-openroad-stapostpnr/nom_ff_n40C_1v95/filter_unannotated.log'[/repr.filename]…
Finished STA for the max_ss_100C_1v60 timing corner.
Finished STA for the max_tt_025C_1v80 timing corner.
Logging subprocess to [repr.filename]'rng/runs/26_02_18_09_30/54-openroad-stapostpnr/max_ss_100C_1v60/filter_unannotated.log'[/repr.filename]…
Logging subprocess to [repr.filename]'rng/runs/26_02_18_09_30/54-openroad-stapostpnr/max_tt_025C_1v80/filter_unannotated.log'[/repr.filename]…
Finished STA for the nom_ss_100C_1v60 timing corner.
Logging subprocess to [repr.filename]'rng/runs/26_02_18_09_30/54-openroad-stapostpnr/nom_ss_100C_1v60/filter_unannotated.log'[/repr.filename]…
Finished STA for the nom_tt_025C_1v80 timing corner.
Finished STA for the min_tt_025C_1v80 timing corner.
Logging subprocess to [repr.filename]'rng/runs/26_02_18_09_30/54-openroad-stapostpnr/nom_tt_025C_1v80/filter_unannotated.log'[/repr.filename]…
Logging subprocess to [repr.filename]'rng/runs/26_02_18_09_30/54-openroad-stapostpnr/min_tt_025C_1v80/filter_unannotated.log'[/repr.filename]…
Finished STA for the min_ss_100C_1v60 timing corner.
Logging subprocess to [repr.filename]'rng/runs/26_02_18_09_30/54-openroad-stapostpnr/min_ss_100C_1v60/filter_unannotated.log'[/repr.filename]…
Finished STA for the min_ff_n40C_1v95 timing corner.
Logging subprocess to [repr.filename]'rng/runs/26_02_18_09_30/54-openroad-stapostpnr/min_ff_n40C_1v95/filter_unannotated.log'[/repr.filename]…
Starting STA for the max_ff_n40C_1v95 timing corner…
Logging subprocess to [repr.filename]'rng/runs/26_02_18_09_30/54-openroad-stapostpnr/max_ff_n40C_1v95/sta.log'[/repr.filename]…
Finished STA for the max_ff_n40C_1v95 timing corner.
Logging subprocess to [repr.filename]'rng/runs/26_02_18_09_30/54-openroad-stapostpnr/max_ff_n40C_1v95/filter_unannotated.log'[/repr.filename]…
Running 'OpenROAD.IRDropReport' at 'rng/runs/26_02_18_09_30/55-openroad-irdropreport'…
'VSRC_LOC_FILES' was not given a value, which may make the results of IR drop analysis inaccurate. If you are not integrating a top-level chip for manufacture, you may ignore this warning, otherwise, see the documentation for 'VSRC_LOC_FILES'.
Logging subprocess to [repr.filename]'rng/runs/26_02_18_09_30/55-openroad-irdropreport/openroad-irdropreport.log'[/repr.filename]…
[INFO PSM-0040] All shapes on net VPWR are connected.
########## IR report #################
Net              : VPWR
Corner           : nom_tt_025C_1v80
Supply voltage   : 1.80e+00 V
Worstcase voltage: 1.80e+00 V
Average voltage  : 1.80e+00 V
Average IR drop  : 7.74e-07 V
Worstcase IR drop: 1.95e-06 V
Percentage drop  : 0.00 %
######################################
[INFO PSM-0040] All shapes on net VGND are connected.
########## IR report #################
Net              : VGND
Corner           : nom_tt_025C_1v80
Supply voltage   : 0.00e+00 V
Worstcase voltage: 2.17e-06 V
Average voltage  : 7.49e-07 V
Average IR drop  : 7.49e-07 V
Worstcase IR drop: 2.17e-06 V
Percentage drop  : 0.00 %
######################################

Running 'Magic.StreamOut' at 'rng/runs/26_02_18_09_30/56-magic-streamout'…
Logging subprocess to [repr.filename]'rng/runs/26_02_18_09_30/56-magic-streamout/magic-streamout.log'[/repr.filename]…
Running 'KLayout.StreamOut' at 'rng/runs/26_02_18_09_30/57-klayout-streamout'…
Logging subprocess to [repr.filename]'rng/runs/26_02_18_09_30/57-klayout-streamout/klayout-streamout.log'[/repr.filename]…
Running 'Magic.WriteLEF' at 'rng/runs/26_02_18_09_30/58-magic-writelef'…
Logging subprocess to [repr.filename]'rng/runs/26_02_18_09_30/58-magic-writelef/magic-writelef.log'[/repr.filename]…
Running 'Odb.CheckDesignAntennaProperties' at 'rng/runs/26_02_18_09_30/59-odb-checkdesignantennaproperties'…
Logging subprocess to [repr.filename]'rng/runs/26_02_18_09_30/59-odb-checkdesignantennaproperties/odb-checkdesignantennaproperties.log'[/repr.filename]…
Running 'KLayout.XOR' at 'rng/runs/26_02_18_09_30/60-klayout-xor'…
Running XOR with 8 threads…
Logging subprocess to [repr.filename]'rng/runs/26_02_18_09_30/60-klayout-xor/klayout-xor.log'[/repr.filename]…
Running 'Checker.XOR' at 'rng/runs/26_02_18_09_30/61-checker-xor'…
Check for XOR differences clear.
Running 'Magic.DRC' at 'rng/runs/26_02_18_09_30/62-magic-drc'…
Logging subprocess to [repr.filename]'rng/runs/26_02_18_09_30/62-magic-drc/magic-drc.log'[/repr.filename]…
Running 'KLayout.DRC' at 'rng/runs/26_02_18_09_30/63-klayout-drc'…
Running KLayout DRC with 8 threads…
Logging subprocess to [repr.filename]'rng/runs/26_02_18_09_30/63-klayout-drc/klayout-drc.log'[/repr.filename]…
Logging subprocess to [repr.filename]'rng/runs/26_02_18_09_30/63-klayout-drc/xml_drc_report_to_json.log'[/repr.filename]…
Running 'Checker.MagicDRC' at 'rng/runs/26_02_18_09_30/64-checker-magicdrc'…
Check for Magic DRC errors clear.
Running 'Checker.KLayoutDRC' at 'rng/runs/26_02_18_09_30/65-checker-klayoutdrc'…
Check for KLayout DRC errors clear.
Running 'Magic.SpiceExtraction' at 'rng/runs/26_02_18_09_30/66-magic-spiceextraction'…
Logging subprocess to [repr.filename]'rng/runs/26_02_18_09_30/66-magic-spiceextraction/magic-spiceextraction.log'[/repr.filename]…
Running 'Checker.IllegalOverlap' at 'rng/runs/26_02_18_09_30/67-checker-illegaloverlap'…
Check for Magic Illegal Overlap errors clear.
Running 'Netgen.LVS' at 'rng/runs/26_02_18_09_30/68-netgen-lvs'…
Logging subprocess to [repr.filename]'rng/runs/26_02_18_09_30/68-netgen-lvs/netgen-lvs.log'[/repr.filename]…
Running 'Checker.LVS' at 'rng/runs/26_02_18_09_30/69-checker-lvs'…
Check for LVS errors clear.
Gating variable for step 'Yosys.EQY' set to 'False'- the step will be skipped.
Skipping step 'Equivalence Check'…
Running 'Checker.SetupViolations' at 'rng/runs/26_02_18_09_30/70-checker-setupviolations'…
No setup violations found
Running 'Checker.HoldViolations' at 'rng/runs/26_02_18_09_30/71-checker-holdviolations'…
No hold violations found
Running 'Checker.MaxSlewViolations' at 'rng/runs/26_02_18_09_30/72-checker-maxslewviolations'…
No max slew violations found
Running 'Checker.MaxCapViolations' at 'rng/runs/26_02_18_09_30/73-checker-maxcapviolations'…
No max cap violations found
Running 'Misc.ReportManufacturability' at 'rng/runs/26_02_18_09_30/74-misc-reportmanufacturability'…
Saving views to '/home/matheus/openframe_user_project/openlane/rng/runs/26_02_18_09_30/final'…
Flow complete.
