
===========================================================================
report_checks -unconstrained
===========================================================================
======================= nom_ff_n40C_1v95 Corner ===================================

Startpoint: rst_i (input port clocked by clk_i)
Endpoint: _231_ (recovery check against rising-edge clock clk_i)
Path Group: asynchronous
Path Type: max

Fanout         Cap        Slew       Delay        Time   Description
---------------------------------------------------------------------------------------------
                                  0.000000    0.000000   clock clk_i (rise edge)
                                  0.000000    0.000000   clock network delay (propagated)
                                625.000000  625.000000 ^ input external delay
     1    0.003343    0.015865    0.008640  625.008667 ^ rst_i (in)
                                                         rst_i (net)
                      0.015865    0.000000  625.008667 ^ input2/A (sky130_fd_sc_hd__clkbuf_1)
     1    0.004744    0.048236    0.059686  625.068298 ^ input2/X (sky130_fd_sc_hd__clkbuf_1)
                                                         net2 (net)
                      0.048236    0.000171  625.068481 ^ fanout19/A (sky130_fd_sc_hd__clkbuf_2)
     6    0.034020    0.144151    0.149953  625.218445 ^ fanout19/X (sky130_fd_sc_hd__clkbuf_2)
                                                         net19 (net)
                      0.144175    0.001535  625.219971 ^ fanout17/A (sky130_fd_sc_hd__clkbuf_4)
    10    0.054156    0.126968    0.184855  625.404846 ^ fanout17/X (sky130_fd_sc_hd__clkbuf_4)
                                                         net17 (net)
                      0.127054    0.001819  625.406677 ^ _231_/RESET_B (sky130_fd_sc_hd__dfrtp_4)
                                            625.406677   data arrival time

                               3125.000000 3125.000000   clock clk_i (rise edge)
                                  0.000000 3125.000000   clock source latency
     1    0.017199    0.062433    0.042519 3125.042480 ^ clk_i (in)
                                                         clk_i (net)
                      0.062443    0.000000 3125.042480 ^ clkbuf_0_clk_i/A (sky130_fd_sc_hd__clkbuf_16)
     4    0.042684    0.047111    0.107093 3125.149658 ^ clkbuf_0_clk_i/X (sky130_fd_sc_hd__clkbuf_16)
                                                         clknet_0_clk_i (net)
                      0.047129    0.000909 3125.150635 ^ clkbuf_2_2__f_clk_i/A (sky130_fd_sc_hd__clkbuf_16)
    10    0.036472    0.042631    0.099590 3125.250000 ^ clkbuf_2_2__f_clk_i/X (sky130_fd_sc_hd__clkbuf_16)
                                                         clknet_2_2__leaf_clk_i (net)
                      0.042674    0.000682 3125.250732 ^ _231_/CLK (sky130_fd_sc_hd__dfrtp_4)
                                 -0.250000 3125.000732   clock uncertainty
                                  0.000000 3125.000732   clock reconvergence pessimism
                                  0.102678 3125.103516   library recovery time
                                           3125.103516   data required time
---------------------------------------------------------------------------------------------
                                           3125.103516   data required time
                                           -625.406677   data arrival time
---------------------------------------------------------------------------------------------
                                           2499.696777   slack (MET)


Startpoint: _256_ (rising edge-triggered flip-flop clocked by clk_i)
Endpoint: num_to_send_o[1] (output port clocked by clk_i)
Path Group: clk_i
Path Type: max

Fanout         Cap        Slew       Delay        Time   Description
---------------------------------------------------------------------------------------------
                                  0.000000    0.000000   clock clk_i (rise edge)
                                  0.000000    0.000000   clock source latency
     1    0.017199    0.062433    0.042510    0.042510 ^ clk_i (in)
                                                         clk_i (net)
                      0.062443    0.000000    0.042510 ^ clkbuf_0_clk_i/A (sky130_fd_sc_hd__clkbuf_16)
     4    0.042684    0.047111    0.107133    0.149643 ^ clkbuf_0_clk_i/X (sky130_fd_sc_hd__clkbuf_16)
                                                         clknet_0_clk_i (net)
                      0.047136    0.000942    0.150586 ^ clkbuf_2_0__f_clk_i/A (sky130_fd_sc_hd__clkbuf_16)
    13    0.037026    0.042944    0.099520    0.250106 ^ clkbuf_2_0__f_clk_i/X (sky130_fd_sc_hd__clkbuf_16)
                                                         clknet_2_0__leaf_clk_i (net)
                      0.043015    0.001011    0.251117 ^ _256_/CLK (sky130_fd_sc_hd__dfrtp_1)
     5    0.017182    0.119306    0.268239    0.519356 ^ _256_/Q (sky130_fd_sc_hd__dfrtp_1)
                                                         net5 (net)
                      0.119308    0.000692    0.520048 ^ output5/A (sky130_fd_sc_hd__buf_2)
     1    0.034095    0.127531    0.158684    0.678731 ^ output5/X (sky130_fd_sc_hd__buf_2)
                                                         num_to_send_o[1] (net)
                      0.127533    0.000662    0.679394 ^ num_to_send_o[1] (out)
                                              0.679394   data arrival time

                               3125.000000 3125.000000   clock clk_i (rise edge)
                                  0.000000 3125.000000   clock network delay (propagated)
                                 -0.250000 3124.750000   clock uncertainty
                                  0.000000 3124.750000   clock reconvergence pessimism
                               -625.000000 2499.750000   output external delay
                                           2499.750000   data required time
---------------------------------------------------------------------------------------------
                                           2499.750000   data required time
                                             -0.679394   data arrival time
---------------------------------------------------------------------------------------------
                                           2499.070557   slack (MET)




===========================================================================
report_checks --slack_max -0.01
============================================================================
======================= nom_ff_n40C_1v95 Corner ===================================

No paths found.


===========================================================================
 report_check_types -max_slew -max_cap -max_fanout -violators
============================================================================
======================= nom_ff_n40C_1v95 Corner ===================================

max fanout

Pin                                   Limit Fanout  Slack
---------------------------------------------------------
clkbuf_2_0__f_clk_i/X                    10     13     -3 (VIOLATED)
clkbuf_2_1__f_clk_i/X                    10     13     -3 (VIOLATED)
clkbuf_2_3__f_clk_i/X                    10     11        (VIOLATED)



===========================================================================
report_parasitic_annotation -report_unannotated
============================================================================
Found 3 unannotated drivers.
 clkload0/X
 clkload1/Y
 clkload2/Y
Found 0 partially unannotated drivers.

===========================================================================
max slew violation count 0
max fanout violation count 3
max cap violation count 0
============================================================================

===========================================================================
check_setup -verbose -unconstrained_endpoints -multiple_clock -no_clock -no_input_delay -loops -generated_clocks
===========================================================================
Warning: There is 1 combinational loop in the design.
  _156_/Y
  _119_/B
  _119_/X
  _120_/A
  _120_/Y
  _156_/B1
  | loop cut point
  _156_/Y
  --------------------------------
