Clock: clk_i
Sources: clk_i 
Generated: no
Virtual: yes
Propagated: no
Period: 3125.000000

===========================================================================
report_clock_properties
============================================================================
Clock                   Period          Waveform
----------------------------------------------------
clk_i               3125.000000    0.0000001562.500000

===========================================================================
report_clock_latency
============================================================================
Clock clk_i
rise -> rise
    min     max
0.000000 0.000000 source latency
0.250697         network latency _269_/CLK
        0.255820 network latency _263_/CLK
---------------
0.250697 0.255820 latency
        0.005123 skew

fall -> fall
    min     max
0.000000 0.000000 source latency
0.232717         network latency _269_/CLK
        0.236923 network latency _239_/CLK
---------------
0.232717 0.236923 latency
        0.004206 skew



===========================================================================
report_clock_min_period
============================================================================
clk_i period_min = 2.22 fmax = 450.25
