┏━━━━━━━━━━━━━━━━━━━━━━┳━━━━━━━━━━┳━━━━━━━━━━┳━━━━━━━━━━┳━━━━━━━━━━┳━━━━━━━━━━━┳━━━━━━━━━━┳━━━━━━━━━━━┳━━━━━━━━━━┳━━━━━━━━━━━┳━━━━━━━━━━┳━━━━━━━━━━━┳━━━━━━━━━━┓
┃                      ┃ Hold     ┃ Reg to   ┃          ┃          ┃ of which  ┃ Setup    ┃           ┃          ┃           ┃ of which ┃           ┃          ┃
┃                      ┃ Worst    ┃ Reg      ┃          ┃ Hold Vio ┃ reg to    ┃ Worst    ┃ Reg to    ┃ Setup    ┃ Setup Vio ┃ reg to   ┃ Max Cap   ┃ Max Slew ┃
┃ Corner/Group         ┃ Slack    ┃ Paths    ┃ Hold TNS ┃ Count    ┃ reg       ┃ Slack    ┃ Reg Paths ┃ TNS      ┃ Count     ┃ reg      ┃ Violatio… ┃ Violati… ┃
┡━━━━━━━━━━━━━━━━━━━━━━╇━━━━━━━━━━╇━━━━━━━━━━╇━━━━━━━━━━╇━━━━━━━━━━╇━━━━━━━━━━━╇━━━━━━━━━━╇━━━━━━━━━━━╇━━━━━━━━━━╇━━━━━━━━━━━╇━━━━━━━━━━╇━━━━━━━━━━━╇━━━━━━━━━━┩
│ Overall              │ 0.1201   │ 0.1201   │ 0.0000   │ 0        │ 0         │ 2497.46… │ 3118.3667 │ 0.0000   │ 0         │ 0        │ 0         │ 0        │
│ nom_tt_025C_1v80     │ 0.3346   │ 0.3346   │ 0.0000   │ 0        │ 0         │ 2498.71… │ 3121.6555 │ 0.0000   │ 0         │ 0        │ 0         │ 0        │
│ nom_ss_100C_1v60     │ 0.9000   │ 0.9000   │ 0.0000   │ 0        │ 0         │ 2497.47… │ 3118.4233 │ 0.0000   │ 0         │ 0        │ 0         │ 0        │
│ nom_ff_n40C_1v95     │ 0.1239   │ 0.1239   │ 0.0000   │ 0        │ 0         │ 2499.08… │ 3122.8022 │ 0.0000   │ 0         │ 0        │ 0         │ 0        │
│ min_tt_025C_1v80     │ 0.3293   │ 0.3293   │ 0.0000   │ 0        │ 0         │ 2498.71… │ 3121.6895 │ 0.0000   │ 0         │ 0        │ 0         │ 0        │
│ min_ss_100C_1v60     │ 0.8901   │ 0.8901   │ 0.0000   │ 0        │ 0         │ 2497.47… │ 3118.4829 │ 0.0000   │ 0         │ 0        │ 0         │ 0        │
│ min_ff_n40C_1v95     │ 0.1201   │ 0.1201   │ 0.0000   │ 0        │ 0         │ 2499.09… │ 3122.8250 │ 0.0000   │ 0         │ 0        │ 0         │ 0        │
│ max_tt_025C_1v80     │ 0.3393   │ 0.3393   │ 0.0000   │ 0        │ 0         │ 2498.71… │ 3121.6240 │ 0.0000   │ 0         │ 0        │ 0         │ 0        │
│ max_ss_100C_1v60     │ 0.9085   │ 0.9085   │ 0.0000   │ 0        │ 0         │ 2497.46… │ 3118.3667 │ 0.0000   │ 0         │ 0        │ 0         │ 0        │
│ max_ff_n40C_1v95     │ 0.1273   │ 0.1273   │ 0.0000   │ 0        │ 0         │ 2499.07… │ 3122.7805 │ 0.0000   │ 0         │ 0        │ 0         │ 0        │
└──────────────────────┴──────────┴──────────┴──────────┴──────────┴───────────┴──────────┴───────────┴──────────┴───────────┴──────────┴───────────┴──────────┘
