
===========================================================================
report_checks -unconstrained
===========================================================================
======================= max_ff_n40C_1v95 Corner ===================================

Startpoint: rst_i (input port clocked by clk_i)
Endpoint: _231_ (recovery check against rising-edge clock clk_i)
Path Group: asynchronous
Path Type: max

Fanout         Cap        Slew       Delay        Time   Description
---------------------------------------------------------------------------------------------
                                  0.000000    0.000000   clock clk_i (rise edge)
                                  0.000000    0.000000   clock network delay (propagated)
                                625.000000  625.000000 ^ input external delay
     1    0.003446    0.016235    0.008981  625.008972 ^ rst_i (in)
                                                         rst_i (net)
                      0.016237    0.000000  625.008972 ^ input2/A (sky130_fd_sc_hd__clkbuf_1)
     1    0.004829    0.048977    0.060197  625.069153 ^ input2/X (sky130_fd_sc_hd__clkbuf_1)
                                                         net2 (net)
                      0.048980    0.000341  625.069519 ^ fanout19/A (sky130_fd_sc_hd__clkbuf_2)
     6    0.035583    0.150020    0.153818  625.223328 ^ fanout19/X (sky130_fd_sc_hd__clkbuf_2)
                                                         net19 (net)
                      0.150098    0.002785  625.226135 ^ fanout17/A (sky130_fd_sc_hd__clkbuf_4)
    10    0.055461    0.130467    0.186333  625.412476 ^ fanout17/X (sky130_fd_sc_hd__clkbuf_4)
                                                         net17 (net)
                      0.130626    0.003752  625.416199 ^ _231_/RESET_B (sky130_fd_sc_hd__dfrtp_4)
                                            625.416199   data arrival time

                               3125.000000 3125.000000   clock clk_i (rise edge)
                                  0.000000 3125.000000   clock source latency
     1    0.018112    0.065468    0.044793 3125.044922 ^ clk_i (in)
                                                         clk_i (net)
                      0.065486    0.000000 3125.044922 ^ clkbuf_0_clk_i/A (sky130_fd_sc_hd__clkbuf_16)
     4    0.044000    0.048089    0.108230 3125.153076 ^ clkbuf_0_clk_i/X (sky130_fd_sc_hd__clkbuf_16)
                                                         clknet_0_clk_i (net)
                      0.048253    0.001819 3125.154785 ^ clkbuf_2_2__f_clk_i/A (sky130_fd_sc_hd__clkbuf_16)
    10    0.037308    0.043099    0.100044 3125.254883 ^ clkbuf_2_2__f_clk_i/X (sky130_fd_sc_hd__clkbuf_16)
                                                         clknet_2_2__leaf_clk_i (net)
                      0.043373    0.001819 3125.256836 ^ _231_/CLK (sky130_fd_sc_hd__dfrtp_4)
                                 -0.250000 3125.006592   clock uncertainty
                                  0.000000 3125.006592   clock reconvergence pessimism
                                  0.101661 3125.108154   library recovery time
                                           3125.108154   data required time
---------------------------------------------------------------------------------------------
                                           3125.108154   data required time
                                           -625.416199   data arrival time
---------------------------------------------------------------------------------------------
                                           2499.692139   slack (MET)


Startpoint: _255_ (rising edge-triggered flip-flop clocked by clk_i)
Endpoint: num_to_send_o[0] (output port clocked by clk_i)
Path Group: clk_i
Path Type: max

Fanout         Cap        Slew       Delay        Time   Description
---------------------------------------------------------------------------------------------
                                  0.000000    0.000000   clock clk_i (rise edge)
                                  0.000000    0.000000   clock source latency
     1    0.018112    0.065468    0.044830    0.044830 ^ clk_i (in)
                                                         clk_i (net)
                      0.065486    0.000000    0.044830 ^ clkbuf_0_clk_i/A (sky130_fd_sc_hd__clkbuf_16)
     4    0.044000    0.048089    0.108181    0.153011 ^ clkbuf_0_clk_i/X (sky130_fd_sc_hd__clkbuf_16)
                                                         clknet_0_clk_i (net)
                      0.048278    0.002080    0.155090 ^ clkbuf_2_0__f_clk_i/A (sky130_fd_sc_hd__clkbuf_16)
    13    0.038112    0.043562    0.099649    0.254740 ^ clkbuf_2_0__f_clk_i/X (sky130_fd_sc_hd__clkbuf_16)
                                                         clknet_2_0__leaf_clk_i (net)
                      0.044231    0.004119    0.258859 ^ _255_/CLK (sky130_fd_sc_hd__dfrtp_1)
     5    0.017122    0.118679    0.267657    0.526516 ^ _255_/Q (sky130_fd_sc_hd__dfrtp_1)
                                                         net4 (net)
                      0.118686    0.001035    0.527551 ^ output4/A (sky130_fd_sc_hd__buf_2)
     1    0.034399    0.128714    0.158653    0.686205 ^ output4/X (sky130_fd_sc_hd__buf_2)
                                                         num_to_send_o[0] (net)
                      0.128784    0.001597    0.687801 ^ num_to_send_o[0] (out)
                                              0.687801   data arrival time

                               3125.000000 3125.000000   clock clk_i (rise edge)
                                  0.000000 3125.000000   clock network delay (propagated)
                                 -0.250000 3124.750000   clock uncertainty
                                  0.000000 3124.750000   clock reconvergence pessimism
                               -625.000000 2499.750000   output external delay
                                           2499.750000   data required time
---------------------------------------------------------------------------------------------
                                           2499.750000   data required time
                                             -0.687801   data arrival time
---------------------------------------------------------------------------------------------
                                           2499.062012   slack (MET)




===========================================================================
report_checks --slack_max -0.01
============================================================================
======================= max_ff_n40C_1v95 Corner ===================================

No paths found.


===========================================================================
 report_check_types -max_slew -max_cap -max_fanout -violators
============================================================================
======================= max_ff_n40C_1v95 Corner ===================================

max fanout

Pin                                   Limit Fanout  Slack
---------------------------------------------------------
clkbuf_2_0__f_clk_i/X                    10     13     -3 (VIOLATED)
clkbuf_2_1__f_clk_i/X                    10     13     -3 (VIOLATED)
clkbuf_2_3__f_clk_i/X                    10     11        (VIOLATED)



===========================================================================
report_parasitic_annotation -report_unannotated
============================================================================
Found 3 unannotated drivers.
 clkload0/X
 clkload1/Y
 clkload2/Y
Found 0 partially unannotated drivers.

===========================================================================
max slew violation count 0
max fanout violation count 3
max cap violation count 0
============================================================================

===========================================================================
check_setup -verbose -unconstrained_endpoints -multiple_clock -no_clock -no_input_delay -loops -generated_clocks
===========================================================================
Warning: There is 1 combinational loop in the design.
  _156_/Y
  _119_/B
  _119_/X
  _120_/A
  _120_/Y
  _156_/B1
  | loop cut point
  _156_/Y
  --------------------------------
