Clock: clk_i
Sources: clk_i 
Generated: no
Virtual: yes
Propagated: no
Period: 3125.000000

===========================================================================
report_clock_properties
============================================================================
Clock                   Period          Waveform
----------------------------------------------------
clk_i               3125.000000    0.0000001562.500000

===========================================================================
report_clock_latency
============================================================================
Clock clk_i
rise -> rise
    min     max
0.000000 0.000000 source latency
0.256342         network latency _249_/CLK
        0.262663 network latency _239_/CLK
---------------
0.256342 0.262663 latency
        0.006322 skew

fall -> fall
    min     max
0.000000 0.000000 source latency
0.236810         network latency _249_/CLK
        0.242039 network latency _239_/CLK
---------------
0.236810 0.242039 latency
        0.005230 skew



===========================================================================
report_clock_min_period
============================================================================
clk_i period_min = 2.24 fmax = 445.55
