
===========================================================================
 report_power
============================================================================
======================= max_ff_n40C_1v95 Corner ===================================

Group                    Internal    Switching      Leakage        Total
                            Power        Power        Power        Power (Watts)
------------------------------------------------------------------------
Sequential           9.687116e-07 2.760391e-07 6.569881e-10 1.245408e-06  31.0%
Combinational        1.187394e-06 8.909646e-07 1.933990e-09 2.080292e-06  51.9%
Clock                4.385637e-07 2.467564e-07 5.971904e-10 6.859173e-07  17.1%
Macro                0.000000e+00 0.000000e+00 0.000000e+00 0.000000e+00   0.0%
Pad                  0.000000e+00 0.000000e+00 0.000000e+00 0.000000e+00   0.0%
------------------------------------------------------------------------
Total                2.594669e-06 1.413760e-06 3.188168e-09 4.011618e-06 100.0%
                            64.7%        35.2%         0.1%

