Clock: clk_i
Sources: clk_i 
Generated: no
Virtual: yes
Propagated: no
Period: 3125.000000

===========================================================================
report_clock_properties
============================================================================
Clock                   Period          Waveform
----------------------------------------------------
clk_i               3125.000000    0.0000001562.500000

===========================================================================
report_clock_latency
============================================================================
Clock clk_i
rise -> rise
    min     max
0.000000 0.000000 source latency
0.340674         network latency _166_/CLK
        0.344725 network latency _179_/CLK
---------------
0.340674 0.344725 latency
        0.004051 skew

fall -> fall
    min     max
0.000000 0.000000 source latency
0.327191         network latency _166_/CLK
        0.331283 network latency _179_/CLK
---------------
0.327191 0.331283 latency
        0.004093 skew



===========================================================================
report_clock_min_period
============================================================================
clk_i period_min = 3.20 fmax = 312.83
