
===========================================================================
 report_power
============================================================================
======================= nom_tt_025C_1v80 Corner ===================================

Group                    Internal    Switching      Leakage        Total
                            Power        Power        Power        Power (Watts)
------------------------------------------------------------------------
Sequential           6.803378e-07 1.752863e-07 4.096236e-10 8.560337e-07  33.0%
Combinational        7.821363e-07 4.854862e-07 5.041343e-10 1.268127e-06  48.9%
Clock                3.013232e-07 1.697088e-07 2.193150e-10 4.712513e-07  18.2%
Macro                0.000000e+00 0.000000e+00 0.000000e+00 0.000000e+00   0.0%
Pad                  0.000000e+00 0.000000e+00 0.000000e+00 0.000000e+00   0.0%
------------------------------------------------------------------------
Total                1.763797e-06 8.304814e-07 1.133073e-09 2.595411e-06 100.0%
                            68.0%        32.0%         0.0%

