Clock: clk_i
Sources: clk_i 
Generated: no
Virtual: yes
Propagated: no
Period: 3125.000000

===========================================================================
report_clock_properties
============================================================================
Clock                   Period          Waveform
----------------------------------------------------
clk_i               3125.000000    0.0000001562.500000

===========================================================================
report_clock_latency
============================================================================
Clock clk_i
rise -> rise
    min     max
0.000000 0.000000 source latency
0.347045         network latency _160_/CLK
        0.350417 network latency _175_/CLK
---------------
0.347045 0.350417 latency
        0.003373 skew

fall -> fall
    min     max
0.000000 0.000000 source latency
0.331283         network latency _160_/CLK
        0.334808 network latency _175_/CLK
---------------
0.331283 0.334808 latency
        0.003524 skew



===========================================================================
report_clock_min_period
============================================================================
clk_i period_min = 3.38 fmax = 296.20
