
===========================================================================
report_checks -unconstrained
===========================================================================
======================= min_tt_025C_1v80 Corner ===================================

Startpoint: rst_i (input port clocked by clk_i)
Endpoint: _164_ (recovery check against rising-edge clock clk_i)
Path Group: asynchronous
Path Type: max

Fanout         Cap        Slew       Delay        Time   Description
---------------------------------------------------------------------------------------------
                                  0.000000    0.000000   clock clk_i (rise edge)
                                  0.000000    0.000000   clock network delay (propagated)
                                625.000000  625.000000 ^ input external delay
     1    0.002580    0.018797    0.009550  625.009521 ^ rst_i (in)
                                                         rst_i (net)
                      0.018797    0.000000  625.009521 ^ input2/A (sky130_fd_sc_hd__buf_1)
     2    0.008889    0.112042    0.119940  625.129517 ^ input2/X (sky130_fd_sc_hd__buf_1)
                                                         net2 (net)
                      0.112043    0.000171  625.129639 ^ fanout16/A (sky130_fd_sc_hd__buf_2)
     8    0.038171    0.188415    0.235332  625.364990 ^ fanout16/X (sky130_fd_sc_hd__buf_2)
                                                         net16 (net)
                      0.188484    0.001251  625.366272 ^ fanout15/A (sky130_fd_sc_hd__clkbuf_4)
    10    0.043449    0.138462    0.255227  625.621460 ^ fanout15/X (sky130_fd_sc_hd__clkbuf_4)
                                                         net15 (net)
                      0.138462    0.000227  625.621704 ^ _164_/RESET_B (sky130_fd_sc_hd__dfrtp_2)
                                            625.621704   data arrival time

                               3125.000000 3125.000000   clock clk_i (rise edge)
                                  0.000000 3125.000000   clock source latency
     1    0.013907    0.068548    0.046612 3125.046631 ^ clk_i (in)
                                                         clk_i (net)
                      0.068549    0.000000 3125.046631 ^ clkbuf_0_clk_i/A (sky130_fd_sc_hd__clkbuf_16)
     4    0.040451    0.060192    0.150749 3125.197266 ^ clkbuf_0_clk_i/X (sky130_fd_sc_hd__clkbuf_16)
                                                         clknet_0_clk_i (net)
                      0.060195    0.000455 3125.197754 ^ clkbuf_2_2__f_clk_i/A (sky130_fd_sc_hd__clkbuf_16)
    11    0.029438    0.050571    0.139607 3125.337402 ^ clkbuf_2_2__f_clk_i/X (sky130_fd_sc_hd__clkbuf_16)
                                                         clknet_2_2__leaf_clk_i (net)
                      0.050571    0.000455 3125.337891 ^ _164_/CLK (sky130_fd_sc_hd__dfrtp_2)
                                 -0.250000 3125.087891   clock uncertainty
                                  0.000000 3125.087891   clock reconvergence pessimism
                                  0.193032 3125.280762   library recovery time
                                           3125.280762   data required time
---------------------------------------------------------------------------------------------
                                           3125.280762   data required time
                                           -625.621704   data arrival time
---------------------------------------------------------------------------------------------
                                           2499.659180   slack (MET)


Startpoint: _187_ (rising edge-triggered flip-flop clocked by clk_i)
Endpoint: num_to_send_o[2] (output port clocked by clk_i)
Path Group: clk_i
Path Type: max

Fanout         Cap        Slew       Delay        Time   Description
---------------------------------------------------------------------------------------------
                                  0.000000    0.000000   clock clk_i (rise edge)
                                  0.000000    0.000000   clock source latency
     1    0.013907    0.068548    0.046591    0.046591 ^ clk_i (in)
                                                         clk_i (net)
                      0.068549    0.000000    0.046591 ^ clkbuf_0_clk_i/A (sky130_fd_sc_hd__clkbuf_16)
     4    0.040451    0.060192    0.150838    0.197429 ^ clkbuf_0_clk_i/X (sky130_fd_sc_hd__clkbuf_16)
                                                         clknet_0_clk_i (net)
                      0.060198    0.000577    0.198006 ^ clkbuf_2_0__f_clk_i/A (sky130_fd_sc_hd__clkbuf_16)
    11    0.030893    0.051782    0.140536    0.338542 ^ clkbuf_2_0__f_clk_i/X (sky130_fd_sc_hd__clkbuf_16)
                                                         clknet_2_0__leaf_clk_i (net)
                      0.051787    0.000914    0.339457 ^ _187_/CLK (sky130_fd_sc_hd__dfrtp_1)
     5    0.014460    0.136829    0.392707    0.732163 ^ _187_/Q (sky130_fd_sc_hd__dfrtp_1)
                                                         net6 (net)
                      0.136829    0.000255    0.732418 ^ output6/A (sky130_fd_sc_hd__buf_2)
     1    0.033931    0.168942    0.229745    0.962163 ^ output6/X (sky130_fd_sc_hd__buf_2)
                                                         num_to_send_o[2] (net)
                      0.168942    0.000165    0.962328 ^ num_to_send_o[2] (out)
                                              0.962328   data arrival time

                               3125.000000 3125.000000   clock clk_i (rise edge)
                                  0.000000 3125.000000   clock network delay (propagated)
                                 -0.250000 3124.750000   clock uncertainty
                                  0.000000 3124.750000   clock reconvergence pessimism
                               -625.000000 2499.750000   output external delay
                                           2499.750000   data required time
---------------------------------------------------------------------------------------------
                                           2499.750000   data required time
                                             -0.962328   data arrival time
---------------------------------------------------------------------------------------------
                                           2498.787598   slack (MET)




===========================================================================
report_checks --slack_max -0.01
============================================================================
======================= min_tt_025C_1v80 Corner ===================================

No paths found.


===========================================================================
 report_check_types -max_slew -max_cap -max_fanout -violators
============================================================================
======================= min_tt_025C_1v80 Corner ===================================

max fanout

Pin                                   Limit Fanout  Slack
---------------------------------------------------------
clkbuf_2_0__f_clk_i/X                    10     11        (VIOLATED)
clkbuf_2_2__f_clk_i/X                    10     11        (VIOLATED)



===========================================================================
report_parasitic_annotation -report_unannotated
============================================================================
Found 3 unannotated drivers.
 clkload0/X
 clkload1/Y
 clkload2/Y
Found 0 partially unannotated drivers.

===========================================================================
max slew violation count 0
max fanout violation count 2
max cap violation count 0
============================================================================

===========================================================================
check_setup -verbose -unconstrained_endpoints -multiple_clock -no_clock -no_input_delay -loops -generated_clocks
===========================================================================
