Clock: clk_i
Sources: clk_i 
Generated: no
Virtual: yes
Propagated: no
Period: 3125.000000

===========================================================================
report_clock_properties
============================================================================
Clock                   Period          Waveform
----------------------------------------------------
clk_i               3125.000000    0.0000001562.500000

===========================================================================
report_clock_latency
============================================================================
Clock clk_i
rise -> rise
    min     max
0.000000 0.000000 source latency
0.336136         network latency _166_/CLK
        0.339595 network latency _179_/CLK
---------------
0.336136 0.339595 latency
        0.003459 skew

fall -> fall
    min     max
0.000000 0.000000 source latency
0.324121         network latency _166_/CLK
        0.327873 network latency _179_/CLK
---------------
0.324121 0.327873 latency
        0.003752 skew



===========================================================================
report_clock_min_period
============================================================================
clk_i period_min = 3.17 fmax = 315.27
