Release 14.7 - xst P.20131013 (lin64)
Copyright (c) 1995-2013 Xilinx, Inc.  All rights reserved.
--> 
Parameter TMPDIR set to xst/projnav.tmp


Total REAL time to Xst completion: 0.00 secs
Total CPU time to Xst completion: 0.04 secs
 
--> 
Parameter xsthdpdir set to xst


Total REAL time to Xst completion: 0.00 secs
Total CPU time to Xst completion: 0.04 secs
 
--> 
Reading design: rng_top.prj

TABLE OF CONTENTS
  1) Synthesis Options Summary
  2) HDL Compilation
  3) Design Hierarchy Analysis
  4) HDL Analysis
  5) HDL Synthesis
     5.1) HDL Synthesis Report
  6) Advanced HDL Synthesis
     6.1) Advanced HDL Synthesis Report
  7) Low Level Synthesis
  8) Partition Report
  9) Final Report
	9.1) Device utilization summary
	9.2) Partition Resource Summary
	9.3) TIMING REPORT


=========================================================================
*                      Synthesis Options Summary                        *
=========================================================================
---- Source Parameters
Input File Name                    : "rng_top.prj"
Input Format                       : mixed
Ignore Synthesis Constraint File   : NO

---- Target Parameters
Output File Name                   : "rng_top"
Output Format                      : NGC
Target Device                      : xc3s500e-4-fg320

---- Source Options
Top Module Name                    : rng_top
Automatic FSM Extraction           : YES
FSM Encoding Algorithm             : Auto
Safe Implementation                : No
FSM Style                          : LUT
RAM Extraction                     : Yes
RAM Style                          : Auto
ROM Extraction                     : Yes
Mux Style                          : Auto
Decoder Extraction                 : YES
Priority Encoder Extraction        : Yes
Shift Register Extraction          : YES
Logical Shifter Extraction         : YES
XOR Collapsing                     : YES
ROM Style                          : Auto
Mux Extraction                     : Yes
Resource Sharing                   : YES
Asynchronous To Synchronous        : NO
Multiplier Style                   : Auto
Automatic Register Balancing       : No

---- Target Options
Add IO Buffers                     : YES
Global Maximum Fanout              : 500
Add Generic Clock Buffer(BUFG)     : 24
Register Duplication               : YES
Slice Packing                      : YES
Optimize Instantiated Primitives   : NO
Use Clock Enable                   : Yes
Use Synchronous Set                : Yes
Use Synchronous Reset              : Yes
Pack IO Registers into IOBs        : Auto
Equivalent register Removal        : YES

---- General Options
Optimization Goal                  : Speed
Optimization Effort                : 1
Keep Hierarchy                     : No
Netlist Hierarchy                  : As_Optimized
RTL Output                         : Yes
Global Optimization                : AllClockNets
Read Cores                         : YES
Write Timing Constraints           : NO
Cross Clock Analysis               : NO
Hierarchy Separator                : /
Bus Delimiter                      : <>
Case Specifier                     : Maintain
Slice Utilization Ratio            : 100
BRAM Utilization Ratio             : 100
Verilog 2001                       : YES
Auto BRAM Packing                  : NO
Slice Utilization Ratio Delta      : 5

=========================================================================


=========================================================================
*                          HDL Compilation                              *
=========================================================================
Compiling verilog file "../src/rng_data_path_counter.v" in library work
Compiling verilog file "../src/rng_selector.v" in library work
Module <rng_data_path_counter> compiled
Compiling verilog file "../src/rng_hs_dup_detector.v" in library work
Module <rng_selector> compiled
Compiling verilog file "../src/rng_data_path.v" in library work
Module <rng_hs_dup_detector> compiled
Compiling verilog include file "../src/rng_data_base.vh"
Compiling verilog file "../src/rng_top.v" in library work
Module <rng_data_path> compiled
Module <rng_top> compiled
No errors in compilation
Analysis of file <"rng_top.prj"> succeeded.
 

=========================================================================
*                     Design Hierarchy Analysis                         *
=========================================================================
Analyzing hierarchy for module <rng_top> in library <work> with parameters.
	COUNT_WIDTH = "00000000000000000000000000000101"
	DEPTH = "00000000000000000000000001001000"
	SD_T_TOT_NUMB = "00000000000000000000000000011111"
	SEED_TOT_NUMB = "00000000000000000000000000100000"
	T_COUNT_WID = "00000000000000000000000000000100"
	T_DEPTH = "00000000000000000000000001000111"
	T_WIDTH = "00000000000000000000000000000010"
	WIDTH = "00000000000000000000000000000011"

Analyzing hierarchy for module <rng_data_path> in library <work> with parameters.
	COUNT_WIDTH = "00000000000000000000000000000101"
	DEPTH = "00000000000000000000000001001000"
	IDLE = "00000000000000000000000000000000"
	SD_T_TOT_NUMB = "00000000000000000000000000011111"
	SEED_TOT_NUMB = "00000000000000000000000000100000"
	SEND = "00000000000000000000000000000001"
	T_COUNT_WID = "00000000000000000000000000000100"
	T_DEPTH = "00000000000000000000000001000111"
	T_WIDTH = "00000000000000000000000000000010"
	WIDTH = "00000000000000000000000000000011"
	position_s1_00 = "111"
	position_s1_01 = "110"
	position_s1_02 = "001"
	position_s1_03 = "101"
	position_s1_04 = "000"
	position_s1_05 = "010"
	position_s1_06 = "100"
	position_s1_07 = "011"
	position_s2_00 = "101"
	position_s2_01 = "000"
	position_s2_02 = "111"
	position_s2_03 = "001"
	position_s2_04 = "011"
	position_s2_05 = "100"
	position_s2_06 = "010"
	position_s2_07 = "110"
	position_s3_00 = "010"
	position_s3_01 = "011"
	position_s3_02 = "000"
	position_s3_03 = "001"
	position_s3_04 = "101"
	position_s3_05 = "100"
	position_s3_06 = "110"
	position_s3_07 = "111"
	position_s4_00 = "011"
	position_s4_01 = "010"
	position_s4_02 = "001"
	position_s4_03 = "110"
	position_s4_04 = "000"
	position_s4_05 = "101"
	position_s4_06 = "100"
	position_s4_07 = "111"
	seed1_00 = "000"
	seed1_01 = "001"
	seed1_02 = "010"
	seed1_03 = "011"
	seed1_04 = "100"
	seed1_05 = "101"
	seed1_06 = "110"
	seed1_07 = "111"
	seed1_now = "00"
	seed2_now = "01"
	seed3_now = "10"
	seed4_now = "11"

Analyzing hierarchy for module <rng_selector> in library <work> with parameters.
	COUNT_WIDTH = "00000000000000000000000000000101"
	DEPTH = "00000000000000000000000001001000"
	SD_T_TOT_NUMB = "00000000000000000000000000011111"
	SEED_TOT_NUMB = "00000000000000000000000000100000"
	T_COUNT_WID = "00000000000000000000000000000100"
	T_DEPTH = "00000000000000000000000001000111"
	T_WIDTH = "00000000000000000000000000000010"
	WIDTH = "00000000000000000000000000000011"
	seed_1 = "00"
	seed_2 = "01"
	seed_3 = "10"
	seed_4 = "11"

Analyzing hierarchy for module <rng_hs_dup_detector> in library <work> with parameters.
	COUNT_WIDTH = "00000000000000000000000000000101"
	DEPTH = "00000000000000000000000001001000"
	SD_T_TOT_NUMB = "00000000000000000000000000011111"
	SEED_TOT_NUMB = "00000000000000000000000000100000"
	T_COUNT_WID = "00000000000000000000000000000100"
	T_DEPTH = "00000000000000000000000001000111"
	T_WIDTH = "00000000000000000000000000000010"
	WIDTH = "00000000000000000000000000000011"

Analyzing hierarchy for module <rng_data_path_counter> in library <work> with parameters.
	COUNT_WIDTH = "00000000000000000000000000000101"
	DEPTH = "00000000000000000000000001001000"
	SD_T_TOT_NUMB = "00000000000000000000000000011111"
	SEED_TOT_NUMB = "00000000000000000000000000100000"
	T_COUNT_WID = "00000000000000000000000000000100"
	T_DEPTH = "00000000000000000000000001000111"
	T_WIDTH = "00000000000000000000000000000010"
	WIDTH = "00000000000000000000000000000011"


=========================================================================
*                            HDL Analysis                               *
=========================================================================
Analyzing top module <rng_top>.
	COUNT_WIDTH = 32'sb00000000000000000000000000000101
	DEPTH = 32'sb00000000000000000000000001001000
	SD_T_TOT_NUMB = 32'sb00000000000000000000000000011111
	SEED_TOT_NUMB = 32'sb00000000000000000000000000100000
	T_COUNT_WID = 32'sb00000000000000000000000000000100
	T_DEPTH = 32'sb00000000000000000000000001000111
	T_WIDTH = 32'sb00000000000000000000000000000010
	WIDTH = 32'sb00000000000000000000000000000011
Module <rng_top> is correct for synthesis.
 
Analyzing module <rng_data_path> in library <work>.
	COUNT_WIDTH = 32'sb00000000000000000000000000000101
	DEPTH = 32'sb00000000000000000000000001001000
	IDLE = 32'sb00000000000000000000000000000000
	SD_T_TOT_NUMB = 32'sb00000000000000000000000000011111
	SEED_TOT_NUMB = 32'sb00000000000000000000000000100000
	SEND = 32'sb00000000000000000000000000000001
	T_COUNT_WID = 32'sb00000000000000000000000000000100
	T_DEPTH = 32'sb00000000000000000000000001000111
	T_WIDTH = 32'sb00000000000000000000000000000010
	WIDTH = 32'sb00000000000000000000000000000011
	position_s1_00 = 3'b111
	position_s1_01 = 3'b110
	position_s1_02 = 3'b001
	position_s1_03 = 3'b101
	position_s1_04 = 3'b000
	position_s1_05 = 3'b010
	position_s1_06 = 3'b100
	position_s1_07 = 3'b011
	position_s2_00 = 3'b101
	position_s2_01 = 3'b000
	position_s2_02 = 3'b111
	position_s2_03 = 3'b001
	position_s2_04 = 3'b011
	position_s2_05 = 3'b100
	position_s2_06 = 3'b010
	position_s2_07 = 3'b110
	position_s3_00 = 3'b010
	position_s3_01 = 3'b011
	position_s3_02 = 3'b000
	position_s3_03 = 3'b001
	position_s3_04 = 3'b101
	position_s3_05 = 3'b100
	position_s3_06 = 3'b110
	position_s3_07 = 3'b111
	position_s4_00 = 3'b011
	position_s4_01 = 3'b010
	position_s4_02 = 3'b001
	position_s4_03 = 3'b110
	position_s4_04 = 3'b000
	position_s4_05 = 3'b101
	position_s4_06 = 3'b100
	position_s4_07 = 3'b111
	seed1_00 = 3'b000
	seed1_01 = 3'b001
	seed1_02 = 3'b010
	seed1_03 = 3'b011
	seed1_04 = 3'b100
	seed1_05 = 3'b101
	seed1_06 = 3'b110
	seed1_07 = 3'b111
	seed1_now = 2'b00
	seed2_now = 2'b01
	seed3_now = 2'b10
	seed4_now = 2'b11
	Calling function <num_selector>.
Module <rng_data_path> is correct for synthesis.
 
Analyzing module <rng_data_path_counter> in library <work>.
	COUNT_WIDTH = 32'sb00000000000000000000000000000101
	DEPTH = 32'sb00000000000000000000000001001000
	SD_T_TOT_NUMB = 32'sb00000000000000000000000000011111
	SEED_TOT_NUMB = 32'sb00000000000000000000000000100000
	T_COUNT_WID = 32'sb00000000000000000000000000000100
	T_DEPTH = 32'sb00000000000000000000000001000111
	T_WIDTH = 32'sb00000000000000000000000000000010
	WIDTH = 32'sb00000000000000000000000000000011
Module <rng_data_path_counter> is correct for synthesis.
 
Analyzing module <rng_selector> in library <work>.
	COUNT_WIDTH = 32'sb00000000000000000000000000000101
	DEPTH = 32'sb00000000000000000000000001001000
	SD_T_TOT_NUMB = 32'sb00000000000000000000000000011111
	SEED_TOT_NUMB = 32'sb00000000000000000000000000100000
	T_COUNT_WID = 32'sb00000000000000000000000000000100
	T_DEPTH = 32'sb00000000000000000000000001000111
	T_WIDTH = 32'sb00000000000000000000000000000010
	WIDTH = 32'sb00000000000000000000000000000011
	seed_1 = 2'b00
	seed_2 = 2'b01
	seed_3 = 2'b10
	seed_4 = 2'b11
Module <rng_selector> is correct for synthesis.
 
Analyzing module <rng_hs_dup_detector> in library <work>.
	COUNT_WIDTH = 32'sb00000000000000000000000000000101
	DEPTH = 32'sb00000000000000000000000001001000
	SD_T_TOT_NUMB = 32'sb00000000000000000000000000011111
	SEED_TOT_NUMB = 32'sb00000000000000000000000000100000
	T_COUNT_WID = 32'sb00000000000000000000000000000100
	T_DEPTH = 32'sb00000000000000000000000001000111
	T_WIDTH = 32'sb00000000000000000000000000000010
	WIDTH = 32'sb00000000000000000000000000000011
Module <rng_hs_dup_detector> is correct for synthesis.
 

=========================================================================
*                           HDL Synthesis                               *
=========================================================================

Performing bidirectional port resolution...
INFO:Xst:2679 - Register <i> in unit <rng_hs_dup_detector> has a constant value of 100000 during circuit operation. The register is replaced by logic.
INFO:Xst:2679 - Register <vld<31>> in unit <rng_hs_dup_detector> has a constant value of 0 during circuit operation. The register is replaced by logic.
INFO:Xst:2679 - Register <vld<30>> in unit <rng_hs_dup_detector> has a constant value of 0 during circuit operation. The register is replaced by logic.
INFO:Xst:2679 - Register <vld<29>> in unit <rng_hs_dup_detector> has a constant value of 0 during circuit operation. The register is replaced by logic.
INFO:Xst:2679 - Register <vld<28>> in unit <rng_hs_dup_detector> has a constant value of 0 during circuit operation. The register is replaced by logic.
INFO:Xst:2679 - Register <vld<27>> in unit <rng_hs_dup_detector> has a constant value of 0 during circuit operation. The register is replaced by logic.
INFO:Xst:2679 - Register <vld<26>> in unit <rng_hs_dup_detector> has a constant value of 0 during circuit operation. The register is replaced by logic.
INFO:Xst:2679 - Register <vld<25>> in unit <rng_hs_dup_detector> has a constant value of 0 during circuit operation. The register is replaced by logic.
INFO:Xst:2679 - Register <vld<24>> in unit <rng_hs_dup_detector> has a constant value of 0 during circuit operation. The register is replaced by logic.
INFO:Xst:2679 - Register <vld<23>> in unit <rng_hs_dup_detector> has a constant value of 0 during circuit operation. The register is replaced by logic.
INFO:Xst:2679 - Register <vld<22>> in unit <rng_hs_dup_detector> has a constant value of 0 during circuit operation. The register is replaced by logic.
INFO:Xst:2679 - Register <vld<21>> in unit <rng_hs_dup_detector> has a constant value of 0 during circuit operation. The register is replaced by logic.
INFO:Xst:2679 - Register <vld<20>> in unit <rng_hs_dup_detector> has a constant value of 0 during circuit operation. The register is replaced by logic.
INFO:Xst:2679 - Register <vld<19>> in unit <rng_hs_dup_detector> has a constant value of 0 during circuit operation. The register is replaced by logic.
INFO:Xst:2679 - Register <vld<18>> in unit <rng_hs_dup_detector> has a constant value of 0 during circuit operation. The register is replaced by logic.
INFO:Xst:2679 - Register <vld<17>> in unit <rng_hs_dup_detector> has a constant value of 0 during circuit operation. The register is replaced by logic.
INFO:Xst:2679 - Register <vld<16>> in unit <rng_hs_dup_detector> has a constant value of 0 during circuit operation. The register is replaced by logic.
INFO:Xst:2679 - Register <vld<15>> in unit <rng_hs_dup_detector> has a constant value of 0 during circuit operation. The register is replaced by logic.
INFO:Xst:2679 - Register <vld<14>> in unit <rng_hs_dup_detector> has a constant value of 0 during circuit operation. The register is replaced by logic.
INFO:Xst:2679 - Register <vld<13>> in unit <rng_hs_dup_detector> has a constant value of 0 during circuit operation. The register is replaced by logic.
INFO:Xst:2679 - Register <vld<12>> in unit <rng_hs_dup_detector> has a constant value of 0 during circuit operation. The register is replaced by logic.
INFO:Xst:2679 - Register <vld<11>> in unit <rng_hs_dup_detector> has a constant value of 0 during circuit operation. The register is replaced by logic.
INFO:Xst:2679 - Register <vld<10>> in unit <rng_hs_dup_detector> has a constant value of 0 during circuit operation. The register is replaced by logic.
INFO:Xst:2679 - Register <vld<9>> in unit <rng_hs_dup_detector> has a constant value of 0 during circuit operation. The register is replaced by logic.
INFO:Xst:2679 - Register <vld<8>> in unit <rng_hs_dup_detector> has a constant value of 0 during circuit operation. The register is replaced by logic.
INFO:Xst:2679 - Register <mem<8>> in unit <rng_hs_dup_detector> has a constant value of 000 during circuit operation. The register is replaced by logic.
INFO:Xst:2679 - Register <mem<9>> in unit <rng_hs_dup_detector> has a constant value of 000 during circuit operation. The register is replaced by logic.
INFO:Xst:2679 - Register <mem<10>> in unit <rng_hs_dup_detector> has a constant value of 000 during circuit operation. The register is replaced by logic.
INFO:Xst:2679 - Register <mem<11>> in unit <rng_hs_dup_detector> has a constant value of 000 during circuit operation. The register is replaced by logic.
INFO:Xst:2679 - Register <mem<12>> in unit <rng_hs_dup_detector> has a constant value of 000 during circuit operation. The register is replaced by logic.
INFO:Xst:2679 - Register <mem<13>> in unit <rng_hs_dup_detector> has a constant value of 000 during circuit operation. The register is replaced by logic.
INFO:Xst:2679 - Register <mem<14>> in unit <rng_hs_dup_detector> has a constant value of 000 during circuit operation. The register is replaced by logic.
INFO:Xst:2679 - Register <mem<15>> in unit <rng_hs_dup_detector> has a constant value of 000 during circuit operation. The register is replaced by logic.
INFO:Xst:2679 - Register <mem<16>> in unit <rng_hs_dup_detector> has a constant value of 000 during circuit operation. The register is replaced by logic.
INFO:Xst:2679 - Register <mem<17>> in unit <rng_hs_dup_detector> has a constant value of 000 during circuit operation. The register is replaced by logic.
INFO:Xst:2679 - Register <mem<18>> in unit <rng_hs_dup_detector> has a constant value of 000 during circuit operation. The register is replaced by logic.
INFO:Xst:2679 - Register <mem<19>> in unit <rng_hs_dup_detector> has a constant value of 000 during circuit operation. The register is replaced by logic.
INFO:Xst:2679 - Register <mem<20>> in unit <rng_hs_dup_detector> has a constant value of 000 during circuit operation. The register is replaced by logic.
INFO:Xst:2679 - Register <mem<21>> in unit <rng_hs_dup_detector> has a constant value of 000 during circuit operation. The register is replaced by logic.
INFO:Xst:2679 - Register <mem<22>> in unit <rng_hs_dup_detector> has a constant value of 000 during circuit operation. The register is replaced by logic.
INFO:Xst:2679 - Register <mem<23>> in unit <rng_hs_dup_detector> has a constant value of 000 during circuit operation. The register is replaced by logic.
INFO:Xst:2679 - Register <mem<24>> in unit <rng_hs_dup_detector> has a constant value of 000 during circuit operation. The register is replaced by logic.
INFO:Xst:2679 - Register <mem<25>> in unit <rng_hs_dup_detector> has a constant value of 000 during circuit operation. The register is replaced by logic.
INFO:Xst:2679 - Register <mem<26>> in unit <rng_hs_dup_detector> has a constant value of 000 during circuit operation. The register is replaced by logic.
INFO:Xst:2679 - Register <mem<27>> in unit <rng_hs_dup_detector> has a constant value of 000 during circuit operation. The register is replaced by logic.
INFO:Xst:2679 - Register <mem<28>> in unit <rng_hs_dup_detector> has a constant value of 000 during circuit operation. The register is replaced by logic.
INFO:Xst:2679 - Register <mem<29>> in unit <rng_hs_dup_detector> has a constant value of 000 during circuit operation. The register is replaced by logic.
INFO:Xst:2679 - Register <mem<30>> in unit <rng_hs_dup_detector> has a constant value of 000 during circuit operation. The register is replaced by logic.
INFO:Xst:2679 - Register <mem<31>> in unit <rng_hs_dup_detector> has a constant value of 000 during circuit operation. The register is replaced by logic.

Synthesizing Unit <rng_selector>.
    Related source file is "../src/rng_selector.v".
    Found 2-bit up counter for signal <seed_s>.
    Summary:
	inferred   1 Counter(s).
Unit <rng_selector> synthesized.


Synthesizing Unit <rng_hs_dup_detector>.
    Related source file is "../src/rng_hs_dup_detector.v".
WARNING:Xst:646 - Signal <vld<31:8>> is assigned but never used. This unconnected signal will be trimmed during the optimization process.
WARNING:Xst:646 - Signal <mem<8:31>> is assigned but never used. This unconnected signal will be trimmed during the optimization process.
    Register <mem<0>> equivalent to <data_o> has been removed
    Found 3-bit register for signal <data_o>.
    Found 3-bit comparator equal for signal <hit$cmp_eq0000> created at line 38.
    Found 3-bit comparator equal for signal <hit$cmp_eq0001> created at line 38.
    Found 3-bit comparator equal for signal <hit$cmp_eq0002> created at line 38.
    Found 3-bit comparator equal for signal <hit$cmp_eq0003> created at line 38.
    Found 3-bit comparator equal for signal <hit$cmp_eq0004> created at line 38.
    Found 3-bit comparator equal for signal <hit$cmp_eq0005> created at line 38.
    Found 3-bit comparator equal for signal <hit$cmp_eq0006> created at line 38.
    Found 3-bit comparator equal for signal <hit$cmp_eq0007> created at line 38.
    Found 21-bit register for signal <mem<1:7>>.
    Found 8-bit register for signal <vld<7:0>>.
    Found 1-bit register for signal <wr_ff1>.
    Found 1-bit register for signal <wr_ff2>.
    Found 1-bit register for signal <wr_ff2_d>.
    Found 1-bit register for signal <wr_pulse>.
    Summary:
	inferred  36 D-type flip-flop(s).
	inferred   8 Comparator(s).
Unit <rng_hs_dup_detector> synthesized.


Synthesizing Unit <rng_data_path_counter>.
    Related source file is "../src/rng_data_path_counter.v".
    Found 3-bit up counter for signal <num_counter>.
    Summary:
	inferred   1 Counter(s).
Unit <rng_data_path_counter> synthesized.


Synthesizing Unit <rng_data_path>.
    Related source file is "../src/rng_data_path.v".
    Found 3-bit register for signal <next_num>.
    Found 3-bit 4-to-1 multiplexer for signal <num_selector/1/num_selector>.
    Summary:
	inferred   3 D-type flip-flop(s).
	inferred   3 Multiplexer(s).
Unit <rng_data_path> synthesized.


Synthesizing Unit <rng_top>.
    Related source file is "../src/rng_top.v".
Unit <rng_top> synthesized.


=========================================================================
HDL Synthesis Report

Macro Statistics
# Counters                                             : 2
 2-bit up counter                                      : 1
 3-bit up counter                                      : 1
# Registers                                            : 21
 1-bit register                                        : 12
 3-bit register                                        : 9
# Comparators                                          : 8
 3-bit comparator equal                                : 8
# Multiplexers                                         : 1
 3-bit 4-to-1 multiplexer                              : 1

=========================================================================

=========================================================================
*                       Advanced HDL Synthesis                          *
=========================================================================


=========================================================================
Advanced HDL Synthesis Report

Macro Statistics
# Counters                                             : 2
 2-bit up counter                                      : 1
 3-bit up counter                                      : 1
# Registers                                            : 39
 Flip-Flops                                            : 39
# Comparators                                          : 8
 3-bit comparator equal                                : 8
# Multiplexers                                         : 1
 3-bit 4-to-1 multiplexer                              : 1

=========================================================================

=========================================================================
*                         Low Level Synthesis                           *
=========================================================================

Optimizing unit <rng_top> ...

Optimizing unit <rng_hs_dup_detector> ...

Optimizing unit <rng_data_path> ...

Mapping all equations...
WARNING:Xst:2170 - Unit rng_top : the following signal(s) form a combinatorial loop: req_num.
Building and optimizing final netlist ...
Found area constraint ratio of 100 (+ 5) on block rng_top, actual ratio is 0.

Final Macro Processing ...

=========================================================================
Final Register Report

Macro Statistics
# Registers                                            : 44
 Flip-Flops                                            : 44

=========================================================================

=========================================================================
*                           Partition Report                            *
=========================================================================

Partition Implementation Status
-------------------------------

  No Partitions were found in this design.

-------------------------------

=========================================================================
*                            Final Report                               *
=========================================================================
Final Results
RTL Top Level Output File Name     : rng_top.ngr
Top Level Output File Name         : rng_top
Output Format                      : NGC
Optimization Goal                  : Speed
Keep Hierarchy                     : No

Design Statistics
# IOs                              : 7

Cell Usage :
# BELS                             : 41
#      INV                         : 3
#      LUT2                        : 5
#      LUT3                        : 6
#      LUT3_L                      : 4
#      LUT4                        : 18
#      LUT4_D                      : 1
#      MUXF5                       : 3
#      VCC                         : 1
# FlipFlops/Latches                : 44
#      FDC                         : 6
#      FDCE                        : 38
# Clock Buffers                    : 1
#      BUFGP                       : 1
# IO Buffers                       : 6
#      IBUF                        : 3
#      OBUF                        : 3
=========================================================================

Device utilization summary:
---------------------------

Selected Device : 3s500efg320-4 

 Number of Slices:                       32  out of   4656     0%  
 Number of Slice Flip Flops:             44  out of   9312     0%  
 Number of 4 input LUTs:                 37  out of   9312     0%  
 Number of IOs:                           7
 Number of bonded IOBs:                   7  out of    232     3%  
 Number of GCLKs:                         1  out of     24     4%  

---------------------------
Partition Resource Summary:
---------------------------

  No Partitions were found in this design.

---------------------------


=========================================================================
TIMING REPORT

NOTE: THESE TIMING NUMBERS ARE ONLY A SYNTHESIS ESTIMATE.
      FOR ACCURATE TIMING INFORMATION PLEASE REFER TO THE TRACE REPORT
      GENERATED AFTER PLACE-and-ROUTE.

Clock Information:
------------------
-----------------------------------+------------------------+-------+
Clock Signal                       | Clock buffer(FF name)  | Load  |
-----------------------------------+------------------------+-------+
clk_i                              | BUFGP                  | 44    |
-----------------------------------+------------------------+-------+

Asynchronous Control Signals Information:
----------------------------------------
------------------------------------+--------------------------------+-------+
Control Signal                      | Buffer(FF name)                | Load  |
------------------------------------+--------------------------------+-------+
rng_dp/rst_i_inv(rst_i_inv1_INV_0:O)| NONE(rng_dp/inst/num_counter_0)| 44    |
------------------------------------+--------------------------------+-------+

Timing Summary:
---------------
Speed Grade: -4

   Minimum period: 7.370ns (Maximum Frequency: 135.685MHz)
   Minimum input arrival time before clock: 3.640ns
   Maximum output required time after clock: 4.394ns
   Maximum combinational path delay: No path found

Timing Detail:
--------------
All values displayed in nanoseconds (ns)

=========================================================================
Timing constraint: Default period analysis for Clock 'clk_i'
  Clock period: 7.370ns (frequency: 135.685MHz)
  Total number of paths / destination ports: 2231 / 80
-------------------------------------------------------------------------
Delay:               7.370ns (Levels of Logic = 4)
  Source:            rng_dp/next_num_2 (FF)
  Destination:       rng_rd/vld_7 (FF)
  Source Clock:      clk_i rising
  Destination Clock: clk_i rising

  Data Path: rng_dp/next_num_2 to rng_rd/vld_7
                                Gate     Net
    Cell:in->out      fanout   Delay   Delay  Logical Name (Net Name)
    ----------------------------------------  ------------
     FDCE:C->Q             9   0.591   0.855  rng_dp/next_num_2 (rng_dp/next_num_2)
     LUT4:I2->O            1   0.704   0.499  rng_rd/hit40 (rng_rd/hit40)
     LUT4:I1->O            1   0.704   0.595  rng_rd/hit110 (rng_rd/hit110)
     LUT4_D:I0->O          2   0.704   0.526  rng_rd/hit500 (rng_rd/hit)
     LUT2:I1->O           11   0.704   0.933  rng_rd/vld_7_and00001_1 (rng_rd/vld_7_and00001)
     FDCE:CE                   0.555          rng_rd/data_o_0
    ----------------------------------------
    Total                      7.370ns (3.962ns logic, 3.408ns route)
                                       (53.8% logic, 46.2% route)

=========================================================================
Timing constraint: Default OFFSET IN BEFORE for Clock 'clk_i'
  Total number of paths / destination ports: 7 / 7
-------------------------------------------------------------------------
Offset:              3.640ns (Levels of Logic = 2)
  Source:            req_num_i (PAD)
  Destination:       rng_dp/inst/num_counter_2 (FF)
  Destination Clock: clk_i rising

  Data Path: req_num_i to rng_dp/inst/num_counter_2
                                Gate     Net
    Cell:in->out      fanout   Delay   Delay  Logical Name (Net Name)
    ----------------------------------------  ------------
     IBUF:I->O             1   1.218   0.455  req_num_i_IBUF (req_num_i_IBUF)
     LUT3:I2->O            7   0.704   0.708  req_num1 (req_num)
     FDCE:CE                   0.555          rng_dp/next_num_0
    ----------------------------------------
    Total                      3.640ns (2.477ns logic, 1.163ns route)
                                       (68.0% logic, 32.0% route)

=========================================================================
Timing constraint: Default OFFSET OUT AFTER for Clock 'clk_i'
  Total number of paths / destination ports: 3 / 3
-------------------------------------------------------------------------
Offset:              4.394ns (Levels of Logic = 1)
  Source:            rng_rd/data_o_2 (FF)
  Destination:       num_to_send_o<2> (PAD)
  Source Clock:      clk_i rising

  Data Path: rng_rd/data_o_2 to num_to_send_o<2>
                                Gate     Net
    Cell:in->out      fanout   Delay   Delay  Logical Name (Net Name)
    ----------------------------------------  ------------
     FDCE:C->Q             3   0.591   0.531  rng_rd/data_o_2 (rng_rd/data_o_2)
     OBUF:I->O                 3.272          num_to_send_o_2_OBUF (num_to_send_o<2>)
    ----------------------------------------
    Total                      4.394ns (3.863ns logic, 0.531ns route)
                                       (87.9% logic, 12.1% route)

=========================================================================


Total REAL time to Xst completion: 3.00 secs
Total CPU time to Xst completion: 3.26 secs
 
--> 


Total memory usage is 513368 kilobytes

Number of errors   :    0 (   0 filtered)
Number of warnings :    3 (   0 filtered)
Number of infos    :   49 (   0 filtered)

