--------------------------------------------------------------------------------
Release 14.7 Trace  (lin64)
Copyright (c) 1995-2013 Xilinx, Inc.  All rights reserved.

/home/matheus/Xilinx/14.7/ISE_DS/ISE/bin/lin64/unwrapped/trce -intstyle ise -v
3 -s 4 -n 3 -fastpaths -xml rng_top_preroute.twx rng_top_map.ncd -o
rng_top_preroute.twr rng_top.pcf

Design file:              rng_top_map.ncd
Physical constraint file: rng_top.pcf
Device,package,speed:     xc3s500e,fg320,-4 (PRODUCTION 1.27 2013-10-13)
Report level:             verbose report

Environment Variable      Effect 
--------------------      ------ 
NONE                      No environment variables were set
--------------------------------------------------------------------------------

INFO:Timing:2698 - No timing constraints found, doing default enumeration.
INFO:Timing:3412 - To improve timing, see the Timing Closure User Guide (UG612).
INFO:Timing:2752 - To get complete path coverage, use the unconstrained paths 
   option. All paths that are not constrained will be reported in the 
   unconstrained paths section(s) of the report.
INFO:Timing:3284 - This timing report was generated using estimated delay 
   information.  For accurate numbers, please refer to the post Place and Route 
   timing report.
INFO:Timing:3339 - The clock-to-out numbers in this timing report are based on 
   a 50 Ohm transmission line loading model.  For the details of this model, 
   and for more information on accounting for different loading conditions, 
   please see the device datasheet.
INFO:Timing:3390 - This architecture does not support a default System Jitter 
   value, please add SYSTEM_JITTER constraint to the UCF to modify the Clock 
   Uncertainty calculation.
INFO:Timing:3389 - This architecture does not support 'Discrete Jitter' and 
   'Phase Error' calculations, these terms will be zero in the Clock 
   Uncertainty calculation.  Please make appropriate modification to 
   SYSTEM_JITTER to account for the unsupported Discrete Jitter and Phase 
   Error.



Data Sheet report:
-----------------
All values displayed in nanoseconds (ns)

Setup/Hold to clock clk_i
------------+------------+------------+------------------+--------+
            |Max Setup to|Max Hold to |                  | Clock  |
Source      | clk (edge) | clk (edge) |Internal Clock(s) | Phase  |
------------+------------+------------+------------------+--------+
req_num_i   |    0.353(R)|    1.085(R)|clk_i_BUFGP       |   0.000|
wr_i        |   -0.645(R)|    1.682(R)|clk_i_BUFGP       |   0.000|
------------+------------+------------+------------------+--------+

Clock clk_i to Pad
----------------+------------+------------------+--------+
                | clk (edge) |                  | Clock  |
Destination     |   to PAD   |Internal Clock(s) | Phase  |
----------------+------------+------------------+--------+
num_to_send_o<0>|    6.892(R)|clk_i_BUFGP       |   0.000|
num_to_send_o<1>|    6.896(R)|clk_i_BUFGP       |   0.000|
num_to_send_o<2>|    6.892(R)|clk_i_BUFGP       |   0.000|
----------------+------------+------------------+--------+

Clock to Setup on destination clock clk_i
---------------+---------+---------+---------+---------+
               | Src:Rise| Src:Fall| Src:Rise| Src:Fall|
Source Clock   |Dest:Rise|Dest:Rise|Dest:Fall|Dest:Fall|
---------------+---------+---------+---------+---------+
clk_i          |    4.462|         |         |         |
---------------+---------+---------+---------+---------+


Analysis completed Wed Feb 18 09:01:02 2026 
--------------------------------------------------------------------------------

Trace Settings:
-------------------------
Trace Settings 

Peak Memory Usage: 334 MB



