Reading OpenROAD database at '/home/matheus/openframe_user_project/openlane/rng/runs/26_02_18_09_30/20-openroad-generatepdn/rng_top.odb'…
Reading library file at '/home/matheus/openframe_user_project/dependencies/pdks/sky130A/libs.ref/sky130_fd_sc_hd/lib/sky130_fd_sc_hd__tt_025C_1v80.lib'…
Reading design constraints file at '/nix/store/iah2c26wzpgdvqc1jv2xxg55xq5km74d-python3-3.11.9-env/lib/python3.11/site-packages/librelane/scripts/base.sdc'…
[INFO] Using clock clk_i…
[INFO] Setting output delay to: 625
[INFO] Setting input delay to: 625
[INFO] Setting load to: 0.033442
[INFO] Setting clock uncertainty to: 0.25
[INFO] Setting clock transition to: 0.1499999999999999944488848768742172978818416595458984375
[INFO] Setting timing derate to: 5%
+ global_placement -density 0.6 -skip_io -pad_right 0 -pad_left 0 -init_wirelength_coef 0.25
[INFO GPL-0002] DBU: 1000
[INFO GPL-0003] SiteSize: (  0.460  2.720 ) um
[INFO GPL-0004] CoreBBox: (  5.520 10.880 ) ( 79.120 73.440 ) um
[INFO GPL-0006] NumInstances:               266
[INFO GPL-0007] NumPlaceInstances:          158
[INFO GPL-0008] NumFixedInstances:          108
[INFO GPL-0009] NumDummyInstances:            0
[INFO GPL-0010] NumNets:                    162
[INFO GPL-0011] NumPins:                    627
[INFO GPL-0012] DieBBox:  (  0.000  0.000 ) ( 85.000 85.000 ) um
[INFO GPL-0013] CoreBBox: (  5.520 10.880 ) ( 79.120 73.440 ) um
[INFO GPL-0016] CoreArea:              4604.416 um^2
[INFO GPL-0017] NonPlaceInstsArea:      250.240 um^2
[INFO GPL-0018] PlaceInstsArea:        2328.483 um^2
[INFO GPL-0019] Util:                    53.477 %
[INFO GPL-0020] StdInstsArea:          2328.483 um^2
[INFO GPL-0021] MacroInstsArea:           0.000 um^2
[INFO GPL-0031] FillerInit:NumGCells:       177
[INFO GPL-0032] FillerInit:NumGNets:        162
[INFO GPL-0033] FillerInit:NumGPins:        627
[INFO GPL-0023] TargetDensity:            0.600
[INFO GPL-0024] AvrgPlaceInstArea:       14.737 um^2
[INFO GPL-0025] IdealBinArea:            24.562 um^2
[INFO GPL-0026] IdealBinCnt:                187
[INFO GPL-0027] TotalBinArea:          4604.416 um^2
[INFO GPL-0028] BinCnt:         8      8
[INFO GPL-0029] BinSize: (  9.200  7.820 )
[INFO GPL-0030] NumBins: 64
[NesterovSolve] Iter:    1 overflow: 0.927 HPWL: 523338
[NesterovSolve] Iter:   10 overflow: 0.918 HPWL: 401581
[NesterovSolve] Iter:   20 overflow: 0.916 HPWL: 400471
[NesterovSolve] Iter:   30 overflow: 0.917 HPWL: 400313
[NesterovSolve] Iter:   40 overflow: 0.917 HPWL: 400390
[NesterovSolve] Iter:   50 overflow: 0.917 HPWL: 400277
[NesterovSolve] Iter:   60 overflow: 0.917 HPWL: 400088
[NesterovSolve] Iter:   70 overflow: 0.917 HPWL: 400214
[NesterovSolve] Iter:   80 overflow: 0.916 HPWL: 400715
[NesterovSolve] Iter:   90 overflow: 0.916 HPWL: 401472
[NesterovSolve] Iter:  100 overflow: 0.915 HPWL: 401154
[NesterovSolve] Iter:  110 overflow: 0.913 HPWL: 403466
[NesterovSolve] Iter:  120 overflow: 0.909 HPWL: 404595
[NesterovSolve] Iter:  130 overflow: 0.903 HPWL: 408070
[NesterovSolve] Iter:  140 overflow: 0.889 HPWL: 422013
[NesterovSolve] Iter:  150 overflow: 0.859 HPWL: 485567
[NesterovSolve] Iter:  160 overflow: 0.787 HPWL: 614063
[NesterovSolve] Iter:  170 overflow: 0.748 HPWL: 673490
[NesterovSolve] Iter:  180 overflow: 0.706 HPWL: 852854
[NesterovSolve] Iter:  190 overflow: 0.667 HPWL: 929449
[NesterovSolve] Iter:  200 overflow: 0.641 HPWL: 1043708
[NesterovSolve] Iter:  210 overflow: 0.602 HPWL: 1103144
[NesterovSolve] Iter:  220 overflow: 0.554 HPWL: 1190805
[NesterovSolve] Iter:  230 overflow: 0.498 HPWL: 1279386
[NesterovSolve] Iter:  240 overflow: 0.444 HPWL: 1376866
[NesterovSolve] Iter:  250 overflow: 0.391 HPWL: 1472482
[NesterovSolve] Iter:  260 overflow: 0.343 HPWL: 1580821
[NesterovSolve] Iter:  270 overflow: 0.306 HPWL: 1659163
[NesterovSolve] Iter:  280 overflow: 0.268 HPWL: 1733273
[NesterovSolve] Iter:  290 overflow: 0.222 HPWL: 1781093
[NesterovSolve] Iter:  300 overflow: 0.186 HPWL: 1822205
[NesterovSolve] Iter:  310 overflow: 0.155 HPWL: 1864389
[NesterovSolve] Iter:  320 overflow: 0.121 HPWL: 1892024
[NesterovSolve] Finished with Overflow: 0.099927
[INFO] Setting RC values…
Setting global connections for newly added cells…
[INFO] Setting global connections...
Updating metrics…
Cell type report:                       Count       Area
  Fill cell                                46     172.67
  Tap cell                                 62      77.57
  Inverter                                  7      26.28
  Sequential cell                          44    1156.11
  Multi-Input combinational cell          107    1146.10
  Total                                   266    2578.72
Writing OpenROAD database to '/home/matheus/openframe_user_project/openlane/rng/runs/26_02_18_09_30/23-openroad-globalplacementskipio/rng_top.odb'…
Writing netlist to '/home/matheus/openframe_user_project/openlane/rng/runs/26_02_18_09_30/23-openroad-globalplacementskipio/rng_top.nl.v'…
Writing powered netlist to '/home/matheus/openframe_user_project/openlane/rng/runs/26_02_18_09_30/23-openroad-globalplacementskipio/rng_top.pnl.v'…
Writing layout to '/home/matheus/openframe_user_project/openlane/rng/runs/26_02_18_09_30/23-openroad-globalplacementskipio/rng_top.def'…
Writing timing constraints to '/home/matheus/openframe_user_project/openlane/rng/runs/26_02_18_09_30/23-openroad-globalplacementskipio/rng_top.sdc'…
