Reading timing models for corner nom_tt_025C_1v80…
Reading timing library for the 'nom_tt_025C_1v80' corner at '/home/matheus/openframe_user_project/dependencies/pdks/sky130A/libs.ref/sky130_fd_sc_hd/lib/sky130_fd_sc_hd__tt_025C_1v80.lib'…
Reading timing models for corner nom_ff_n40C_1v95…
Reading timing library for the 'nom_ff_n40C_1v95' corner at '/home/matheus/openframe_user_project/dependencies/pdks/sky130A/libs.ref/sky130_fd_sc_hd/lib/sky130_fd_sc_hd__ff_n40C_1v95.lib'…
Reading timing models for corner nom_ss_100C_1v60…
Reading timing library for the 'nom_ss_100C_1v60' corner at '/home/matheus/openframe_user_project/dependencies/pdks/sky130A/libs.ref/sky130_fd_sc_hd/lib/sky130_fd_sc_hd__ss_100C_1v60.lib'…
Reading OpenROAD database at '/home/matheus/openframe_user_project/openlane/rng/runs/26_03_09_20_42/27-openroad-globalplacement/rng_top.odb'…
Reading design constraints file at '/nix/store/iah2c26wzpgdvqc1jv2xxg55xq5km74d-python3-3.11.9-env/lib/python3.11/site-packages/librelane/scripts/base.sdc'…
[INFO] Using clock clk_i…
[INFO] Setting output delay to: 625
[INFO] Setting input delay to: 625
[INFO] Setting load to: 0.033442
[INFO] Setting clock uncertainty to: 0.25
[INFO] Setting clock transition to: 0.1499999999999999944488848768742172978818416595458984375
[INFO] Setting timing derate to: 5%
[INFO] Setting RC values…
[INFO RSZ-0027] Inserted 3 input buffers.
[INFO RSZ-0028] Inserted 3 output buffers.
[INFO RSZ-0058] Using max wire length 6335um.
Iteration | Resized | Buffers | Nets repaired | Remaining
---------------------------------------------------------
        0 |       0 |       0 |             0 |       125
       10 |       0 |       0 |             0 |       115
       20 |       0 |       0 |             0 |       105
       30 |       7 |       3 |             1 |        95
       40 |      17 |       3 |             1 |        85
       50 |      24 |       3 |             1 |        75
       60 |      34 |       3 |             1 |        65
       70 |      44 |       3 |             1 |        55
       80 |      53 |       3 |             1 |        45
       90 |      62 |       3 |             1 |        35
      100 |      72 |       3 |             1 |        25
      110 |      82 |       3 |             1 |        15
      120 |      95 |       7 |             4 |         5
    final |     100 |      11 |             5 |         0
---------------------------------------------------------
[INFO RSZ-0035] Found 5 fanout violations.
[INFO RSZ-0038] Inserted 11 buffers in 5 nets.
[INFO RSZ-0039] Resized 100 instances.
Placement Analysis
---------------------------------
total displacement        364.5 u
average displacement        1.6 u
max displacement            8.9 u
original HPWL            1786.4 u
legalized HPWL           2053.4 u
delta HPWL                   15 %

[INFO DPL-0020] Mirrored 40 instances
[INFO DPL-0021] HPWL before            2053.4 u
[INFO DPL-0022] HPWL after             1980.3 u
[INFO DPL-0023] HPWL delta               -3.6 %
[INFO] Setting RC values…
Setting global connections for newly added cells…
[INFO] Setting global connections...
Updating metrics…
Cell type report:                       Count       Area
  Fill cell                                46     172.67
  Tap cell                                 50      62.56
  Timing Repair Buffer                     17      96.34
  Inverter                                  3      11.26
  Sequential cell                          35     875.84
  Multi-Input combinational cell           77     661.88
  Total                                   228    1880.55
Writing OpenROAD database to '/home/matheus/openframe_user_project/openlane/rng/runs/26_03_09_20_42/31-openroad-repairdesignpostgpl/rng_top.odb'…
Writing netlist to '/home/matheus/openframe_user_project/openlane/rng/runs/26_03_09_20_42/31-openroad-repairdesignpostgpl/rng_top.nl.v'…
Writing powered netlist to '/home/matheus/openframe_user_project/openlane/rng/runs/26_03_09_20_42/31-openroad-repairdesignpostgpl/rng_top.pnl.v'…
Writing layout to '/home/matheus/openframe_user_project/openlane/rng/runs/26_03_09_20_42/31-openroad-repairdesignpostgpl/rng_top.def'…
Writing timing constraints to '/home/matheus/openframe_user_project/openlane/rng/runs/26_03_09_20_42/31-openroad-repairdesignpostgpl/rng_top.sdc'…
