Clock: clk_i
Sources: clk_i 
Generated: no
Virtual: yes
Propagated: no
Period: 3125.000000

===========================================================================
report_clock_properties
============================================================================
Clock                   Period          Waveform
----------------------------------------------------
clk_i               3125.000000    0.0000001562.500000

===========================================================================
report_clock_latency
============================================================================
Clock clk_i
rise -> rise
    min     max
0.000000 0.000000 source latency
0.346068         network latency _166_/CLK
        0.351878 network latency _179_/CLK
---------------
0.346068 0.351878 latency
        0.005810 skew

fall -> fall
    min     max
0.000000 0.000000 source latency
0.330942         network latency _166_/CLK
        0.336740 network latency _179_/CLK
---------------
0.330942 0.336740 latency
        0.005798 skew



===========================================================================
report_clock_min_period
============================================================================
clk_i period_min = 3.22 fmax = 310.51
