
===========================================================================
 report_power
============================================================================
======================= max_tt_025C_1v80 Corner ===================================

Group                    Internal    Switching      Leakage        Total
                            Power        Power        Power        Power (Watts)
------------------------------------------------------------------------
Sequential           6.802849e-07 1.807585e-07 4.096236e-10 8.614531e-07  32.9%
Combinational        7.825461e-07 4.990347e-07 5.041343e-10 1.282085e-06  48.9%
Clock                3.014619e-07 1.748100e-07 2.193150e-10 4.764912e-07  18.2%
Macro                0.000000e+00 0.000000e+00 0.000000e+00 0.000000e+00   0.0%
Pad                  0.000000e+00 0.000000e+00 0.000000e+00 0.000000e+00   0.0%
------------------------------------------------------------------------
Total                1.764293e-06 8.546034e-07 1.133073e-09 2.620029e-06 100.0%
                            67.3%        32.6%         0.0%

