Reading technology LEF file at '/home/matheus/openframe_user_project/dependencies/pdks/sky130A/libs.ref/sky130_fd_sc_hd/techlef/sky130_fd_sc_hd__min.tlef'…
[INFO ODB-0227] LEF file: /home/matheus/openframe_user_project/dependencies/pdks/sky130A/libs.ref/sky130_fd_sc_hd/techlef/sky130_fd_sc_hd__min.tlef, created 14 layers, 25 vias
Reading cell LEF file at '/home/matheus/openframe_user_project/dependencies/pdks/sky130A/libs.ref/sky130_fd_sc_hd/lef/sky130_fd_sc_hd.lef'…
[WARNING ODB-0220] WARNING (LEFPARS-2008): NOWIREEXTENSIONATPIN statement is obsolete in version 5.6 or later.
The NOWIREEXTENSIONATPIN statement will be ignored. See file /home/matheus/openframe_user_project/dependencies/pdks/sky130A/libs.ref/sky130_fd_sc_hd/lef/sky130_fd_sc_hd.lef at line 2.

[INFO ODB-0227] LEF file: /home/matheus/openframe_user_project/dependencies/pdks/sky130A/libs.ref/sky130_fd_sc_hd/lef/sky130_fd_sc_hd.lef, created 437 library cells
Reading cell LEF file at '/home/matheus/openframe_user_project/dependencies/pdks/sky130A/libs.ref/sky130_fd_sc_hd/lef/sky130_ef_sc_hd.lef'…
[WARNING ODB-0220] WARNING (LEFPARS-2008): NOWIREEXTENSIONATPIN statement is obsolete in version 5.6 or later.
The NOWIREEXTENSIONATPIN statement will be ignored. See file /home/matheus/openframe_user_project/dependencies/pdks/sky130A/libs.ref/sky130_fd_sc_hd/lef/sky130_ef_sc_hd.lef at line 2.

[INFO ODB-0227] LEF file: /home/matheus/openframe_user_project/dependencies/pdks/sky130A/libs.ref/sky130_fd_sc_hd/lef/sky130_ef_sc_hd.lef, created 8 library cells
[INFO ODB-0127] Reading DEF file: /home/matheus/openframe_user_project/openlane/rng/runs/26_02_18_09_30/52-odb-cellfrequencytables/rng_top.def
[INFO ODB-0128] Design: rng_top
[INFO ODB-0130]     Created 9 pins.
[INFO ODB-0131]     Created 624 components and 3155 component-terminals.
[INFO ODB-0132]     Created 2 special nets and 2372 connections.
[INFO ODB-0133]     Created 237 nets and 780 connections.
[INFO ODB-0134] Finished DEF file: /home/matheus/openframe_user_project/openlane/rng/runs/26_02_18_09_30/52-odb-cellfrequencytables/rng_top.def
Using RCX ruleset '/home/matheus/openframe_user_project/dependencies/pdks/sky130A/libs.tech/openlane/rules.openrcx.sky130A.min.calibre'…
[INFO RCX-0431] Defined process_corner CURRENT_CORNER with ext_model_index 0
[INFO RCX-0029] Defined extraction corner CURRENT_CORNER
[INFO RCX-0435] Reading extraction model file /home/matheus/openframe_user_project/dependencies/pdks/sky130A/libs.tech/openlane/rules.openrcx.sky130A.min.calibre ...
[INFO RCX-0436] RC segment generation rng_top (max_merge_res 50.0) ...
[INFO RCX-0040] Final 858 rc segments
[INFO RCX-0439] Coupling Cap extraction rng_top ...
[INFO RCX-0440] Coupling threshhold is 0.1000 fF, coupling capacitance less than 0.1000 fF will be grounded.
[INFO RCX-0442] 53% of 1485 wires extracted
[INFO RCX-0442] 100% of 1485 wires extracted
[INFO RCX-0045] Extract 237 nets, 1095 rsegs, 1095 caps, 1565 ccs
Setting global connections for newly added cells…
[INFO] Setting global connections...
Updating metrics…
Cell type report:                       Count       Area
  Fill cell                               326    1672.85
  Tap cell                                 62      77.57
  Standard cell                           236    2853.99
  Total                                   624    4604.42
Writing extracted parasitics to '/home/matheus/openframe_user_project/openlane/rng/runs/26_02_18_09_30/53-openroad-rcx/min/rng_top.min.spef'…
[INFO RCX-0443] 237 nets finished
