
19. Executing PROC_DLATCH pass (convert process syncs to latches).
No latch inferred for signal `$paramod$d4a8d07bbfa4d976cb7990b0fb06505ff64b7723\rng_selector.\seed_sel_o' from process `$paramod$d4a8d07bbfa4d976cb7990b0fb06505ff64b7723\rng_selector.$proc$/home/matheus/openframe_user_project/openlane/rng/src/rng_selector.v:58$33'.
No latch inferred for signal `$paramod$d4a8d07bbfa4d976cb7990b0fb06505ff64b7723\rng_hs_dup_detector.\req_new_num_o' from process `$paramod$d4a8d07bbfa4d976cb7990b0fb06505ff64b7723\rng_hs_dup_detector.$proc$/home/matheus/openframe_user_project/openlane/rng/src/rng_hs_dup_detector.v:259$29'.
No latch inferred for signal `$paramod$d4a8d07bbfa4d976cb7990b0fb06505ff64b7723\rng_hs_dup_detector.\next_state' from process `$paramod$d4a8d07bbfa4d976cb7990b0fb06505ff64b7723\rng_hs_dup_detector.$proc$/home/matheus/openframe_user_project/openlane/rng/src/rng_hs_dup_detector.v:150$18'.
No latch inferred for signal `$paramod$d4a8d07bbfa4d976cb7990b0fb06505ff64b7723\rng_hs_dup_detector.\decx' from process `$paramod$d4a8d07bbfa4d976cb7990b0fb06505ff64b7723\rng_hs_dup_detector.$proc$/home/matheus/openframe_user_project/openlane/rng/src/rng_hs_dup_detector.v:63$2'.
No latch inferred for signal `$paramod$d4a8d07bbfa4d976cb7990b0fb06505ff64b7723\rng_hs_dup_detector.\dec0' from process `$paramod$d4a8d07bbfa4d976cb7990b0fb06505ff64b7723\rng_hs_dup_detector.$proc$/home/matheus/openframe_user_project/openlane/rng/src/rng_hs_dup_detector.v:63$2'.
No latch inferred for signal `$paramod$d4a8d07bbfa4d976cb7990b0fb06505ff64b7723\rng_hs_dup_detector.\dec1' from process `$paramod$d4a8d07bbfa4d976cb7990b0fb06505ff64b7723\rng_hs_dup_detector.$proc$/home/matheus/openframe_user_project/openlane/rng/src/rng_hs_dup_detector.v:63$2'.
No latch inferred for signal `$paramod$d4a8d07bbfa4d976cb7990b0fb06505ff64b7723\rng_hs_dup_detector.\dec2' from process `$paramod$d4a8d07bbfa4d976cb7990b0fb06505ff64b7723\rng_hs_dup_detector.$proc$/home/matheus/openframe_user_project/openlane/rng/src/rng_hs_dup_detector.v:63$2'.
No latch inferred for signal `$paramod$d4a8d07bbfa4d976cb7990b0fb06505ff64b7723\rng_hs_dup_detector.\dec3' from process `$paramod$d4a8d07bbfa4d976cb7990b0fb06505ff64b7723\rng_hs_dup_detector.$proc$/home/matheus/openframe_user_project/openlane/rng/src/rng_hs_dup_detector.v:63$2'.
No latch inferred for signal `$paramod$d4a8d07bbfa4d976cb7990b0fb06505ff64b7723\rng_hs_dup_detector.\dec4' from process `$paramod$d4a8d07bbfa4d976cb7990b0fb06505ff64b7723\rng_hs_dup_detector.$proc$/home/matheus/openframe_user_project/openlane/rng/src/rng_hs_dup_detector.v:63$2'.
No latch inferred for signal `$paramod$d4a8d07bbfa4d976cb7990b0fb06505ff64b7723\rng_hs_dup_detector.\dec5' from process `$paramod$d4a8d07bbfa4d976cb7990b0fb06505ff64b7723\rng_hs_dup_detector.$proc$/home/matheus/openframe_user_project/openlane/rng/src/rng_hs_dup_detector.v:63$2'.
No latch inferred for signal `$paramod$d4a8d07bbfa4d976cb7990b0fb06505ff64b7723\rng_hs_dup_detector.\dec6' from process `$paramod$d4a8d07bbfa4d976cb7990b0fb06505ff64b7723\rng_hs_dup_detector.$proc$/home/matheus/openframe_user_project/openlane/rng/src/rng_hs_dup_detector.v:63$2'.
No latch inferred for signal `$paramod$d4a8d07bbfa4d976cb7990b0fb06505ff64b7723\rng_hs_dup_detector.\dec7' from process `$paramod$d4a8d07bbfa4d976cb7990b0fb06505ff64b7723\rng_hs_dup_detector.$proc$/home/matheus/openframe_user_project/openlane/rng/src/rng_hs_dup_detector.v:63$2'.
