119. Printing statistics.

=== rng_top ===

   Number of wires:                118
   Number of wire bits:            120
   Number of public wires:          37
   Number of public wire bits:      39
   Number of ports:                  5
   Number of port bits:              7
   Number of memories:               0
   Number of memory bits:            0
   Number of processes:              0
   Number of cells:                116
     sky130_fd_sc_hd__a211o_2        2
     sky130_fd_sc_hd__a221o_2        3
     sky130_fd_sc_hd__a221oi_2       1
     sky130_fd_sc_hd__a22o_2         1
     sky130_fd_sc_hd__and2_2         1
     sky130_fd_sc_hd__and2b_2        2
     sky130_fd_sc_hd__and4b_2        1
     sky130_fd_sc_hd__dfrtp_2       35
     sky130_fd_sc_hd__inv_2          3
     sky130_fd_sc_hd__mux2_1        27
     sky130_fd_sc_hd__nand2_2       10
     sky130_fd_sc_hd__nor2_2         1
     sky130_fd_sc_hd__o2111a_2       1
     sky130_fd_sc_hd__o211a_2        1
     sky130_fd_sc_hd__o21ai_2        1
     sky130_fd_sc_hd__o221a_2        1
     sky130_fd_sc_hd__o311a_2        1
     sky130_fd_sc_hd__or2_2         10
     sky130_fd_sc_hd__or3_2          1
     sky130_fd_sc_hd__xor2_2        13

   Chip area for module '\rng_top': 1754.182400
     of which used for sequential elements: 919.632000 (52.43%)

