
===========================================================================
report_checks -unconstrained
===========================================================================
======================= nom_tt_025C_1v80 Corner ===================================

Startpoint: rst_i (input port clocked by clk_i)
Endpoint: _338_ (recovery check against rising-edge clock clk_i)
Path Group: asynchronous
Path Type: max

Fanout         Cap        Slew       Delay        Time   Description
---------------------------------------------------------------------------------------------
                                  0.000000    0.000000   clock clk_i (rise edge)
                                  0.000000    0.000000   clock network delay (propagated)
                                625.000000  625.000000 ^ input external delay
    60    0.259588    1.158879    0.800242  625.800232 ^ rst_i (in)
                                                         rst_i (net)
                      1.158906    0.000000  625.800232 ^ _338_/RESET_B (sky130_fd_sc_hd__dfrtp_2)
                                            625.800232   data arrival time

                               3125.000000 3125.000000   clock clk_i (rise edge)
                                  0.000000 3125.000000   clock source latency
    60    0.155899    0.699731    0.482714 3125.482666 ^ clk_i (in)
                                                         clk_i (net)
                      0.699748    0.000000 3125.482666 ^ _338_/CLK (sky130_fd_sc_hd__dfrtp_2)
                                 -0.250000 3125.232666   clock uncertainty
                                  0.000000 3125.232666   clock reconvergence pessimism
                                  0.057613 3125.290039   library recovery time
                                           3125.290039   data required time
---------------------------------------------------------------------------------------------
                                           3125.290039   data required time
                                           -625.800232   data arrival time
---------------------------------------------------------------------------------------------
                                           2499.489746   slack (MET)


Startpoint: _369_ (rising edge-triggered flip-flop clocked by clk_i)
Endpoint: num_to_send_o[2] (output port clocked by clk_i)
Path Group: clk_i
Path Type: max

Fanout         Cap        Slew       Delay        Time   Description
---------------------------------------------------------------------------------------------
                                  0.000000    0.000000   clock clk_i (rise edge)
                                  0.000000    0.000000   clock source latency
    60    0.155899    0.699731    0.482675    0.482675 ^ clk_i (in)
                                                         clk_i (net)
                      0.699747    0.000000    0.482675 ^ _369_/CLK (sky130_fd_sc_hd__dfrtp_2)
     4    0.047965    0.233223    0.648677    1.131352 ^ _369_/Q (sky130_fd_sc_hd__dfrtp_2)
                                                         num_to_send_o[2] (net)
                      0.233223    0.000296    1.131648 ^ num_to_send_o[2] (out)
                                              1.131648   data arrival time

                               3125.000000 3125.000000   clock clk_i (rise edge)
                                  0.000000 3125.000000   clock network delay (propagated)
                                 -0.250000 3124.750000   clock uncertainty
                                  0.000000 3124.750000   clock reconvergence pessimism
                               -625.000000 2499.750000   output external delay
                                           2499.750000   data required time
---------------------------------------------------------------------------------------------
                                           2499.750000   data required time
                                             -1.131648   data arrival time
---------------------------------------------------------------------------------------------
                                           2498.618164   slack (MET)




===========================================================================
report_checks --slack_max -0.01
============================================================================
======================= nom_tt_025C_1v80 Corner ===================================

No paths found.


===========================================================================
 report_check_types -max_slew -max_cap -max_fanout -violators
============================================================================
======================= nom_tt_025C_1v80 Corner ===================================

max slew

Pin                                        Limit        Slew       Slack
------------------------------------------------------------------------
_367_/RESET_B                           0.750000    1.158911   -0.408911 (VIOLATED)
_370_/RESET_B                           0.750000    1.158911   -0.408911 (VIOLATED)
_371_/RESET_B                           0.750000    1.158911   -0.408911 (VIOLATED)
_361_/RESET_B                           0.750000    1.158911   -0.408911 (VIOLATED)
_363_/RESET_B                           0.750000    1.158911   -0.408911 (VIOLATED)
_364_/RESET_B                           0.750000    1.158911   -0.408911 (VIOLATED)
_372_/RESET_B                           0.750000    1.158911   -0.408911 (VIOLATED)
_360_/RESET_B                           0.750000    1.158909   -0.408909 (VIOLATED)
_357_/RESET_B                           0.750000    1.158908   -0.408908 (VIOLATED)
_339_/RESET_B                           0.750000    1.158907   -0.408907 (VIOLATED)
_340_/RESET_B                           0.750000    1.158907   -0.408907 (VIOLATED)
_338_/RESET_B                           0.750000    1.158906   -0.408906 (VIOLATED)
_356_/RESET_B                           0.750000    1.158906   -0.408906 (VIOLATED)
_368_/RESET_B                           0.750000    1.158906   -0.408906 (VIOLATED)
_369_/RESET_B                           0.750000    1.158906   -0.408906 (VIOLATED)
_353_/RESET_B                           0.750000    1.158905   -0.408905 (VIOLATED)
_358_/RESET_B                           0.750000    1.158906   -0.408906 (VIOLATED)
_373_/RESET_B                           0.750000    1.158906   -0.408906 (VIOLATED)
_354_/RESET_B                           0.750000    1.158905   -0.408905 (VIOLATED)
_374_/RESET_B                           0.750000    1.158905   -0.408905 (VIOLATED)
_365_/RESET_B                           0.750000    1.158905   -0.408905 (VIOLATED)
_366_/RESET_B                           0.750000    1.158905   -0.408905 (VIOLATED)
_375_/RESET_B                           0.750000    1.158904   -0.408904 (VIOLATED)
_351_/RESET_B                           0.750000    1.158904   -0.408904 (VIOLATED)
_385_/RESET_B                           0.750000    1.158904   -0.408904 (VIOLATED)
_337_/RESET_B                           0.750000    1.158903   -0.408903 (VIOLATED)
_350_/RESET_B                           0.750000    1.158903   -0.408903 (VIOLATED)
_376_/RESET_B                           0.750000    1.158903   -0.408903 (VIOLATED)
_334_/RESET_B                           0.750000    1.158901   -0.408901 (VIOLATED)
_336_/RESET_B                           0.750000    1.158901   -0.408901 (VIOLATED)
_347_/RESET_B                           0.750000    1.158901   -0.408901 (VIOLATED)
_359_/RESET_B                           0.750000    1.158901   -0.408901 (VIOLATED)
_362_/RESET_B                           0.750000    1.158901   -0.408901 (VIOLATED)
_392_/RESET_B                           0.750000    1.158901   -0.408901 (VIOLATED)
_386_/RESET_B                           0.750000    1.158900   -0.408900 (VIOLATED)
_335_/RESET_B                           0.750000    1.158899   -0.408899 (VIOLATED)
_387_/RESET_B                           0.750000    1.158900   -0.408900 (VIOLATED)
_388_/RESET_B                           0.750000    1.158900   -0.408900 (VIOLATED)
_333_/RESET_B                           0.750000    1.158897   -0.408897 (VIOLATED)
_355_/RESET_B                           0.750000    1.158897   -0.408897 (VIOLATED)
_349_/RESET_B                           0.750000    1.158896   -0.408896 (VIOLATED)
_352_/RESET_B                           0.750000    1.158897   -0.408897 (VIOLATED)
_381_/RESET_B                           0.750000    1.158896   -0.408896 (VIOLATED)
_343_/RESET_B                           0.750000    1.158894   -0.408894 (VIOLATED)
_380_/RESET_B                           0.750000    1.158893   -0.408893 (VIOLATED)
_346_/RESET_B                           0.750000    1.158892   -0.408892 (VIOLATED)
_384_/RESET_B                           0.750000    1.158891   -0.408891 (VIOLATED)
_345_/RESET_B                           0.750000    1.158890   -0.408890 (VIOLATED)
_391_/RESET_B                           0.750000    1.158889   -0.408889 (VIOLATED)
_344_/RESET_B                           0.750000    1.158889   -0.408889 (VIOLATED)
_389_/RESET_B                           0.750000    1.158887   -0.408887 (VIOLATED)
_390_/RESET_B                           0.750000    1.158886   -0.408886 (VIOLATED)
_342_/RESET_B                           0.750000    1.158885   -0.408885 (VIOLATED)
_348_/RESET_B                           0.750000    1.158885   -0.408885 (VIOLATED)
_377_/RESET_B                           0.750000    1.158885   -0.408885 (VIOLATED)
_341_/RESET_B                           0.750000    1.158885   -0.408885 (VIOLATED)
_383_/RESET_B                           0.750000    1.158885   -0.408885 (VIOLATED)
_382_/RESET_B                           0.750000    1.158884   -0.408884 (VIOLATED)
_378_/RESET_B                           0.750000    1.158884   -0.408884 (VIOLATED)
_379_/RESET_B                           0.750000    1.158883   -0.408883 (VIOLATED)
rst_i                                   0.750000    1.158879   -0.408879 (VIOLATED)
_283_/S                                 0.750000    1.004835   -0.254835 (VIOLATED)
_284_/S                                 0.750000    1.004835   -0.254835 (VIOLATED)
_290_/S                                 0.750000    1.004835   -0.254835 (VIOLATED)
_304_/S                                 0.750000    1.004835   -0.254835 (VIOLATED)
_307_/S                                 0.750000    1.004835   -0.254835 (VIOLATED)
_316_/S                                 0.750000    1.004835   -0.254835 (VIOLATED)
_317_/S                                 0.750000    1.004835   -0.254835 (VIOLATED)
_323_/S                                 0.750000    1.004835   -0.254835 (VIOLATED)
_252_/X                                 0.750000    1.004834   -0.254834 (VIOLATED)
_253_/S                                 0.750000    1.004834   -0.254834 (VIOLATED)
_254_/S                                 0.750000    1.004834   -0.254834 (VIOLATED)
_255_/S                                 0.750000    1.004834   -0.254834 (VIOLATED)
_285_/S                                 0.750000    1.004834   -0.254834 (VIOLATED)
_286_/S                                 0.750000    1.004834   -0.254834 (VIOLATED)
_287_/S                                 0.750000    1.004834   -0.254834 (VIOLATED)
_288_/S                                 0.750000    1.004834   -0.254834 (VIOLATED)
_289_/S                                 0.750000    1.004834   -0.254834 (VIOLATED)
_291_/S                                 0.750000    1.004834   -0.254834 (VIOLATED)
_292_/S                                 0.750000    1.004834   -0.254834 (VIOLATED)
_293_/S                                 0.750000    1.004834   -0.254834 (VIOLATED)
_294_/S                                 0.750000    1.004834   -0.254834 (VIOLATED)
_295_/S                                 0.750000    1.004834   -0.254834 (VIOLATED)
_296_/S                                 0.750000    1.004834   -0.254834 (VIOLATED)
_297_/S                                 0.750000    1.004834   -0.254834 (VIOLATED)
_298_/S                                 0.750000    1.004834   -0.254834 (VIOLATED)
_299_/S                                 0.750000    1.004834   -0.254834 (VIOLATED)
_300_/S                                 0.750000    1.004834   -0.254834 (VIOLATED)
_301_/S                                 0.750000    1.004834   -0.254834 (VIOLATED)
_302_/S                                 0.750000    1.004834   -0.254834 (VIOLATED)
_303_/S                                 0.750000    1.004834   -0.254834 (VIOLATED)
_305_/S                                 0.750000    1.004834   -0.254834 (VIOLATED)
_306_/S                                 0.750000    1.004834   -0.254834 (VIOLATED)
_308_/S                                 0.750000    1.004834   -0.254834 (VIOLATED)
_309_/S                                 0.750000    1.004834   -0.254834 (VIOLATED)
_310_/B                                 0.750000    1.004834   -0.254834 (VIOLATED)
_311_/S                                 0.750000    1.004834   -0.254834 (VIOLATED)
_312_/S                                 0.750000    1.004834   -0.254834 (VIOLATED)
_313_/S                                 0.750000    1.004834   -0.254834 (VIOLATED)
_314_/S                                 0.750000    1.004834   -0.254834 (VIOLATED)
_315_/S                                 0.750000    1.004834   -0.254834 (VIOLATED)
_318_/S                                 0.750000    1.004834   -0.254834 (VIOLATED)
_319_/S                                 0.750000    1.004834   -0.254834 (VIOLATED)
_320_/S                                 0.750000    1.004834   -0.254834 (VIOLATED)
_321_/S                                 0.750000    1.004834   -0.254834 (VIOLATED)
_322_/S                                 0.750000    1.004834   -0.254834 (VIOLATED)
_324_/S                                 0.750000    1.004834   -0.254834 (VIOLATED)
_330_/S                                 0.750000    1.004834   -0.254834 (VIOLATED)
_331_/S                                 0.750000    1.004834   -0.254834 (VIOLATED)
_332_/S                                 0.750000    1.004834   -0.254834 (VIOLATED)

max fanout

Pin                                   Limit Fanout  Slack
---------------------------------------------------------
clk_i                                    10     60    -50 (VIOLATED)
rst_i                                    10     60    -50 (VIOLATED)
_252_/X                                  10     48    -38 (VIOLATED)
_166_/Y                                  10     17     -7 (VIOLATED)
_338_/Q                                  10     17     -7 (VIOLATED)
_337_/Q                                  10     15     -5 (VIOLATED)
_168_/Y                                  10     12     -2 (VIOLATED)

max capacitance

Pin                                        Limit         Cap       Slack
------------------------------------------------------------------------
rst_i                                   0.200000    0.259588   -0.059588 (VIOLATED)
_252_/X                                 0.200000    0.200748   -0.000748 (VIOLATED)



===========================================================================
report_parasitic_annotation -report_unannotated
============================================================================
Found 0 unannotated drivers.
Found 0 partially unannotated drivers.

===========================================================================
max slew violation count 110
Writing metric design__max_slew_violation__count__corner:nom_tt_025C_1v80: 110
max fanout violation count 7
Writing metric design__max_fanout_violation__count__corner:nom_tt_025C_1v80: 7
max cap violation count 2
Writing metric design__max_cap_violation__count__corner:nom_tt_025C_1v80: 2
============================================================================

===========================================================================
check_setup -verbose -unconstrained_endpoints -multiple_clock -no_clock -no_input_delay -loops -generated_clocks
===========================================================================
Warning: There is 1 combinational loop in the design.
  _247_/X
  _246_/B
  _246_/X
  _247_/B
  | loop cut point
  _247_/X
  --------------------------------
