Clock: clk_i
Sources: clk_i 
Generated: no
Virtual: yes
Propagated: no
Period: 3125.000000

===========================================================================
report_clock_properties
============================================================================
Clock                   Period          Waveform
----------------------------------------------------
clk_i               3125.000000    0.0000001562.500000

===========================================================================
report_clock_latency
============================================================================
Clock clk_i
rise -> rise
    min     max
0.000000 0.000000 source latency
0.482167         network latency _370_/CLK
        0.484298 network latency _389_/CLK
---------------
0.482167 0.484298 latency
        0.002131 skew

fall -> fall
    min     max
0.000000 0.000000 source latency
0.236696         network latency _370_/CLK
        0.238629 network latency _344_/CLK
---------------
0.236696 0.238629 latency
        0.001933 skew



===========================================================================
report_clock_min_period
============================================================================
clk_i period_min = 3.27 fmax = 306.23
