
===========================================================================
 report_power
============================================================================
======================= nom_tt_025C_1v80 Corner ===================================

Group                    Internal    Switching      Leakage        Total
                            Power        Power        Power        Power (Watts)
------------------------------------------------------------------------
Sequential           1.206725e-06 4.422763e-07 6.269779e-10 1.649628e-06  51.2%
Combinational        1.020679e-06 5.531882e-07 5.857077e-10 1.574453e-06  48.8%
Clock                0.000000e+00 0.000000e+00 2.203225e-10 2.203225e-10   0.0%
Macro                0.000000e+00 0.000000e+00 0.000000e+00 0.000000e+00   0.0%
Pad                  0.000000e+00 0.000000e+00 0.000000e+00 0.000000e+00   0.0%
------------------------------------------------------------------------
Total                2.227403e-06 9.954642e-07 1.433010e-09 3.224300e-06 100.0%
                            69.1%        30.9%         0.0%
Writing metric power__internal__total: 2.2274030015978497e-6
Writing metric power__switching__total: 9.954642337106634e-7
Writing metric power__leakage__total: 1.4330104880500016e-9
Writing metric power__total: 3.2243001442111563e-6

