Reading timing models for corner nom_tt_025C_1v80…
Reading timing library for the 'nom_tt_025C_1v80' corner at '/home/matheus/openframe_user_project/dependencies/pdks/sky130A/libs.ref/sky130_fd_sc_hd/lib/sky130_fd_sc_hd__tt_025C_1v80.lib'…
Reading timing models for corner nom_ff_n40C_1v95…
Reading timing library for the 'nom_ff_n40C_1v95' corner at '/home/matheus/openframe_user_project/dependencies/pdks/sky130A/libs.ref/sky130_fd_sc_hd/lib/sky130_fd_sc_hd__ff_n40C_1v95.lib'…
Reading timing models for corner nom_ss_100C_1v60…
Reading timing library for the 'nom_ss_100C_1v60' corner at '/home/matheus/openframe_user_project/dependencies/pdks/sky130A/libs.ref/sky130_fd_sc_hd/lib/sky130_fd_sc_hd__ss_100C_1v60.lib'…
Reading OpenROAD database at '/home/matheus/openframe_user_project/openlane/rng/runs/26_02_18_09_30/27-openroad-globalplacement/rng_top.odb'…
Reading design constraints file at '/nix/store/iah2c26wzpgdvqc1jv2xxg55xq5km74d-python3-3.11.9-env/lib/python3.11/site-packages/librelane/scripts/base.sdc'…
[INFO] Using clock clk_i…
[INFO] Setting output delay to: 625
[INFO] Setting input delay to: 625
[INFO] Setting load to: 0.033442
[INFO] Setting clock uncertainty to: 0.25
[INFO] Setting clock transition to: 0.1499999999999999944488848768742172978818416595458984375
[INFO] Setting timing derate to: 5%
[INFO] Setting RC values…
[INFO RSZ-0027] Inserted 3 input buffers.
[INFO RSZ-0028] Inserted 3 output buffers.
[INFO RSZ-0058] Using max wire length 6335um.
Iteration | Resized | Buffers | Nets repaired | Remaining
---------------------------------------------------------
        0 |       0 |       0 |             0 |       168
       10 |       9 |       0 |             0 |       158
       20 |      12 |       0 |             0 |       148
       30 |      13 |       0 |             0 |       138
       40 |      13 |       0 |             0 |       128
       50 |      20 |       4 |             1 |       118
       60 |      30 |       4 |             1 |       108
       70 |      40 |       4 |             1 |        98
       80 |      50 |       4 |             1 |        88
       90 |      60 |       4 |             1 |        78
      100 |      70 |       4 |             1 |        68
      110 |      79 |       4 |             1 |        58
      120 |      85 |       6 |             2 |        48
      130 |      94 |       6 |             2 |        38
      140 |     104 |       6 |             2 |        28
      150 |     114 |       6 |             2 |        18
      160 |     125 |       7 |             3 |         8
    final |     136 |      13 |             4 |         0
---------------------------------------------------------
[INFO RSZ-0035] Found 4 fanout violations.
[INFO RSZ-0038] Inserted 13 buffers in 4 nets.
[INFO RSZ-0039] Resized 136 instances.
Placement Analysis
---------------------------------
total displacement        538.5 u
average displacement        1.9 u
max displacement           10.0 u
original HPWL            2535.5 u
legalized HPWL           3002.5 u
delta HPWL                   18 %

[INFO DPL-0020] Mirrored 61 instances
[INFO DPL-0021] HPWL before            3002.5 u
[INFO DPL-0022] HPWL after             2921.3 u
[INFO DPL-0023] HPWL delta               -2.7 %
[INFO] Setting RC values…
Setting global connections for newly added cells…
[INFO] Setting global connections...
Updating metrics…
Cell type report:                       Count       Area
  Fill cell                                46     172.67
  Tap cell                                 62      77.57
  Timing Repair Buffer                     19     108.85
  Inverter                                  7      26.28
  Sequential cell                          44    1118.57
  Multi-Input combinational cell          107     922.13
  Total                                   285    2426.08
Writing OpenROAD database to '/home/matheus/openframe_user_project/openlane/rng/runs/26_02_18_09_30/31-openroad-repairdesignpostgpl/rng_top.odb'…
Writing netlist to '/home/matheus/openframe_user_project/openlane/rng/runs/26_02_18_09_30/31-openroad-repairdesignpostgpl/rng_top.nl.v'…
Writing powered netlist to '/home/matheus/openframe_user_project/openlane/rng/runs/26_02_18_09_30/31-openroad-repairdesignpostgpl/rng_top.pnl.v'…
Writing layout to '/home/matheus/openframe_user_project/openlane/rng/runs/26_02_18_09_30/31-openroad-repairdesignpostgpl/rng_top.def'…
Writing timing constraints to '/home/matheus/openframe_user_project/openlane/rng/runs/26_02_18_09_30/31-openroad-repairdesignpostgpl/rng_top.sdc'…
