
===========================================================================
report_checks -unconstrained
===========================================================================
======================= nom_tt_025C_1v80 Corner ===================================

Startpoint: rst_i (input port clocked by clk_i)
Endpoint: _227_ (recovery check against rising-edge clock clk_i)
Path Group: asynchronous
Path Type: max

Fanout         Cap        Slew       Delay        Time   Description
---------------------------------------------------------------------------------------------
                      0.150000    0.000000    0.000000   clock clk_i (rise edge)
                                  0.000000    0.000000   clock network delay (ideal)
                                625.000000  625.000000 ^ input external delay
    44    0.158928    0.720147    0.491639  625.491638 ^ rst_i (in)
                                                         rst_i (net)
                      0.720147    0.000000  625.491638 ^ _227_/RESET_B (sky130_fd_sc_hd__dfrtp_2)
                                            625.491638   data arrival time

                      0.150000 3125.000000 3125.000000   clock clk_i (rise edge)
                                  0.000000 3125.000000   clock network delay (ideal)
                                 -0.250000 3124.750000   clock uncertainty
                                  0.000000 3124.750000   clock reconvergence pessimism
                                           3124.750000 ^ _227_/CLK (sky130_fd_sc_hd__dfrtp_2)
                                  0.043043 3124.792969   library recovery time
                                           3124.792969   data required time
---------------------------------------------------------------------------------------------
                                           3124.792969   data required time
                                           -625.491638   data arrival time
---------------------------------------------------------------------------------------------
                                           2499.301270   slack (MET)


Startpoint: req_num_i (input port clocked by clk_i)
Endpoint: _267_ (rising edge-triggered flip-flop clocked by clk_i)
Path Group: clk_i
Path Type: max

Fanout         Cap        Slew       Delay        Time   Description
---------------------------------------------------------------------------------------------
                      0.150000    0.000000    0.000000   clock clk_i (rise edge)
                                  0.000000    0.000000   clock network delay (ideal)
                                625.000000  625.000000 v input external delay
     1    0.001415    0.005640    0.002103  625.002075 v req_num_i (in)
                                                         req_num_i (net)
                      0.005640    0.000000  625.002075 v _119_/A (sky130_fd_sc_hd__or2_2)
     8    0.024787    0.111839    0.352657  625.354736 v _119_/X (sky130_fd_sc_hd__or2_2)
                                                         _107_ (net)
                      0.111839    0.000000  625.354736 v _222_/B (sky130_fd_sc_hd__or2_2)
     1    0.001403    0.049005    0.282398  625.637146 v _222_/X (sky130_fd_sc_hd__or2_2)
                                                         _100_ (net)
                      0.049005    0.000000  625.637146 v _223_/B (sky130_fd_sc_hd__and2_2)
     1    0.001949    0.034536    0.180023  625.817200 v _223_/X (sky130_fd_sc_hd__and2_2)
                                                         _038_ (net)
                      0.034536    0.000000  625.817200 v _267_/D (sky130_fd_sc_hd__dfrtp_2)
                                            625.817200   data arrival time

                      0.150000 3125.000000 3125.000000   clock clk_i (rise edge)
                                  0.000000 3125.000000   clock network delay (ideal)
                                 -0.250000 3124.750000   clock uncertainty
                                  0.000000 3124.750000   clock reconvergence pessimism
                                           3124.750000 ^ _267_/CLK (sky130_fd_sc_hd__dfrtp_2)
                                 -0.086643 3124.663330   library setup time
                                           3124.663330   data required time
---------------------------------------------------------------------------------------------
                                           3124.663330   data required time
                                           -625.817200   data arrival time
---------------------------------------------------------------------------------------------
                                           2498.846191   slack (MET)




===========================================================================
report_checks --slack_max -0.01
============================================================================
======================= nom_tt_025C_1v80 Corner ===================================

No paths found.


===========================================================================
 report_check_types -max_slew -max_cap -max_fanout -violators
============================================================================
======================= nom_tt_025C_1v80 Corner ===================================

max fanout

Pin                                   Limit Fanout  Slack
---------------------------------------------------------
rst_i                                    10     44    -34 (VIOLATED)
_159_/X                                  10     32    -22 (VIOLATED)
_116_/Y                                  10     16     -6 (VIOLATED)
_232_/Q                                  10     11        (VIOLATED)



===========================================================================
report_parasitic_annotation -report_unannotated
============================================================================
Found 162 unannotated drivers.
 clk_i
 req_num_i
 rst_i
 wr_i
 _113_/Y
 _114_/Y
 _115_/Y
 _116_/Y
 _117_/Y
 _118_/Y
 _119_/X
 _120_/Y
 _121_/Y
 _122_/X
 _123_/Y
 _124_/X
 _125_/Y
 _126_/X
 _127_/Y
 _128_/X
 _129_/X
 _130_/Y
 _131_/Y
 _132_/X
 _133_/X
 _134_/Y
 _135_/Y
 _136_/X
 _137_/Y
 _138_/X
 _139_/Y
 _140_/X
 _141_/Y
 _142_/X
 _143_/Y
 _144_/X
 _145_/X
 _146_/X
 _147_/Y
 _148_/Y
 _149_/X
 _150_/X
 _151_/Y
 _152_/Y
 _153_/X
 _154_/X
 _155_/X
 _156_/Y
 _157_/X
 _158_/X
 _159_/X
 _160_/X
 _161_/X
 _162_/X
 _163_/Y
 _164_/X
 _165_/X
 _166_/Y
 _167_/Y
 _168_/X
 _169_/X
 _170_/Y
 _171_/Y
 _172_/Y
 _173_/X
 _174_/X
 _175_/Y
 _176_/X
 _177_/X
 _178_/X
 _179_/X
 _180_/X
 _181_/X
 _182_/Y
 _183_/X
 _184_/Y
 _185_/Y
 _186_/X
 _187_/X
 _188_/X
 _189_/X
 _190_/X
 _191_/X
 _192_/X
 _193_/X
 _194_/X
 _195_/X
 _196_/X
 _197_/X
 _198_/X
 _199_/X
 _200_/X
 _201_/X
 _202_/X
 _203_/X
 _204_/X
 _205_/X
 _206_/X
 _207_/X
 _208_/X
 _209_/X
 _210_/X
 _211_/X
 _212_/X
 _213_/X
 _214_/X
 _215_/X
 _216_/X
 _217_/X
 _218_/X
 _219_/X
 _220_/X
 _221_/Y
 _222_/X
 _223_/X
 _224_/Y
 _225_/Y
 _226_/X
 _227_/Q
 _228_/Q
 _229_/Q
 _230_/Q
 _231_/Q
 _232_/Q
 _233_/Q
 _234_/Q
 _235_/Q
 _236_/Q
 _237_/Q
 _238_/Q
 _239_/Q
 _240_/Q
 _241_/Q
 _242_/Q
 _243_/Q
 _244_/Q
 _245_/Q
 _246_/Q
 _247_/Q
 _248_/Q
 _249_/Q
 _250_/Q
 _251_/Q
 _252_/Q
 _253_/Q
 _254_/Q
 _255_/Q
 _256_/Q
 _257_/Q
 _258_/Q
 _259_/Q
 _260_/Q
 _261_/Q
 _262_/Q
 _263_/Q
 _264_/Q
 _265_/Q
 _266_/Q
 _267_/Q
 _268_/Q
 _269_/Q
 _270_/Q
Found 0 partially unannotated drivers.

===========================================================================
max slew violation count 0
max fanout violation count 4
max cap violation count 0
============================================================================

===========================================================================
check_setup -verbose -unconstrained_endpoints -multiple_clock -no_clock -no_input_delay -loops -generated_clocks
===========================================================================
Warning: There is 1 combinational loop in the design.
  _156_/Y
  _119_/B
  _119_/X
  _120_/A
  _120_/Y
  _156_/B1
  | loop cut point
  _156_/Y
  --------------------------------
